
> fresh_app@0.1.0 prebuild
> tsx scripts/prebuild-reference-registry.ts && tsx scripts/prebuild-reference-engine-guard.ts

📦 Prebuild Reference Registry Generator
   Scanning: /Users/macair1/projects/SectorCalc-p5a/references
   Output:   /Users/macair1/projects/SectorCalc-p5a/src/generated/reference-registry.ts

   📄 references/electrical/material-resistivity.yaml
   ✓ tool-electrical-conductor-sizing.resistivity → 6 reference(s) (IEC 60028)
   📄 references/fluids/pipe-flow-density.yaml
   ✓ darcy-weisbach-pipe-flow-calculator.fluidDensity → 6 reference(s) (ISO 80000-4)
   📄 references/fluids/viscosity.yaml
   ✓ darcy-weisbach-pipe-flow-calculator.fluidViscosity → 6 reference(s) (ISO 3104)
   📄 references/fluids/water-properties.yaml
   ✓ tool-hydraulic-system-loss.fluidDensity → 4 reference(s) (ISO 80000-4)
   📄 references/hvac/air-density-wind.yaml
   ✓ wind-turbine-investment-analyzer.airDensity → 4 reference(s) (ISO 2533)
   📄 references/hvac/air-properties.yaml
   ✓ tool-hvac-capacity.airDensity → 4 reference(s) (ISO 80000-4)
   📄 references/manufacturing/oee-annual-shift-count.yaml
   ✓ oee-calculator.annualShiftCount → 4 reference(s) (ISO 22400-2:2014)
   📄 references/manufacturing/oee-good-parts-count.yaml
   ✓ oee-calculator.goodPartsCount → 4 reference(s) (ISO 22400-2:2014)
   📄 references/manufacturing/oee-ideal-cycle-time.yaml
   ✓ oee-calculator.idealCycleTime → 4 reference(s) (ISO 22400-2:2014)
   📄 references/manufacturing/oee-machine-hourly-cost.yaml
   ✓ oee-calculator.machineHourlyCost → 5 reference(s) (ISO 14224:2016)
   📄 references/manufacturing/oee-planned-production-time.yaml
   ✓ oee-calculator.plannedProductionTime → 4 reference(s) (ISO 22400-2:2014)
   📄 references/manufacturing/oee-total-downtime.yaml
   ✓ oee-calculator.totalDowntime → 4 reference(s) (ISO 22400-2:2014)
   📄 references/manufacturing/oee-total-parts-produced.yaml
   ✓ oee-calculator.totalPartsProduced → 3 reference(s) (ISO 22400-2:2014)
   📄 references/materials/asme-vessel-density.yaml
   ✓ asme-pressure-vessel-analyzer.materialDensity → 3 reference(s) (EN 10025-2)
   📄 references/materials/asme-vessel-materials.yaml
   ✓ asme-pressure-vessel-analyzer.stressAllowable → 6 reference(s) (ASME BPVC Sec VIII Div.1)
   📄 references/materials/bolt-grades.yaml
   ✓ bolt-torque-preload-analyzer.yieldStrength → 7 reference(s) (ISO 898-1)
   📄 references/materials/cnc-density.yaml
   ✓ cnc-machining-cost-analyzer.density → 7 reference(s) (EN 10025-2)
   📄 references/materials/concrete-properties.yaml
   ✓ tool-concrete-volume-cost.concreteDensity → 5 reference(s) (ACI 318)
   📄 references/materials/cutting-tool-iso513.yaml
   ✓ pro-tool-machining.material_group → 11 reference(s) (ISO 513:2012)
   📄 references/materials/nut-factors.yaml
   ✓ bolt-torque-preload-analyzer.torqueCoefficient → 6 reference(s) (ISO 16047)
   📄 references/materials/weld-electrode-strength.yaml
   ✓ weld-strength-analyzer.tensileStrength → 6 reference(s) (AWS A5.1)
   📄 references/materials/weld-metal-density.yaml
   ✓ weld-volume-cost-analyzer.density → 3 reference(s) (AWS A5.1)
   📄 references/structural/base-metal-yield.yaml
   ✓ weld-strength-analyzer.yieldStrength → 6 reference(s) (EN 10025-2)
   📄 references/structural/concrete-grades.yaml
   ✓ concrete-volume-cost-analyzer.concreteGrade → 5 reference(s) (EN 206:2013)
   📄 references/structural/steel-densities.yaml
   ✓ beam-weight-analyzer.steelDensity → 5 reference(s) (EN 10025-2)
   📄 references/structural/young-modulus-options.yaml
   ✓ hydraulic-cylinder-calculator.youngModulus → 3 reference(s) (EN 1993-1-1)
   📄 references/structural/young-modulus.yaml
   ✓ beam-weight-analyzer.modulusE → 5 reference(s) (EN 1993-1-1)

   ──────────────────────────────────────
   ✅ Valid:   27
   ❌ Errors:  0
   📊 Total:   27 file(s)

   📝 Written: src/generated/reference-registry.ts
   ✅ Registry generation complete.

🔍 Scanning for Reference Engine Rule Violations...

⚠  Found 0 error(s) + 7290 warning(s) across 491 file(s):

  📄 src/lib/catalog/global-category-title-overrides.ts
    ⚠️ Ln 87:9 — Non-English (Turkish) characters in string: ""Lebensmittel, Kühlkette & Hygiene"". Use Technical Academic English for code strings.

  📄 src/lib/catalog/global-tool-category-taxonomy.ts
    ⚠️ Ln 63:14 — Non-English (Turkish) characters in string: ""Matematik, İstatistik ve Analiz"". Use Technical Academic English for code strings.
    ⚠️ Ln 71:14 — Non-English (Turkish) characters in string: ""Sağlık, Spor ve Günlük Yaşam"". Use Technical Academic English for code strings.
    ⚠️ Ln 79:14 — Non-English (Turkish) characters in string: ""Dönüşüm ve Ölçüm"". Use Technical Academic English for code strings.
    ⚠️ Ln 87:14 — Non-English (Turkish) characters in string: ""Otomotiv & Taşımacılık"". Use Technical Academic English for code strings.
    ⚠️ Ln 95:14 — Non-English (Turkish) characters in string: ""Tarım, Gıda & İçecek"". Use Technical Academic English for code strings.
    ⚠️ Ln 119:14 — Non-English (Turkish) characters in string: ""Mobilya & Ahşap İşleri"". Use Technical Academic English for code strings.
    ⚠️ Ln 127:14 — Non-English (Turkish) characters in string: ""Temizlik & Tesis Yönetimi"". Use Technical Academic English for code strings.
    ⚠️ Ln 135:14 — Non-English (Turkish) characters in string: ""Su & Atıksu Yönetimi"". Use Technical Academic English for code strings.
    ⚠️ Ln 151:14 — Non-English (Turkish) characters in string: ""Eğitim & Akademik"". Use Technical Academic English for code strings.
    ⚠️ Ln 167:14 — Non-English (Turkish) characters in string: ""Havacılık & Uzay"". Use Technical Academic English for code strings.
    ⚠️ Ln 175:14 — Non-English (Turkish) characters in string: ""Diğer ve Çapraz Alan Araçları"". Use Technical Academic English for code strings.

  📄 src/lib/catalog/premium-catalog-source.ts
    ⚠️ Ln 49:11 — Non-English (Turkish) characters in string: ""Überproduktion, Warten, Transport, Bestand, Bewegung, Fehle". Use Technical Academic English for code strings.
    ⚠️ Ln 68:11 — Non-English (Turkish) characters in string: ""5S Denetim Skoru - Verimlilik Kaybı Maliyet Dönüştürücü"". Use Technical Academic English for code strings.
    ⚠️ Ln 76:11 — Non-English (Turkish) characters in string: ""5S puanının parasal karşılığı bilinmez; iyileştirme önceliğ". Use Technical Academic English for code strings.
    ⚠️ Ln 78:11 — Non-English (Turkish) characters in string: ""Ohne monetäre 5S-Bewertung fehlt die Priorität für Workplac". Use Technical Academic English for code strings.
    ⚠️ Ln 89:11 — Non-English (Turkish) characters in string: ""3B Baskı Destek Yapısı ve Post-Proses Maliyet Hesaplayıcı"". Use Technical Academic English for code strings.
    ⚠️ Ln 91:11 — Non-English (Turkish) characters in string: ""3D-Druck Stützstruktur & Nachbearbeitungskosten-Rechner"". Use Technical Academic English for code strings.
    ⚠️ Ln 97:11 — Non-English (Turkish) characters in string: ""Destek malzemesi ve temizleme işçiliği maliyete eklenmez; t". Use Technical Academic English for code strings.
    ⚠️ Ln 99:11 — Non-English (Turkish) characters in string: ""Stützmaterial und Reinigungsarbeit werden oft nicht in Addi". Use Technical Academic English for code strings.
    ⚠️ Ln 110:11 — Non-English (Turkish) characters in string: ""3B Baskı Parti Optimizasyonu ve Yuvalama Hesaplayıcı"". Use Technical Academic English for code strings.
    ⚠️ Ln 118:11 — Non-English (Turkish) characters in string: ""Tablaya kaç parça sığacağı optimize edilmez; makine kapasit". Use Technical Academic English for code strings.
    ⚠️ Ln 120:11 — Non-English (Turkish) characters in string: ""Unklare Teilezahl pro Druckbett verschwendet Maschinenstund". Use Technical Academic English for code strings.
    ⚠️ Ln 131:11 — Non-English (Turkish) characters in string: ""3B Baskı vs. Talaşlı İmalat Başabaş Noktası Hesaplayıcı"". Use Technical Academic English for code strings.
    ⚠️ Ln 139:11 — Non-English (Turkish) characters in string: ""Hangi adette hangi yöntemin ekonomik olduğu bilinmez; yanlı". Use Technical Academic English for code strings.

  📄 src/lib/content/__tests__/authority-guides.test.ts
    ⚠️ Ln 60:8 — Non-English (Turkish) characters in string: ""featuredAnswer 40–80 kelime arası"". Use Technical Academic English for code strings.
    ⚠️ Ln 68:8 — Non-English (Turkish) characters in string: ""her guide en az 3 FAQ içerir"". Use Technical Academic English for code strings.
    ⚠️ Ln 74:8 — Non-English (Turkish) characters in string: ""her guide en az 3 relatedFreeToolSlugs içerir"". Use Technical Academic English for code strings.
    ⚠️ Ln 80:8 — Non-English (Turkish) characters in string: ""her guide en az 1 relatedPremiumSchemaSlugs içerir"". Use Technical Academic English for code strings.
    ⚠️ Ln 116:8 — Non-English (Turkish) characters in string: ""related premium slug premium catalog içinde var"". Use Technical Academic English for code strings.
    ⚠️ Ln 129:8 — Non-English (Turkish) characters in string: ""guide public text undefined/null içermiyor"". Use Technical Academic English for code strings.
    ⚠️ Ln 139:28 — Non-English (Turkish) characters in string: "'ları eklenebilir"". Use Technical Academic English for code strings.

  📄 src/lib/content/pdf/industrial-pdf/content/engineering-explanations.ts
    ⚠️ Ln 42:10 — Local/national standard detected: "DIN 276". Use only ISO, ASTM, EN, ACI, AISC, ASME, IEC, IEEE.
    ⚠️ Ln 54:9 — Non-English (Turkish) characters in string: ""Maliyet tahmini, toplam harcamayı doğrudan malzeme, doğruda". Use Technical Academic English for code strings.
    ⚠️ Ln 56:9 — Non-English (Turkish) characters in string: ""ISO 15686:5:2017 — Binalar ve inşa edilmiş varlıklar — hizm". Use Technical Academic English for code strings.
    ⚠️ Ln 57:9 — Non-English (Turkish) characters in string: ""AACE International RP 17R-97 — Maliyet tahmin sınıflandırma". Use Technical Academic English for code strings.
    ⚠️ Ln 58:10 — Local/national standard detected: "DIN 276". Use only ISO, ASTM, EN, ACI, AISC, ASME, IEC, IEEE.
    ⚠️ Ln 58:9 — Non-English (Turkish) characters in string: ""DIN 276 — Bina maliyetleri — planlama ve yönetim"". Use Technical Academic English for code strings.
    ⚠️ Ln 59:9 — Non-English (Turkish) characters in string: ""PMBOK Kılavuzu 7. Baskı — Proje maliyet yönetimi"". Use Technical Academic English for code strings.
    ⚠️ Ln 62:9 — Non-English (Turkish) characters in string: ""Toplam maliyet = Σ (malzeme miktarı × birim fiyat) + Σ (işç". Use Technical Academic English for code strings.
    ⚠️ Ln 64:9 — Non-English (Turkish) characters in string: ""Temel tahmin, deterministik girdi değerlerini yansıtır. P90". Use Technical Academic English for code strings.
    ⚠️ Ln 66:9 — Non-English (Turkish) characters in string: ""Bu maliyet modeli, imalat, inşaat ve endüstriyel mühendisli". Use Technical Academic English for code strings.
    ⚠️ Ln 70:9 — Non-English (Turkish) characters in string: ""Die Kostenschätzung folgt einem Bottom-up-Parametermodell, ". Use Technical Academic English for code strings.
    ⚠️ Ln 72:9 — Non-English (Turkish) characters in string: ""ISO 15686:5:2017 — Lebenszykluskosten für Bauwerke"". Use Technical Academic English for code strings.
    ⚠️ Ln 74:10 — Local/national standard detected: "DIN 276". Use only ISO, ASTM, EN, ACI, AISC, ASME, IEC, IEEE.
    ⚠️ Ln 78:9 — Non-English (Turkish) characters in string: ""Gesamtkosten = Σ (Materialmenge × Einheitspreis) + Σ (Arbei". Use Technical Academic English for code strings.
    ⚠️ Ln 80:9 — Non-English (Turkish) characters in string: ""Die Basisschätzung spiegelt deterministische Eingabewerte w". Use Technical Academic English for code strings.
    ⚠️ Ln 82:9 — Non-English (Turkish) characters in string: ""Geeignet für Machbarkeitsstudien, Budgetzuweisung und Angeb". Use Technical Academic English for code strings.
    ⚠️ Ln 90:10 — Local/national standard detected: "DIN 276". Use only ISO, ASTM, EN, ACI, AISC, ASME, IEC, IEEE.
    ⚠️ Ln 106:10 — Local/national standard detected: "DIN 276". Use only ISO, ASTM, EN, ACI, AISC, ASME, IEC, IEEE.
    ⚠️ Ln 121:10 — Local/national standard detected: "DIN 276". Use only ISO, ASTM, EN, ACI, AISC, ASME, IEC, IEEE.
    ⚠️ Ln 152:9 — Non-English (Turkish) characters in string: ""Ölçüm analizi, ISO 5725 ve Ölçüm Belirsizliğinin İfade Edil". Use Technical Academic English for code strings.
    ⚠️ Ln 154:9 — Non-English (Turkish) characters in string: ""ISO/IEC Guide 98-3:2008 — Ölçüm belirsizliği — GUM"". Use Technical Academic English for code strings.
    ⚠️ Ln 155:9 — Non-English (Turkish) characters in string: ""ISO 5725:1994 — Ölçüm yöntemleri ve sonuçlarının doğruluğu"". Use Technical Academic English for code strings.
    ⚠️ Ln 156:9 — Non-English (Turkish) characters in string: ""ISO 10012:2003 — Ölçüm yönetim sistemleri"". Use Technical Academic English for code strings.
    ⚠️ Ln 157:9 — Non-English (Turkish) characters in string: ""ASME B89.7.2 — Boyutsal ölçüm planlaması"". Use Technical Academic English for code strings.
    ⚠️ Ln 161:9 — Non-English (Turkish) characters in string: ""Birleşik standart belirsizlik u_c = √(Σ u_i²). Genişletilmi". Use Technical Academic English for code strings.
    ⚠️ Ln 163:28 — Non-English (Turkish) characters in string: "'ün üzerinde olması ölçüm sisteminin tolerans için yeterli o". Use Technical Academic English for code strings.
    ⚠️ Ln 165:9 — Non-English (Turkish) characters in string: ""Bu analiz; imalat, otomotiv, havacılık ve tıbbi cihaz endüs". Use Technical Academic English for code strings.
    ⚠️ Ln 180:9 — Non-English (Turkish) characters in string: ""Anwendbar für dimensionale Prüfung, Kalibrierung und Qualit". Use Technical Academic English for code strings.
    ⚠️ Ln 334:10 — Local/national standard detected: "DIN 15185". Use only ISO, ASTM, EN, ACI, AISC, ASME, IEC, IEEE.
    ⚠️ Ln 450:18 — Non-English (Turkish) characters in string: ""Bu analiz, kullanıcı tarafından sağlanan girdi parametreler". Use Technical Academic English for code strings.
    ⚠️ Ln 452:7 — Non-English (Turkish) characters in string: ""ISO 9001:2015 — Kalite yönetim sistemleri"". Use Technical Academic English for code strings.
    ⚠️ Ln 453:7 — Non-English (Turkish) characters in string: ""ISO 31000:2018 — Risk yönetimi"". Use Technical Academic English for code strings.
    ⚠️ Ln 454:7 — Non-English (Turkish) characters in string: ""ASME B89.7.2 — Boyutsal ölçüm planlaması"". Use Technical Academic English for code strings.
    ⚠️ Ln 456:25 — Non-English (Turkish) characters in string: ""Hesaplama motoru, hedef değişkeni, belgelenmiş tolerans sın". Use Technical Academic English for code strings.
    ⚠️ Ln 457:26 — Non-English (Turkish) characters in string: ""Birincil çıktı, belirtilen girdi koşulları altında en iyi t". Use Technical Academic English for code strings.
    ⚠️ Ln 458:22 — Non-English (Turkish) characters in string: ""Bu analiz, imalat, inşaat, enerji ve proses endüstrilerinde". Use Technical Academic English for code strings.

  📄 src/lib/content/pdf/industrial-pdf/i18n.ts
    ⚠️ Ln 113:16 — Non-English (Turkish) characters in string: ""Oluşturulma"". Use Technical Academic English for code strings.
    ⚠️ Ln 114:13 — Non-English (Turkish) characters in string: ""Sektör"". Use Technical Academic English for code strings.
    ⚠️ Ln 115:15 — Non-English (Turkish) characters in string: ""Rapor Numarası"". Use Technical Academic English for code strings.
    ⚠️ Ln 117:23 — Non-English (Turkish) characters in string: ""Yönetici Özeti"". Use Technical Academic English for code strings.
    ⚠️ Ln 121:24 — Non-English (Turkish) characters in string: ""Görünmeyen Kayıp Kalemleri"". Use Technical Academic English for code strings.
    ⚠️ Ln 123:12 — Non-English (Turkish) characters in string: ""Değer"". Use Technical Academic English for code strings.
    ⚠️ Ln 124:18 — Non-English (Turkish) characters in string: ""Açıklama"". Use Technical Academic English for code strings.
    ⚠️ Ln 125:21 — Non-English (Turkish) characters in string: ""Eşik Kontrolü"". Use Technical Academic English for code strings.
    ⚠️ Ln 129:23 — Non-English (Turkish) characters in string: ""Önerilen Aksiyonlar"". Use Technical Academic English for code strings.
    ⚠️ Ln 130:19 — Non-English (Turkish) characters in string: ""Girdi Özeti"". Use Technical Academic English for code strings.
    ⚠️ Ln 132:17 — Non-English (Turkish) characters in string: ""Girilen Değer"". Use Technical Academic English for code strings.
    ⚠️ Ln 133:18 — Non-English (Turkish) characters in string: ""Mühendislik Varsayımları"". Use Technical Academic English for code strings.
    ⚠️ Ln 135:16 — Non-English (Turkish) characters in string: ""Kullanım Anlaşması"". Use Technical Academic English for code strings.
    ⚠️ Ln 136:16 — Non-English (Turkish) characters in string: ""Yasal Uyarı"". Use Technical Academic English for code strings.
    ⚠️ Ln 138:7 — Non-English (Turkish) characters in string: ""Teknik karar destek simülasyonu — mali, hukuki, tıbbi veya ". Use Technical Academic English for code strings.
    ⚠️ Ln 139:17 — Non-English (Turkish) characters in string: ""Güven İzi"". Use Technical Academic English for code strings.
    ⚠️ Ln 141:7 — Non-English (Turkish) characters in string: ""Bu raporun bütünlüğü aşağıdaki adreste kriptografik olarak ". Use Technical Academic English for code strings.
    ⚠️ Ln 143:14 — Non-English (Turkish) characters in string: ""Uyarı"". Use Technical Academic English for code strings.
    ⚠️ Ln 145:11 — Non-English (Turkish) characters in string: ""Sınırlar İçinde"". Use Technical Academic English for code strings.
    ⚠️ Ln 146:19 — Non-English (Turkish) characters in string: ""Mevcut değil"". Use Technical Academic English for code strings.
    ⚠️ Ln 147:16 — Non-English (Turkish) characters in string: ""Önemli görünmeyen kayıp kalemi tespit edilmedi."". Use Technical Academic English for code strings.
    ⚠️ Ln 148:19 — Non-English (Turkish) characters in string: ""Tüm eşikler kabul edilebilir sınırlar içindedir."". Use Technical Academic English for code strings.
    ⚠️ Ln 149:15 — Non-English (Turkish) characters in string: ""Girdiler analiz oturumu sırasında kaydedilmiştir."". Use Technical Academic English for code strings.
    ⚠️ Ln 151:25 — Non-English (Turkish) characters in string: ""Kayıp Kalemleri Dağılımı"". Use Technical Academic English for code strings.
    ⚠️ Ln 152:27 — Non-English (Turkish) characters in string: ""Eşik Şiddet Dağılımı"". Use Technical Academic English for code strings.
    ⚠️ Ln 153:18 — Non-English (Turkish) characters in string: ""Oluşturulma zamanı"". Use Technical Academic English for code strings.
    ⚠️ Ln 154:18 — Non-English (Turkish) characters in string: ""SectorCalc — Mühendislik Karar Platformu"". Use Technical Academic English for code strings.
    ⚠️ Ln 155:24 — Non-English (Turkish) characters in string: ""Tüm hakları saklıdır."". Use Technical Academic English for code strings.
    ⚠️ Ln 156:22 — Non-English (Turkish) characters in string: ""Doğrulama adresi:"". Use Technical Academic English for code strings.
    ⚠️ Ln 158:19 — Non-English (Turkish) characters in string: ""ÖRNEK RAPOR — Etiketsiz dışa aktarmak için premium kilidi a". Use Technical Academic English for code strings.
    ⚠️ Ln 176:21 — Non-English (Turkish) characters in string: ""Schwellenwertprüfung"". Use Technical Academic English for code strings.
    ⚠️ Ln 189:7 — Non-English (Turkish) characters in string: ""Technische Entscheidungsunterstützung — keine Finanz-, Rech". Use Technical Academic English for code strings.
    ⚠️ Ln 197:19 — Non-English (Turkish) characters in string: ""Nicht verfügbar"". Use Technical Academic English for code strings.

  📄 src/lib/core/steelcore/__tests__/steelcore.test.ts
    ⚠️ Ln 39:13 — Non-English (Turkish) characters in string: ""Üretim & İmalat"". Use Technical Academic English for code strings.

  📄 src/lib/core/validation/api-public-messages.ts
    ⚠️ Ln 58:9 — Non-English (Turkish) characters in string: ""İstek limiti aşıldı"". Use Technical Academic English for code strings.
    ⚠️ Ln 59:9 — Non-English (Turkish) characters in string: ""Rate-Limit überschritten"". Use Technical Academic English for code strings.
    ⚠️ Ln 66:9 — Non-English (Turkish) characters in string: ""Çok fazla hesaplama isteği gönderildi. Lütfen kısa süre son". Use Technical Academic English for code strings.
    ⚠️ Ln 67:9 — Non-English (Turkish) characters in string: ""Zu viele Berechnungsanfragen. Bitte versuchen Sie es in Kür". Use Technical Academic English for code strings.
    ⚠️ Ln 74:9 — Non-English (Turkish) characters in string: ""Geçersiz istek gövdesi"". Use Technical Academic English for code strings.
    ⚠️ Ln 75:9 — Non-English (Turkish) characters in string: ""Ungültiger Anfragekörper"". Use Technical Academic English for code strings.
    ⚠️ Ln 82:9 — Non-English (Turkish) characters in string: "'İstek gövdesi bir "". Use Technical Academic English for code strings.
    ⚠️ Ln 83:9 — Non-English (Turkish) characters in string: "'Der Anfragekörper muss ein "". Use Technical Academic English for code strings.
    ⚠️ Ln 90:9 — Non-English (Turkish) characters in string: ""Araç bulunamadı"". Use Technical Academic English for code strings.
    ⚠️ Ln 98:17 — Non-English (Turkish) characters in string: "" slug değeri için hesaplama aracı bulunamadı.'". Use Technical Academic English for code strings.
    ⚠️ Ln 99:9 — Non-English (Turkish) characters in string: "'Kein Rechner für Slug "". Use Technical Academic English for code strings.
    ⚠️ Ln 106:9 — Non-English (Turkish) characters in string: ""Doğrulama şeması bulunamadı"". Use Technical Academic English for code strings.
    ⚠️ Ln 114:17 — Non-English (Turkish) characters in string: "" aracının doğrulama şeması yüklenemedi.'". Use Technical Academic English for code strings.
    ⚠️ Ln 115:9 — Non-English (Turkish) characters in string: "'Validierungsschema für "". Use Technical Academic English for code strings.
    ⚠️ Ln 122:9 — Non-English (Turkish) characters in string: ""Geçersiz girdi parametreleri (AI halüsinasyonu tespit edild". Use Technical Academic English for code strings.
    ⚠️ Ln 123:9 — Non-English (Turkish) characters in string: ""Ungültige Eingabeparameter (KI-Halluzination erkannt)"". Use Technical Academic English for code strings.
    ⚠️ Ln 130:17 — Non-English (Turkish) characters in string: "" aracı için bilinmeyen girdi alanı: "". Use Technical Academic English for code strings.
    ⚠️ Ln 131:42 — Non-English (Turkish) characters in string: "" für Tool "". Use Technical Academic English for code strings.
    ⚠️ Ln 138:9 — Non-English (Turkish) characters in string: ""Hesaplama motoru bulunamadı"". Use Technical Academic English for code strings.
    ⚠️ Ln 146:17 — Non-English (Turkish) characters in string: "" aracının hesaplama motoru bulunamadı.'". Use Technical Academic English for code strings.
    ⚠️ Ln 147:9 — Non-English (Turkish) characters in string: "'Berechnungsengine für "". Use Technical Academic English for code strings.
    ⚠️ Ln 154:9 — Non-English (Turkish) characters in string: ""Hesaplama geçersiz sonuç üretti (NaN/Infinity)"". Use Technical Academic English for code strings.
    ⚠️ Ln 155:9 — Non-English (Turkish) characters in string: ""Berechnung lieferte ungültiges Ergebnis (NaN/Infinity)"". Use Technical Academic English for code strings.
    ⚠️ Ln 162:9 — Non-English (Turkish) characters in string: ""Lütfen girdi değerlerinizi kontrol edin ve tekrar deneyin."". Use Technical Academic English for code strings.
    ⚠️ Ln 163:9 — Non-English (Turkish) characters in string: ""Bitte überprüfen Sie Ihre Eingabewerte und versuchen Sie es". Use Technical Academic English for code strings.
    ⚠️ Ln 170:9 — Non-English (Turkish) characters in string: ""Motor yürütme hatası"". Use Technical Academic English for code strings.
    ⚠️ Ln 171:9 — Non-English (Turkish) characters in string: ""Engine-Ausführung fehlgeschlagen"". Use Technical Academic English for code strings.
    ⚠️ Ln 178:17 — Non-English (Turkish) characters in string: "" aracı çalıştırılamadı. Slug ve girdi formatını doğrulayın.". Use Technical Academic English for code strings.
    ⚠️ Ln 179:25 — Non-English (Turkish) characters in string: "" konnte nicht ausgeführt werden. Slug und Eingabeformat prü". Use Technical Academic English for code strings.
    ⚠️ Ln 186:9 — Non-English (Turkish) characters in string: ""Sunucu hatası"". Use Technical Academic English for code strings.
    ⚠️ Ln 194:9 — Non-English (Turkish) characters in string: ""Araç bulunamadı"". Use Technical Academic English for code strings.
    ⚠️ Ln 202:17 — Non-English (Turkish) characters in string: "` slug değeri için hesaplama aracı bulunamadı."". Use Technical Academic English for code strings.
    ⚠️ Ln 203:9 — Non-English (Turkish) characters in string: ""Kein Rechner für Slug `". Use Technical Academic English for code strings.
    ⚠️ Ln 226:9 — Non-English (Turkish) characters in string: ""Girdi şeması"". Use Technical Academic English for code strings.
    ⚠️ Ln 234:9 — Non-English (Turkish) characters in string: ""Beklenen girdi türleri"". Use Technical Academic English for code strings.
    ⚠️ Ln 242:9 — Non-English (Turkish) characters in string: ""OpenAPI sözleşmesi"". Use Technical Academic English for code strings.
    ⚠️ Ln 250:9 — Non-English (Turkish) characters in string: ""SectorCalc sektöre özel hesaplayıcılar ve karar destek çıkt". Use Technical Academic English for code strings.
    ⚠️ Ln 251:9 — Non-English (Turkish) characters in string: ""SectorCalc bietet branchenspezifische Rechner und Entscheid". Use Technical Academic English for code strings.
    ⚠️ Ln 258:9 — Non-English (Turkish) characters in string: ""Sektöre özel hesaplayıcı"". Use Technical Academic English for code strings.
    ⚠️ Ln 282:9 — Non-English (Turkish) characters in string: ""seçenekler"". Use Technical Academic English for code strings.
    ⚠️ Ln 290:9 — Non-English (Turkish) characters in string: ""varsayılan"". Use Technical Academic English for code strings.
    ⚠️ Ln 298:9 — Non-English (Turkish) characters in string: ""Bağlam"". Use Technical Academic English for code strings.

  📄 src/lib/features/ai/engineering-interpretation/prompts.ts
    ⚠️ Ln 27:5 — Non-English (Turkish) characters in string: ""- TÜV-certifiable — your analysis would withstand a third-p". Use Technical Academic English for code strings.

  📄 src/lib/features/assistant/knowledge.ts
    ⚠️ Ln 25:3 — Non-English (Turkish) characters in string: ""araç"". Use Technical Academic English for code strings.

  📄 src/lib/features/assistant/slug-router.ts
    ⚠️ Ln 183:11 — Non-English (Turkish) characters in string: "" (AI önerisi)"". Use Technical Academic English for code strings.
    ⚠️ Ln 184:11 — Non-English (Turkish) characters in string: "" (sistem önerisi)"". Use Technical Academic English for code strings.
    ⚠️ Ln 190:12 — Non-English (Turkish) characters in string: "`Bu hesaplama için ${suggestion.label} aracını kullanabilirs". Use Technical Academic English for code strings.
    ⚠️ Ln 198:7 — Non-English (Turkish) characters in string: ""Üzgünüm, bu konuda henüz bir hesaplama aracımız yok. Lütfen". Use Technical Academic English for code strings.
    ⚠️ Ln 205:9 — Non-English (Turkish) characters in string: ""Özel verilere, hesaplara veya gizli anahtarlara erişemem ve". Use Technical Academic English for code strings.
    ⚠️ Ln 210:7 — Non-English (Turkish) characters in string: ""Hesaplama yapamam veya formül paylaşamam. İlgili aracı açın". Use Technical Academic English for code strings.

  📄 src/lib/features/case-studies/__tests__/case-study-index-summary-i18n.test.ts
    ⚠️ Ln 9:7 — Non-English (Turkish) characters in string: "`${company}: ${savings} belgelenmiş tasarruf`". Use Technical Academic English for code strings.

  📄 src/lib/features/case-studies/__tests__/case-study-seo.test.ts
    ⚠️ Ln 28:10 — Non-English (Turkish) characters in string: ""CNC Atölyesi OEE'". Use Technical Academic English for code strings.
    ⚠️ Ln 29:13 — Non-English (Turkish) characters in string: ""Duruş ve hurda maliyetlerinde ölçülebilir iyileşme"". Use Technical Academic English for code strings.
    ⚠️ Ln 36:14 — Non-English (Turkish) characters in string: ""Düşük OEE ve yüksek hurda oranı."". Use Technical Academic English for code strings.
    ⚠️ Ln 37:13 — Non-English (Turkish) characters in string: ""SectorCalc modülleri ile süreç standardizasyonu. SMED ile s". Use Technical Academic English for code strings.
    ⚠️ Ln 40:12 — Non-English (Turkish) characters in string: ""Kararları artık veriye dayalı alıyoruz."". Use Technical Academic English for code strings.
    ⚠️ Ln 41:13 — Non-English (Turkish) characters in string: ""Ayşe Yılmaz"". Use Technical Academic English for code strings.
    ⚠️ Ln 42:12 — Non-English (Turkish) characters in string: ""Üretim Müdürü"". Use Technical Academic English for code strings.
    ⚠️ Ln 43:14 — Non-English (Turkish) characters in string: ""Demo CNC A.Ş."". Use Technical Academic English for code strings.
    ⚠️ Ln 48:11 — Non-English (Turkish) characters in string: ""Barış Bağırlar"". Use Technical Academic English for code strings.
    ⚠️ Ln 72:19 — Non-English (Turkish) characters in string: ""Plansız duruşlar nasıl azaltıldı?"". Use Technical Academic English for code strings.
    ⚠️ Ln 78:35 — Non-English (Turkish) characters in string: ""Plansız duruşlar nasıl azaltıldı?"". Use Technical Academic English for code strings.
    ⚠️ Ln 91:31 — Non-English (Turkish) characters in string: ""cnc-atolyesi-oee-sini-18-den-61-e-cıkardı"". Use Technical Academic English for code strings.
    ⚠️ Ln 92:41 — Non-English (Turkish) characters in string: ""SectorCalc Başarı Hikayesi"". Use Technical Academic English for code strings.
    ⚠️ Ln 107:34 — Non-English (Turkish) characters in string: ""Demo CNC A.Ş."". Use Technical Academic English for code strings.
    ⚠️ Ln 108:34 — Non-English (Turkish) characters in string: ""Barış Bağırlar"". Use Technical Academic English for code strings.

  📄 src/lib/features/case-studies/__tests__/slug.test.ts
    ⚠️ Ln 10:34 — Non-English (Turkish) characters in string: ""Kaynak Teknik Başarı Hikayesi"". Use Technical Academic English for code strings.
    ⚠️ Ln 11:7 — Non-English (Turkish) characters in string: ""kaynak-teknik-basarı-hikayesi"". Use Technical Academic English for code strings.

  📄 src/lib/features/case-studies/case-study-drafts.ts
    ⚠️ Ln 202:13 — Non-English (Turkish) characters in string: ""Barış Bağırlar"". Use Technical Academic English for code strings.

  📄 src/lib/features/case-studies/case-study-seo.ts
    ⚠️ Ln 145:9 — Non-English (Turkish) characters in string: ""Barış Bağırlar"". Use Technical Academic English for code strings.
    ⚠️ Ln 168:9 — Non-English (Turkish) characters in string: ""önemli"". Use Technical Academic English for code strings.
    ⚠️ Ln 169:46 — Non-English (Turkish) characters in string: ""endüstriyel"". Use Technical Academic English for code strings.
    ⚠️ Ln 171:7 — Non-English (Turkish) characters in string: "`${values.title.trim()} | SectorCalc Başarı Hikayesi`". Use Technical Academic English for code strings.
    ⚠️ Ln 174:7 — Non-English (Turkish) characters in string: "`SectorCalc ile ${industry} sektöründe ${savingsLabel} € tas". Use Technical Academic English for code strings.

  📄 src/lib/features/case-studies/published-case-study-locale.ts
    ⚠️ Ln 16:14 — Non-English (Turkish) characters in string: ""Müller Präzision GmbH: 5S audit score 38→87, €1.232M effici". Use Technical Academic English for code strings.
    ⚠️ Ln 35:18 — Non-English (Turkish) characters in string: ""Müller Präzision GmbH"". Use Technical Academic English for code strings.
    ⚠️ Ln 39:14 — Non-English (Turkish) characters in string: ""Müller Präzision GmbH: 5S Denetim Skoru 38→87, 5 Ayda 1.232". Use Technical Academic English for code strings.
    ⚠️ Ln 40:17 — Non-English (Turkish) characters in string: ""5S ile verimlilikte devrim: 5 ayda 1.2 milyon euro nakit ka". Use Technical Academic English for code strings.
    ⚠️ Ln 41:17 — Non-English (Turkish) characters in string: ""Otomotiv Yan Sanayi (CNC hassas parça)"". Use Technical Academic English for code strings.
    ⚠️ Ln 43:9 — Non-English (Turkish) characters in string: ""Stuttgart tesisinde 2025 Q4 iç denetiminde 5S skoru 38/100 ". Use Technical Academic English for code strings.
    ⚠️ Ln 45:9 — Non-English (Turkish) characters in string: ""SectorCalc Trust Trace™ 5S Denetim & Verimlilik Kaybı Maliy". Use Technical Academic English for code strings.
    ⚠️ Ln 48:19 — Non-English (Turkish) characters in string: ""Hurda / Fire Oranı"". Use Technical Academic English for code strings.
    ⚠️ Ln 49:19 — Non-English (Turkish) characters in string: ""Plansız Downtime"". Use Technical Academic English for code strings.
    ⚠️ Ln 50:19 — Non-English (Turkish) characters in string: ""Tezgâh Başı Arama Süresi"". Use Technical Academic English for code strings.
    ⚠️ Ln 51:19 — Non-English (Turkish) characters in string: ""Aylık Verimlilik Kaybı"". Use Technical Academic English for code strings.
    ⚠️ Ln 55:22 — Non-English (Turkish) characters in string: "'ın maliyet dönüştürücü modeli bize 5S'". Use Technical Academic English for code strings.
    ⚠️ Ln 58:18 — Non-English (Turkish) characters in string: ""Müller Präzision GmbH"". Use Technical Academic English for code strings.
    ⚠️ Ln 62:14 — Non-English (Turkish) characters in string: ""Müller Präzision GmbH: 5S-Audit 38→87, 1,232 Mio. € Effizie". Use Technical Academic English for code strings.
    ⚠️ Ln 63:17 — Non-English (Turkish) characters in string: ""5S-Produktivitätssprung: 1,2 Mio. € Cash-Gewinn in fünf Mon". Use Technical Academic English for code strings.
    ⚠️ Ln 68:9 — Non-English (Turkish) characters in string: ""Das SectorCalc Trust Trace™ 5S-Audit- & Effizienzverlust-Ko". Use Technical Academic English for code strings.
    ⚠️ Ln 78:11 — Non-English (Turkish) characters in string: ""SectorCalcs Kostenkonverter hat 5S von einem Reinigungsproj". Use Technical Academic English for code strings.
    ⚠️ Ln 81:18 — Non-English (Turkish) characters in string: ""Müller Präzision GmbH"". Use Technical Academic English for code strings.
    ⚠️ Ln 85:14 — Non-English (Turkish) characters in string: ""Müller Präzision GmbH : score 5S 38→87, 1,232 M€ de gain d'". Use Technical Academic English for code strings.
    ⚠️ Ln 104:18 — Non-English (Turkish) characters in string: ""Müller Präzision GmbH"". Use Technical Academic English for code strings.
    ⚠️ Ln 108:14 — Non-English (Turkish) characters in string: ""Müller Präzision GmbH: puntuación 5S 38→87, 1,232 M€ de gan". Use Technical Academic English for code strings.
    ⚠️ Ln 127:18 — Non-English (Turkish) characters in string: ""Müller Präzision GmbH"". Use Technical Academic English for code strings.
    ⚠️ Ln 131:14 — Non-English (Turkish) characters in string: ""Müller Präzision GmbH: درجة تدقيق 5S من 38→87، 1.232 مليون ". Use Technical Academic English for code strings.
    ⚠️ Ln 150:18 — Non-English (Turkish) characters in string: ""Müller Präzision GmbH"". Use Technical Academic English for code strings.
    ⚠️ Ln 178:14 — Non-English (Turkish) characters in string: ""CNC Atölyesi OEE'". Use Technical Academic English for code strings.
    ⚠️ Ln 179:17 — Non-English (Turkish) characters in string: ""Plansız duruşlar, setup süreleri ve kalite kayıpları nasıl ". Use Technical Academic English for code strings.
    ⚠️ Ln 180:17 — Non-English (Turkish) characters in string: ""Üretim / CNC İşleme"". Use Technical Academic English for code strings.
    ⚠️ Ln 182:9 — Non-English (Turkish) characters in string: ""İzmir merkezli bir CNC atölyesi, 12 makine ile seri üretim ". Use Technical Academic English for code strings.
    ⚠️ Ln 184:9 — Non-English (Turkish) characters in string: ""SectorCalc OEE Duruş Hesaplayıcı ile duruş analizi yapıldı.". Use Technical Academic English for code strings.
    ⚠️ Ln 187:19 — Non-English (Turkish) characters in string: ""Setup Süresi"". Use Technical Academic English for code strings.
    ⚠️ Ln 188:19 — Non-English (Turkish) characters in string: ""Fire Oranı"". Use Technical Academic English for code strings.
    ⚠️ Ln 189:19 — Non-English (Turkish) characters in string: ""Yıllık Tasarruf"". Use Technical Academic English for code strings.
    ⚠️ Ln 193:11 — Non-English (Turkish) characters in string: ""SectorCalc sayesinde atölyemizin verimliliğini 3 kat artırd". Use Technical Academic English for code strings.
    ⚠️ Ln 194:17 — Non-English (Turkish) characters in string: ""Ali Yılmaz"". Use Technical Academic English for code strings.
    ⚠️ Ln 195:16 — Non-English (Turkish) characters in string: ""Üretim Müdürü"". Use Technical Academic English for code strings.
    ⚠️ Ln 196:18 — Non-English (Turkish) characters in string: ""İzmir CNC Atölyesi"". Use Technical Academic English for code strings.
    ⚠️ Ln 201:17 — Non-English (Turkish) characters in string: ""Wie ungeplante Stillstände, Rüstzeiten und Qualitätsverlust". Use Technical Academic English for code strings.
    ⚠️ Ln 204:9 — Non-English (Turkish) characters in string: ""Eine CNC-Werkstatt mit 12 Maschinen in der Serienfertigung ". Use Technical Academic English for code strings.
    ⚠️ Ln 206:9 — Non-English (Turkish) characters in string: ""Der SectorCalc OEE-Stillstandsrechner strukturierte Stopps.". Use Technical Academic English for code strings.
    ⚠️ Ln 209:19 — Non-English (Turkish) characters in string: ""Rüstzeit"". Use Technical Academic English for code strings.
    ⚠️ Ln 311:14 — Non-English (Turkish) characters in string: ""Enerji Firması SKDM Raporlamasını 4 Saatten 20 Dakikaya İnd". Use Technical Academic English for code strings.
    ⚠️ Ln 312:17 — Non-English (Turkish) characters in string: ""Karbon ayak izi hesaplama ve raporlama süreci nasıl otomati". Use Technical Academic English for code strings.
    ⚠️ Ln 313:17 — Non-English (Turkish) characters in string: ""Enerji / Karbon Yönetimi"". Use Technical Academic English for code strings.
    ⚠️ Ln 315:9 — Non-English (Turkish) characters in string: ""Bir enerji firması, SKDM (Sınırda Karbon Düzenlemesi) rapor". Use Technical Academic English for code strings.
    ⚠️ Ln 317:9 — Non-English (Turkish) characters in string: ""SectorCalc Karbon Hesaplayıcı ile ürün bazında karbon ayak ". Use Technical Academic English for code strings.
    ⚠️ Ln 319:19 — Non-English (Turkish) characters in string: ""Raporlama Süresi"". Use Technical Academic English for code strings.
    ⚠️ Ln 320:19 — Non-English (Turkish) characters in string: ""Hata Oranı"". Use Technical Academic English for code strings.
    ⚠️ Ln 321:19 — Non-English (Turkish) characters in string: ""Yıllık Tasarruf"". Use Technical Academic English for code strings.
    ⚠️ Ln 325:11 — Non-English (Turkish) characters in string: ""SectorCalc ile SKDM raporlamamızı 4 saatten 20 dakikaya ind". Use Technical Academic English for code strings.
    ⚠️ Ln 327:16 — Non-English (Turkish) characters in string: ""Sürdürülebilirlik Müdürü"". Use Technical Academic English for code strings.
    ⚠️ Ln 328:18 — Non-English (Turkish) characters in string: ""Enerji A.Ş."". Use Technical Academic English for code strings.
    ⚠️ Ln 338:9 — Non-English (Turkish) characters in string: ""Der SectorCalc Carbon Footprint Calculator automatisierte p". Use Technical Academic English for code strings.
    ⚠️ Ln 438:14 — Non-English (Turkish) characters in string: ""Kaynak Atölyesi Maliyetlerini %22 Azalttı"". Use Technical Academic English for code strings.
    ⚠️ Ln 439:17 — Non-English (Turkish) characters in string: ""Kaynak maliyeti hesaplama ve optimizasyonu ile rekabet avan". Use Technical Academic English for code strings.
    ⚠️ Ln 442:9 — Non-English (Turkish) characters in string: ""Bir kaynak atölyesi, her yeni teklifte farklı maliyetler çı". Use Technical Academic English for code strings.
    ⚠️ Ln 444:9 — Non-English (Turkish) characters in string: ""SectorCalc Kaynak Maliyet Hesaplayıcı ile tel tüketimi, gaz". Use Technical Academic English for code strings.
    ⚠️ Ln 446:19 — Non-English (Turkish) characters in string: ""Teklif Marjı"". Use Technical Academic English for code strings.
    ⚠️ Ln 447:19 — Non-English (Turkish) characters in string: ""Maliyet Sapması"". Use Technical Academic English for code strings.
    ⚠️ Ln 448:19 — Non-English (Turkish) characters in string: ""Yıllık Tasarruf"". Use Technical Academic English for code strings.
    ⚠️ Ln 452:11 — Non-English (Turkish) characters in string: ""Artık tekliflerimizi güvenle veriyoruz. Kaynak maliyetlerim". Use Technical Academic English for code strings.
    ⚠️ Ln 454:16 — Non-English (Turkish) characters in string: ""Atölye Sahibi"". Use Technical Academic English for code strings.

  📄 src/lib/features/dynamic-form-v2/schema-adapter.ts
    ⚠️ Ln 32:3 — Non-English (Turkish) characters in string: ""EKSİK VERİ"". Use Technical Academic English for code strings.

  📄 src/lib/features/emission-factors.ts
    ⚠️ Ln 42:13 — Non-English (Turkish) characters in string: ""Türkiye Ortalama"". Use Technical Academic English for code strings.
    ⚠️ Ln 105:13 — Non-English (Turkish) characters in string: ""TÜİK"". Use Technical Academic English for code strings.

  📄 src/lib/features/formula-governance/contracts/premium-schema-extended-critical.ts
    ⚠️ Ln 323:12 — Non-English (Turkish) characters in string: ""Muayene planı seçiminde AQL ve LTPD arasındaki risk dengesi". Use Technical Academic English for code strings.
    ⚠️ Ln 373:12 — Non-English (Turkish) characters in string: ""Filo yatırımlarında amortisman yöntemi seçimi ve TCO hesabı". Use Technical Academic English for code strings.
    ⚠️ Ln 423:12 — Non-English (Turkish) characters in string: ""Plansız duruşların gerçek maliyeti sadece kayıp üretim deği". Use Technical Academic English for code strings.
    ⚠️ Ln 473:12 — Non-English (Turkish) characters in string: ""Geri dönüş onarımları (comeback) sadece direkt işçilik deği". Use Technical Academic English for code strings.
    ⚠️ Ln 523:12 — Non-English (Turkish) characters in string: ""Aynı iş için verilen farklı teklifler hem müşteri güvenini ". Use Technical Academic English for code strings.
    ⚠️ Ln 573:12 — Non-English (Turkish) characters in string: ""Oto servislerde parça ve işçilik marjındaki küçük sapmalar ". Use Technical Academic English for code strings.
    ⚠️ Ln 623:41 — Non-English (Turkish) characters in string: "'e göre basınçlı kap tasarımında duvar kalınlığı, MAWP ve ağ". Use Technical Academic English for code strings.
    ⚠️ Ln 673:12 — Non-English (Turkish) characters in string: ""Basınçlı hava sistemleri fabrika elektrik faturasının %30'". Use Technical Academic English for code strings.
    ⚠️ Ln 723:12 — Non-English (Turkish) characters in string: ""Başabaş noktası bilinmeden yapılan fiyatlama ya marj baskıs". Use Technical Academic English for code strings.
    ⚠️ Ln 773:12 — Non-English (Turkish) characters in string: ""Şantiyelerde beton hacmi elle hesaplanırken fire, pompa ve ". Use Technical Academic English for code strings.
    ⚠️ Ln 823:12 — Non-English (Turkish) characters in string: ""Kalibrasyon sapması zamanla büyür ve ölçüm belirsizliği art". Use Technical Academic English for code strings.
    ⚠️ Ln 873:12 — Non-English (Turkish) characters in string: ""AB Sınırda Karbon Düzenlemesi (CBAM) kapsamında ürünlerin g". Use Technical Academic English for code strings.
    ⚠️ Ln 923:12 — Non-English (Turkish) characters in string: ""CBAM kapsamında ürünlerin spesifik gömülü emisyonu AB varsa". Use Technical Academic English for code strings.
    ⚠️ Ln 973:12 — Non-English (Turkish) characters in string: ""CNC işlemede chatter (titreşim) yüzey pürüzlülüğünü artırır". Use Technical Academic English for code strings.
    ⚠️ Ln 1023:12 — Non-English (Turkish) characters in string: ""Cıvata bağlantılarında yanlış tork değeri ya yetersiz sıkma". Use Technical Academic English for code strings.
    ⚠️ Ln 1073:12 — Non-English (Turkish) characters in string: ""Personel ayrılma maliyeti sadece tazminat değil; işe alım, ". Use Technical Academic English for code strings.
    ⚠️ Ln 1123:12 — Non-English (Turkish) characters in string: ""API aşım, throttling ve data egress maliyetleri faturalarda". Use Technical Academic English for code strings.
    ⚠️ Ln 1173:12 — Non-English (Turkish) characters in string: ""Bulut harcamalarının %30-45'". Use Technical Academic English for code strings.
    ⚠️ Ln 1223:12 — Non-English (Turkish) characters in string: ""Müşteri kazanma maliyeti (CAC) ile yaşam boyu değer (CLV) a". Use Technical Academic English for code strings.
    ⚠️ Ln 1273:12 — Non-English (Turkish) characters in string: ""CNC çevrim süresini doğru hesaplamadan yapılan maliyetlendi". Use Technical Academic English for code strings.
    ⚠️ Ln 1323:12 — Non-English (Turkish) characters in string: ""CNC parça maliyetini malzeme, işleme, takım, enerji ve gene". Use Technical Academic English for code strings.
    ⚠️ Ln 1373:12 — Non-English (Turkish) characters in string: ""Cpk değerini PPM ve Sigma seviyesine dönüştüremeden proses ". Use Technical Academic English for code strings.
    ⚠️ Ln 1423:12 — Non-English (Turkish) characters in string: ""İnşaat projelerinde gecikme cezaları ve EOT talepleri doğru". Use Technical Academic English for code strings.
    ⚠️ Ln 1473:12 — Non-English (Turkish) characters in string: ""Çatı alanı ve yük hesabı yapılmadan malzeme siparişi ve sta". Use Technical Academic English for code strings.
    ⚠️ Ln 1523:12 — Non-English (Turkish) characters in string: ""Darboğazı tespit etmeden yapılan kapasite yatırımları bekle". Use Technical Academic English for code strings.
    ⚠️ Ln 1573:12 — Non-English (Turkish) characters in string: ""Kalıp değişim süreleri SMED prensipleriyle optimize edilmez". Use Technical Academic English for code strings.
    ⚠️ Ln 1623:12 — Non-English (Turkish) characters in string: ""Depo yerleşimi optimize edilmezse palet pozisyonu, throughp". Use Technical Academic English for code strings.
    ⚠️ Ln 1673:12 — Non-English (Turkish) characters in string: ""Devamsızlığın gerçek maliyeti direkt işçiliğin çok ötesinde". Use Technical Academic English for code strings.
    ⚠️ Ln 1723:12 — Non-English (Turkish) characters in string: ""Digital twin yatırımının geleneksel yönteme göre maliyet av". Use Technical Academic English for code strings.
    ⚠️ Ln 1773:12 — Non-English (Turkish) characters in string: ""Dikiş hattında SMV dağılımı dengelenmezse hat verimliliği d". Use Technical Academic English for code strings.
    ⚠️ Ln 1823:12 — Non-English (Turkish) characters in string: ""Boyarmadde reçetesinde fire ve kimyasal maliyeti kontrol ed". Use Technical Academic English for code strings.
    ⚠️ Ln 1873:12 — Non-English (Turkish) characters in string: ""Enerji faturasında reaktif ceza, talep bedeli ve karbon mal". Use Technical Academic English for code strings.
    ⚠️ Ln 1923:12 — Non-English (Turkish) characters in string: ""Uzun vadeli projelerde enflasyon eskalasyonu doğru hesaplan". Use Technical Academic English for code strings.
    ⚠️ Ln 1973:12 — Non-English (Turkish) characters in string: ""Atık bertaraf, tehlikeli atık ve emisyon maliyetleri ayrışt". Use Technical Academic English for code strings.
    ⚠️ Ln 2023:12 — Non-English (Turkish) characters in string: ""Envanter yönetiminde EOQ, ROP ve güvenlik stoğu hesaplanmaz". Use Technical Academic English for code strings.
    ⚠️ Ln 2073:12 — Non-English (Turkish) characters in string: ""EVM metrikleri (SV, CV, SPI, CPI) hesaplanmadan proje maliy". Use Technical Academic English for code strings.
    ⚠️ Ln 2123:12 — Non-English (Turkish) characters in string: ""Fabrika içi malzeme akış mesafeleri optimize edilmezse taşı". Use Technical Academic English for code strings.
    ⚠️ Ln 2173:12 — Non-English (Turkish) characters in string: ""Faiz oranı riski (duration gap, VaR, NIM) doğru hesaplanmaz". Use Technical Academic English for code strings.
    ⚠️ Ln 2223:12 — Non-English (Turkish) characters in string: ""3D baskı filamentinde geri dönüşüm ekonomisi hesaplanmazsa ". Use Technical Academic English for code strings.
    ⚠️ Ln 2273:12 — Non-English (Turkish) characters in string: ""Fiyat esnekliği hesaplanmadan yapılan fiyat değişiklikleri ". Use Technical Academic English for code strings.
    ⚠️ Ln 2323:12 — Non-English (Turkish) characters in string: ""Esnek imalat sistemine (FMS) yatırım kararı, dedicated sist". Use Technical Academic English for code strings.
    ⚠️ Ln 2373:12 — Non-English (Turkish) characters in string: ""Ölçüm sistemi R&R değeri yüksekse yanlış kabul/red kararlar". Use Technical Academic English for code strings.
    ⚠️ Ln 2423:12 — Non-English (Turkish) characters in string: ""Gıda üretiminde fire, bozulma ve aşırı üretim maliyetleri a". Use Technical Academic English for code strings.
    ⚠️ Ln 2473:12 — Non-English (Turkish) characters in string: ""Gübre dozajı toprak analizine göre hesaplanmazsa ya eksik g". Use Technical Academic English for code strings.
    ⚠️ Ln 2523:12 — Non-English (Turkish) characters in string: ""HACCP sapmalarının maliyeti (bekletme, test, rework, geri ç". Use Technical Academic English for code strings.
    ⚠️ Ln 2573:12 — Non-English (Turkish) characters in string: ""Hacimsel ağırlık doğru hesaplanmazsa taşıma maliyeti beklen". Use Technical Academic English for code strings.
    ⚠️ Ln 2623:12 — Non-English (Turkish) characters in string: ""Parça hafifletmenin yakıt, payload ve malzeme primi etkisin". Use Technical Academic English for code strings.
    ⚠️ Ln 2673:12 — Non-English (Turkish) characters in string: ""Hurda maliyeti sadece malzeme kaybı değildir; işçilik, maki". Use Technical Academic English for code strings.
    ⚠️ Ln 2723:12 — Non-English (Turkish) characters in string: ""HVAC kapasite hesabı (duyulur/gizli ısı, tonaj, EER) yapılm". Use Technical Academic English for code strings.
    ⚠️ Ln 2773:12 — Non-English (Turkish) characters in string: ""Hidrolik sistemlerde kaçak, sürtünme ve vana kayıpları ener". Use Technical Academic English for code strings.
    ⚠️ Ln 2823:12 — Non-English (Turkish) characters in string: ""Isı değiştiricide kirlenme (fouling) nedeniyle ısı transfer". Use Technical Academic English for code strings.
    ⚠️ Ln 2873:12 — Non-English (Turkish) characters in string: ""ISO 50001 kapsamında EnPI ve CUSUM analizi yapılmadan enerj". Use Technical Academic English for code strings.
    ⚠️ Ln 2923:12 — Non-English (Turkish) characters in string: ""Yatırım projelerinde NPV, IRR, geri ödeme süresi ve PI hesa". Use Technical Academic English for code strings.
    ⚠️ Ln 2973:12 — Non-English (Turkish) characters in string: ""Yem formülasyonunda hammadde maliyeti, işleme ve FCR analiz". Use Technical Academic English for code strings.
    ⚠️ Ln 3023:12 — Non-English (Turkish) characters in string: ""İskele kiralama süresi ve alanı optimize edilmezse gereksiz". Use Technical Academic English for code strings.
    ⚠️ Ln 3073:12 — Non-English (Turkish) characters in string: ""SPC kontrol limitleri (X̿, R̄, UCL, LCL) ve Cp hesaplanmada". Use Technical Academic English for code strings.
    ⚠️ Ln 3123:12 — Non-English (Turkish) characters in string: ""Kesme parametreleri (Vc, f, ap) ve Taylor takım ömrü modeli". Use Technical Academic English for code strings.
    ⚠️ Ln 3173:12 — Non-English (Turkish) characters in string: ""Kaizen projelerinin hard/soft tasarrufu, ROI ve sürdürülebi". Use Technical Academic English for code strings.
    ⚠️ Ln 3223:12 — Non-English (Turkish) characters in string: ""Yüksek ürün çeşitliliği ve karmaşık tasarımlar, operasyonel". Use Technical Academic English for code strings.
    ⚠️ Ln 3273:12 — Non-English (Turkish) characters in string: ""Vakum sistemlerindeki kaçaklar fark edilmeden yüksek enerji". Use Technical Academic English for code strings.
    ⚠️ Ln 3323:12 — Non-English (Turkish) characters in string: ""Vardiyalar arası maliyet ve verimlilik farkı ölçülmezse düş". Use Technical Academic English for code strings.
    ⚠️ Ln 3373:12 — Non-English (Turkish) characters in string: ""Value Stream Mapping (VSM) çalışmaları operasyonel süreçler". Use Technical Academic English for code strings.
    ⚠️ Ln 3423:12 — Non-English (Turkish) characters in string: ""Kaynak öncesi ön ısıtma sıcaklığı doğru hesaplanmazsa çatla". Use Technical Academic English for code strings.
    ⚠️ Ln 3473:12 — Non-English (Turkish) characters in string: ""Araçlar planlanan rotadan sapınca yakıt tüketimi artar, tes". Use Technical Academic English for code strings.
    ⚠️ Ln 3523:12 — Non-English (Turkish) characters in string: ""Yangın hidrantlarının debisi ve mevcut akış kapasitesi düze". Use Technical Academic English for code strings.
    ⚠️ Ln 3573:12 — Non-English (Turkish) characters in string: ""Yenileme projelerinde bütçe planlaması yapılmazsa beklenmey". Use Technical Academic English for code strings.
    ⚠️ Ln 3623:12 — Non-English (Turkish) characters in string: ""Yenilenebilir enerji yatırımlarında IRR, NPV ve LCOE hesapl". Use Technical Academic English for code strings.
    ⚠️ Ln 3673:12 — Non-English (Turkish) characters in string: ""Yatırım kararlarında ROI, NPV, IRR ve geri ödeme süresi bir". Use Technical Academic English for code strings.
    ⚠️ Ln 3723:12 — Non-English (Turkish) characters in string: ""Çelik kiriş ağırlığı ve maliyeti hesaplanmazsa, yapısal tas". Use Technical Academic English for code strings.
    ⚠️ Ln 3773:12 — Non-English (Turkish) characters in string: ""İnşaat tekliflerinde belirsizlik ve risk payı hesaplanmazsa". Use Technical Academic English for code strings.
    ⚠️ Ln 3823:12 — Non-English (Turkish) characters in string: ""Karbon ayak izi hesaplanmazsa ihracatçı firmalar CBAM ve ka". Use Technical Academic English for code strings.
    ⚠️ Ln 3873:12 — Non-English (Turkish) characters in string: ""Nakit akışı açığı, DSO/DPO/DIO dengesi ve nakit döngüsü hes". Use Technical Academic English for code strings.
    ⚠️ Ln 3923:12 — Non-English (Turkish) characters in string: ""Temizlik hizmeti tekliflerinde işçilik, malzeme ve kar marj". Use Technical Academic English for code strings.
    ⚠️ Ln 3973:12 — Non-English (Turkish) characters in string: ""Basınçlı hava kaçakları tespit edilmezse enerji maliyeti gi". Use Technical Academic English for code strings.
    ⚠️ Ln 4023:12 — Non-English (Turkish) characters in string: ""Basınçlı hava tankı yanlış boyutlandırılırsa motor sık devr". Use Technical Academic English for code strings.
    ⚠️ Ln 4073:12 — Non-English (Turkish) characters in string: ""Konteyner doluluk oranı hesaplanmazsa, taşıma maliyeti opti". Use Technical Academic English for code strings.
    ⚠️ Ln 4123:12 — Non-English (Turkish) characters in string: ""İnşaat sözleşmelerinde teşvik mekanizmaları doğru yapılandı". Use Technical Academic English for code strings.
    ⚠️ Ln 4173:12 — Non-English (Turkish) characters in string: ""Kur riski hedge edilmezse, döviz açık pozisyonu beklenmedik". Use Technical Academic English for code strings.
    ⚠️ Ln 4223:12 — Non-English (Turkish) characters in string: ""Kazı-dolgu dengesi hesaplanmazsa, fazla hafriyat veya ödünç". Use Technical Academic English for code strings.
    ⚠️ Ln 4273:12 — Non-English (Turkish) characters in string: ""Taylor takım ömrü ve optimum kesme hızı hesaplanmazsa, takı". Use Technical Academic English for code strings.
    ⚠️ Ln 4323:12 — Non-English (Turkish) characters in string: ""Süt çiftliklerinde yem maliyeti ile süt geliri arasındaki f". Use Technical Academic English for code strings.
    ⚠️ Ln 4373:12 — Non-English (Turkish) characters in string: ""Teslimat maliyetleri başarılı ve başarısız sevkiyatlara gör". Use Technical Academic English for code strings.
    ⚠️ Ln 4423:12 — Non-English (Turkish) characters in string: ""Talep tahmini sapmaları ya stok fazlası taşıma maliyetine y". Use Technical Academic English for code strings.
    ⚠️ Ln 4473:12 — Non-English (Turkish) characters in string: ""Kumaş kesim verimi hesaplanmazsa, fire oranı ve kumaş maliy". Use Technical Academic English for code strings.
    ⚠️ Ln 4523:12 — Non-English (Turkish) characters in string: ""Navlun maliyetinde ağırlık, bunker, terminal ve gümrük kale". Use Technical Academic English for code strings.
    ⚠️ Ln 4573:12 — Non-English (Turkish) characters in string: ""Çalışanın gerçek saatlik maliyeti brüt maaşın çok üzerinded". Use Technical Academic English for code strings.
    ⚠️ Ln 4623:12 — Non-English (Turkish) characters in string: ""Stok devir hızı izlenmezse fazla stokta bekleyen sermaye at". Use Technical Academic English for code strings.
    ⚠️ Ln 4673:12 — Non-English (Turkish) characters in string: ""Sulama maliyetleri su, enerji ve işçilik kalemlerinde doğru". Use Technical Academic English for code strings.
    ⚠️ Ln 4723:12 — Non-English (Turkish) characters in string: ""Birim kWh maliyeti ve güç faktörü cezası hesaplanmazsa, ene". Use Technical Academic English for code strings.
    ⚠️ Ln 4773:12 — Non-English (Turkish) characters in string: ""Tekrarlı üretimde öğrenme etkisi hesaplanmazsa işçilik süre". Use Technical Academic English for code strings.
    ⚠️ Ln 4823:12 — Non-English (Turkish) characters in string: ""Rota sapmaları ve yakıt israfı hesaplanmazsa, filo maliyeti". Use Technical Academic English for code strings.
    ⚠️ Ln 4873:12 — Non-English (Turkish) characters in string: ""Makinenin gerçek ekonomik ömrü bilinmezse ya erken yenileme". Use Technical Academic English for code strings.
    ⚠️ Ln 4923:12 — Non-English (Turkish) characters in string: ""Alternatif malzeme geçişlerinde TCO, ağırlık tasarrufu ve n". Use Technical Academic English for code strings.
    ⚠️ Ln 4973:12 — Non-English (Turkish) characters in string: ""MOQ ile gerçek talep arasındaki fark hesaplanmazsa ya stok ". Use Technical Academic English for code strings.
    ⚠️ Ln 5023:12 — Non-English (Turkish) characters in string: ""MTBF ve MTTR verileri finansal risk olarak hesaplanmazsa ba". Use Technical Academic English for code strings.
    ⚠️ Ln 5073:12 — Non-English (Turkish) characters in string: ""7 muda kaynağının her biri ayrı hesaplanmazsa toplam israf ". Use Technical Academic English for code strings.
    ⚠️ Ln 5123:12 — Non-English (Turkish) characters in string: ""Gürültü ve titreşim maruziyetinin sağlık, verimlilik ve kal". Use Technical Academic English for code strings.
    ⚠️ Ln 5173:12 — Non-English (Turkish) characters in string: ""OEE alt bileşenleri ve toplam ekipman verimliliği hesaplanm". Use Technical Academic English for code strings.
    ⚠️ Ln 5223:12 — Non-English (Turkish) characters in string: ""Ofis malzemelerinde EOQ, taşıma maliyeti ve stok tükenme ma". Use Technical Academic English for code strings.
    ⚠️ Ln 5273:12 — Non-English (Turkish) characters in string: ""Fazla mesai mi yoksa yeni işçi mi daha avantajlı? Yanlış ka". Use Technical Academic English for code strings.
    ⚠️ Ln 5373:12 — Non-English (Turkish) characters in string: ""Uzun vade müşteri memnuniyetini artırır ama nakit akışını b". Use Technical Academic English for code strings.
    ⚠️ Ln 5423:12 — Non-English (Turkish) characters in string: ""Hata önleme (Poka-Yoke) yatırımının geri dönüşü hesaplanmaz". Use Technical Academic English for code strings.
    ⚠️ Ln 5473:12 — Non-English (Turkish) characters in string: ""Porsiyon maliyeti doğru hesaplanmazsa menü fiyatlaması hata". Use Technical Academic English for code strings.
    ⚠️ Ln 5523:12 — Non-English (Turkish) characters in string: ""Proje maliyet tahminindeki hatalar nakit akışı sıkışıklığın". Use Technical Academic English for code strings.
    ⚠️ Ln 5573:12 — Non-English (Turkish) characters in string: ""Proje aşımları erken tespit edilmezse bütçe şişer, teslimat". Use Technical Academic English for code strings.
    ⚠️ Ln 5623:12 — Non-English (Turkish) characters in string: ""PAF modeli olmadan kalite maliyetleri görünmez; önleme, değ". Use Technical Academic English for code strings.
    ⚠️ Ln 5673:12 — Non-English (Turkish) characters in string: ""Reçete maliyeti teorik ile gerçek arasındaki fark izlenmezs". Use Technical Academic English for code strings.
    ⚠️ Ln 5723:12 — Non-English (Turkish) characters in string: ""Tekrarlayan hatalar ve maliyetler kök neden analizi yapılma". Use Technical Academic English for code strings.
    ⚠️ Ln 5773:12 — Non-English (Turkish) characters in string: ""Tamirhane tekliflerinde işçilik, parça ve kar marjı şeffaf ". Use Technical Academic English for code strings.
    ⚠️ Ln 5823:12 — Non-English (Turkish) characters in string: ""Teorik marj ile gerçek marj arasındaki fark izlenmezse fire". Use Technical Academic English for code strings.
    ⚠️ Ln 5873:12 — Non-English (Turkish) characters in string: ""Otomasyon yatırımının manuel operasyona göre gerçek maliyet". Use Technical Academic English for code strings.
    ⚠️ Ln 5923:12 — Non-English (Turkish) characters in string: ""Rota maliyeti km, zaman, geçiş ücreti ve genel gider bazınd". Use Technical Academic English for code strings.
    ⚠️ Ln 5973:12 — Non-English (Turkish) characters in string: ""Kullanılmayan veya eksik kullanılan SaaS lisansları bütçede". Use Technical Academic English for code strings.
    ⚠️ Ln 6023:12 — Non-English (Turkish) characters in string: ""Yanlış örneklem büyüklüğü ya gereksiz maliyet yaratır ya da". Use Technical Academic English for code strings.
    ⚠️ Ln 6073:12 — Non-English (Turkish) characters in string: ""Tohum oranı ve çimlenme kaybı hesaplanmazsa ekim maliyeti g". Use Technical Academic English for code strings.
    ⚠️ Ln 6123:12 — Non-English (Turkish) characters in string: ""Atölye saatlik ücreti doğru hesaplanmazsa, faturalama zarar". Use Technical Academic English for code strings.
    ⚠️ Ln 6173:12 — Non-English (Turkish) characters in string: ""Uzun kalıp değişim süreleri makine duruşlarını artırır, kap". Use Technical Academic English for code strings.
    ⚠️ Ln 6223:12 — Non-English (Turkish) characters in string: ""SPC kontrol kartlarında sinyal gecikmesi (ARL) hesaplanmazs". Use Technical Academic English for code strings.
    ⚠️ Ln 6273:12 — Non-English (Turkish) characters in string: ""Arızalı buhar kapanları (steam trap) fark edilmeden yüksek ". Use Technical Academic English for code strings.
    ⚠️ Ln 6323:12 — Non-English (Turkish) characters in string: ""Taşeron teklif marjı ile gerçekleşen marj arasındaki fark k". Use Technical Academic English for code strings.
    ⚠️ Ln 6373:12 — Non-English (Turkish) characters in string: ""Yabancı para tedarikçilerinde kur dalgalanması maliyeti hes". Use Technical Academic English for code strings.
    ⚠️ Ln 6423:12 — Non-English (Turkish) characters in string: ""Tedarikçi seçiminde sadece birim fiyata bakılır; kalite, lo". Use Technical Academic English for code strings.
    ⚠️ Ln 6473:12 — Non-English (Turkish) characters in string: ""Tedarik zinciri kesintileri gelir kaybına yol açar ancak ri". Use Technical Academic English for code strings.
    ⚠️ Ln 6523:12 — Non-English (Turkish) characters in string: ""Ürün toleranslarından sapmaların maliyeti Taguchi kayıp fon". Use Technical Academic English for code strings.
    ⚠️ Ln 6573:12 — Non-English (Turkish) characters in string: ""Takt süresi ile çevrim süresi arasındaki uyumsuzluk gizli k". Use Technical Academic English for code strings.
    ⚠️ Ln 6623:12 — Non-English (Turkish) characters in string: ""Tekstil üretiminde kumaş atığı ve fire oranı kontrol edilme". Use Technical Academic English for code strings.
    ⚠️ Ln 6673:12 — Non-English (Turkish) characters in string: ""Kesici takım aşınması takip edilmezse parça başı takım mali". Use Technical Academic English for code strings.
    ⚠️ Ln 6723:12 — Non-English (Turkish) characters in string: ""Çalışan başına brüt maaş, yan haklar ve işveren payı toplam". Use Technical Academic English for code strings.
    ⚠️ Ln 6773:12 — Non-English (Turkish) characters in string: ""Şirketler arası transfer fiyatlandırmasında vergi etkisi ve". Use Technical Academic English for code strings.
    ⚠️ Ln 6823:12 — Non-English (Turkish) characters in string: ""Hava, deniz ve kara taşıma modları arasında seçim yaparken ". Use Technical Academic English for code strings.
    ⚠️ Ln 6873:12 — Non-English (Turkish) characters in string: ""Endüstriyel su tüketimi izlenmezse su yoğunluğu artar, atık". Use Technical Academic English for code strings.
    ⚠️ Ln 6923:12 — Non-English (Turkish) characters in string: ""Kaynak maliyetinin metraj bazlı analizi yapılmazsa, birim f". Use Technical Academic English for code strings.
    ⚠️ Ln 6973:12 — Non-English (Turkish) characters in string: ""Kaynak mukavemeti ve güvenlik faktörü hesaplanmazsa, yapısa". Use Technical Academic English for code strings.
    ⚠️ Ln 7023:12 — Non-English (Turkish) characters in string: ""Kaynak hacmi ve dolgu maliyeti hesaplanmazsa, tahminlerin ü". Use Technical Academic English for code strings.
    ⚠️ Ln 7073:12 — Non-English (Turkish) characters in string: ""Rüzgar türbini yatırımında AEP, gelir ve NPV hesaplanmazsa ". Use Technical Academic English for code strings.
    ⚠️ Ln 8576:169 — Non-English (Turkish) characters in string: ""bölgeDebisi_Lmin"". Use Technical Academic English for code strings.
    ⚠️ Ln 8577:169 — Non-English (Turkish) characters in string: ""bölgeDebisi_Lmin"". Use Technical Academic English for code strings.
    ⚠️ Ln 8626:170 — Non-English (Turkish) characters in string: ""gunesIsinimiGunlük_Wm2"". Use Technical Academic English for code strings.
    ⚠️ Ln 8627:170 — Non-English (Turkish) characters in string: ""gunesIsinimiGunlük_Wm2"". Use Technical Academic English for code strings.

  📄 src/lib/features/formula-governance/oracle/compare-premium-schema-extended-oracle.ts
    ⚠️ Ln 1331:217 — Non-English (Turkish) characters in string: ""gunesIsinimiGunlük_Wm2"". Use Technical Academic English for code strings.
    ⚠️ Ln 1333:219 — Non-English (Turkish) characters in string: ""gunesIsinimiGunlük_Wm2"". Use Technical Academic English for code strings.
    ⚠️ Ln 1334:215 — Non-English (Turkish) characters in string: ""gunesIsinimiGunlük_Wm2"". Use Technical Academic English for code strings.
    ⚠️ Ln 1335:219 — Non-English (Turkish) characters in string: ""gunesIsinimiGunlük_Wm2"". Use Technical Academic English for code strings.
    ⚠️ Ln 1336:218 — Non-English (Turkish) characters in string: ""gunesIsinimiGunlük_Wm2"". Use Technical Academic English for code strings.
    ⚠️ Ln 1467:220 — Non-English (Turkish) characters in string: ""bölgeDebisi_Lmin"". Use Technical Academic English for code strings.
    ⚠️ Ln 1469:223 — Non-English (Turkish) characters in string: ""bölgeDebisi_Lmin"". Use Technical Academic English for code strings.
    ⚠️ Ln 1470:218 — Non-English (Turkish) characters in string: ""bölgeDebisi_Lmin"". Use Technical Academic English for code strings.
    ⚠️ Ln 1471:222 — Non-English (Turkish) characters in string: ""bölgeDebisi_Lmin"". Use Technical Academic English for code strings.
    ⚠️ Ln 1472:221 — Non-English (Turkish) characters in string: ""bölgeDebisi_Lmin"". Use Technical Academic English for code strings.

  📄 src/lib/features/formula-governance/oracle/premium-schema-extended-production-locators.ts
    ⚠️ Ln 1912:168 — Non-English (Turkish) characters in string: ""gunesIsinimiGunlük_Wm2"". Use Technical Academic English for code strings.
    ⚠️ Ln 2116:167 — Non-English (Turkish) characters in string: ""bölgeDebisi_Lmin"". Use Technical Academic English for code strings.

  📄 src/lib/features/free-tools/free-tool-categories.ts
    ⚠️ Ln 125:11 — Non-English (Turkish) characters in string: ""Finans, Satış ve İşletme Sermayesi"". Use Technical Academic English for code strings.
    ⚠️ Ln 133:11 — Non-English (Turkish) characters in string: ""Bütçeleme, yatırım, fiyatlama ve nakit akışı hesaplamaları.". Use Technical Academic English for code strings.
    ⚠️ Ln 141:11 — Non-English (Turkish) characters in string: ""İşletme & Ekonomi"". Use Technical Academic English for code strings.
    ⚠️ Ln 157:11 — Non-English (Turkish) characters in string: ""Ekonomik Güçlenme"". Use Technical Academic English for code strings.
    ⚠️ Ln 173:11 — Non-English (Turkish) characters in string: ""Kalite, SPC ve Altı Sigma"". Use Technical Academic English for code strings.
    ⚠️ Ln 181:11 — Non-English (Turkish) characters in string: ""Proses yeterliliği, kontrol grafikleri, hata analizi ve kal". Use Technical Academic English for code strings.
    ⚠️ Ln 189:11 — Non-English (Turkish) characters in string: ""Kalite Mühendisliği"". Use Technical Academic English for code strings.
    ⚠️ Ln 197:11 — Non-English (Turkish) characters in string: ""Süreç Yönetimi"". Use Technical Academic English for code strings.
    ⚠️ Ln 205:11 — Non-English (Turkish) characters in string: ""Kalite Kültürü & Sıfır Hata"". Use Technical Academic English for code strings.
    ⚠️ Ln 221:11 — Non-English (Turkish) characters in string: ""Teknoloji, AI, Bulut ve Siber Güvenlik"". Use Technical Academic English for code strings.
    ⚠️ Ln 229:11 — Non-English (Turkish) characters in string: ""BT altyapısı, bulut maliyeti, siber güvenlik, yazılım ve ve". Use Technical Academic English for code strings.
    ⚠️ Ln 253:11 — Non-English (Turkish) characters in string: ""Dijital Katılım & Okuryazarlık"". Use Technical Academic English for code strings.
    ⚠️ Ln 269:11 — Non-English (Turkish) characters in string: ""Elektrik, Pano ve Güç Sistemleri"". Use Technical Academic English for code strings.
    ⚠️ Ln 277:11 — Non-English (Turkish) characters in string: ""Elektrik mühendisliği, güç dağıtımı, pano tasarımı ve kablo". Use Technical Academic English for code strings.
    ⚠️ Ln 285:11 — Non-English (Turkish) characters in string: ""Elektrik Mühendisliği"". Use Technical Academic English for code strings.
    ⚠️ Ln 293:11 — Non-English (Turkish) characters in string: ""Güç Sistemleri"". Use Technical Academic English for code strings.
    ⚠️ Ln 301:11 — Non-English (Turkish) characters in string: ""Enerji Erişimi & Verimliliği"". Use Technical Academic English for code strings.
    ⚠️ Ln 317:11 — Non-English (Turkish) characters in string: ""Çevre, Kaynak ve Sürdürülebilirlik"". Use Technical Academic English for code strings.
    ⚠️ Ln 325:11 — Non-English (Turkish) characters in string: ""Karbon ayak izi, atık, su, enerji verimliliği ve ESG uyum a". Use Technical Academic English for code strings.
    ⚠️ Ln 333:11 — Non-English (Turkish) characters in string: ""Çevre Bilimleri"". Use Technical Academic English for code strings.
    ⚠️ Ln 341:11 — Non-English (Turkish) characters in string: ""Sürdürülebilir Enerji & Çevre"". Use Technical Academic English for code strings.
    ⚠️ Ln 349:11 — Non-English (Turkish) characters in string: ""İklim Eylemi & Sürdürülebilirlik"". Use Technical Academic English for code strings.
    ⚠️ Ln 365:11 — Non-English (Turkish) characters in string: ""CNC, 3B Baskı ve İleri İmalat"". Use Technical Academic English for code strings.
    ⚠️ Ln 373:11 — Non-English (Turkish) characters in string: ""İşleme parametreleri, takım ömrü, 3B baskı maliyeti ve iler". Use Technical Academic English for code strings.
    ⚠️ Ln 381:11 — Non-English (Turkish) characters in string: ""İmalat Mühendisliği"". Use Technical Academic English for code strings.
    ⚠️ Ln 389:11 — Non-English (Turkish) characters in string: ""İleri İmalat"". Use Technical Academic English for code strings.
    ⚠️ Ln 397:11 — Non-English (Turkish) characters in string: ""Endüstriyel İnovasyon & Hassasiyet"". Use Technical Academic English for code strings.
    ⚠️ Ln 413:11 — Non-English (Turkish) characters in string: ""Metal, Plastik ve Şekillendirme"". Use Technical Academic English for code strings.
    ⚠️ Ln 421:11 — Non-English (Turkish) characters in string: ""Sac metal, döküm, enjeksiyon kalıplama, dövme ve malzeme şe". Use Technical Academic English for code strings.
    ⚠️ Ln 429:11 — Non-English (Turkish) characters in string: ""Malzeme Bilimi & Mühendisliği"". Use Technical Academic English for code strings.
    ⚠️ Ln 437:11 — Non-English (Turkish) characters in string: ""Metal & Plastik Endüstrisi"". Use Technical Academic English for code strings.
    ⚠️ Ln 445:11 — Non-English (Turkish) characters in string: ""Malzeme Verimliliği & Döngüsel Ekonomi"". Use Technical Academic English for code strings.
    ⚠️ Ln 461:11 — Non-English (Turkish) characters in string: ""Kimya, Proses ve Akışkanlar"". Use Technical Academic English for code strings.
    ⚠️ Ln 469:11 — Non-English (Turkish) characters in string: ""Kimyasal reaksiyonlar, akışkanlar dinamiği, termodinamik ve". Use Technical Academic English for code strings.
    ⚠️ Ln 485:11 — Non-English (Turkish) characters in string: ""Kimya & Proses Mühendisliği"". Use Technical Academic English for code strings.
    ⚠️ Ln 493:11 — Non-English (Turkish) characters in string: ""Kimyasal Güvenlik & Yeşil Kimya"". Use Technical Academic English for code strings.
    ⚠️ Ln 494:11 — Non-English (Turkish) characters in string: ""Chemikaliensicherheit & Grüne Chemie"". Use Technical Academic English for code strings.
    ⚠️ Ln 509:11 — Non-English (Turkish) characters in string: ""İSG, Ergonomi ve Risk Yönetimi"". Use Technical Academic English for code strings.
    ⚠️ Ln 517:11 — Non-English (Turkish) characters in string: ""İş sağlığı ve güvenliği, ergonomik risk, gürültü, titreşim ". Use Technical Academic English for code strings.
    ⚠️ Ln 525:11 — Non-English (Turkish) characters in string: ""İş Sağlığı & Güvenliği"". Use Technical Academic English for code strings.
    ⚠️ Ln 533:11 — Non-English (Turkish) characters in string: ""İSG Yönetimi"". Use Technical Academic English for code strings.
    ⚠️ Ln 541:11 — Non-English (Turkish) characters in string: ""İş Yeri Güvenliği & Çalışan Koruma"". Use Technical Academic English for code strings.
    ⚠️ Ln 557:11 — Non-English (Turkish) characters in string: ""Bakım, Arıza ve Güvenilirlik"". Use Technical Academic English for code strings.
    ⚠️ Ln 565:11 — Non-English (Turkish) characters in string: ""MTBF/MTTR, koruyucu bakım, yedek parça optimizasyonu ve kök". Use Technical Academic English for code strings.
    ⚠️ Ln 573:11 — Non-English (Turkish) characters in string: ""Endüstri Mühendisliği"". Use Technical Academic English for code strings.
    ⚠️ Ln 581:11 — Non-English (Turkish) characters in string: ""Varlık Yönetimi"". Use Technical Academic English for code strings.
    ⚠️ Ln 589:11 — Non-English (Turkish) characters in string: ""Operasyonel Mükemmellik & Güvenilirlik"". Use Technical Academic English for code strings.
    ⚠️ Ln 605:11 — Non-English (Turkish) characters in string: ""İnşaat ve Proje Yönetimi"". Use Technical Academic English for code strings.
    ⚠️ Ln 613:11 — Non-English (Turkish) characters in string: ""Şantiye yönetimi, EVM, CPM, yapısal analiz ve inşaat maliye". Use Technical Academic English for code strings.
    ⚠️ Ln 621:11 — Non-English (Turkish) characters in string: ""İnşaat & Yapı Mühendisliği"". Use Technical Academic English for code strings.
    ⚠️ Ln 629:11 — Non-English (Turkish) characters in string: ""İnşaat Sektörü"". Use Technical Academic English for code strings.
    ⚠️ Ln 637:11 — Non-English (Turkish) characters in string: ""Altyapı Geliştirme & Güvenlik"". Use Technical Academic English for code strings.
    ⚠️ Ln 653:11 — Non-English (Turkish) characters in string: ""İş Gücü, Vardiya ve İnsan Kaynakları"". Use Technical Academic English for code strings.
    ⚠️ Ln 661:11 — Non-English (Turkish) characters in string: ""Personel maliyeti, vardiya planlama, fazla mesai, iş gücü d". Use Technical Academic English for code strings.
    ⚠️ Ln 662:11 — Non-English (Turkish) characters in string: ""Personalkosten, Schichtplanung, Überstunden, Fluktuation un". Use Technical Academic English for code strings.
    ⚠️ Ln 669:11 — Non-English (Turkish) characters in string: ""İnsan Kaynakları Yönetimi"". Use Technical Academic English for code strings.
    ⚠️ Ln 677:11 — Non-English (Turkish) characters in string: ""İş Gücü & İstihdam"". Use Technical Academic English for code strings.
    ⚠️ Ln 685:11 — Non-English (Turkish) characters in string: ""Adil İşgücü & İnsana Yakışır İş"". Use Technical Academic English for code strings.
    ⚠️ Ln 686:11 — Non-English (Turkish) characters in string: ""Faire Arbeit & menschenwürdige Arbeit"". Use Technical Academic English for code strings.
    ⚠️ Ln 701:11 — Non-English (Turkish) characters in string: ""Tedarik, Satınalma ve Lojistik"". Use Technical Academic English for code strings.
    ⚠️ Ln 709:11 — Non-English (Turkish) characters in string: ""Envanter, EOQ, depo, nakliye, tedarikçi maliyeti ve rota op". Use Technical Academic English for code strings.
    ⚠️ Ln 717:11 — Non-English (Turkish) characters in string: ""Tedarik Zinciri Yönetimi"". Use Technical Academic English for code strings.
    ⚠️ Ln 725:11 — Non-English (Turkish) characters in string: ""Lojistik & Taşımacılık"". Use Technical Academic English for code strings.
    ⚠️ Ln 749:11 — Non-English (Turkish) characters in string: ""Gıda, Soğuk Zincir ve Hijyen"". Use Technical Academic English for code strings.
    ⚠️ Ln 750:11 — Non-English (Turkish) characters in string: ""Lebensmittel, Kühlkette & Hygiene"". Use Technical Academic English for code strings.
    ⚠️ Ln 757:11 — Non-English (Turkish) characters in string: ""Reçete maliyeti, raf ömrü, HACCP, soğuk zincir ve gıda güve". Use Technical Academic English for code strings.
    ⚠️ Ln 758:11 — Non-English (Turkish) characters in string: ""Rezeptkosten, Haltbarkeit, HACCP, Kühlkette und Lebensmitte". Use Technical Academic English for code strings.
    ⚠️ Ln 765:11 — Non-English (Turkish) characters in string: ""Gıda Bilimi & Teknolojisi"". Use Technical Academic English for code strings.
    ⚠️ Ln 773:11 — Non-English (Turkish) characters in string: ""Gıda & İçecek Sektörü"". Use Technical Academic English for code strings.
    ⚠️ Ln 781:11 — Non-English (Turkish) characters in string: ""Gıda Güvenliği & Emniyeti"". Use Technical Academic English for code strings.
    ⚠️ Ln 797:11 — Non-English (Turkish) characters in string: ""Verimlilik, Yalın Üretim ve OEE"". Use Technical Academic English for code strings.
    ⚠️ Ln 805:11 — Non-English (Turkish) characters in string: ""OEE, SMED, Kaizen, Kanban, 5S, VSM ve verimlilik iyileştirm". Use Technical Academic English for code strings.
    ⚠️ Ln 813:11 — Non-English (Turkish) characters in string: ""Endüstri Mühendisliği"". Use Technical Academic English for code strings.
    ⚠️ Ln 821:11 — Non-English (Turkish) characters in string: ""İmalat & Üretim"". Use Technical Academic English for code strings.
    ⚠️ Ln 845:11 — Non-English (Turkish) characters in string: ""Tekstil, Baskı ve Laboratuvar"". Use Technical Academic English for code strings.
    ⚠️ Ln 853:11 — Non-English (Turkish) characters in string: ""Kumaş, konfeksiyon, baskı, boya ve laboratuvar analiz hesap". Use Technical Academic English for code strings.
    ⚠️ Ln 861:11 — Non-English (Turkish) characters in string: ""Tekstil Mühendisliği"". Use Technical Academic English for code strings.
    ⚠️ Ln 869:11 — Non-English (Turkish) characters in string: ""Tekstil & Konfeksiyon Sektörü"". Use Technical Academic English for code strings.
    ⚠️ Ln 877:11 — Non-English (Turkish) characters in string: ""Sürdürülebilir Moda & Tekstil İnovasyonu"". Use Technical Academic English for code strings.
    ⚠️ Ln 893:11 — Non-English (Turkish) characters in string: ""Mekanik, HVAC ve Enerji Kayıpları"". Use Technical Academic English for code strings.
    ⚠️ Ln 901:11 — Non-English (Turkish) characters in string: ""HVAC yükü, yalıtım, kaynak, boru tesisatı, buhar ve mekanik". Use Technical Academic English for code strings.
    ⚠️ Ln 909:11 — Non-English (Turkish) characters in string: ""Makine Mühendisliği"". Use Technical Academic English for code strings.
    ⚠️ Ln 925:11 — Non-English (Turkish) characters in string: ""Enerji Verimliliği & Termal Konfor"". Use Technical Academic English for code strings.
    ⚠️ Ln 941:11 — Non-English (Turkish) characters in string: ""Ambalaj ve Yerel İşletme Araçları"". Use Technical Academic English for code strings.
    ⚠️ Ln 949:11 — Non-English (Turkish) characters in string: ""Ambalaj hacmi, palet konfigürasyonu, malzeme seçimi ve yere". Use Technical Academic English for code strings.
    ⚠️ Ln 957:11 — Non-English (Turkish) characters in string: ""Ambalaj Mühendisliği"". Use Technical Academic English for code strings.
    ⚠️ Ln 965:11 — Non-English (Turkish) characters in string: ""Baskı & Ambalaj Sektörü"". Use Technical Academic English for code strings.
    ⚠️ Ln 973:11 — Non-English (Turkish) characters in string: ""Sürdürülebilir Ambalaj & Atık Azaltma"". Use Technical Academic English for code strings.
    ⚠️ Ln 989:11 — Non-English (Turkish) characters in string: ""Küresel Ticaret, Uyum ve Vergi"". Use Technical Academic English for code strings.
    ⚠️ Ln 997:11 — Non-English (Turkish) characters in string: ""Gümrük, incoterms, transfer fiyatlandırması, IFRS, AML ve s". Use Technical Academic English for code strings.
    ⚠️ Ln 998:11 — Non-English (Turkish) characters in string: ""Zoll, Incoterms, Verrechnungspreise, IFRS, AML und grenzübe". Use Technical Academic English for code strings.
    ⚠️ Ln 1005:11 — Non-English (Turkish) characters in string: ""Uluslararası İşletme & Hukuk"". Use Technical Academic English for code strings.
    ⚠️ Ln 1013:11 — Non-English (Turkish) characters in string: ""Küresel Ticaret & Uyum"". Use Technical Academic English for code strings.
    ⚠️ Ln 1045:11 — Non-English (Turkish) characters in string: ""IoT, robotik, AGV, dijital ikiz, SCADA ve endüstri 4.0 hesa". Use Technical Academic English for code strings.
    ⚠️ Ln 1053:11 — Non-English (Turkish) characters in string: ""Otomasyon & Kontrol Mühendisliği"". Use Technical Academic English for code strings.
    ⚠️ Ln 1061:11 — Non-English (Turkish) characters in string: ""Endüstriyel Otomasyon"". Use Technical Academic English for code strings.
    ⚠️ Ln 1069:11 — Non-English (Turkish) characters in string: ""Endüstri 4.0 & Akıllı Üretim"". Use Technical Academic English for code strings.
    ⚠️ Ln 1085:11 — Non-English (Turkish) characters in string: ""Matematik, İstatistik ve Analiz"". Use Technical Academic English for code strings.
    ⚠️ Ln 1093:11 — Non-English (Turkish) characters in string: ""Cebir, kalkülüs, olasılık, regresyon, hipotez testi ve veri". Use Technical Academic English for code strings.
    ⚠️ Ln 1109:11 — Non-English (Turkish) characters in string: ""Eğitim & Araştırma"". Use Technical Academic English for code strings.
    ⚠️ Ln 1117:11 — Non-English (Turkish) characters in string: ""STEM Eğitimi & Veri Okuryazarlığı"". Use Technical Academic English for code strings.
    ⚠️ Ln 1133:11 — Non-English (Turkish) characters in string: ""Sağlık, Spor ve Günlük Yaşam"". Use Technical Academic English for code strings.
    ⚠️ Ln 1141:11 — Non-English (Turkish) characters in string: ""VKİ, bazal metabolizma, fitness, beslenme, gebelik, yaş, ta". Use Technical Academic English for code strings.
    ⚠️ Ln 1149:11 — Non-English (Turkish) characters in string: ""Sağlık Bilimleri & Wellness"". Use Technical Academic English for code strings.
    ⚠️ Ln 1157:11 — Non-English (Turkish) characters in string: ""Sağlık Hizmetleri & Tüketici Sağlığı"". Use Technical Academic English for code strings.
    ⚠️ Ln 1165:11 — Non-English (Turkish) characters in string: ""Sağlık & Refah"". Use Technical Academic English for code strings.
    ⚠️ Ln 1181:11 — Non-English (Turkish) characters in string: ""Dönüşüm ve Ölçüm"". Use Technical Academic English for code strings.
    ⚠️ Ln 1189:11 — Non-English (Turkish) characters in string: ""Birim dönüşümü, ölçüm sistemleri, ölçekler ve boyutsal anal". Use Technical Academic English for code strings.
    ⚠️ Ln 1197:11 — Non-English (Turkish) characters in string: ""Ölçüm Bilimi"". Use Technical Academic English for code strings.
    ⚠️ Ln 1213:11 — Non-English (Turkish) characters in string: ""Standardizasyon & Birlikte Çalışabilirlik"". Use Technical Academic English for code strings.
    ⚠️ Ln 1229:11 — Non-English (Turkish) characters in string: ""Otomotiv & Taşımacılık"". Use Technical Academic English for code strings.
    ⚠️ Ln 1237:11 — Non-English (Turkish) characters in string: ""Yakıt ekonomisi, motor performansı, araç dinamiği ve filo y". Use Technical Academic English for code strings.
    ⚠️ Ln 1245:11 — Non-English (Turkish) characters in string: ""Otomotiv Mühendisliği"". Use Technical Academic English for code strings.
    ⚠️ Ln 1253:11 — Non-English (Turkish) characters in string: ""Otomotiv & Taşımacılık Sektörü"". Use Technical Academic English for code strings.
    ⚠️ Ln 1261:11 — Non-English (Turkish) characters in string: ""Sürdürülebilir Hareketlilik & Trafik Güvenliği"". Use Technical Academic English for code strings.
    ⚠️ Ln 1285:11 — Non-English (Turkish) characters in string: ""Gemi stabilitesi, yük hesaplamaları, liman operasyonları ve". Use Technical Academic English for code strings.
    ⚠️ Ln 1293:11 — Non-English (Turkish) characters in string: ""Gemi Mühendisliği"". Use Technical Academic English for code strings.
    ⚠️ Ln 1301:11 — Non-English (Turkish) characters in string: ""Denizcilik Sektörü"". Use Technical Academic English for code strings.
    ⚠️ Ln 1309:11 — Non-English (Turkish) characters in string: ""Mavi Ekonomi & Deniz Güvenliği"". Use Technical Academic English for code strings.
    ⚠️ Ln 1333:11 — Non-English (Turkish) characters in string: ""Cevher tenörü, sondaj, patlatma, mineral işleme ve jeolojik". Use Technical Academic English for code strings.
    ⚠️ Ln 1341:11 — Non-English (Turkish) characters in string: ""Jeoloji & Maden Mühendisliği"". Use Technical Academic English for code strings.
    ⚠️ Ln 1349:11 — Non-English (Turkish) characters in string: ""Çıkarma Sanayileri"". Use Technical Academic English for code strings.
    ⚠️ Ln 1357:11 — Non-English (Turkish) characters in string: ""Sorumlu Kaynak Çıkarma"". Use Technical Academic English for code strings.
    ⚠️ Ln 1373:11 — Non-English (Turkish) characters in string: ""Mobilya & Ahşap İşleri"". Use Technical Academic English for code strings.
    ⚠️ Ln 1374:11 — Non-English (Turkish) characters in string: ""Möbel & Holzbearbeitung"". Use Technical Academic English for code strings.
    ⚠️ Ln 1381:11 — Non-English (Turkish) characters in string: ""Kereste hacmi, mobilya maliyeti, board foot ve atölye malze". Use Technical Academic English for code strings.
    ⚠️ Ln 1382:11 — Non-English (Turkish) characters in string: ""Holzvolumen, Möbelkosten, Board-Fuß und Werkstatt-Materialw". Use Technical Academic English for code strings.
    ⚠️ Ln 1389:11 — Non-English (Turkish) characters in string: ""Ahşap Teknolojisi & Tasarım"". Use Technical Academic English for code strings.
    ⚠️ Ln 1397:11 — Non-English (Turkish) characters in string: ""Mobilya Sektörü"". Use Technical Academic English for code strings.
    ⚠️ Ln 1398:11 — Non-English (Turkish) characters in string: ""Möbelindustrie"". Use Technical Academic English for code strings.
    ⚠️ Ln 1405:11 — Non-English (Turkish) characters in string: ""Sürdürülebilir Ormancılık & Zanaatkarlık"". Use Technical Academic English for code strings.
    ⚠️ Ln 1421:11 — Non-English (Turkish) characters in string: ""Temizlik & Tesis Yönetimi"". Use Technical Academic English for code strings.
    ⚠️ Ln 1429:11 — Non-English (Turkish) characters in string: ""Solüsyon seyreltme, deterjan dozajı, yüzey alanı ve işçilik". Use Technical Academic English for code strings.
    ⚠️ Ln 1430:11 — Non-English (Turkish) characters in string: ""Lösungsverdünnung, Waschmitteldosierung, Oberfläche und Arb". Use Technical Academic English for code strings.
    ⚠️ Ln 1437:11 — Non-English (Turkish) characters in string: ""Tesis Yönetimi"". Use Technical Academic English for code strings.
    ⚠️ Ln 1453:11 — Non-English (Turkish) characters in string: ""Halk Sağlığı & Sanitasyon"". Use Technical Academic English for code strings.
    ⚠️ Ln 1454:11 — Non-English (Turkish) characters in string: ""Öffentliche Gesundheit & Hygiene"". Use Technical Academic English for code strings.
    ⚠️ Ln 1469:11 — Non-English (Turkish) characters in string: ""Su & Atıksu Yönetimi"". Use Technical Academic English for code strings.
    ⚠️ Ln 1477:11 — Non-English (Turkish) characters in string: ""Debi, boru çapı, arıtma dozajı, havuz kimyası ve sulama ara". Use Technical Academic English for code strings.
    ⚠️ Ln 1485:11 — Non-English (Turkish) characters in string: ""Su Kaynakları Mühendisliği"". Use Technical Academic English for code strings.
    ⚠️ Ln 1525:11 — Non-English (Turkish) characters in string: ""Otel doluluğu, RevPAR, restoran yemek maliyeti, menü fiyatl". Use Technical Academic English for code strings.
    ⚠️ Ln 1526:11 — Non-English (Turkish) characters in string: ""Hotelauslastung, RevPAR, Restaurant-Speisekosten, Menüpreis". Use Technical Academic English for code strings.
    ⚠️ Ln 1533:11 — Non-English (Turkish) characters in string: ""Konaklama Yönetimi"". Use Technical Academic English for code strings.
    ⚠️ Ln 1541:11 — Non-English (Turkish) characters in string: ""Seyahat & Turizm Sektörü"". Use Technical Academic English for code strings.
    ⚠️ Ln 1549:11 — Non-English (Turkish) characters in string: ""Kültürel Değişim & Ekonomik Büyüme"". Use Technical Academic English for code strings.
    ⚠️ Ln 1565:11 — Non-English (Turkish) characters in string: ""Eğitim & Akademik"". Use Technical Academic English for code strings.
    ⚠️ Ln 1573:11 — Non-English (Turkish) characters in string: ""GPA, not, sınav puanı, üniversite planlama ve çalışma araçl". Use Technical Academic English for code strings.
    ⚠️ Ln 1574:11 — Non-English (Turkish) characters in string: ""Notendurchschnitt, Note, Prüfungsergebnis, Studienplanung u". Use Technical Academic English for code strings.
    ⚠️ Ln 1581:11 — Non-English (Turkish) characters in string: ""Eğitim Bilimleri"". Use Technical Academic English for code strings.
    ⚠️ Ln 1589:11 — Non-English (Turkish) characters in string: ""Akademik & Eğitim Hizmetleri"". Use Technical Academic English for code strings.
    ⚠️ Ln 1597:11 — Non-English (Turkish) characters in string: ""Eğitime Eşit Erişim"". Use Technical Academic English for code strings.
    ⚠️ Ln 1614:11 — Non-English (Turkish) characters in string: ""Immobilien & Grundstücke"". Use Technical Academic English for code strings.
    ⚠️ Ln 1621:11 — Non-English (Turkish) characters in string: ""Mortgage, emlak değerleme, kira getirisi ve ev satın alabil". Use Technical Academic English for code strings.
    ⚠️ Ln 1630:11 — Non-English (Turkish) characters in string: ""Immobilienökonomie"". Use Technical Academic English for code strings.
    ⚠️ Ln 1645:11 — Non-English (Turkish) characters in string: ""Konut & Toplumsal Kalkınma"". Use Technical Academic English for code strings.
    ⚠️ Ln 1661:11 — Non-English (Turkish) characters in string: ""Havacılık & Uzay"". Use Technical Academic English for code strings.
    ⚠️ Ln 1669:11 — Non-English (Turkish) characters in string: ""Uçuş performansı, aerodinamik, yakıt menzili ve uzay aracı ". Use Technical Academic English for code strings.
    ⚠️ Ln 1677:11 — Non-English (Turkish) characters in string: ""Havacılık Mühendisliği"". Use Technical Academic English for code strings.
    ⚠️ Ln 1685:11 — Non-English (Turkish) characters in string: ""Havacılık & Uzay Sektörü"". Use Technical Academic English for code strings.
    ⚠️ Ln 1693:11 — Non-English (Turkish) characters in string: ""Uzay Keşfi & Havacılık Güvenliği"". Use Technical Academic English for code strings.
    ⚠️ Ln 1709:11 — Non-English (Turkish) characters in string: ""Diğer ve Çapraz Alan Araçları"". Use Technical Academic English for code strings.
    ⚠️ Ln 1710:11 — Non-English (Turkish) characters in string: ""Sonstige & bereichsübergreifende Tools"". Use Technical Academic English for code strings.
    ⚠️ Ln 1717:11 — Non-English (Turkish) characters in string: ""Tek bir kategoriye girmeyen genel amaçlı ve çapraz alan hes". Use Technical Academic English for code strings.
    ⚠️ Ln 1718:11 — Non-English (Turkish) characters in string: ""Allzweck- und bereichsübergreifende Rechner, die keiner ein". Use Technical Academic English for code strings.
    ⚠️ Ln 1725:11 — Non-English (Turkish) characters in string: ""Çok Disiplinli"". Use Technical Academic English for code strings.
    ⚠️ Ln 1733:11 — Non-English (Turkish) characters in string: ""Genel Amaçlı"". Use Technical Academic English for code strings.
    ⚠️ Ln 1741:11 — Non-English (Turkish) characters in string: ""Bilgiye Erişilebilirlik"". Use Technical Academic English for code strings.

  📄 src/lib/features/generated-tools/industrial-schema-auto-fix.ts
    ⚠️ Ln 260:47 — Non-English (Turkish) characters in string: ""Diğer"". Use Technical Academic English for code strings.
    ⚠️ Ln 261:23 — Non-English (Turkish) characters in string: ""Üretim & İmalat"". Use Technical Academic English for code strings.
    ⚠️ Ln 265:43 — Non-English (Turkish) characters in string: ""Diğer"". Use Technical Academic English for code strings.
    ⚠️ Ln 266:21 — Non-English (Turkish) characters in string: ""Üretim & İmalat"". Use Technical Academic English for code strings.

  📄 src/lib/features/generated-tools/resolve-tool-display.ts
    ⚠️ Ln 50:84 — Non-English (Turkish) characters in string: ""Makine Ekonomik Ömrü"". Use Technical Academic English for code strings.

  📄 src/lib/features/generated-tools/trust-gate.ts
    ⚠️ Ln 56:33 — Non-English (Turkish) characters in string: ""Diğer"". Use Technical Academic English for code strings.
    ⚠️ Ln 57:35 — Non-English (Turkish) characters in string: ""Diğer"". Use Technical Academic English for code strings.
    ⚠️ Ln 59:29 — Non-English (Turkish) characters in string: ""Diğer"". Use Technical Academic English for code strings.
    ⚠️ Ln 60:36 — Non-English (Turkish) characters in string: ""Diğer"". Use Technical Academic English for code strings.

  📄 src/lib/features/generated-tools/unit-conversion.ts
    ⚠️ Ln 45:44 — Non-English (Turkish) characters in string: ""USD/yıl"". Use Technical Academic English for code strings.

  📄 src/lib/features/machine-rate/types.ts
    ⚠️ Ln 34:11 — Non-English (Turkish) characters in string: ""Usta (8 yıl)"". Use Technical Academic English for code strings.

  📄 src/lib/features/premium-schema/calculators/seven-muda-waste-validation.ts
    ⚠️ Ln 262:7 — Non-English (Turkish) characters in string: ""Analiz dönemi yıllık çalışma gününden büyük. Yıllıklandırıl". Use Technical Academic English for code strings.
    ⚠️ Ln 300:9 — Non-English (Turkish) characters in string: ""Manuel fırsat maliyeti modu seçildi ancak saatlik fırsat ma". Use Technical Academic English for code strings.

  📄 src/lib/features/premium-schema/formulas/chunk-01.ts
    ⚠️ Ln 76:12 — Non-English (Turkish) characters in string: ""AI TOKEN MALİYET — BasePromptCost"". Use Technical Academic English for code strings.
    ⚠️ Ln 86:12 — Non-English (Turkish) characters in string: ""AI TOKEN MALİYET — BaseCompletionCost"". Use Technical Academic English for code strings.
    ⚠️ Ln 96:12 — Non-English (Turkish) characters in string: ""AI TOKEN MALİYET — CacheReadCost"". Use Technical Academic English for code strings.
    ⚠️ Ln 106:12 — Non-English (Turkish) characters in string: ""AI TOKEN MALİYET — MonthlyProjection"". Use Technical Academic English for code strings.
    ⚠️ Ln 116:12 — Non-English (Turkish) characters in string: ""AI TOKEN MALİYET — TCO"". Use Technical Academic English for code strings.
    ⚠️ Ln 129:12 — Non-English (Turkish) characters in string: ""ALTI SİGMA PROJE ÖNCELİKLENDİRİCİ — DPMO"". Use Technical Academic English for code strings.
    ⚠️ Ln 140:12 — Non-English (Turkish) characters in string: ""ALTI SİGMA PROJE ÖNCELİKLENDİRİCİ — Yield"". Use Technical Academic English for code strings.
    ⚠️ Ln 151:12 — Non-English (Turkish) characters in string: ""ALTI SİGMA PROJE ÖNCELİKLENDİRİCİ — Z_bench"". Use Technical Academic English for code strings.
    ⚠️ Ln 161:12 — Non-English (Turkish) characters in string: ""ALTI SİGMA PROJE ÖNCELİKLENDİRİCİ — SigmaLevel"". Use Technical Academic English for code strings.
    ⚠️ Ln 170:12 — Non-English (Turkish) characters in string: ""ALTI SİGMA PROJE ÖNCELİKLENDİRİCİ — COPQ"". Use Technical Academic English for code strings.
    ⚠️ Ln 182:12 — Non-English (Turkish) characters in string: ""ALTI SİGMA PROJE ÖNCELİKLENDİRİCİ — ProjectScore"". Use Technical Academic English for code strings.
    ⚠️ Ln 197:12 — Non-English (Turkish) characters in string: ""AQL SAMPLING RİSK & MALİYET — CodeLetter"". Use Technical Academic English for code strings.
    ⚠️ Ln 205:12 — Non-English (Turkish) characters in string: ""AQL SAMPLING RİSK & MALİYET — n"". Use Technical Academic English for code strings.
    ⚠️ Ln 213:12 — Non-English (Turkish) characters in string: ""AQL SAMPLING RİSK & MALİYET — Ac"". Use Technical Academic English for code strings.
    ⚠️ Ln 221:12 — Non-English (Turkish) characters in string: ""AQL SAMPLING RİSK & MALİYET — Pa_producer"". Use Technical Academic English for code strings.

  📄 src/lib/features/premium-schema/formulas/chunk-02.ts
    ⚠️ Ln 76:12 — Non-English (Turkish) characters in string: ""AQL SAMPLING RİSK & MALİYET — Alpha"". Use Technical Academic English for code strings.
    ⚠️ Ln 87:12 — Non-English (Turkish) characters in string: ""AQL SAMPLING RİSK & MALİYET — Pa_consumer"". Use Technical Academic English for code strings.
    ⚠️ Ln 97:12 — Non-English (Turkish) characters in string: ""AQL SAMPLING RİSK & MALİYET — Beta"". Use Technical Academic English for code strings.
    ⚠️ Ln 108:12 — Non-English (Turkish) characters in string: ""AQL SAMPLING RİSK & MALİYET — ATI"". Use Technical Academic English for code strings.
    ⚠️ Ln 118:12 — Non-English (Turkish) characters in string: ""AQL SAMPLING RİSK & MALİYET — TotalRiskCost"". Use Technical Academic English for code strings.
    ⚠️ Ln 133:12 — Non-English (Turkish) characters in string: ""ARAÇ AMORTİSMANI — SL_Annual"". Use Technical Academic English for code strings.
    ⚠️ Ln 144:12 — Non-English (Turkish) characters in string: ""ARAÇ AMORTİSMANI — DB_Rate"". Use Technical Academic English for code strings.
    ⚠️ Ln 153:12 — Non-English (Turkish) characters in string: ""ARAÇ AMORTİSMANI — DB_Year_t"". Use Technical Academic English for code strings.
    ⚠️ Ln 167:12 — Non-English (Turkish) characters in string: ""ARAÇ AMORTİSMANI — MACRS_Year_t"". Use Technical Academic English for code strings.
    ⚠️ Ln 181:12 — Non-English (Turkish) characters in string: ""ARAÇ AMORTİSMANI — UoP_PerUnit"". Use Technical Academic English for code strings.
    ⚠️ Ln 192:12 — Non-English (Turkish) characters in string: ""ARAÇ AMORTİSMANI — TCO"". Use Technical Academic English for code strings.
    ⚠️ Ln 209:12 — Non-English (Turkish) characters in string: ""ARAÇ AMORTİSMANI — TaxShield"". Use Technical Academic English for code strings.
    ⚠️ Ln 221:12 — Non-English (Turkish) characters in string: ""ARIZA SÜRESİ MALİYETİ — DirectLaborLoss"". Use Technical Academic English for code strings.
    ⚠️ Ln 233:12 — Non-English (Turkish) characters in string: ""ARIZA SÜRESİ MALİYETİ — ProductionLoss"". Use Technical Academic English for code strings.
    ⚠️ Ln 244:12 — Non-English (Turkish) characters in string: ""ARIZA SÜRESİ MALİYETİ — EnergyWaste"". Use Technical Academic English for code strings.

  📄 src/lib/features/premium-schema/formulas/chunk-03.ts
    ⚠️ Ln 76:12 — Non-English (Turkish) characters in string: ""ARIZA SÜRESİ MALİYETİ — RecoveryCost"". Use Technical Academic English for code strings.
    ⚠️ Ln 87:12 — Non-English (Turkish) characters in string: ""ARIZA SÜRESİ MALİYETİ — TotalDowntimeCost"". Use Technical Academic English for code strings.
    ⚠️ Ln 225:12 — Non-English (Turkish) characters in string: ""AUTO SHOP MARJ KAÇAK — GrossMargin_Parts"". Use Technical Academic English for code strings.
    ⚠️ Ln 235:12 — Non-English (Turkish) characters in string: ""AUTO SHOP MARJ KAÇAK — EffectiveLaborRate"". Use Technical Academic English for code strings.

  📄 src/lib/features/premium-schema/formulas/chunk-04.ts
    ⚠️ Ln 76:12 — Non-English (Turkish) characters in string: ""AUTO SHOP MARJ KAÇAK — ProductivityRate"". Use Technical Academic English for code strings.
    ⚠️ Ln 86:12 — Non-English (Turkish) characters in string: ""AUTO SHOP MARJ KAÇAK — MarginLeak_Discount"". Use Technical Academic English for code strings.
    ⚠️ Ln 96:12 — Non-English (Turkish) characters in string: ""AUTO SHOP MARJ KAÇAK — MarginLeak_Shrinkage"". Use Technical Academic English for code strings.
    ⚠️ Ln 106:12 — Non-English (Turkish) characters in string: ""AUTO SHOP MARJ KAÇAK — NetMargin"". Use Technical Academic English for code strings.
    ⚠️ Ln 117:12 — Non-English (Turkish) characters in string: ""AUTO SHOP MARJ KAÇAK — AnnualLeakage"". Use Technical Academic English for code strings.
    ⚠️ Ln 130:12 — Non-English (Turkish) characters in string: ""BASINÇ VESSEL KALINLIK — t_shell"". Use Technical Academic English for code strings.
    ⚠️ Ln 144:12 — Non-English (Turkish) characters in string: ""BASINÇ VESSEL KALINLIK — t_sphere"". Use Technical Academic English for code strings.
    ⚠️ Ln 158:12 — Non-English (Turkish) characters in string: ""BASINÇ VESSEL KALINLIK — t_head_ellip"". Use Technical Academic English for code strings.
    ⚠️ Ln 172:12 — Non-English (Turkish) characters in string: ""BASINÇ VESSEL KALINLIK — M"". Use Technical Academic English for code strings.
    ⚠️ Ln 183:12 — Non-English (Turkish) characters in string: ""BASINÇ VESSEL KALINLIK — t_head_tori"". Use Technical Academic English for code strings.
    ⚠️ Ln 198:12 — Non-English (Turkish) characters in string: ""BASINÇ VESSEL KALINLIK — MAWP"". Use Technical Academic English for code strings.
    ⚠️ Ln 214:12 — Non-English (Turkish) characters in string: ""BASINÇLI HAVA ENERJİ — CompressorPower"". Use Technical Academic English for code strings.
    ⚠️ Ln 231:12 — Non-English (Turkish) characters in string: ""BASINÇLI HAVA ENERJİ — SpecificPower"". Use Technical Academic English for code strings.
    ⚠️ Ln 243:12 — Non-English (Turkish) characters in string: ""BASINÇLI HAVA ENERJİ — AnnualEnergyCost"". Use Technical Academic English for code strings.
    ⚠️ Ln 255:12 — Non-English (Turkish) characters in string: ""BASINÇLI HAVA ENERJİ — LeakageCost"". Use Technical Academic English for code strings.

  📄 src/lib/features/premium-schema/formulas/chunk-05.ts
    ⚠️ Ln 76:12 — Non-English (Turkish) characters in string: ""BASINÇLI HAVA ENERJİ — TotalAnnualCost"". Use Technical Academic English for code strings.
    ⚠️ Ln 91:12 — Non-English (Turkish) characters in string: ""BAŞABAŞ NOKTASI — BEP_Units"". Use Technical Academic English for code strings.
    ⚠️ Ln 102:12 — Non-English (Turkish) characters in string: ""BAŞABAŞ NOKTASI — BEP_Revenue"". Use Technical Academic English for code strings.
    ⚠️ Ln 112:12 — Non-English (Turkish) characters in string: ""BAŞABAŞ NOKTASI — CMR"". Use Technical Academic English for code strings.
    ⚠️ Ln 122:12 — Non-English (Turkish) characters in string: ""BAŞABAŞ NOKTASI — MarginOfSafety_Percent"". Use Technical Academic English for code strings.
    ⚠️ Ln 134:12 — Non-English (Turkish) characters in string: ""BAŞABAŞ NOKTASI — OperatingLeverage"". Use Technical Academic English for code strings.
    ⚠️ Ln 144:12 — Non-English (Turkish) characters in string: ""BAŞABAŞ NOKTASI — TargetProfit_Units"". Use Technical Academic English for code strings.
    ⚠️ Ln 157:12 — Non-English (Turkish) characters in string: ""BETON HACMİ — V_slab"". Use Technical Academic English for code strings.
    ⚠️ Ln 168:12 — Non-English (Turkish) characters in string: ""BETON HACMİ — V_footing"". Use Technical Academic English for code strings.
    ⚠️ Ln 180:12 — Non-English (Turkish) characters in string: ""BETON HACMİ — V_column"". Use Technical Academic English for code strings.
    ⚠️ Ln 191:12 — Non-English (Turkish) characters in string: ""BETON HACMİ — V_wall"". Use Technical Academic English for code strings.
    ⚠️ Ln 202:12 — Non-English (Turkish) characters in string: ""BETON HACMİ — V_total"". Use Technical Academic English for code strings.
    ⚠️ Ln 214:12 — Non-English (Turkish) characters in string: ""BETON HACMİ — Weight"". Use Technical Academic English for code strings.
    ⚠️ Ln 226:12 — Non-English (Turkish) characters in string: ""BETON HACMİ — TruckLoads"". Use Technical Academic English for code strings.
    ⚠️ Ln 239:12 — Non-English (Turkish) characters in string: ""BETON HACMİ — TotalCost"". Use Technical Academic English for code strings.

  📄 src/lib/features/premium-schema/formulas/chunk-06.ts
    ⚠️ Ln 144:12 — Non-English (Turkish) characters in string: ""CBAM MARUZİYET — DirectEmissions"". Use Technical Academic English for code strings.
    ⚠️ Ln 154:12 — Non-English (Turkish) characters in string: ""CBAM MARUZİYET — IndirectEmissions"". Use Technical Academic English for code strings.
    ⚠️ Ln 164:12 — Non-English (Turkish) characters in string: ""CBAM MARUZİYET — CarbonIntensity"". Use Technical Academic English for code strings.
    ⚠️ Ln 175:12 — Non-English (Turkish) characters in string: ""CBAM MARUZİYET — CBAMCertificateCost"". Use Technical Academic English for code strings.
    ⚠️ Ln 188:12 — Non-English (Turkish) characters in string: ""CBAM MARUZİYET — FreeAllowance"". Use Technical Academic English for code strings.
    ⚠️ Ln 199:12 — Non-English (Turkish) characters in string: ""CBAM MARUZİYET — ComplianceScore"". Use Technical Academic English for code strings.

  📄 src/lib/features/premium-schema/formulas/chunk-07.ts
    ⚠️ Ln 112:12 — Non-English (Turkish) characters in string: ""CHATTER YÜZEY KALİTE — V_c"". Use Technical Academic English for code strings.
    ⚠️ Ln 122:12 — Non-English (Turkish) characters in string: ""CHATTER YÜZEY KALİTE — f_z"". Use Technical Academic English for code strings.
    ⚠️ Ln 135:12 — Non-English (Turkish) characters in string: ""CHATTER YÜZEY KALİTE — SurfaceRoughness_Theo"". Use Technical Academic English for code strings.
    ⚠️ Ln 149:12 — Non-English (Turkish) characters in string: ""CHATTER YÜZEY KALİTE — SurfaceRoughness_Actual"". Use Technical Academic English for code strings.
    ⚠️ Ln 159:12 — Non-English (Turkish) characters in string: ""CHATTER YÜZEY KALİTE — QualityLossCost"". Use Technical Academic English for code strings.
    ⚠️ Ln 170:12 — Non-English (Turkish) characters in string: ""CHATTER YÜZEY KALİTE — ScrapRate"". Use Technical Academic English for code strings.

  📄 src/lib/features/premium-schema/formulas/chunk-08.ts
    ⚠️ Ln 92:12 — Non-English (Turkish) characters in string: ""CİRO MALİYETİ — SeparationCost"". Use Technical Academic English for code strings.
    ⚠️ Ln 104:12 — Non-English (Turkish) characters in string: ""CİRO MALİYETİ — VacancyCost"". Use Technical Academic English for code strings.
    ⚠️ Ln 115:12 — Non-English (Turkish) characters in string: ""CİRO MALİYETİ — ReplacementCost"". Use Technical Academic English for code strings.
    ⚠️ Ln 127:12 — Non-English (Turkish) characters in string: ""CİRO MALİYETİ — TrainingCost"". Use Technical Academic English for code strings.
    ⚠️ Ln 139:12 — Non-English (Turkish) characters in string: ""CİRO MALİYETİ — ProductivityLoss"". Use Technical Academic English for code strings.
    ⚠️ Ln 151:12 — Non-English (Turkish) characters in string: ""CİRO MALİYETİ — TotalTurnoverCost"". Use Technical Academic English for code strings.

  📄 src/lib/features/premium-schema/formulas/chunk-09.ts
    ⚠️ Ln 191:12 — Non-English (Turkish) characters in string: ""CNC ÇEVRİM SÜRESİ — T_cut"". Use Technical Academic English for code strings.
    ⚠️ Ln 207:12 — Non-English (Turkish) characters in string: ""CNC ÇEVRİM SÜRESİ — V_f"". Use Technical Academic English for code strings.
    ⚠️ Ln 219:12 — Non-English (Turkish) characters in string: ""CNC ÇEVRİM SÜRESİ — n"". Use Technical Academic English for code strings.
    ⚠️ Ln 233:12 — Non-English (Turkish) characters in string: ""CNC ÇEVRİM SÜRESİ — T_rapid"". Use Technical Academic English for code strings.
    ⚠️ Ln 246:12 — Non-English (Turkish) characters in string: ""CNC ÇEVRİM SÜRESİ — T_toolchange"". Use Technical Academic English for code strings.

  📄 src/lib/features/premium-schema/formulas/chunk-10.ts
    ⚠️ Ln 76:12 — Non-English (Turkish) characters in string: ""CNC ÇEVRİM SÜRESİ — T_total"". Use Technical Academic English for code strings.
    ⚠️ Ln 96:12 — Non-English (Turkish) characters in string: ""CNC ÇEVRİM SÜRESİ — OEE_Availability"". Use Technical Academic English for code strings.
    ⚠️ Ln 108:12 — Non-English (Turkish) characters in string: ""CNC İŞLEME MALİYETİ — Cost_Material"". Use Technical Academic English for code strings.
    ⚠️ Ln 122:12 — Non-English (Turkish) characters in string: ""CNC İŞLEME MALİYETİ — Cost_Machining"". Use Technical Academic English for code strings.
    ⚠️ Ln 134:12 — Non-English (Turkish) characters in string: ""CNC İŞLEME MALİYETİ — Cost_Tooling"". Use Technical Academic English for code strings.
    ⚠️ Ln 147:12 — Non-English (Turkish) characters in string: ""CNC İŞLEME MALİYETİ — Cost_Energy"". Use Technical Academic English for code strings.
    ⚠️ Ln 160:12 — Non-English (Turkish) characters in string: ""CNC İŞLEME MALİYETİ — Cost_Overhead"". Use Technical Academic English for code strings.
    ⚠️ Ln 172:12 — Non-English (Turkish) characters in string: ""CNC İŞLEME MALİYETİ — TotalUnitCost"". Use Technical Academic English for code strings.

  📄 src/lib/features/premium-schema/formulas/chunk-11.ts
    ⚠️ Ln 98:12 — Non-English (Turkish) characters in string: ""CPM GECİKME CEZASI — TotalFloat"". Use Technical Academic English for code strings.
    ⚠️ Ln 108:12 — Non-English (Turkish) characters in string: ""CPM GECİKME CEZASI — CriticalDelay"". Use Technical Academic English for code strings.
    ⚠️ Ln 120:12 — Non-English (Turkish) characters in string: ""CPM GECİKME CEZASI — ExcusableDelay"". Use Technical Academic English for code strings.
    ⚠️ Ln 130:12 — Non-English (Turkish) characters in string: ""CPM GECİKME CEZASI — NonExcusable"". Use Technical Academic English for code strings.
    ⚠️ Ln 140:12 — Non-English (Turkish) characters in string: ""CPM GECİKME CEZASI — LiquidatedDamages"". Use Technical Academic English for code strings.
    ⚠️ Ln 150:12 — Non-English (Turkish) characters in string: ""CPM GECİKME CEZASI — AccelerationCost"". Use Technical Academic English for code strings.
    ⚠️ Ln 160:12 — Non-English (Turkish) characters in string: ""CPM GECİKME CEZASI — NetPenalty"". Use Technical Academic English for code strings.
    ⚠️ Ln 170:12 — Non-English (Turkish) characters in string: ""CPM GECİKME CEZASI — EOT_Claim"". Use Technical Academic English for code strings.
    ⚠️ Ln 182:12 — Non-English (Turkish) characters in string: ""ÇATI ALANI — Area_Footprint"". Use Technical Academic English for code strings.
    ⚠️ Ln 192:12 — Non-English (Turkish) characters in string: ""ÇATI ALANI — Area_Gable"". Use Technical Academic English for code strings.
    ⚠️ Ln 203:12 — Non-English (Turkish) characters in string: ""ÇATI ALANI — OverhangArea"". Use Technical Academic English for code strings.
    ⚠️ Ln 213:12 — Non-English (Turkish) characters in string: ""ÇATI ALANI — TotalMaterialArea"". Use Technical Academic English for code strings.
    ⚠️ Ln 225:12 — Non-English (Turkish) characters in string: ""ÇATI ALANI — RidgeLength"". Use Technical Academic English for code strings.

  📄 src/lib/features/premium-schema/formulas/chunk-12.ts
    ⚠️ Ln 76:12 — Non-English (Turkish) characters in string: ""ÇATI ALANI — Load_Dead"". Use Technical Academic English for code strings.
    ⚠️ Ln 86:12 — Non-English (Turkish) characters in string: ""ÇATI ALANI — Load_Snow"". Use Technical Academic English for code strings.
    ⚠️ Ln 100:12 — Non-English (Turkish) characters in string: ""DARBOĞAZ YATIRIM — Utilization"". Use Technical Academic English for code strings.
    ⚠️ Ln 110:12 — Non-English (Turkish) characters in string: ""DARBOĞAZ YATIRIM — Throughput"". Use Technical Academic English for code strings.
    ⚠️ Ln 120:12 — Non-English (Turkish) characters in string: ""DARBOĞAZ YATIRIM — TaktTime"". Use Technical Academic English for code strings.
    ⚠️ Ln 130:12 — Non-English (Turkish) characters in string: ""DARBOĞAZ YATIRIM — CycleTime_Gap"". Use Technical Academic English for code strings.
    ⚠️ Ln 140:12 — Non-English (Turkish) characters in string: ""DARBOĞAZ YATIRIM — CostOfConstraint"". Use Technical Academic English for code strings.
    ⚠️ Ln 153:12 — Non-English (Turkish) characters in string: ""DARBOĞAZ YATIRIM — ROI"". Use Technical Academic English for code strings.
    ⚠️ Ln 165:12 — Non-English (Turkish) characters in string: ""DARBOĞAZ YATIRIM — Payback"". Use Technical Academic English for code strings.
    ⚠️ Ln 177:12 — Non-English (Turkish) characters in string: ""DEĞİŞİM MATRİSİ SMED — T_internal"". Use Technical Academic English for code strings.
    ⚠️ Ln 186:12 — Non-English (Turkish) characters in string: ""DEĞİŞİM MATRİSİ SMED — T_external"". Use Technical Academic English for code strings.
    ⚠️ Ln 195:12 — Non-English (Turkish) characters in string: ""DEĞİŞİM MATRİSİ SMED — T_total"". Use Technical Academic English for code strings.
    ⚠️ Ln 208:12 — Non-English (Turkish) characters in string: ""DEĞİŞİM MATRİSİ SMED — T_target"". Use Technical Academic English for code strings.
    ⚠️ Ln 222:12 — Non-English (Turkish) characters in string: ""DEĞİŞİM MATRİSİ SMED — EBQ"". Use Technical Academic English for code strings.
    ⚠️ Ln 234:12 — Non-English (Turkish) characters in string: ""DEĞİŞİM MATRİSİ SMED — SetupCost"". Use Technical Academic English for code strings.

  📄 src/lib/features/premium-schema/formulas/chunk-13.ts
    ⚠️ Ln 76:12 — Non-English (Turkish) characters in string: ""DEĞİŞİM MATRİSİ SMED — AnnualSavings"". Use Technical Academic English for code strings.
    ⚠️ Ln 91:12 — Non-English (Turkish) characters in string: ""DEĞİŞİM MATRİSİ SMED — CapacityGain"". Use Technical Academic English for code strings.
    ⚠️ Ln 108:12 — Non-English (Turkish) characters in string: ""DEPO YERLEŞİMİ — StorageArea"". Use Technical Academic English for code strings.
    ⚠️ Ln 118:12 — Non-English (Turkish) characters in string: ""DEPO YERLEŞİMİ — PalletPositions"". Use Technical Academic English for code strings.
    ⚠️ Ln 129:12 — Non-English (Turkish) characters in string: ""DEPO YERLEŞİMİ — VerticalCap"". Use Technical Academic English for code strings.
    ⚠️ Ln 139:12 — Non-English (Turkish) characters in string: ""DEPO YERLEŞİMİ — ThroughputCap"". Use Technical Academic English for code strings.
    ⚠️ Ln 153:12 — Non-English (Turkish) characters in string: ""DEPO YERLEŞİMİ — TravelDist"". Use Technical Academic English for code strings.
    ⚠️ Ln 163:12 — Non-English (Turkish) characters in string: ""DEPO YERLEŞİMİ — PickEfficiency"". Use Technical Academic English for code strings.
    ⚠️ Ln 173:12 — Non-English (Turkish) characters in string: ""DEPO YERLEŞİMİ — CubeUtil"". Use Technical Academic English for code strings.
    ⚠️ Ln 183:12 — Non-English (Turkish) characters in string: ""DEPO YERLEŞİMİ — CostPerPos"". Use Technical Academic English for code strings.
    ⚠️ Ln 195:12 — Non-English (Turkish) characters in string: ""DEVAMSIZLIK MALİYETİ — DirectCost"". Use Technical Academic English for code strings.
    ⚠️ Ln 206:12 — Non-English (Turkish) characters in string: ""DEVAMSIZLIK MALİYETİ — OvertimePremium"". Use Technical Academic English for code strings.
    ⚠️ Ln 217:12 — Non-English (Turkish) characters in string: ""DEVAMSIZLIK MALİYETİ — TempCost"". Use Technical Academic English for code strings.
    ⚠️ Ln 228:12 — Non-English (Turkish) characters in string: ""DEVAMSIZLIK MALİYETİ — ProdLoss"". Use Technical Academic English for code strings.
    ⚠️ Ln 240:12 — Non-English (Turkish) characters in string: ""DEVAMSIZLIK MALİYETİ — AdminCost"". Use Technical Academic English for code strings.

  📄 src/lib/features/premium-schema/formulas/chunk-14.ts
    ⚠️ Ln 76:12 — Non-English (Turkish) characters in string: ""DEVAMSIZLIK MALİYETİ — BradfordFactor"". Use Technical Academic English for code strings.
    ⚠️ Ln 86:12 — Non-English (Turkish) characters in string: ""DEVAMSIZLIK MALİYETİ — TotalCost"". Use Technical Academic English for code strings.
    ⚠️ Ln 101:12 — Non-English (Turkish) characters in string: ""DIGITAL TWIN MALİYET — Cost_Trad"". Use Technical Academic English for code strings.
    ⚠️ Ln 113:12 — Non-English (Turkish) characters in string: ""DIGITAL TWIN MALİYET — Cost_DT"". Use Technical Academic English for code strings.
    ⚠️ Ln 125:12 — Non-English (Turkish) characters in string: ""DIGITAL TWIN MALİYET — TimeGain"". Use Technical Academic English for code strings.
    ⚠️ Ln 136:12 — Non-English (Turkish) characters in string: ""DIGITAL TWIN MALİYET — RevenueGain"". Use Technical Academic English for code strings.
    ⚠️ Ln 146:12 — Non-English (Turkish) characters in string: ""DIGITAL TWIN MALİYET — QualitySavings"". Use Technical Academic English for code strings.
    ⚠️ Ln 157:12 — Non-English (Turkish) characters in string: ""DIGITAL TWIN MALİYET — ROI"". Use Technical Academic English for code strings.
    ⚠️ Ln 173:12 — Non-English (Turkish) characters in string: ""DİKİŞ HATTI DENGELEYİCİ — TaktTime"". Use Technical Academic English for code strings.
    ⚠️ Ln 183:12 — Non-English (Turkish) characters in string: ""DİKİŞ HATTI DENGELEYİCİ — CycleTotal"". Use Technical Academic English for code strings.
    ⚠️ Ln 192:12 — Non-English (Turkish) characters in string: ""DİKİŞ HATTI DENGELEYİCİ — TheoOperators"". Use Technical Academic English for code strings.
    ⚠️ Ln 202:12 — Non-English (Turkish) characters in string: ""DİKİŞ HATTI DENGELEYİCİ — ActOperators"". Use Technical Academic English for code strings.
    ⚠️ Ln 212:12 — Non-English (Turkish) characters in string: ""DİKİŞ HATTI DENGELEYİCİ — LineEff"". Use Technical Academic English for code strings.
    ⚠️ Ln 223:12 — Non-English (Turkish) characters in string: ""DİKİŞ HATTI DENGELEYİCİ — BalanceDelay"". Use Technical Academic English for code strings.
    ⚠️ Ln 232:12 — Non-English (Turkish) characters in string: ""DİKİŞ HATTI DENGELEYİCİ — Smoothness"". Use Technical Academic English for code strings.

  📄 src/lib/features/premium-schema/formulas/chunk-15.ts
    ⚠️ Ln 76:12 — Non-English (Turkish) characters in string: ""DİKİŞ HATTI DENGELEYİCİ — WIP"". Use Technical Academic English for code strings.
    ⚠️ Ln 89:12 — Non-English (Turkish) characters in string: ""DYE REÇETE MALİYET — Cost_Dye"". Use Technical Academic English for code strings.
    ⚠️ Ln 100:12 — Non-English (Turkish) characters in string: ""DYE REÇETE MALİYET — Cost_Chem"". Use Technical Academic English for code strings.
    ⚠️ Ln 110:12 — Non-English (Turkish) characters in string: ""DYE REÇETE MALİYET — Cost_Water"". Use Technical Academic English for code strings.
    ⚠️ Ln 121:12 — Non-English (Turkish) characters in string: ""DYE REÇETE MALİYET — Cost_Energy"". Use Technical Academic English for code strings.
    ⚠️ Ln 132:12 — Non-English (Turkish) characters in string: ""DYE REÇETE MALİYET — Cost_Waste"". Use Technical Academic English for code strings.
    ⚠️ Ln 143:12 — Non-English (Turkish) characters in string: ""DYE REÇETE MALİYET — TotalBatch"". Use Technical Academic English for code strings.
    ⚠️ Ln 156:12 — Non-English (Turkish) characters in string: ""DYE REÇETE MALİYET — RFT_Savings"". Use Technical Academic English for code strings.
    ⚠️ Ln 166:12 — Non-English (Turkish) characters in string: ""DYE REÇETE MALİYET — CostPerKg"". Use Technical Academic English for code strings.
    ⚠️ Ln 181:12 — Non-English (Turkish) characters in string: ""ENERJİ TÜKETİM RAPORU — Active"". Use Technical Academic English for code strings.
    ⚠️ Ln 190:12 — Non-English (Turkish) characters in string: ""ENERJİ TÜKETİM RAPORU — Reactive"". Use Technical Academic English for code strings.
    ⚠️ Ln 199:12 — Non-English (Turkish) characters in string: ""ENERJİ TÜKETİM RAPORU — PF"". Use Technical Academic English for code strings.
    ⚠️ Ln 210:12 — Non-English (Turkish) characters in string: ""ENERJİ TÜKETİM RAPORU — ReactivePenalty"". Use Technical Academic English for code strings.
    ⚠️ Ln 225:12 — Non-English (Turkish) characters in string: ""ENERJİ TÜKETİM RAPORU — DemandCharge"". Use Technical Academic English for code strings.
    ⚠️ Ln 237:12 — Non-English (Turkish) characters in string: ""ENERJİ TÜKETİM RAPORU — TOU"". Use Technical Academic English for code strings.

  📄 src/lib/features/premium-schema/formulas/chunk-16.ts
    ⚠️ Ln 76:12 — Non-English (Turkish) characters in string: ""ENERJİ TÜKETİM RAPORU — Total"". Use Technical Academic English for code strings.
    ⚠️ Ln 89:12 — Non-English (Turkish) characters in string: ""ENERJİ TÜKETİM RAPORU — Carbon"". Use Technical Academic English for code strings.

  📄 src/lib/features/premium-schema/formulas/chunk-17.ts
    ⚠️ Ln 189:12 — Non-English (Turkish) characters in string: ""EVM MALİYET FORECAST — SV"". Use Technical Academic English for code strings.
    ⚠️ Ln 199:12 — Non-English (Turkish) characters in string: ""EVM MALİYET FORECAST — CV"". Use Technical Academic English for code strings.
    ⚠️ Ln 209:12 — Non-English (Turkish) characters in string: ""EVM MALİYET FORECAST — SPI"". Use Technical Academic English for code strings.
    ⚠️ Ln 219:12 — Non-English (Turkish) characters in string: ""EVM MALİYET FORECAST — CPI"". Use Technical Academic English for code strings.
    ⚠️ Ln 229:12 — Non-English (Turkish) characters in string: ""EVM MALİYET FORECAST — EAC_CPI"". Use Technical Academic English for code strings.

  📄 src/lib/features/premium-schema/formulas/chunk-18.ts
    ⚠️ Ln 76:12 — Non-English (Turkish) characters in string: ""EVM MALİYET FORECAST — EAC_CPI_SPI"". Use Technical Academic English for code strings.
    ⚠️ Ln 89:12 — Non-English (Turkish) characters in string: ""EVM MALİYET FORECAST — ETC"". Use Technical Academic English for code strings.
    ⚠️ Ln 99:12 — Non-English (Turkish) characters in string: ""EVM MALİYET FORECAST — VAC"". Use Technical Academic English for code strings.
    ⚠️ Ln 109:12 — Non-English (Turkish) characters in string: ""EVM MALİYET FORECAST — TCPI"". Use Technical Academic English for code strings.
    ⚠️ Ln 122:12 — Non-English (Turkish) characters in string: ""FABRİKA YERLEŞİM MESAFE — Dist_ij"". Use Technical Academic English for code strings.
    ⚠️ Ln 139:12 — Non-English (Turkish) characters in string: ""FABRİKA YERLEŞİM MESAFE — FlowCost"". Use Technical Academic English for code strings.
    ⚠️ Ln 153:12 — Non-English (Turkish) characters in string: ""FABRİKA YERLEŞİM MESAFE — AdjScore"". Use Technical Academic English for code strings.
    ⚠️ Ln 166:12 — Non-English (Turkish) characters in string: ""FABRİKA YERLEŞİM MESAFE — SpaceUtil"". Use Technical Academic English for code strings.
    ⚠️ Ln 176:12 — Non-English (Turkish) characters in string: ""FABRİKA YERLEŞİM MESAFE — MatHandCost"". Use Technical Academic English for code strings.
    ⚠️ Ln 186:12 — Non-English (Turkish) characters in string: ""FABRİKA YERLEŞİM MESAFE — Congestion"". Use Technical Academic English for code strings.
    ⚠️ Ln 196:12 — Non-English (Turkish) characters in string: ""FABRİKA YERLEŞİM MESAFE — TotalCost"". Use Technical Academic English for code strings.
    ⚠️ Ln 209:12 — Non-English (Turkish) characters in string: ""FAİZ ORANI RİSKİ — Exposure"". Use Technical Academic English for code strings.
    ⚠️ Ln 219:12 — Non-English (Turkish) characters in string: ""FAİZ ORANI RİSKİ — ShockImpact"". Use Technical Academic English for code strings.
    ⚠️ Ln 229:12 — Non-English (Turkish) characters in string: ""FAİZ ORANI RİSKİ — DurGap"". Use Technical Academic English for code strings.
    ⚠️ Ln 239:12 — Non-English (Turkish) characters in string: ""FAİZ ORANI RİSKİ — EVE_Change"". Use Technical Academic English for code strings.

  📄 src/lib/features/premium-schema/formulas/chunk-19.ts
    ⚠️ Ln 76:12 — Non-English (Turkish) characters in string: ""FAİZ ORANI RİSKİ — NIM"". Use Technical Academic English for code strings.
    ⚠️ Ln 87:12 — Non-English (Turkish) characters in string: ""FAİZ ORANI RİSKİ — VaR"". Use Technical Academic English for code strings.
    ⚠️ Ln 98:12 — Non-English (Turkish) characters in string: ""FAİZ ORANI RİSKİ — HedgeCost"". Use Technical Academic English for code strings.
    ⚠️ Ln 108:12 — Non-English (Turkish) characters in string: ""FAİZ ORANI RİSKİ — BreakEven"". Use Technical Academic English for code strings.
    ⚠️ Ln 214:12 — Non-English (Turkish) characters in string: ""FİYAT ESNEKLİĞİ — Elasticity"". Use Technical Academic English for code strings.
    ⚠️ Ln 227:12 — Non-English (Turkish) characters in string: ""FİYAT ESNEKLİĞİ — NewDem"". Use Technical Academic English for code strings.
    ⚠️ Ln 240:12 — Non-English (Turkish) characters in string: ""FİYAT ESNEKLİĞİ — NewRev"". Use Technical Academic English for code strings.
    ⚠️ Ln 250:12 — Non-English (Turkish) characters in string: ""FİYAT ESNEKLİĞİ — NewMargin"". Use Technical Academic English for code strings.

  📄 src/lib/features/premium-schema/formulas/chunk-20.ts
    ⚠️ Ln 76:12 — Non-English (Turkish) characters in string: ""FİYAT ESNEKLİĞİ — MaxPrice"". Use Technical Academic English for code strings.
    ⚠️ Ln 86:12 — Non-English (Turkish) characters in string: ""FİYAT ESNEKLİĞİ — Markup"". Use Technical Academic English for code strings.
    ⚠️ Ln 95:12 — Non-English (Turkish) characters in string: ""FİYAT ESNEKLİĞİ — CannibLoss"". Use Technical Academic English for code strings.
    ⚠️ Ln 108:12 — Non-English (Turkish) characters in string: ""FİYAT ESNEKLİĞİ — NetImpact"". Use Technical Academic English for code strings.
    ⚠️ Ln 214:12 — Non-English (Turkish) characters in string: ""GAGE R&R MALİYET — EV"". Use Technical Academic English for code strings.
    ⚠️ Ln 228:12 — Non-English (Turkish) characters in string: ""GAGE R&R MALİYET — AV"". Use Technical Academic English for code strings.
    ⚠️ Ln 246:12 — Non-English (Turkish) characters in string: ""GAGE R&R MALİYET — GRR"". Use Technical Academic English for code strings.
    ⚠️ Ln 257:12 — Non-English (Turkish) characters in string: ""GAGE R&R MALİYET — PV"". Use Technical Academic English for code strings.
    ⚠️ Ln 271:12 — Non-English (Turkish) characters in string: ""GAGE R&R MALİYET — TV"". Use Technical Academic English for code strings.

  📄 src/lib/features/premium-schema/formulas/chunk-21.ts
    ⚠️ Ln 76:12 — Non-English (Turkish) characters in string: ""GAGE R&R MALİYET — PctGRR"". Use Technical Academic English for code strings.
    ⚠️ Ln 86:12 — Non-English (Turkish) characters in string: ""GAGE R&R MALİYET — CostError"". Use Technical Academic English for code strings.
    ⚠️ Ln 98:12 — Non-English (Turkish) characters in string: ""GAGE R&R MALİYET — OptTol"". Use Technical Academic English for code strings.
    ⚠️ Ln 107:12 — Non-English (Turkish) characters in string: ""GAGE R&R MALİYET — FinImpact"". Use Technical Academic English for code strings.
    ⚠️ Ln 119:12 — Non-English (Turkish) characters in string: ""GIDA FİRE MARJ — Yield"". Use Technical Academic English for code strings.
    ⚠️ Ln 129:12 — Non-English (Turkish) characters in string: ""GIDA FİRE MARJ — Shrinkage"". Use Technical Academic English for code strings.
    ⚠️ Ln 139:12 — Non-English (Turkish) characters in string: ""GIDA FİRE MARJ — Cost_Shrink"". Use Technical Academic English for code strings.
    ⚠️ Ln 149:12 — Non-English (Turkish) characters in string: ""GIDA FİRE MARJ — Cost_Spoil"". Use Technical Academic English for code strings.
    ⚠️ Ln 159:12 — Non-English (Turkish) characters in string: ""GIDA FİRE MARJ — Cost_Over"". Use Technical Academic English for code strings.
    ⚠️ Ln 170:12 — Non-English (Turkish) characters in string: ""GIDA FİRE MARJ — MarginLeak"". Use Technical Academic English for code strings.
    ⚠️ Ln 181:12 — Non-English (Turkish) characters in string: ""GIDA FİRE MARJ — OEE_Food"". Use Technical Academic English for code strings.
    ⚠️ Ln 194:12 — Non-English (Turkish) characters in string: ""GIDA FİRE MARJ — TheoUsage"". Use Technical Academic English for code strings.
    ⚠️ Ln 204:12 — Non-English (Turkish) characters in string: ""GIDA FİRE MARJ — Variance"". Use Technical Academic English for code strings.
    ⚠️ Ln 216:12 — Non-English (Turkish) characters in string: ""GÜBRE DOZAJ — NutReq"". Use Technical Academic English for code strings.
    ⚠️ Ln 226:12 — Non-English (Turkish) characters in string: ""GÜBRE DOZAJ — SoilSupp"". Use Technical Academic English for code strings.

  📄 src/lib/features/premium-schema/formulas/chunk-22.ts
    ⚠️ Ln 76:12 — Non-English (Turkish) characters in string: ""GÜBRE DOZAJ — FertNeed"". Use Technical Academic English for code strings.
    ⚠️ Ln 87:12 — Non-English (Turkish) characters in string: ""GÜBRE DOZAJ — AppRate"". Use Technical Academic English for code strings.
    ⚠️ Ln 97:12 — Non-English (Turkish) characters in string: ""GÜBRE DOZAJ — Cost"". Use Technical Academic English for code strings.
    ⚠️ Ln 108:12 — Non-English (Turkish) characters in string: ""GÜBRE DOZAJ — EnvRisk"". Use Technical Academic English for code strings.
    ⚠️ Ln 119:12 — Non-English (Turkish) characters in string: ""GÜBRE DOZAJ — ROI"". Use Technical Academic English for code strings.
    ⚠️ Ln 130:12 — Non-English (Turkish) characters in string: ""GÜBRE DOZAJ — Precision"". Use Technical Academic English for code strings.
    ⚠️ Ln 234:12 — Non-English (Turkish) characters in string: ""HACİMSEL AĞIRLIK — VolWeight_Air"". Use Technical Academic English for code strings.

  📄 src/lib/features/premium-schema/formulas/chunk-23.ts
    ⚠️ Ln 76:12 — Non-English (Turkish) characters in string: ""HACİMSEL AĞIRLIK — VolWeight_Road"". Use Technical Academic English for code strings.
    ⚠️ Ln 87:12 — Non-English (Turkish) characters in string: ""HACİMSEL AĞIRLIK — VolWeight_Sea"". Use Technical Academic English for code strings.
    ⚠️ Ln 98:12 — Non-English (Turkish) characters in string: ""HACİMSEL AĞIRLIK — Chargeable"". Use Technical Academic English for code strings.
    ⚠️ Ln 109:12 — Non-English (Turkish) characters in string: ""HACİMSEL AĞIRLIK — Freight"". Use Technical Academic English for code strings.
    ⚠️ Ln 119:12 — Non-English (Turkish) characters in string: ""HACİMSEL AĞIRLIK — Density"". Use Technical Academic English for code strings.
    ⚠️ Ln 129:12 — Non-English (Turkish) characters in string: ""HACİMSEL AĞIRLIK — StackLoss"". Use Technical Academic English for code strings.
    ⚠️ Ln 139:12 — Non-English (Turkish) characters in string: ""HACİMSEL AĞIRLIK — Ineff"". Use Technical Academic English for code strings.
    ⚠️ Ln 152:12 — Non-English (Turkish) characters in string: ""HAFİFLİK MALİYET TASARRUFU — WeightRed"". Use Technical Academic English for code strings.
    ⚠️ Ln 164:12 — Non-English (Turkish) characters in string: ""HAFİFLİK MALİYET TASARRUFU — FuelSav_Auto"". Use Technical Academic English for code strings.
    ⚠️ Ln 176:12 — Non-English (Turkish) characters in string: ""HAFİFLİK MALİYET TASARRUFU — FuelSav_Aero"". Use Technical Academic English for code strings.
    ⚠️ Ln 188:12 — Non-English (Turkish) characters in string: ""HAFİFLİK MALİYET TASARRUFU — PayloadGain"". Use Technical Academic English for code strings.
    ⚠️ Ln 198:12 — Non-English (Turkish) characters in string: ""HAFİFLİK MALİYET TASARRUFU — MatPrem"". Use Technical Academic English for code strings.
    ⚠️ Ln 211:12 — Non-English (Turkish) characters in string: ""HAFİFLİK MALİYET TASARRUFU — ToolDelta"". Use Technical Academic English for code strings.
    ⚠️ Ln 223:12 — Non-English (Turkish) characters in string: ""HAFİFLİK MALİYET TASARRUFU — NetSav"". Use Technical Academic English for code strings.
    ⚠️ Ln 238:12 — Non-English (Turkish) characters in string: ""HURDA ORANI OPTİMİZE — ScrapRate"". Use Technical Academic English for code strings.

  📄 src/lib/features/premium-schema/formulas/chunk-24.ts
    ⚠️ Ln 76:12 — Non-English (Turkish) characters in string: ""HURDA ORANI OPTİMİZE — Cost_Mat"". Use Technical Academic English for code strings.
    ⚠️ Ln 86:12 — Non-English (Turkish) characters in string: ""HURDA ORANI OPTİMİZE — Cost_Lab"". Use Technical Academic English for code strings.
    ⚠️ Ln 97:12 — Non-English (Turkish) characters in string: ""HURDA ORANI OPTİMİZE — Cost_OH"". Use Technical Academic English for code strings.
    ⚠️ Ln 108:12 — Non-English (Turkish) characters in string: ""HURDA ORANI OPTİMİZE — OppCost"". Use Technical Academic English for code strings.
    ⚠️ Ln 118:12 — Non-English (Turkish) characters in string: ""HURDA ORANI OPTİMİZE — TotalCost"". Use Technical Academic English for code strings.
    ⚠️ Ln 131:12 — Non-English (Turkish) characters in string: ""HURDA ORANI OPTİMİZE — Pareto"". Use Technical Academic English for code strings.
    ⚠️ Ln 141:12 — Non-English (Turkish) characters in string: ""HURDA ORANI OPTİMİZE — Target"". Use Technical Academic English for code strings.
    ⚠️ Ln 153:12 — Non-English (Turkish) characters in string: ""HVAC KAPASİTE — Sensible"". Use Technical Academic English for code strings.
    ⚠️ Ln 163:12 — Non-English (Turkish) characters in string: ""HVAC KAPASİTE — Latent"". Use Technical Academic English for code strings.
    ⚠️ Ln 173:12 — Non-English (Turkish) characters in string: ""HVAC KAPASİTE — Total"". Use Technical Academic English for code strings.
    ⚠️ Ln 183:12 — Non-English (Turkish) characters in string: ""HVAC KAPASİTE — Envelope"". Use Technical Academic English for code strings.
    ⚠️ Ln 194:12 — Non-English (Turkish) characters in string: ""HVAC KAPASİTE — Internal"". Use Technical Academic English for code strings.
    ⚠️ Ln 206:12 — Non-English (Turkish) characters in string: ""HVAC KAPASİTE — Vent"". Use Technical Academic English for code strings.
    ⚠️ Ln 221:12 — Non-English (Turkish) characters in string: ""HVAC KAPASİTE — Tons"". Use Technical Academic English for code strings.
    ⚠️ Ln 230:12 — Non-English (Turkish) characters in string: ""HVAC KAPASİTE — EER"". Use Technical Academic English for code strings.

  📄 src/lib/features/premium-schema/formulas/chunk-25.ts
    ⚠️ Ln 76:12 — Non-English (Turkish) characters in string: ""HVAC KAPASİTE — AnnualCost"". Use Technical Academic English for code strings.
    ⚠️ Ln 90:12 — Non-English (Turkish) characters in string: ""HYDRAULIC SİSTEM KAYIP — Loss_Leak"". Use Technical Academic English for code strings.
    ⚠️ Ln 102:12 — Non-English (Turkish) characters in string: ""HYDRAULIC SİSTEM KAYIP — Loss_Fric"". Use Technical Academic English for code strings.
    ⚠️ Ln 116:12 — Non-English (Turkish) characters in string: ""HYDRAULIC SİSTEM KAYIP — Loss_Valve"". Use Technical Academic English for code strings.
    ⚠️ Ln 130:12 — Non-English (Turkish) characters in string: ""HYDRAULIC SİSTEM KAYIP — Heat"". Use Technical Academic English for code strings.
    ⚠️ Ln 145:12 — Non-English (Turkish) characters in string: ""HYDRAULIC SİSTEM KAYIP — Eff"". Use Technical Academic English for code strings.
    ⚠️ Ln 158:12 — Non-English (Turkish) characters in string: ""HYDRAULIC SİSTEM KAYIP — Cost_Loss"". Use Technical Academic English for code strings.
    ⚠️ Ln 169:12 — Non-English (Turkish) characters in string: ""HYDRAULIC SİSTEM KAYIP — Degrade"". Use Technical Academic English for code strings.
    ⚠️ Ln 182:12 — Non-English (Turkish) characters in string: ""HYDRAULIC SİSTEM KAYIP — Cool"". Use Technical Academic English for code strings.

  📄 src/lib/features/premium-schema/formulas/chunk-26.ts
    ⚠️ Ln 189:12 — Non-English (Turkish) characters in string: ""İÇ VERİM ORANI IRR — NPV"". Use Technical Academic English for code strings.
    ⚠️ Ln 201:12 — Non-English (Turkish) characters in string: ""İÇ VERİM ORANI IRR — IRR"". Use Technical Academic English for code strings.
    ⚠️ Ln 212:12 — Non-English (Turkish) characters in string: ""İÇ VERİM ORANI IRR — MIRR"". Use Technical Academic English for code strings.
    ⚠️ Ln 227:12 — Non-English (Turkish) characters in string: ""İÇ VERİM ORANI IRR — Payback"". Use Technical Academic English for code strings.
    ⚠️ Ln 242:12 — Non-English (Turkish) characters in string: ""İÇ VERİM ORANI IRR — PI"". Use Technical Academic English for code strings.

  📄 src/lib/features/premium-schema/formulas/chunk-27.ts
    ⚠️ Ln 76:12 — Non-English (Turkish) characters in string: ""İÇ VERİM ORANI IRR — Annuity"". Use Technical Academic English for code strings.
    ⚠️ Ln 87:12 — Non-English (Turkish) characters in string: ""İÇ VERİM ORANI IRR — Sens"". Use Technical Academic English for code strings.
    ⚠️ Ln 101:12 — Non-English (Turkish) characters in string: ""İLERLEME YEM MALİYET — Cost_Ing"". Use Technical Academic English for code strings.
    ⚠️ Ln 111:12 — Non-English (Turkish) characters in string: ""İLERLEME YEM MALİYET — Cost_Base"". Use Technical Academic English for code strings.
    ⚠️ Ln 122:12 — Non-English (Turkish) characters in string: ""İLERLEME YEM MALİYET — Cost_Proc"". Use Technical Academic English for code strings.
    ⚠️ Ln 133:12 — Non-English (Turkish) characters in string: ""İLERLEME YEM MALİYET — Cost_Add"". Use Technical Academic English for code strings.
    ⚠️ Ln 144:12 — Non-English (Turkish) characters in string: ""İLERLEME YEM MALİYET — Shrink"". Use Technical Academic English for code strings.
    ⚠️ Ln 156:12 — Non-English (Turkish) characters in string: ""İLERLEME YEM MALİYET — FCR"". Use Technical Academic English for code strings.
    ⚠️ Ln 166:12 — Non-English (Turkish) characters in string: ""İLERLEME YEM MALİYET — CostPerKg"". Use Technical Academic English for code strings.
    ⚠️ Ln 179:12 — Non-English (Turkish) characters in string: ""İLERLEME YEM MALİYET — Opt"". Use Technical Academic English for code strings.
    ⚠️ Ln 193:12 — Non-English (Turkish) characters in string: ""İSKELE KİRALAMA — Area"". Use Technical Academic English for code strings.
    ⚠️ Ln 203:12 — Non-English (Turkish) characters in string: ""İSKELE KİRALAMA — Vol"". Use Technical Academic English for code strings.
    ⚠️ Ln 213:12 — Non-English (Turkish) characters in string: ""İSKELE KİRALAMA — Rental"". Use Technical Academic English for code strings.
    ⚠️ Ln 224:12 — Non-English (Turkish) characters in string: ""İSKELE KİRALAMA — Lab_Erect"". Use Technical Academic English for code strings.
    ⚠️ Ln 234:12 — Non-English (Turkish) characters in string: ""İSKELE KİRALAMA — Lab_Dism"". Use Technical Academic English for code strings.

  📄 src/lib/features/premium-schema/formulas/chunk-28.ts
    ⚠️ Ln 76:12 — Non-English (Turkish) characters in string: ""İSKELE KİRALAMA — Transp"". Use Technical Academic English for code strings.
    ⚠️ Ln 86:12 — Non-English (Turkish) characters in string: ""İSKELE KİRALAMA — Total"". Use Technical Academic English for code strings.
    ⚠️ Ln 101:12 — Non-English (Turkish) characters in string: ""İSKELE KİRALAMA — OptDur"". Use Technical Academic English for code strings.
    ⚠️ Ln 112:12 — Non-English (Turkish) characters in string: ""İSKELE KİRALAMA — Overrun"". Use Technical Academic English for code strings.
    ⚠️ Ln 126:12 — Non-English (Turkish) characters in string: ""İSTATİSTİKSEL PROSES KONTROL — X_Bar_Bar"". Use Technical Academic English for code strings.
    ⚠️ Ln 135:12 — Non-English (Turkish) characters in string: ""İSTATİSTİKSEL PROSES KONTROL — R_Bar"". Use Technical Academic English for code strings.
    ⚠️ Ln 144:12 — Non-English (Turkish) characters in string: ""İSTATİSTİKSEL PROSES KONTROL — S_Bar"". Use Technical Academic English for code strings.
    ⚠️ Ln 153:12 — Non-English (Turkish) characters in string: ""İSTATİSTİKSEL PROSES KONTROL — UCL_X"". Use Technical Academic English for code strings.
    ⚠️ Ln 167:12 — Non-English (Turkish) characters in string: ""İSTATİSTİKSEL PROSES KONTROL — LCL_X"". Use Technical Academic English for code strings.
    ⚠️ Ln 181:12 — Non-English (Turkish) characters in string: ""İSTATİSTİKSEL PROSES KONTROL — UCL_R"". Use Technical Academic English for code strings.
    ⚠️ Ln 193:12 — Non-English (Turkish) characters in string: ""İSTATİSTİKSEL PROSES KONTROL — LCL_R"". Use Technical Academic English for code strings.
    ⚠️ Ln 205:12 — Non-English (Turkish) characters in string: ""İSTATİSTİKSEL PROSES KONTROL — Sigma"". Use Technical Academic English for code strings.
    ⚠️ Ln 217:12 — Non-English (Turkish) characters in string: ""İSTATİSTİKSEL PROSES KONTROL — Cp"". Use Technical Academic English for code strings.
    ⚠️ Ln 230:12 — Non-English (Turkish) characters in string: ""İŞLEME STRATEJİSİ SÜRE — MRR"". Use Technical Academic English for code strings.
    ⚠️ Ln 245:12 — Non-English (Turkish) characters in string: ""İŞLEME STRATEJİSİ SÜRE — Power"". Use Technical Academic English for code strings.

  📄 src/lib/features/premium-schema/formulas/chunk-29.ts
    ⚠️ Ln 76:12 — Non-English (Turkish) characters in string: ""İŞLEME STRATEJİSİ SÜRE — ToolLife"". Use Technical Academic English for code strings.
    ⚠️ Ln 90:12 — Non-English (Turkish) characters in string: ""İŞLEME STRATEJİSİ SÜRE — Cost"". Use Technical Academic English for code strings.
    ⚠️ Ln 102:12 — Non-English (Turkish) characters in string: ""İŞLEME STRATEJİSİ SÜRE — Opt_Vc"". Use Technical Academic English for code strings.
    ⚠️ Ln 115:12 — Non-English (Turkish) characters in string: ""İŞLEME STRATEJİSİ SÜRE — T_opt"". Use Technical Academic English for code strings.
    ⚠️ Ln 127:12 — Non-English (Turkish) characters in string: ""İŞLEME STRATEJİSİ SÜRE — Ra"". Use Technical Academic English for code strings.
    ⚠️ Ln 137:12 — Non-English (Turkish) characters in string: ""İŞLEME STRATEJİSİ SÜRE — Check"". Use Technical Academic English for code strings.
    ⚠️ Ln 151:12 — Non-English (Turkish) characters in string: ""KAIZEN TASARRUF TAKİPÇİSİ — Hard"". Use Technical Academic English for code strings.
    ⚠️ Ln 162:12 — Non-English (Turkish) characters in string: ""KAIZEN TASARRUF TAKİPÇİSİ — Soft"". Use Technical Academic English for code strings.
    ⚠️ Ln 173:12 — Non-English (Turkish) characters in string: ""KAIZEN TASARRUF TAKİPÇİSİ — ImpCost"". Use Technical Academic English for code strings.
    ⚠️ Ln 185:12 — Non-English (Turkish) characters in string: ""KAIZEN TASARRUF TAKİPÇİSİ — ROI"". Use Technical Academic English for code strings.
    ⚠️ Ln 196:12 — Non-English (Turkish) characters in string: ""KAIZEN TASARRUF TAKİPÇİSİ — Payback"". Use Technical Academic English for code strings.
    ⚠️ Ln 206:12 — Non-English (Turkish) characters in string: ""KAIZEN TASARRUF TAKİPÇİSİ — Sust"". Use Technical Academic English for code strings.
    ⚠️ Ln 219:12 — Non-English (Turkish) characters in string: ""KAIZEN TASARRUF TAKİPÇİSİ — Cum"". Use Technical Academic English for code strings.
    ⚠️ Ln 228:12 — Non-English (Turkish) characters in string: ""KAIZEN TASARRUF TAKİPÇİSİ — Opp"". Use Technical Academic English for code strings.

  📄 src/lib/features/premium-schema/formulas/chunk-32.ts
    ⚠️ Ln 124:12 — Non-English (Turkish) characters in string: ""Kesim Parameters Takım ömrü — ToolLife_T"". Use Technical Academic English for code strings.
    ⚠️ Ln 142:12 — Non-English (Turkish) characters in string: ""Kesim Parameters Takım ömrü — TaylorExponent_n"". Use Technical Academic English for code strings.
    ⚠️ Ln 155:12 — Non-English (Turkish) characters in string: ""Kesim Parameters Takım ömrü — CostPerPart_Tool"". Use Technical Academic English for code strings.
    ⚠️ Ln 167:12 — Non-English (Turkish) characters in string: ""Kesim Parameters Takım ömrü — OptimalToolLife_Cost"". Use Technical Academic English for code strings.
    ⚠️ Ln 180:12 — Non-English (Turkish) characters in string: ""Kesim Parameters Takım ömrü — Optimal_Vc"". Use Technical Academic English for code strings.
    ⚠️ Ln 193:12 — Non-English (Turkish) characters in string: ""Kesim Parameters Takım ömrü — ProductionRate"". Use Technical Academic English for code strings.

  📄 src/lib/features/premium-schema/formulas/chunk-33.ts
    ⚠️ Ln 122:12 — Non-English (Turkish) characters in string: ""Kiriş Ağırlığı — Area_Cross"". Use Technical Academic English for code strings.
    ⚠️ Ln 133:12 — Non-English (Turkish) characters in string: ""Kiriş Ağırlığı — Weight_PerMeter"". Use Technical Academic English for code strings.
    ⚠️ Ln 147:12 — Non-English (Turkish) characters in string: ""Kiriş Ağırlığı — TotalWeight"". Use Technical Academic English for code strings.
    ⚠️ Ln 160:12 — Non-English (Turkish) characters in string: ""Kiriş Ağırlığı — Cost_Material"". Use Technical Academic English for code strings.
    ⚠️ Ln 170:12 — Non-English (Turkish) characters in string: ""Kiriş Ağırlığı — PaintArea"". Use Technical Academic English for code strings.
    ⚠️ Ln 180:12 — Non-English (Turkish) characters in string: ""Kiriş Ağırlığı — FireproofingArea"". Use Technical Academic English for code strings.
    ⚠️ Ln 189:12 — Non-English (Turkish) characters in string: ""Kiriş Ağırlığı — Deflection_Max"". Use Technical Academic English for code strings.
    ⚠️ Ln 201:12 — Non-English (Turkish) characters in string: ""Kiriş Ağırlığı — Moment_Max"". Use Technical Academic English for code strings.
    ⚠️ Ln 213:12 — Non-English (Turkish) characters in string: ""Kompresör Kaçağı Maliyet — LeakFlow_CFM"". Use Technical Academic English for code strings.
    ⚠️ Ln 229:12 — Non-English (Turkish) characters in string: ""Kompresör Kaçağı Maliyet — Power_Loss_kW"". Use Technical Academic English for code strings.
    ⚠️ Ln 245:12 — Non-English (Turkish) characters in string: ""Kompresör Kaçağı Maliyet — AnnualEnergyLoss"". Use Technical Academic English for code strings.
    ⚠️ Ln 258:12 — Non-English (Turkish) characters in string: ""Kompresör Kaçağı Maliyet — Cost_Leak"". Use Technical Academic English for code strings.

  📄 src/lib/features/premium-schema/formulas/chunk-34.ts
    ⚠️ Ln 76:12 — Non-English (Turkish) characters in string: ""Kompresör Kaçağı Maliyet — TotalLeakCost"". Use Technical Academic English for code strings.
    ⚠️ Ln 88:12 — Non-English (Turkish) characters in string: ""Kompresör Kaçağı Maliyet — CarbonEmissions"". Use Technical Academic English for code strings.
    ⚠️ Ln 98:12 — Non-English (Turkish) characters in string: ""Kompresör Kaçağı Maliyet — Payback_Repair"". Use Technical Academic English for code strings.
    ⚠️ Ln 112:12 — Non-English (Turkish) characters in string: ""Kompresör Tankı Boyutlandırma — V_Tank"". Use Technical Academic English for code strings.
    ⚠️ Ln 129:12 — Non-English (Turkish) characters in string: ""Kompresör Tankı Boyutlandırma — t"". Use Technical Academic English for code strings.
    ⚠️ Ln 138:12 — Non-English (Turkish) characters in string: ""Kompresör Tankı Boyutlandırma — Q"". Use Technical Academic English for code strings.
    ⚠️ Ln 147:12 — Non-English (Turkish) characters in string: ""Kompresör Tankı Boyutlandırma — P_Max"". Use Technical Academic English for code strings.
    ⚠️ Ln 156:12 — Non-English (Turkish) characters in string: ""Kompresör Tankı Boyutlandırma — P_Min"". Use Technical Academic English for code strings.
    ⚠️ Ln 165:12 — Non-English (Turkish) characters in string: ""Kompresör Tankı Boyutlandırma — CycleTime"". Use Technical Academic English for code strings.
    ⚠️ Ln 184:12 — Non-English (Turkish) characters in string: ""Kompresör Tankı Boyutlandırma — CyclesPerHour"". Use Technical Academic English for code strings.
    ⚠️ Ln 193:12 — Non-English (Turkish) characters in string: ""Kompresör Tankı Boyutlandırma — MotorStartLimit"". Use Technical Academic English for code strings.
    ⚠️ Ln 205:12 — Non-English (Turkish) characters in string: ""Kompresör Tankı Boyutlandırma — Cost_Tank"". Use Technical Academic English for code strings.
    ⚠️ Ln 217:12 — Non-English (Turkish) characters in string: ""Konteyner Yükü — Volume_Utilization"". Use Technical Academic English for code strings.
    ⚠️ Ln 229:12 — Non-English (Turkish) characters in string: ""Konteyner Yükü — Weight_Utilization"". Use Technical Academic English for code strings.
    ⚠️ Ln 241:12 — Non-English (Turkish) characters in string: ""Konteyner Yükü — ChargeableWeight"". Use Technical Academic English for code strings.

  📄 src/lib/features/premium-schema/formulas/chunk-35.ts
    ⚠️ Ln 76:12 — Non-English (Turkish) characters in string: ""Konteyner Yükü — LoadEfficiency"". Use Technical Academic English for code strings.
    ⚠️ Ln 90:12 — Non-English (Turkish) characters in string: ""Konteyner Yükü — WastedSpaceCost"". Use Technical Academic English for code strings.
    ⚠️ Ln 100:12 — Non-English (Turkish) characters in string: ""Konteyner Yükü — PalletStacking"". Use Technical Academic English for code strings.
    ⚠️ Ln 111:12 — Non-English (Turkish) characters in string: ""Konteyner Yükü — MaxPallets"". Use Technical Academic English for code strings.
    ⚠️ Ln 128:12 — Non-English (Turkish) characters in string: ""Kumaş Kesim Optimize Edici — MarkerEfficiency"". Use Technical Academic English for code strings.
    ⚠️ Ln 139:12 — Non-English (Turkish) characters in string: ""Kumaş Kesim Optimize Edici — FabricRequired"". Use Technical Academic English for code strings.
    ⚠️ Ln 150:12 — Non-English (Turkish) characters in string: ""Kumaş Kesim Optimize Edici — Cost_Fabric"". Use Technical Academic English for code strings.
    ⚠️ Ln 160:12 — Non-English (Turkish) characters in string: ""Kumaş Kesim Optimize Edici — Utilization_Gain"". Use Technical Academic English for code strings.
    ⚠️ Ln 172:12 — Non-English (Turkish) characters in string: ""Kumaş Kesim Optimize Edici — SplicingLoss"". Use Technical Academic English for code strings.
    ⚠️ Ln 183:12 — Non-English (Turkish) characters in string: ""Kumaş Kesim Optimize Edici — TotalYardage"". Use Technical Academic English for code strings.

  📄 src/lib/features/premium-schema/formulas/chunk-36.ts
    ⚠️ Ln 177:12 — Non-English (Turkish) characters in string: ""Lojistik Rota Kaybı — IdealDistance"". Use Technical Academic English for code strings.
    ⚠️ Ln 188:12 — Non-English (Turkish) characters in string: ""Lojistik Rota Kaybı — ActualDistance"". Use Technical Academic English for code strings.
    ⚠️ Ln 197:12 — Non-English (Turkish) characters in string: ""Lojistik Rota Kaybı — DriftPct"". Use Technical Academic English for code strings.
    ⚠️ Ln 207:12 — Non-English (Turkish) characters in string: ""Lojistik Rota Kaybı — FuelWaste"". Use Technical Academic English for code strings.
    ⚠️ Ln 219:12 — Non-English (Turkish) characters in string: ""Lojistik Rota Kaybı — TimeWaste"". Use Technical Academic English for code strings.
    ⚠️ Ln 231:12 — Non-English (Turkish) characters in string: ""Lojistik Rota Kaybı — TotalRouteLoss"". Use Technical Academic English for code strings.

  📄 src/lib/features/premium-schema/formulas/chunk-37.ts
    ⚠️ Ln 76:12 — Non-English (Turkish) characters in string: ""Lojistik Rota Kaybı — Efficiency"". Use Technical Academic English for code strings.
    ⚠️ Ln 88:12 — Non-English (Turkish) characters in string: ""Mağaza Saatlik Ücret — DirectLabor"". Use Technical Academic English for code strings.
    ⚠️ Ln 97:12 — Non-English (Turkish) characters in string: ""Mağaza Saatlik Ücret — IndirectLabor"". Use Technical Academic English for code strings.
    ⚠️ Ln 107:12 — Non-English (Turkish) characters in string: ""Mağaza Saatlik Ücret — Overhead"". Use Technical Academic English for code strings.
    ⚠️ Ln 120:12 — Non-English (Turkish) characters in string: ""Mağaza Saatlik Ücret — TotalShopCost"". Use Technical Academic English for code strings.
    ⚠️ Ln 131:12 — Non-English (Turkish) characters in string: ""Mağaza Saatlik Ücret — BillableHours"". Use Technical Academic English for code strings.
    ⚠️ Ln 141:12 — Non-English (Turkish) characters in string: ""Mağaza Saatlik Ücret — ShopHourlyRate"". Use Technical Academic English for code strings.
    ⚠️ Ln 151:12 — Non-English (Turkish) characters in string: ""Mağaza Saatlik Ücret — EffectiveMargin"". Use Technical Academic English for code strings.
    ⚠️ Ln 163:12 — Non-English (Turkish) characters in string: ""Mahsul Verim Kaybı Analizörü — PotentialYield"". Use Technical Academic English for code strings.
    ⚠️ Ln 173:12 — Non-English (Turkish) characters in string: ""Mahsul Verim Kaybı Analizörü — ActualYield"". Use Technical Academic English for code strings.
    ⚠️ Ln 183:12 — Non-English (Turkish) characters in string: ""Mahsul Verim Kaybı Analizörü — YieldGap"". Use Technical Academic English for code strings.
    ⚠️ Ln 193:12 — Non-English (Turkish) characters in string: ""Mahsul Verim Kaybı Analizörü — Loss_Pest"". Use Technical Academic English for code strings.
    ⚠️ Ln 203:12 — Non-English (Turkish) characters in string: ""Mahsul Verim Kaybı Analizörü — Loss_Weather"". Use Technical Academic English for code strings.
    ⚠️ Ln 213:12 — Non-English (Turkish) characters in string: ""Mahsul Verim Kaybı Analizörü — Loss_Nutrient"". Use Technical Academic English for code strings.
    ⚠️ Ln 223:12 — Non-English (Turkish) characters in string: ""Mahsul Verim Kaybı Analizörü — FinancialLoss"". Use Technical Academic English for code strings.

  📄 src/lib/features/premium-schema/formulas/chunk-38.ts
    ⚠️ Ln 76:12 — Non-English (Turkish) characters in string: ""Mahsul Verim Kaybı Analizörü — ROI_Intervention"". Use Technical Academic English for code strings.
    ⚠️ Ln 90:12 — Non-English (Turkish) characters in string: ""Makine Ekonomik Ömrü — EUAC_Capital"". Use Technical Academic English for code strings.
    ⚠️ Ln 104:12 — Non-English (Turkish) characters in string: ""Makine Ekonomik Ömrü — EUAC_Operating"". Use Technical Academic English for code strings.
    ⚠️ Ln 120:12 — Non-English (Turkish) characters in string: ""Makine Ekonomik Ömrü — TotalEUAC"". Use Technical Academic English for code strings.
    ⚠️ Ln 133:12 — Non-English (Turkish) characters in string: ""Makine Ekonomik Ömrü — EconomicLife"". Use Technical Academic English for code strings.
    ⚠️ Ln 141:12 — Non-English (Turkish) characters in string: ""Makine Ekonomik Ömrü — Defender_EUAC"". Use Technical Academic English for code strings.
    ⚠️ Ln 157:12 — Non-English (Turkish) characters in string: ""Makine Ekonomik Ömrü — Challenger_EUAC"". Use Technical Academic English for code strings.
    ⚠️ Ln 168:12 — Non-English (Turkish) characters in string: ""Makine Ekonomik Ömrü — ReplacementDecision"". Use Technical Academic English for code strings.

  📄 src/lib/features/premium-schema/formulas/chunk-39.ts
    ⚠️ Ln 222:12 — Non-English (Turkish) characters in string: ""Muda Atık Maliyet — Overproduction"". Use Technical Academic English for code strings.
    ⚠️ Ln 232:12 — Non-English (Turkish) characters in string: ""Muda Atık Maliyet — Waiting"". Use Technical Academic English for code strings.

  📄 src/lib/features/premium-schema/formulas/chunk-40.ts
    ⚠️ Ln 76:12 — Non-English (Turkish) characters in string: ""Muda Atık Maliyet — Transport"". Use Technical Academic English for code strings.
    ⚠️ Ln 87:12 — Non-English (Turkish) characters in string: ""Muda Atık Maliyet — Overprocessing"". Use Technical Academic English for code strings.
    ⚠️ Ln 98:12 — Non-English (Turkish) characters in string: ""Muda Atık Maliyet — Inventory"". Use Technical Academic English for code strings.
    ⚠️ Ln 109:12 — Non-English (Turkish) characters in string: ""Muda Atık Maliyet — Motion"". Use Technical Academic English for code strings.
    ⚠️ Ln 119:12 — Non-English (Turkish) characters in string: ""Muda Atık Maliyet — Defects"". Use Technical Academic English for code strings.
    ⚠️ Ln 130:12 — Non-English (Turkish) characters in string: ""Muda Atık Maliyet — TotalMudaCost"". Use Technical Academic English for code strings.
    ⚠️ Ln 147:12 — Non-English (Turkish) characters in string: ""Nakit Akışı Açığı — CashInflow"". Use Technical Academic English for code strings.
    ⚠️ Ln 158:12 — Non-English (Turkish) characters in string: ""Nakit Akışı Açığı — CashOutflow"". Use Technical Academic English for code strings.
    ⚠️ Ln 169:12 — Non-English (Turkish) characters in string: ""Nakit Akışı Açığı — NetCashFlow_t"". Use Technical Academic English for code strings.
    ⚠️ Ln 182:12 — Non-English (Turkish) characters in string: ""Nakit Akışı Açığı — CumulativeCashFlow"". Use Technical Academic English for code strings.
    ⚠️ Ln 193:12 — Non-English (Turkish) characters in string: ""Nakit Akışı Açığı — CashGap"". Use Technical Academic English for code strings.
    ⚠️ Ln 204:12 — Non-English (Turkish) characters in string: ""Nakit Akışı Açığı — DSO"". Use Technical Academic English for code strings.
    ⚠️ Ln 215:12 — Non-English (Turkish) characters in string: ""Nakit Akışı Açığı — DPO"". Use Technical Academic English for code strings.
    ⚠️ Ln 226:12 — Non-English (Turkish) characters in string: ""Nakit Akışı Açığı — DIO"". Use Technical Academic English for code strings.
    ⚠️ Ln 237:12 — Non-English (Turkish) characters in string: ""Nakit Akışı Açığı — CashConversionCycle"". Use Technical Academic English for code strings.

  📄 src/lib/features/premium-schema/formulas/chunk-41.ts
    ⚠️ Ln 76:12 — Non-English (Turkish) characters in string: ""Nakit Akışı Açığı — FinancingCost"". Use Technical Academic English for code strings.

  📄 src/lib/features/premium-schema/formulas/chunk-42.ts
    ⚠️ Ln 76:12 — Non-English (Turkish) characters in string: ""OEE ve Durma Süresi — Availability"". Use Technical Academic English for code strings.
    ⚠️ Ln 86:12 — Non-English (Turkish) characters in string: ""OEE ve Durma Süresi — Performance"". Use Technical Academic English for code strings.
    ⚠️ Ln 97:12 — Non-English (Turkish) characters in string: ""OEE ve Durma Süresi — Quality"". Use Technical Academic English for code strings.
    ⚠️ Ln 107:12 — Non-English (Turkish) characters in string: ""OEE ve Durma Süresi — OEE"". Use Technical Academic English for code strings.
    ⚠️ Ln 118:12 — Non-English (Turkish) characters in string: ""OEE ve Durma Süresi — TEEP"". Use Technical Academic English for code strings.
    ⚠️ Ln 129:12 — Non-English (Turkish) characters in string: ""OEE ve Durma Süresi — DowntimeCost"". Use Technical Academic English for code strings.
    ⚠️ Ln 140:12 — Non-English (Turkish) characters in string: ""OEE ve Durma Süresi — SpeedLoss"". Use Technical Academic English for code strings.
    ⚠️ Ln 152:12 — Non-English (Turkish) characters in string: ""OEE ve Durma Süresi — QualityLoss"". Use Technical Academic English for code strings.

  📄 src/lib/features/premium-schema/formulas/chunk-43.ts
    ⚠️ Ln 152:12 — Non-English (Turkish) characters in string: ""Ödeme Vadesi Optimize Edici — DSO"". Use Technical Academic English for code strings.
    ⚠️ Ln 163:12 — Non-English (Turkish) characters in string: ""Ödeme Vadesi Optimize Edici — CarryingCost_AR"". Use Technical Academic English for code strings.
    ⚠️ Ln 173:12 — Non-English (Turkish) characters in string: ""Ödeme Vadesi Optimize Edici — BadDebtExpense"". Use Technical Academic English for code strings.
    ⚠️ Ln 183:12 — Non-English (Turkish) characters in string: ""Ödeme Vadesi Optimize Edici — DiscountCost"". Use Technical Academic English for code strings.
    ⚠️ Ln 194:12 — Non-English (Turkish) characters in string: ""Ödeme Vadesi Optimize Edici — OptimalTerms"". Use Technical Academic English for code strings.
    ⚠️ Ln 202:12 — Non-English (Turkish) characters in string: ""Ödeme Vadesi Optimize Edici — CashFlowImpact"". Use Technical Academic English for code strings.
    ⚠️ Ln 213:12 — Non-English (Turkish) characters in string: ""Ödeme Vadesi Optimize Edici — NPV_Terms"". Use Technical Academic English for code strings.
    ⚠️ Ln 227:12 — Non-English (Turkish) characters in string: ""Öğrenme Eğrisi Süre Tahmincisi — LearningRate"". Use Technical Academic English for code strings.
    ⚠️ Ln 238:12 — Non-English (Turkish) characters in string: ""Öğrenme Eğrisi Süre Tahmincisi — Slope_b"". Use Technical Academic English for code strings.

  📄 src/lib/features/premium-schema/formulas/chunk-44.ts
    ⚠️ Ln 76:12 — Non-English (Turkish) characters in string: ""Öğrenme Eğrisi Süre Tahmincisi — Time_N"". Use Technical Academic English for code strings.
    ⚠️ Ln 88:12 — Non-English (Turkish) characters in string: ""Öğrenme Eğrisi Süre Tahmincisi — CumulativeTime_N"". Use Technical Academic English for code strings.
    ⚠️ Ln 100:12 — Non-English (Turkish) characters in string: ""Öğrenme Eğrisi Süre Tahmincisi — AverageTime_N"". Use Technical Academic English for code strings.
    ⚠️ Ln 111:12 — Non-English (Turkish) characters in string: ""Öğrenme Eğrisi Süre Tahmincisi — Cost_N"". Use Technical Academic English for code strings.
    ⚠️ Ln 122:12 — Non-English (Turkish) characters in string: ""Öğrenme Eğrisi Süre Tahmincisi — BreakevenUnit"". Use Technical Academic English for code strings.
    ⚠️ Ln 130:12 — Non-English (Turkish) characters in string: ""Öğrenme Eğrisi Süre Tahmincisi — TotalLaborCost"". Use Technical Academic English for code strings.

  📄 src/lib/features/premium-schema/formulas/chunk-46.ts
    ⚠️ Ln 233:12 — Non-English (Turkish) characters in string: ""reçete Maliyet Check — TheoreticalCost"". Use Technical Academic English for code strings.

  📄 src/lib/features/premium-schema/formulas/chunk-47.ts
    ⚠️ Ln 76:12 — Non-English (Turkish) characters in string: ""reçete Maliyet Check — ActualCost"". Use Technical Academic English for code strings.
    ⚠️ Ln 87:12 — Non-English (Turkish) characters in string: ""reçete Maliyet Check — Variance"". Use Technical Academic English for code strings.
    ⚠️ Ln 97:12 — Non-English (Turkish) characters in string: ""reçete Maliyet Check — YieldLossCost"". Use Technical Academic English for code strings.
    ⚠️ Ln 107:12 — Non-English (Turkish) characters in string: ""reçete Maliyet Check — EvaporationLoss"". Use Technical Academic English for code strings.
    ⚠️ Ln 118:12 — Non-English (Turkish) characters in string: ""reçete Maliyet Check — Efficiency"". Use Technical Academic English for code strings.
    ⚠️ Ln 128:12 — Non-English (Turkish) characters in string: ""reçete Maliyet Check — CostPerKg"". Use Technical Academic English for code strings.
    ⚠️ Ln 140:12 — Non-English (Turkish) characters in string: ""Restaurant Menü Marj Kaçak — TheoreticalFoodCost"". Use Technical Academic English for code strings.
    ⚠️ Ln 153:12 — Non-English (Turkish) characters in string: ""Restaurant Menü Marj Kaçak — ActualFoodCost"". Use Technical Academic English for code strings.
    ⚠️ Ln 164:12 — Non-English (Turkish) characters in string: ""Restaurant Menü Marj Kaçak — Variance"". Use Technical Academic English for code strings.
    ⚠️ Ln 174:12 — Non-English (Turkish) characters in string: ""Restaurant Menü Marj Kaçak — VariancePct"". Use Technical Academic English for code strings.
    ⚠️ Ln 184:12 — Non-English (Turkish) characters in string: ""Restaurant Menü Marj Kaçak — WasteCost"". Use Technical Academic English for code strings.
    ⚠️ Ln 194:12 — Non-English (Turkish) characters in string: ""Restaurant Menü Marj Kaçak — TheftLoss"". Use Technical Academic English for code strings.
    ⚠️ Ln 205:12 — Non-English (Turkish) characters in string: ""Restaurant Menü Marj Kaçak — IdealMargin"". Use Technical Academic English for code strings.
    ⚠️ Ln 215:12 — Non-English (Turkish) characters in string: ""Restaurant Menü Marj Kaçak — ActualMargin"". Use Technical Academic English for code strings.
    ⚠️ Ln 227:12 — Non-English (Turkish) characters in string: ""Robot Kol vs. Manuel İşçi — ManualCost_Annual"". Use Technical Academic English for code strings.

  📄 src/lib/features/premium-schema/formulas/chunk-48.ts
    ⚠️ Ln 76:12 — Non-English (Turkish) characters in string: ""Robot Kol vs. Manuel İşçi — RobotCost_Annual"". Use Technical Academic English for code strings.
    ⚠️ Ln 89:12 — Non-English (Turkish) characters in string: ""Robot Kol vs. Manuel İşçi — RobotOutput"". Use Technical Academic English for code strings.
    ⚠️ Ln 101:12 — Non-English (Turkish) characters in string: ""Robot Kol vs. Manuel İşçi — ManualOutput"". Use Technical Academic English for code strings.
    ⚠️ Ln 113:12 — Non-English (Turkish) characters in string: ""Robot Kol vs. Manuel İşçi — CostPerUnit_Manual"". Use Technical Academic English for code strings.
    ⚠️ Ln 125:12 — Non-English (Turkish) characters in string: ""Robot Kol vs. Manuel İşçi — CostPerUnit_Robot"". Use Technical Academic English for code strings.
    ⚠️ Ln 137:12 — Non-English (Turkish) characters in string: ""Robot Kol vs. Manuel İşçi — ROI"". Use Technical Academic English for code strings.
    ⚠️ Ln 148:12 — Non-English (Turkish) characters in string: ""Robot Kol vs. Manuel İşçi — Payback"". Use Technical Academic English for code strings.

  📄 src/lib/features/premium-schema/formulas/chunk-49.ts
    ⚠️ Ln 76:12 — Non-English (Turkish) characters in string: ""Rota Optimizasyonu Analizörü — NearestNeighbor_Dist"". Use Technical Academic English for code strings.
    ⚠️ Ln 87:12 — Non-English (Turkish) characters in string: ""Rota Optimizasyonu Analizörü — Savings_ClarkeWright"". Use Technical Academic English for code strings.
    ⚠️ Ln 102:12 — Non-English (Turkish) characters in string: ""Rota Optimizasyonu Analizörü — RouteEfficiency"". Use Technical Academic English for code strings.
    ⚠️ Ln 112:12 — Non-English (Turkish) characters in string: ""Rota Optimizasyonu Analizörü — DropDensity"". Use Technical Academic English for code strings.
    ⚠️ Ln 122:12 — Non-English (Turkish) characters in string: ""Rota Optimizasyonu Analizörü — TimeWindowPenalty"". Use Technical Academic English for code strings.
    ⚠️ Ln 134:12 — Non-English (Turkish) characters in string: ""Rota Optimizasyonu Analizörü — VehicleUtilization"". Use Technical Academic English for code strings.
    ⚠️ Ln 144:12 — Non-English (Turkish) characters in string: ""Rota Optimizasyonu Analizörü — TotalSavings"". Use Technical Academic English for code strings.
    ⚠️ Ln 156:12 — Non-English (Turkish) characters in string: ""Rüzgar Türbini Yatırım Getirisi — AEP"". Use Technical Academic English for code strings.
    ⚠️ Ln 169:12 — Non-English (Turkish) characters in string: ""Rüzgar Türbini Yatırım Getirisi — CapacityFactor"". Use Technical Academic English for code strings.
    ⚠️ Ln 179:12 — Non-English (Turkish) characters in string: ""Rüzgar Türbini Yatırım Getirisi — AnnualRevenue"". Use Technical Academic English for code strings.
    ⚠️ Ln 189:12 — Non-English (Turkish) characters in string: ""Rüzgar Türbini Yatırım Getirisi — OPEX"". Use Technical Academic English for code strings.
    ⚠️ Ln 201:12 — Non-English (Turkish) characters in string: ""Rüzgar Türbini Yatırım Getirisi — EBITDA"". Use Technical Academic English for code strings.
    ⚠️ Ln 211:12 — Non-English (Turkish) characters in string: ""Rüzgar Türbini Yatırım Getirisi — LCOE"". Use Technical Academic English for code strings.
    ⚠️ Ln 225:12 — Non-English (Turkish) characters in string: ""Rüzgar Türbini Yatırım Getirisi — NPV"". Use Technical Academic English for code strings.
    ⚠️ Ln 238:12 — Non-English (Turkish) characters in string: ""Rüzgar Türbini Yatırım Getirisi — IRR"". Use Technical Academic English for code strings.

  📄 src/lib/features/premium-schema/formulas/chunk-50.ts
    ⚠️ Ln 159:12 — Non-English (Turkish) characters in string: ""Saatlik Ücret — GrossAnnualSalary"". Use Technical Academic English for code strings.
    ⚠️ Ln 169:12 — Non-English (Turkish) characters in string: ""Saatlik Ücret — EmployerTaxes"". Use Technical Academic English for code strings.
    ⚠️ Ln 179:12 — Non-English (Turkish) characters in string: ""Saatlik Ücret — Benefits"". Use Technical Academic English for code strings.
    ⚠️ Ln 190:12 — Non-English (Turkish) characters in string: ""Saatlik Ücret — TotalLaborCost"". Use Technical Academic English for code strings.
    ⚠️ Ln 201:12 — Non-English (Turkish) characters in string: ""Saatlik Ücret — ProductiveHours"". Use Technical Academic English for code strings.
    ⚠️ Ln 213:12 — Non-English (Turkish) characters in string: ""Saatlik Ücret — FullyBurdenedHourlyRate"". Use Technical Academic English for code strings.
    ⚠️ Ln 223:12 — Non-English (Turkish) characters in string: ""Saatlik Ücret — MarginRate"". Use Technical Academic English for code strings.

  📄 src/lib/features/premium-schema/formulas/chunk-51.ts
    ⚠️ Ln 76:12 — Non-English (Turkish) characters in string: ""SMED Değişim Optimize Edici — CurrentSetupTime"". Use Technical Academic English for code strings.
    ⚠️ Ln 89:12 — Non-English (Turkish) characters in string: ""SMED Değişim Optimize Edici — TargetSetupTime"". Use Technical Academic English for code strings.
    ⚠️ Ln 102:12 — Non-English (Turkish) characters in string: ""SMED Değişim Optimize Edici — ConversionRate"". Use Technical Academic English for code strings.
    ⚠️ Ln 115:12 — Non-English (Turkish) characters in string: ""SMED Değişim Optimize Edici — CapacityRecovered"". Use Technical Academic English for code strings.
    ⚠️ Ln 126:12 — Non-English (Turkish) characters in string: ""SMED Değişim Optimize Edici — FinancialGain"". Use Technical Academic English for code strings.
    ⚠️ Ln 137:12 — Non-English (Turkish) characters in string: ""SMED Değişim Optimize Edici — SMED_Investment"". Use Technical Academic English for code strings.
    ⚠️ Ln 148:12 — Non-English (Turkish) characters in string: ""SMED Değişim Optimize Edici — ROI"". Use Technical Academic English for code strings.
    ⚠️ Ln 162:12 — Non-English (Turkish) characters in string: ""Sözleşme Teşvik — TargetCost"". Use Technical Academic English for code strings.
    ⚠️ Ln 171:12 — Non-English (Turkish) characters in string: ""Sözleşme Teşvik — TargetFee"". Use Technical Academic English for code strings.
    ⚠️ Ln 181:12 — Non-English (Turkish) characters in string: ""Sözleşme Teşvik — ShareRatio"". Use Technical Academic English for code strings.
    ⚠️ Ln 191:12 — Non-English (Turkish) characters in string: ""Sözleşme Teşvik — ActualFee"". Use Technical Academic English for code strings.
    ⚠️ Ln 203:12 — Non-English (Turkish) characters in string: ""Sözleşme Teşvik — MaxFee"". Use Technical Academic English for code strings.
    ⚠️ Ln 213:12 — Non-English (Turkish) characters in string: ""Sözleşme Teşvik — MinFee"". Use Technical Academic English for code strings.
    ⚠️ Ln 223:12 — Non-English (Turkish) characters in string: ""Sözleşme Teşvik — FinalFee"". Use Technical Academic English for code strings.
    ⚠️ Ln 236:12 — Non-English (Turkish) characters in string: ""Sözleşme Teşvik — FinalPrice"". Use Technical Academic English for code strings.

  📄 src/lib/features/premium-schema/formulas/chunk-52.ts
    ⚠️ Ln 76:12 — Non-English (Turkish) characters in string: ""Sözleşme Teşvik — PerformanceBonus"". Use Technical Academic English for code strings.
    ⚠️ Ln 174:12 — Non-English (Turkish) characters in string: ""Steam Trap Enerji kayıp — OrificeFlow"". Use Technical Academic English for code strings.
    ⚠️ Ln 189:12 — Non-English (Turkish) characters in string: ""Steam Trap Enerji kayıp — SteamLoss_kg_h"". Use Technical Academic English for code strings.
    ⚠️ Ln 198:12 — Non-English (Turkish) characters in string: ""Steam Trap Enerji kayıp — EnergyLoss_kW"". Use Technical Academic English for code strings.
    ⚠️ Ln 213:12 — Non-English (Turkish) characters in string: ""Steam Trap Enerji kayıp — AnnualCost"". Use Technical Academic English for code strings.
    ⚠️ Ln 229:12 — Non-English (Turkish) characters in string: ""Steam Trap Enerji kayıp — TrapFailureRate"". Use Technical Academic English for code strings.
    ⚠️ Ln 239:12 — Non-English (Turkish) characters in string: ""Steam Trap Enerji kayıp — TotalSystemLoss"". Use Technical Academic English for code strings.
    ⚠️ Ln 250:12 — Non-English (Turkish) characters in string: ""Steam Trap Enerji kayıp — RepairROI"". Use Technical Academic English for code strings.

  📄 src/lib/features/premium-schema/formulas/chunk-53.ts
    ⚠️ Ln 76:12 — Non-English (Turkish) characters in string: ""Stok Devir hızı risk — InventoryTurnover"". Use Technical Academic English for code strings.
    ⚠️ Ln 86:12 — Non-English (Turkish) characters in string: ""Stok Devir hızı risk — DaysSalesInventory"". Use Technical Academic English for code strings.
    ⚠️ Ln 95:12 — Non-English (Turkish) characters in string: ""Stok Devir hızı risk — ObsolescenceRisk"". Use Technical Academic English for code strings.
    ⚠️ Ln 110:12 — Non-English (Turkish) characters in string: ""Stok Devir hızı risk — CarryingCost"". Use Technical Academic English for code strings.
    ⚠️ Ln 123:12 — Non-English (Turkish) characters in string: ""Stok Devir hızı risk — OptimalTurnover"". Use Technical Academic English for code strings.
    ⚠️ Ln 133:12 — Non-English (Turkish) characters in string: ""Stok Devir hızı risk — StockoutRisk"". Use Technical Academic English for code strings.
    ⚠️ Ln 145:12 — Non-English (Turkish) characters in string: ""Stok Devir hızı risk — LiquidationLoss"". Use Technical Academic English for code strings.
    ⚠️ Ln 157:12 — Non-English (Turkish) characters in string: ""Su Kullanımı Optimize Edici — WaterIntensity"". Use Technical Academic English for code strings.
    ⚠️ Ln 167:12 — Non-English (Turkish) characters in string: ""Su Kullanımı Optimize Edici — BaselineConsumption"". Use Technical Academic English for code strings.
    ⚠️ Ln 177:12 — Non-English (Turkish) characters in string: ""Su Kullanımı Optimize Edici — WaterSavings"". Use Technical Academic English for code strings.
    ⚠️ Ln 187:12 — Non-English (Turkish) characters in string: ""Su Kullanımı Optimize Edici — CostSavings"". Use Technical Academic English for code strings.
    ⚠️ Ln 198:12 — Non-English (Turkish) characters in string: ""Su Kullanımı Optimize Edici — RecycleRate"". Use Technical Academic English for code strings.
    ⚠️ Ln 208:12 — Non-English (Turkish) characters in string: ""Su Kullanımı Optimize Edici — LeakLoss"". Use Technical Academic English for code strings.
    ⚠️ Ln 218:12 — Non-English (Turkish) characters in string: ""Su Kullanımı Optimize Edici — ROI_Water"". Use Technical Academic English for code strings.
    ⚠️ Ln 229:12 — Non-English (Turkish) characters in string: ""Su Kullanımı Optimize Edici — CarbonFootprint_Water"". Use Technical Academic English for code strings.

  📄 src/lib/features/premium-schema/formulas/chunk-54.ts
    ⚠️ Ln 229:12 — Non-English (Turkish) characters in string: ""Süt Kâr Dedektörü — FatCorrectedMilk"". Use Technical Academic English for code strings.
    ⚠️ Ln 239:12 — Non-English (Turkish) characters in string: ""Süt Kâr Dedektörü — ProteinCorrectedMilk"". Use Technical Academic English for code strings.

  📄 src/lib/features/premium-schema/formulas/chunk-55.ts
    ⚠️ Ln 76:12 — Non-English (Turkish) characters in string: ""Süt Kâr Dedektörü — FeedCostPerLiter"". Use Technical Academic English for code strings.
    ⚠️ Ln 86:12 — Non-English (Turkish) characters in string: ""Süt Kâr Dedektörü — IncomeOverFeedCost"". Use Technical Academic English for code strings.
    ⚠️ Ln 97:12 — Non-English (Turkish) characters in string: ""Süt Kâr Dedektörü — MarginPerCow"". Use Technical Academic English for code strings.
    ⚠️ Ln 109:12 — Non-English (Turkish) characters in string: ""Süt Kâr Dedektörü — HerdProfitability"". Use Technical Academic English for code strings.
    ⚠️ Ln 119:12 — Non-English (Turkish) characters in string: ""Süt Kâr Dedektörü — SomaticCellPenalty"". Use Technical Academic English for code strings.
    ⚠️ Ln 133:12 — Non-English (Turkish) characters in string: ""Taguchi kalite kayıp Fonksiyon — LossPerUnit"". Use Technical Academic English for code strings.
    ⚠️ Ln 144:12 — Non-English (Turkish) characters in string: ""Taguchi kalite kayıp Fonksiyon — k"". Use Technical Academic English for code strings.
    ⚠️ Ln 154:12 — Non-English (Turkish) characters in string: ""Taguchi kalite kayıp Fonksiyon — AverageLoss"". Use Technical Academic English for code strings.
    ⚠️ Ln 166:12 — Non-English (Turkish) characters in string: ""Taguchi kalite kayıp Fonksiyon — TotalAnnualLoss"". Use Technical Academic English for code strings.
    ⚠️ Ln 176:12 — Non-English (Turkish) characters in string: ""Taguchi kalite kayıp Fonksiyon — SignalToNoise_LargerBetter". Use Technical Academic English for code strings.
    ⚠️ Ln 189:12 — Non-English (Turkish) characters in string: ""Taguchi kalite kayıp Fonksiyon — SignalToNoise_SmallerBette". Use Technical Academic English for code strings.
    ⚠️ Ln 202:12 — Non-English (Turkish) characters in string: ""Taguchi kalite kayıp Fonksiyon — QualityImprovementSavings"". Use Technical Academic English for code strings.
    ⚠️ Ln 215:12 — Non-English (Turkish) characters in string: ""Takım Aşınma Maliyeti — ToolCostPerPart"". Use Technical Academic English for code strings.
    ⚠️ Ln 227:12 — Non-English (Turkish) characters in string: ""Takım Aşınma Maliyeti — ChangeCostPerPart"". Use Technical Academic English for code strings.
    ⚠️ Ln 239:12 — Non-English (Turkish) characters in string: ""Takım Aşınma Maliyeti — TotalToolingCost"". Use Technical Academic English for code strings.

  📄 src/lib/features/premium-schema/formulas/chunk-56.ts
    ⚠️ Ln 76:12 — Non-English (Turkish) characters in string: ""Takım Aşınma Maliyeti — WearRate"". Use Technical Academic English for code strings.
    ⚠️ Ln 86:12 — Non-English (Turkish) characters in string: ""Takım Aşınma Maliyeti — OptimalToolLife"". Use Technical Academic English for code strings.
    ⚠️ Ln 99:12 — Non-English (Turkish) characters in string: ""Takım Aşınma Maliyeti — CostOfPrematureFailure"". Use Technical Academic English for code strings.
    ⚠️ Ln 112:12 — Non-English (Turkish) characters in string: ""Takt Süre Flexibility Maliyet — TaktTime"". Use Technical Academic English for code strings.
    ⚠️ Ln 122:12 — Non-English (Turkish) characters in string: ""Takt Süre Flexibility Maliyet — CycleTimeFlexibility"". Use Technical Academic English for code strings.
    ⚠️ Ln 135:12 — Non-English (Turkish) characters in string: ""Takt Süre Flexibility Maliyet — BalanceLoss"". Use Technical Academic English for code strings.
    ⚠️ Ln 148:12 — Non-English (Turkish) characters in string: ""Takt Süre Flexibility Maliyet — CrossTrainingCost"". Use Technical Academic English for code strings.
    ⚠️ Ln 159:12 — Non-English (Turkish) characters in string: ""Takt Süre Flexibility Maliyet — FlexibilityPremium"". Use Technical Academic English for code strings.
    ⚠️ Ln 169:12 — Non-English (Turkish) characters in string: ""Takt Süre Flexibility Maliyet — VolumeVariationCost"". Use Technical Academic English for code strings.
    ⚠️ Ln 248:12 — Non-English (Turkish) characters in string: ""Tamirhane Parça ve İşçilik Teklif — PartCost"". Use Technical Academic English for code strings.

  📄 src/lib/features/premium-schema/formulas/chunk-57.ts
    ⚠️ Ln 76:12 — Non-English (Turkish) characters in string: ""Tamirhane Parça ve İşçilik Teklif — PartMargin"". Use Technical Academic English for code strings.
    ⚠️ Ln 86:12 — Non-English (Turkish) characters in string: ""Tamirhane Parça ve İşçilik Teklif — LaborCost"". Use Technical Academic English for code strings.
    ⚠️ Ln 96:12 — Non-English (Turkish) characters in string: ""Tamirhane Parça ve İşçilik Teklif — SubletCost"". Use Technical Academic English for code strings.
    ⚠️ Ln 105:12 — Non-English (Turkish) characters in string: ""Tamirhane Parça ve İşçilik Teklif — TotalQuote"". Use Technical Academic English for code strings.
    ⚠️ Ln 119:12 — Non-English (Turkish) characters in string: ""Tamirhane Parça ve İşçilik Teklif — EffectiveLaborRate"". Use Technical Academic English for code strings.
    ⚠️ Ln 130:12 — Non-English (Turkish) characters in string: ""Tamirhane Parça ve İşçilik Teklif — GrossProfitPct"". Use Technical Academic English for code strings.
    ⚠️ Ln 143:12 — Non-English (Turkish) characters in string: ""Taşeron Marj Sızıntı Dedektörü — QuotedMargin"". Use Technical Academic English for code strings.
    ⚠️ Ln 153:12 — Non-English (Turkish) characters in string: ""Taşeron Marj Sızıntı Dedektörü — ActualMargin"". Use Technical Academic English for code strings.
    ⚠️ Ln 165:12 — Non-English (Turkish) characters in string: ""Taşeron Marj Sızıntı Dedektörü — MarginLeak"". Use Technical Academic English for code strings.
    ⚠️ Ln 175:12 — Non-English (Turkish) characters in string: ""Taşeron Marj Sızıntı Dedektörü — ChangeOrderCost"". Use Technical Academic English for code strings.
    ⚠️ Ln 186:12 — Non-English (Turkish) characters in string: ""Taşeron Marj Sızıntı Dedektörü — UnbilledWork"". Use Technical Academic English for code strings.
    ⚠️ Ln 196:12 — Non-English (Turkish) characters in string: ""Taşeron Marj Sızıntı Dedektörü — LeakagePct"". Use Technical Academic English for code strings.
    ⚠️ Ln 208:12 — Non-English (Turkish) characters in string: ""Taşıma Mode Maliyet risk — Cost_Air"". Use Technical Academic English for code strings.
    ⚠️ Ln 219:12 — Non-English (Turkish) characters in string: ""Taşıma Mode Maliyet risk — Cost_Sea"". Use Technical Academic English for code strings.
    ⚠️ Ln 231:12 — Non-English (Turkish) characters in string: ""Taşıma Mode Maliyet risk — Cost_Road"". Use Technical Academic English for code strings.

  📄 src/lib/features/premium-schema/formulas/chunk-58.ts
    ⚠️ Ln 76:12 — Non-English (Turkish) characters in string: ""Taşıma Mode Maliyet risk — TransitTimeCost"". Use Technical Academic English for code strings.
    ⚠️ Ln 86:12 — Non-English (Turkish) characters in string: ""Taşıma Mode Maliyet risk — RiskCost"". Use Technical Academic English for code strings.
    ⚠️ Ln 98:12 — Non-English (Turkish) characters in string: ""Taşıma Mode Maliyet risk — TotalModeCost"". Use Technical Academic English for code strings.
    ⚠️ Ln 109:12 — Non-English (Turkish) characters in string: ""Taşıma Mode Maliyet risk — ModeSelection"". Use Technical Academic English for code strings.
    ⚠️ Ln 127:12 — Non-English (Turkish) characters in string: ""Tedarik Zinciri Kesintisi Risk Değerlendirmesi — RiskExposu". Use Technical Academic English for code strings.
    ⚠️ Ln 137:12 — Non-English (Turkish) characters in string: ""Tedarik Zinciri Kesintisi Risk Değerlendirmesi — TimeToReco". Use Technical Academic English for code strings.
    ⚠️ Ln 146:12 — Non-English (Turkish) characters in string: ""Tedarik Zinciri Kesintisi Risk Değerlendirmesi — RevenueLos". Use Technical Academic English for code strings.
    ⚠️ Ln 157:12 — Non-English (Turkish) characters in string: ""Tedarik Zinciri Kesintisi Risk Değerlendirmesi — Mitigation". Use Technical Academic English for code strings.
    ⚠️ Ln 168:12 — Non-English (Turkish) characters in string: ""Tedarik Zinciri Kesintisi Risk Değerlendirmesi — RiskAdjust". Use Technical Academic English for code strings.
    ⚠️ Ln 178:12 — Non-English (Turkish) characters in string: ""Tedarik Zinciri Kesintisi Risk Değerlendirmesi — Resilience". Use Technical Academic English for code strings.
    ⚠️ Ln 190:12 — Non-English (Turkish) characters in string: ""Tedarikçi Döviz Kuru Riski — Exposure"". Use Technical Academic English for code strings.
    ⚠️ Ln 201:12 — Non-English (Turkish) characters in string: ""Tedarikçi Döviz Kuru Riski — ExpectedLoss"". Use Technical Academic English for code strings.
    ⚠️ Ln 212:12 — Non-English (Turkish) characters in string: ""Tedarikçi Döviz Kuru Riski — VaR"". Use Technical Academic English for code strings.
    ⚠️ Ln 227:12 — Non-English (Turkish) characters in string: ""Tedarikçi Döviz Kuru Riski — HedgingCost"". Use Technical Academic English for code strings.
    ⚠️ Ln 238:12 — Non-English (Turkish) characters in string: ""Tedarikçi Döviz Kuru Riski — NetRiskCost"". Use Technical Academic English for code strings.

  📄 src/lib/features/premium-schema/formulas/chunk-59.ts
    ⚠️ Ln 76:12 — Non-English (Turkish) characters in string: ""Tedarikçi Döviz Kuru Riski — CurrencyClauseSavings"". Use Technical Academic English for code strings.
    ⚠️ Ln 89:12 — Non-English (Turkish) characters in string: ""Teklif Risk Analizörü — BaseEstimate"". Use Technical Academic English for code strings.
    ⚠️ Ln 99:12 — Non-English (Turkish) characters in string: ""Teklif Risk Analizörü — Contingency"". Use Technical Academic English for code strings.
    ⚠️ Ln 109:12 — Non-English (Turkish) characters in string: ""Teklif Risk Analizörü — ExpectedMargin"". Use Technical Academic English for code strings.
    ⚠️ Ln 120:12 — Non-English (Turkish) characters in string: ""Teklif Risk Analizörü — WinProbability"". Use Technical Academic English for code strings.
    ⚠️ Ln 132:12 — Non-English (Turkish) characters in string: ""Teklif Risk Analizörü — ExpectedValue"". Use Technical Academic English for code strings.
    ⚠️ Ln 143:12 — Non-English (Turkish) characters in string: ""Teklif Risk Analizörü — RiskAdjustedBid"". Use Technical Academic English for code strings.
    ⚠️ Ln 225:12 — Non-English (Turkish) characters in string: ""Tekstil Atığı Risk Değerlendirmesi — WasteRate"". Use Technical Academic English for code strings.
    ⚠️ Ln 235:12 — Non-English (Turkish) characters in string: ""Tekstil Atığı Risk Değerlendirmesi — PreConsumerWaste"". Use Technical Academic English for code strings.

  📄 src/lib/features/premium-schema/formulas/chunk-60.ts
    ⚠️ Ln 76:12 — Non-English (Turkish) characters in string: ""Tekstil Atığı Risk Değerlendirmesi — FinancialLoss"". Use Technical Academic English for code strings.
    ⚠️ Ln 87:12 — Non-English (Turkish) characters in string: ""Tekstil Atığı Risk Değerlendirmesi — DisposalCost"". Use Technical Academic English for code strings.
    ⚠️ Ln 97:12 — Non-English (Turkish) characters in string: ""Tekstil Atığı Risk Değerlendirmesi — CircularRevenue"". Use Technical Academic English for code strings.
    ⚠️ Ln 107:12 — Non-English (Turkish) characters in string: ""Tekstil Atığı Risk Değerlendirmesi — NetWasteCost"". Use Technical Academic English for code strings.
    ⚠️ Ln 118:12 — Non-English (Turkish) characters in string: ""Tekstil Atığı Risk Değerlendirmesi — RiskScore"". Use Technical Academic English for code strings.

  📄 src/lib/features/premium-schema/formulas/chunk-61.ts
    ⚠️ Ln 110:12 — Non-English (Turkish) characters in string: ""Tohum Oranı — TargetPlantPopulation"". Use Technical Academic English for code strings.
    ⚠️ Ln 120:12 — Non-English (Turkish) characters in string: ""Tohum Oranı — SeedRequirement"". Use Technical Academic English for code strings.
    ⚠️ Ln 131:12 — Non-English (Turkish) characters in string: ""Tohum Oranı — SeedCost"". Use Technical Academic English for code strings.
    ⚠️ Ln 141:12 — Non-English (Turkish) characters in string: ""Tohum Oranı — OptimalYield"". Use Technical Academic English for code strings.
    ⚠️ Ln 153:12 — Non-English (Turkish) characters in string: ""Tohum Oranı — FinancialLoss_Under"". Use Technical Academic English for code strings.
    ⚠️ Ln 164:12 — Non-English (Turkish) characters in string: ""Tohum Oranı — FinancialLoss_Over"". Use Technical Academic English for code strings.
    ⚠️ Ln 175:12 — Non-English (Turkish) characters in string: ""Tohum Oranı — ROI_Seed"". Use Technical Academic English for code strings.
    ⚠️ Ln 188:12 — Non-English (Turkish) characters in string: ""Toplam Çalışan Maliyeti — GrossSalary"". Use Technical Academic English for code strings.
    ⚠️ Ln 199:12 — Non-English (Turkish) characters in string: ""Toplam Çalışan Maliyeti — StatutoryCosts"". Use Technical Academic English for code strings.
    ⚠️ Ln 211:12 — Non-English (Turkish) characters in string: ""Toplam Çalışan Maliyeti — Benefits"". Use Technical Academic English for code strings.
    ⚠️ Ln 223:12 — Non-English (Turkish) characters in string: ""Toplam Çalışan Maliyeti — AbsenteeismCost"". Use Technical Academic English for code strings.
    ⚠️ Ln 233:12 — Non-English (Turkish) characters in string: ""Toplam Çalışan Maliyeti — TurnoverCost"". Use Technical Academic English for code strings.

  📄 src/lib/features/premium-schema/formulas/chunk-62.ts
    ⚠️ Ln 76:12 — Non-English (Turkish) characters in string: ""Toplam Çalışan Maliyeti — TotalEmployeeCost"". Use Technical Academic English for code strings.
    ⚠️ Ln 89:12 — Non-English (Turkish) characters in string: ""Toplam Çalışan Maliyeti — CostPerHour"". Use Technical Academic English for code strings.
    ⚠️ Ln 101:12 — Non-English (Turkish) characters in string: ""Transfer Fiyatlandırması Optimize Edici — CostPlusPrice"". Use Technical Academic English for code strings.
    ⚠️ Ln 111:12 — Non-English (Turkish) characters in string: ""Transfer Fiyatlandırması Optimize Edici — MarketBasedPrice"". Use Technical Academic English for code strings.
    ⚠️ Ln 120:12 — Non-English (Turkish) characters in string: ""Transfer Fiyatlandırması Optimize Edici — MarginalCost"". Use Technical Academic English for code strings.
    ⚠️ Ln 130:12 — Non-English (Turkish) characters in string: ""Transfer Fiyatlandırması Optimize Edici — TaxImpact"". Use Technical Academic English for code strings.
    ⚠️ Ln 145:12 — Non-English (Turkish) characters in string: ""Transfer Fiyatlandırması Optimize Edici — GlobalProfit"". Use Technical Academic English for code strings.
    ⚠️ Ln 162:12 — Non-English (Turkish) characters in string: ""Transfer Fiyatlandırması Optimize Edici — OptimalTransferPr". Use Technical Academic English for code strings.
    ⚠️ Ln 172:12 — Non-English (Turkish) characters in string: ""ürün Complexity Hidden Maliyet — ComplexityIndex"". Use Technical Academic English for code strings.
    ⚠️ Ln 182:12 — Non-English (Turkish) characters in string: ""ürün Complexity Hidden Maliyet — SetupCostComplexity"". Use Technical Academic English for code strings.
    ⚠️ Ln 192:12 — Non-English (Turkish) characters in string: ""ürün Complexity Hidden Maliyet — InventoryCostComplexity"". Use Technical Academic English for code strings.
    ⚠️ Ln 204:12 — Non-English (Turkish) characters in string: ""ürün Complexity Hidden Maliyet — OverheadAllocation"". Use Technical Academic English for code strings.
    ⚠️ Ln 214:12 — Non-English (Turkish) characters in string: ""ürün Complexity Hidden Maliyet — HiddenCost"". Use Technical Academic English for code strings.
    ⚠️ Ln 226:12 — Non-English (Turkish) characters in string: ""ürün Complexity Hidden Maliyet — ProfitabilityPerSKU"". Use Technical Academic English for code strings.
    ⚠️ Ln 242:12 — Non-English (Turkish) characters in string: ""Vakum Kaçağı Enerji Kaybı — LeakRate"". Use Technical Academic English for code strings.

  📄 src/lib/features/premium-schema/formulas/chunk-63.ts
    ⚠️ Ln 76:12 — Non-English (Turkish) characters in string: ""Vakum Kaçağı Enerji Kaybı — PowerLoss_kW"". Use Technical Academic English for code strings.
    ⚠️ Ln 89:12 — Non-English (Turkish) characters in string: ""Vakum Kaçağı Enerji Kaybı — AnnualEnergyLoss"". Use Technical Academic English for code strings.
    ⚠️ Ln 101:12 — Non-English (Turkish) characters in string: ""Vakum Kaçağı Enerji Kaybı — CostOfLeak"". Use Technical Academic English for code strings.
    ⚠️ Ln 111:12 — Non-English (Turkish) characters in string: ""Vakum Kaçağı Enerji Kaybı — PumpCapacityWaste"". Use Technical Academic English for code strings.
    ⚠️ Ln 121:12 — Non-English (Turkish) characters in string: ""Vakum Kaçağı Enerji Kaybı — CarbonEmissions"". Use Technical Academic English for code strings.
    ⚠️ Ln 133:12 — Non-English (Turkish) characters in string: ""Vardiya Maliyet Verimliliği — PlannedProductionTime"". Use Technical Academic English for code strings.
    ⚠️ Ln 143:12 — Non-English (Turkish) characters in string: ""Vardiya Maliyet Verimliliği — ActualRunTime"". Use Technical Academic English for code strings.
    ⚠️ Ln 153:12 — Non-English (Turkish) characters in string: ""Vardiya Maliyet Verimliliği — LaborCost"". Use Technical Academic English for code strings.
    ⚠️ Ln 164:12 — Non-English (Turkish) characters in string: ""Vardiya Maliyet Verimliliği — EnergyCost"". Use Technical Academic English for code strings.
    ⚠️ Ln 175:12 — Non-English (Turkish) characters in string: ""Vardiya Maliyet Verimliliği — OutputValue"". Use Technical Academic English for code strings.
    ⚠️ Ln 185:12 — Non-English (Turkish) characters in string: ""Vardiya Maliyet Verimliliği — ShiftEfficiency"". Use Technical Academic English for code strings.
    ⚠️ Ln 197:12 — Non-English (Turkish) characters in string: ""Vardiya Maliyet Verimliliği — CostPerUnit"". Use Technical Academic English for code strings.
    ⚠️ Ln 211:12 — Non-English (Turkish) characters in string: ""Vsm finansal Dönüştürücü — LeadTimeCost"". Use Technical Academic English for code strings.
    ⚠️ Ln 224:12 — Non-English (Turkish) characters in string: ""Vsm finansal Dönüştürücü — ValueAddedRatio"". Use Technical Academic English for code strings.
    ⚠️ Ln 234:12 — Non-English (Turkish) characters in string: ""Vsm finansal Dönüştürücü — NonValueAddedCost"". Use Technical Academic English for code strings.

  📄 src/lib/features/premium-schema/formulas/chunk-64.ts
    ⚠️ Ln 76:12 — Non-English (Turkish) characters in string: ""Vsm finansal Dönüştürücü — InventoryReductionSavings"". Use Technical Academic English for code strings.
    ⚠️ Ln 87:12 — Non-English (Turkish) characters in string: ""Vsm finansal Dönüştürücü — ProductivityGain"". Use Technical Academic English for code strings.
    ⚠️ Ln 99:12 — Non-English (Turkish) characters in string: ""Vsm finansal Dönüştürücü — TotalFinancialImpact"". Use Technical Academic English for code strings.
    ⚠️ Ln 112:12 — Non-English (Turkish) characters in string: ""WPS Preheat Sıcaklık — CarbonEquivalent_CE"". Use Technical Academic English for code strings.
    ⚠️ Ln 127:12 — Non-English (Turkish) characters in string: ""WPS Preheat Sıcaklık — PreheatTemp"". Use Technical Academic English for code strings.
    ⚠️ Ln 140:12 — Non-English (Turkish) characters in string: ""WPS Preheat Sıcaklık — CriticalCoolingTime"". Use Technical Academic English for code strings.
    ⚠️ Ln 152:12 — Non-English (Turkish) characters in string: ""WPS Preheat Sıcaklık — HydrogenCrackingRisk"". Use Technical Academic English for code strings.
    ⚠️ Ln 164:12 — Non-English (Turkish) characters in string: ""WPS Preheat Sıcaklık — EnergyCost"". Use Technical Academic English for code strings.
    ⚠️ Ln 180:12 — Non-English (Turkish) characters in string: ""Yakıt Rota Sapma — PlannedFuel"". Use Technical Academic English for code strings.
    ⚠️ Ln 190:12 — Non-English (Turkish) characters in string: ""Yakıt Rota Sapma — ActualFuel"". Use Technical Academic English for code strings.
    ⚠️ Ln 200:12 — Non-English (Turkish) characters in string: ""Yakıt Rota Sapma — RouteDrift"". Use Technical Academic English for code strings.
    ⚠️ Ln 210:12 — Non-English (Turkish) characters in string: ""Yakıt Rota Sapma — FuelWaste_Distance"". Use Technical Academic English for code strings.
    ⚠️ Ln 221:12 — Non-English (Turkish) characters in string: ""Yakıt Rota Sapma — FuelWaste_Efficiency"". Use Technical Academic English for code strings.
    ⚠️ Ln 233:12 — Non-English (Turkish) characters in string: ""Yakıt Rota Sapma — IdleFuelCost"". Use Technical Academic English for code strings.
    ⚠️ Ln 244:12 — Non-English (Turkish) characters in string: ""Yakıt Rota Sapma — TotalDriftCost"". Use Technical Academic English for code strings.

  📄 src/lib/features/premium-schema/formulas/chunk-65.ts
    ⚠️ Ln 76:12 — Non-English (Turkish) characters in string: ""Yangın Hidrantı Akış — FlowRate_Q"". Use Technical Academic English for code strings.
    ⚠️ Ln 91:12 — Non-English (Turkish) characters in string: ""Yangın Hidrantı Akış — ResidualPressure"". Use Technical Academic English for code strings.
    ⚠️ Ln 105:12 — Non-English (Turkish) characters in string: ""Yangın Hidrantı Akış — AvailableFlow_At20psi"". Use Technical Academic English for code strings.
    ⚠️ Ln 120:12 — Non-English (Turkish) characters in string: ""Yangın Hidrantı Akış — FrictionLoss"". Use Technical Academic English for code strings.
    ⚠️ Ln 133:12 — Non-English (Turkish) characters in string: ""Yangın Hidrantı Akış — RequiredPumpHead"". Use Technical Academic English for code strings.
    ⚠️ Ln 144:12 — Non-English (Turkish) characters in string: ""Yangın Hidrantı Akış — Compliance"". Use Technical Academic English for code strings.
    ⚠️ Ln 160:12 — Non-English (Turkish) characters in string: ""Yenileme Bütçesi Optimize Edici — BaseCost"". Use Technical Academic English for code strings.
    ⚠️ Ln 172:12 — Non-English (Turkish) characters in string: ""Yenileme Bütçesi Optimize Edici — Escalation"". Use Technical Academic English for code strings.
    ⚠️ Ln 183:12 — Non-English (Turkish) characters in string: ""Yenileme Bütçesi Optimize Edici — Contingency"". Use Technical Academic English for code strings.
    ⚠️ Ln 194:12 — Non-English (Turkish) characters in string: ""Yenileme Bütçesi Optimize Edici — SoftCosts"". Use Technical Academic English for code strings.
    ⚠️ Ln 206:12 — Non-English (Turkish) characters in string: ""Yenileme Bütçesi Optimize Edici — TotalBudget"". Use Technical Academic English for code strings.
    ⚠️ Ln 220:12 — Non-English (Turkish) characters in string: ""Yenileme Bütçesi Optimize Edici — ROI_Renovation"". Use Technical Academic English for code strings.

  📄 src/lib/features/premium-schema/formulas/chunk-66.ts
    ⚠️ Ln 194:12 — Non-English (Turkish) characters in string: ""Zaman Etüdü Analizörü — ObservedTime"". Use Technical Academic English for code strings.
    ⚠️ Ln 204:12 — Non-English (Turkish) characters in string: ""Zaman Etüdü Analizörü — NormalTime"". Use Technical Academic English for code strings.
    ⚠️ Ln 214:12 — Non-English (Turkish) characters in string: ""Zaman Etüdü Analizörü — AllowancePct"". Use Technical Academic English for code strings.
    ⚠️ Ln 225:12 — Non-English (Turkish) characters in string: ""Zaman Etüdü Analizörü — StandardTime"". Use Technical Academic English for code strings.
    ⚠️ Ln 235:12 — Non-English (Turkish) characters in string: ""Zaman Etüdü Analizörü — StandardOutput"". Use Technical Academic English for code strings.

  📄 src/lib/features/premium-schema/formulas/chunk-67.ts
    ⚠️ Ln 76:12 — Non-English (Turkish) characters in string: ""Zaman Etüdü Analizörü — LaborCostPerUnit"". Use Technical Academic English for code strings.
    ⚠️ Ln 86:12 — Non-English (Turkish) characters in string: ""Zaman Etüdü Analizörü — EfficiencyVariance"". Use Technical Academic English for code strings.
    ⚠️ Ln 99:12 — Non-English (Turkish) characters in string: ""Compressor — izentropik güç"". Use Technical Academic English for code strings.
    ⚠️ Ln 105:12 — Non-English (Turkish) characters in string: ""Compressor — şaft gücü"". Use Technical Academic English for code strings.
    ⚠️ Ln 111:12 — Non-English (Turkish) characters in string: ""Compressor — motor gücü"". Use Technical Academic English for code strings.
    ⚠️ Ln 117:12 — Non-English (Turkish) characters in string: ""Compressor — özgül güç"". Use Technical Academic English for code strings.
    ⚠️ Ln 123:12 — Non-English (Turkish) characters in string: ""Compressor — çıkış sıcaklığı"". Use Technical Academic English for code strings.
    ⚠️ Ln 129:12 — Non-English (Turkish) characters in string: ""Compressor — yıllık enerji"". Use Technical Academic English for code strings.
    ⚠️ Ln 135:12 — Non-English (Turkish) characters in string: ""Compressor — yıllık maliyet"". Use Technical Academic English for code strings.
    ⚠️ Ln 142:12 — Non-English (Turkish) characters in string: ""Cutting — devir hızı n"". Use Technical Academic English for code strings.
    ⚠️ Ln 148:12 — Non-English (Turkish) characters in string: ""Cutting — ilerleme hızı Vf"". Use Technical Academic English for code strings.
    ⚠️ Ln 166:12 — Non-English (Turkish) characters in string: ""Cutting — kesme gücü Pc"". Use Technical Academic English for code strings.
    ⚠️ Ln 172:12 — Non-English (Turkish) characters in string: ""Cutting — motor gücü"". Use Technical Academic English for code strings.
    ⚠️ Ln 184:12 — Non-English (Turkish) characters in string: ""Cutting — Ra yüzey pürüzlülüğü"". Use Technical Academic English for code strings.
    ⚠️ Ln 203:12 — Non-English (Turkish) characters in string: ""Evaporative — çıkış sıcaklığı"". Use Technical Academic English for code strings.
    ⚠️ Ln 215:12 — Non-English (Turkish) characters in string: ""Evaporative — cihaz sayısı"". Use Technical Academic English for code strings.
    ⚠️ Ln 221:12 — Non-English (Turkish) characters in string: ""Evaporative — toplam güç FES"". Use Technical Academic English for code strings.
    ⚠️ Ln 227:12 — Non-English (Turkish) characters in string: ""Evaporative — yıllık enerji FES"". Use Technical Academic English for code strings.
    ⚠️ Ln 233:12 — Non-English (Turkish) characters in string: ""Evaporative — yıllık enerji konv."". Use Technical Academic English for code strings.
    ⚠️ Ln 251:12 — Non-English (Turkish) characters in string: ""Evaporative — yıllık elk maliyeti FES"". Use Technical Academic English for code strings.
    ⚠️ Ln 257:12 — Non-English (Turkish) characters in string: ""Evaporative — yıllık su maliyeti"". Use Technical Academic English for code strings.
    ⚠️ Ln 276:12 — Non-English (Turkish) characters in string: ""Condenser — kondenser yeni sıcaklık"". Use Technical Academic English for code strings.
    ⚠️ Ln 288:12 — Non-English (Turkish) characters in string: ""Condenser — güç mevcut"". Use Technical Academic English for code strings.
    ⚠️ Ln 294:12 — Non-English (Turkish) characters in string: ""Condenser — güç yeni"". Use Technical Academic English for code strings.
    ⚠️ Ln 300:12 — Non-English (Turkish) characters in string: ""Condenser — güç tasarrufu"". Use Technical Academic English for code strings.
    ⚠️ Ln 306:12 — Non-English (Turkish) characters in string: ""Condenser — yıllık tasarruf kWh"". Use Technical Academic English for code strings.
    ⚠️ Ln 312:12 — Non-English (Turkish) characters in string: ""Condenser — yıllık tasarruf USD"". Use Technical Academic English for code strings.
    ⚠️ Ln 324:12 — Non-English (Turkish) characters in string: ""Condenser — geri ödeme (ay)"". Use Technical Academic English for code strings.
    ⚠️ Ln 344:45 — Non-English (Turkish) characters in string: ""padKalınligi_t"". Use Technical Academic English for code strings.
    ⚠️ Ln 349:12 — Non-English (Turkish) characters in string: ""Pad Media — çıkış kuru sıcaklık"". Use Technical Academic English for code strings.
    ⚠️ Ln 361:12 — Non-English (Turkish) characters in string: ""Pad Media — çıkış bağıl nem"". Use Technical Academic English for code strings.
    ⚠️ Ln 373:12 — Non-English (Turkish) characters in string: ""Pad Media — soğutma kapasitesi kW"". Use Technical Academic English for code strings.
    ⚠️ Ln 379:12 — Non-English (Turkish) characters in string: ""Pad Media — su tüketimi L/h"". Use Technical Academic English for code strings.
    ⚠️ Ln 385:12 — Non-English (Turkish) characters in string: ""Pad Media — basınç düşüşü Pa"". Use Technical Academic English for code strings.
    ⚠️ Ln 386:85 — Non-English (Turkish) characters in string: ""padKalınligi_t"". Use Technical Academic English for code strings.
    ⚠️ Ln 410:12 — Non-English (Turkish) characters in string: ""F-Gas — sızıntı testi yükümlülüğü"". Use Technical Academic English for code strings.
    ⚠️ Ln 416:12 — Non-English (Turkish) characters in string: ""F-Gas — yıllık test maliyeti"". Use Technical Academic English for code strings.
    ⚠️ Ln 422:12 — Non-English (Turkish) characters in string: ""F-Gas — yıllık kaçak kg"". Use Technical Academic English for code strings.
    ⚠️ Ln 428:12 — Non-English (Turkish) characters in string: ""F-Gas — kaçak maliyeti"". Use Technical Academic English for code strings.
    ⚠️ Ln 434:12 — Non-English (Turkish) characters in string: ""F-Gas — kaçak emisyon tCO2e"". Use Technical Academic English for code strings.
    ⚠️ Ln 459:12 — Non-English (Turkish) characters in string: ""Water — mavi oranı"". Use Technical Academic English for code strings.
    ⚠️ Ln 465:12 — Non-English (Turkish) characters in string: ""Water — yeşil oranı"". Use Technical Academic English for code strings.
    ⚠️ Ln 471:12 — Non-English (Turkish) characters in string: ""Water — gri oranı"". Use Technical Academic English for code strings.
    ⚠️ Ln 477:12 — Non-English (Turkish) characters in string: ""Water — benchmark farkı"". Use Technical Academic English for code strings.
    ⚠️ Ln 483:12 — Non-English (Turkish) characters in string: ""Water — iyileştirme potansiyeli"". Use Technical Academic English for code strings.
    ⚠️ Ln 490:12 — Non-English (Turkish) characters in string: ""Smoke — yangın çevresi"". Use Technical Academic English for code strings.
    ⚠️ Ln 496:12 — Non-English (Turkish) characters in string: ""Smoke — duman kütle debisi"". Use Technical Academic English for code strings.
    ⚠️ Ln 502:12 — Non-English (Turkish) characters in string: ""Smoke — gerekli havalandırma alanı"". Use Technical Academic English for code strings.
    ⚠️ Ln 508:12 — Non-English (Turkish) characters in string: ""Smoke — etkin alan oranı"". Use Technical Academic English for code strings.
    ⚠️ Ln 514:12 — Non-English (Turkish) characters in string: ""Smoke — kapak sayısı"". Use Technical Academic English for code strings.
    ⚠️ Ln 539:12 — Non-English (Turkish) characters in string: ""Nat Vent — gerekli menfez alanı"". Use Technical Academic English for code strings.
    ⚠️ Ln 545:12 — Non-English (Turkish) characters in string: ""Nat Vent — alt menfez alanı"". Use Technical Academic English for code strings.
    ⚠️ Ln 551:12 — Non-English (Turkish) characters in string: ""Nat Vent — üst menfez alanı"". Use Technical Academic English for code strings.
    ⚠️ Ln 557:12 — Non-English (Turkish) characters in string: ""Nat Vent — havalandırma debisi m³/h"". Use Technical Academic English for code strings.
    ⚠️ Ln 564:12 — Non-English (Turkish) characters in string: ""Compound — dönem sayısı"". Use Technical Academic English for code strings.
    ⚠️ Ln 576:12 — Non-English (Turkish) characters in string: ""Compound — FV katkı"". Use Technical Academic English for code strings.
    ⚠️ Ln 588:12 — Non-English (Turkish) characters in string: ""Compound — toplam yatırım"". Use Technical Academic English for code strings.
    ⚠️ Ln 600:12 — Non-English (Turkish) characters in string: ""Compound — vergi sonrası faiz"". Use Technical Academic English for code strings.
    ⚠️ Ln 606:12 — Non-English (Turkish) characters in string: ""Compound — vergi sonrası toplam"". Use Technical Academic English for code strings.
    ⚠️ Ln 618:12 — Non-English (Turkish) characters in string: ""Compound — satın alma gücü"". Use Technical Academic English for code strings.
    ⚠️ Ln 624:12 — Non-English (Turkish) characters in string: ""Compound — ikiye katlanma yıl"". Use Technical Academic English for code strings.
    ⚠️ Ln 631:12 — Non-English (Turkish) characters in string: ""Living wage — brüt yıllık"". Use Technical Academic English for code strings.
    ⚠️ Ln 637:12 — Non-English (Turkish) characters in string: ""Living wage — SGK işveren"". Use Technical Academic English for code strings.
    ⚠️ Ln 643:12 — Non-English (Turkish) characters in string: ""Living wage — işsizlik fonu"". Use Technical Academic English for code strings.
    ⚠️ Ln 655:12 — Non-English (Turkish) characters in string: ""Living wage — gelir vergisi yıllık"". Use Technical Academic English for code strings.
    ⚠️ Ln 661:12 — Non-English (Turkish) characters in string: ""Living wage — kesinti toplamı"". Use Technical Academic English for code strings.
    ⚠️ Ln 667:12 — Non-English (Turkish) characters in string: ""Living wage — net aylık"". Use Technical Academic English for code strings.
    ⚠️ Ln 673:12 — Non-English (Turkish) characters in string: ""Living wage — net yıllık"". Use Technical Academic English for code strings.
    ⚠️ Ln 679:12 — Non-English (Turkish) characters in string: ""Living wage — işveren toplam maliyet"". Use Technical Academic English for code strings.
    ⚠️ Ln 685:12 — Non-English (Turkish) characters in string: ""Living wage — çalışana fayda %"". Use Technical Academic English for code strings.
    ⚠️ Ln 698:12 — Non-English (Turkish) characters in string: ""Panel rad — ısı ihtiyacı W"". Use Technical Academic English for code strings.
    ⚠️ Ln 704:12 — Non-English (Turkish) characters in string: ""Panel rad — ısı ihtiyacı kcal/h"". Use Technical Academic English for code strings.
    ⚠️ Ln 710:12 — Non-English (Turkish) characters in string: ""Panel rad — panel gücü (75/65)"". Use Technical Academic English for code strings.
    ⚠️ Ln 717:12 — Non-English (Turkish) characters in string: ""Underfloor — ısıtma alanı"". Use Technical Academic English for code strings.
    ⚠️ Ln 723:12 — Non-English (Turkish) characters in string: ""Underfloor — ortalama zemin sıcaklığı"". Use Technical Academic English for code strings.
    ⚠️ Ln 729:12 — Non-English (Turkish) characters in string: ""Underfloor — ısı akısı W/m²"". Use Technical Academic English for code strings.
    ⚠️ Ln 735:12 — Non-English (Turkish) characters in string: ""Underfloor — toplam ısı gücü"". Use Technical Academic English for code strings.
    ⚠️ Ln 748:12 — Non-English (Turkish) characters in string: ""Solar — günlük sıcak su ihtiyacı"". Use Technical Academic English for code strings.
    ⚠️ Ln 754:12 — Non-English (Turkish) characters in string: ""Solar — günlük toplam enerji kWh"". Use Technical Academic English for code strings.
    ⚠️ Ln 760:12 — Non-English (Turkish) characters in string: ""Solar — kolektör alanı m²"". Use Technical Academic English for code strings.
    ⚠️ Ln 761:94 — Non-English (Turkish) characters in string: ""gunesIsinimiGünlük_Wm2"". Use Technical Academic English for code strings.
    ⚠️ Ln 772:12 — Non-English (Turkish) characters in string: ""Solar — yardımcı kaynak enerjisi"". Use Technical Academic English for code strings.
    ⚠️ Ln 785:12 — Non-English (Turkish) characters in string: ""EPQ — envanter döngüsü gün"". Use Technical Academic English for code strings.
    ⚠️ Ln 797:12 — Non-English (Turkish) characters in string: ""EPQ — yıllık hazırlık maliyeti"". Use Technical Academic English for code strings.
    ⚠️ Ln 803:12 — Non-English (Turkish) characters in string: ""EPQ — yıllık stok maliyeti"". Use Technical Academic English for code strings.
    ⚠️ Ln 810:12 — Non-English (Turkish) characters in string: ""Kanban — kart sayısı"". Use Technical Academic English for code strings.
    ⚠️ Ln 816:12 — Non-English (Turkish) characters in string: ""Kanban — emniyet stoğu"". Use Technical Academic English for code strings.
    ⚠️ Ln 823:12 — Non-English (Turkish) characters in string: ""Little — cevrim süresi"". Use Technical Academic English for code strings.
    ⚠️ Ln 835:12 — Non-English (Turkish) characters in string: ""Little — çıkış hesaplanan"". Use Technical Academic English for code strings.
    ⚠️ Ln 854:12 — Non-English (Turkish) characters in string: ""Milk run — toplam süre"". Use Technical Academic English for code strings.
    ⚠️ Ln 860:12 — Non-English (Turkish) characters in string: ""Milk run — sürücü maliyeti"". Use Technical Academic English for code strings.
    ⚠️ Ln 866:12 — Non-English (Turkish) characters in string: ""Milk run — akaryakıt maliyeti"". Use Technical Academic English for code strings.
    ⚠️ Ln 885:12 — Non-English (Turkish) characters in string: ""CPM — kritik yol süresi"". Use Technical Academic English for code strings.
    ⚠️ Ln 904:12 — Non-English (Turkish) characters in string: ""Queuing — varış oranı λ"". Use Technical Academic English for code strings.
    ⚠️ Ln 910:12 — Non-English (Turkish) characters in string: ""Queuing — servis oranı μ"". Use Technical Academic English for code strings.
    ⚠️ Ln 916:12 — Non-English (Turkish) characters in string: ""Queuing — kullanım oranı ρ (M/M/1)"". Use Technical Academic English for code strings.
    ⚠️ Ln 941:12 — Non-English (Turkish) characters in string: ""FMEA — risk düzeyi"". Use Technical Academic English for code strings.
    ⚠️ Ln 947:12 — Non-English (Turkish) characters in string: ""FMEA — fayda/maliyet oranı"". Use Technical Academic English for code strings.
    ⚠️ Ln 959:12 — Non-English (Turkish) characters in string: ""FMEA — öncelik sırası (kritiklik)"". Use Technical Academic English for code strings.
    ⚠️ Ln 971:12 — Non-English (Turkish) characters in string: ""FMEA — toplam önlem maliyeti"". Use Technical Academic English for code strings.
    ⚠️ Ln 1002:12 — Non-English (Turkish) characters in string: ""DOE — toplam deney sayısı"". Use Technical Academic English for code strings.
    ⚠️ Ln 1015:12 — Non-English (Turkish) characters in string: ""Reliability — kullanılabilirlik A"". Use Technical Academic English for code strings.
    ⚠️ Ln 1077:12 — Non-English (Turkish) characters in string: ""REBA — Grup A yük puanı"". Use Technical Academic English for code strings.
    ⚠️ Ln 1089:12 — Non-English (Turkish) characters in string: ""REBA — Grup B kavrama puanı"". Use Technical Academic English for code strings.
    ⚠️ Ln 1102:12 — Non-English (Turkish) characters in string: ""RCM — plansız duruş sıklığı"". Use Technical Academic English for code strings.
    ⚠️ Ln 1108:12 — Non-English (Turkish) characters in string: ""RCM — plansız duruş maliyeti/yıl"". Use Technical Academic English for code strings.
    ⚠️ Ln 1114:12 — Non-English (Turkish) characters in string: ""RCM — koruyucu bakım maliyeti/yıl"". Use Technical Academic English for code strings.
    ⚠️ Ln 1120:12 — Non-English (Turkish) characters in string: ""RCM — durumsal bakım maliyeti/yıl"". Use Technical Academic English for code strings.
    ⚠️ Ln 1127:12 — Non-English (Turkish) characters in string: ""Pareto — kategori sayısı"". Use Technical Academic English for code strings.
    ⚠️ Ln 1171:12 — Non-English (Turkish) characters in string: ""Kaizen — döngü süresi iyileşme %"". Use Technical Academic English for code strings.
    ⚠️ Ln 1177:12 — Non-English (Turkish) characters in string: ""Kaizen — toplam yıllık tasarruf"". Use Technical Academic English for code strings.
    ⚠️ Ln 1209:12 — Non-English (Turkish) characters in string: ""5S — sort yüzde"". Use Technical Academic English for code strings.
    ⚠️ Ln 1215:12 — Non-English (Turkish) characters in string: ""5S — setInOrder yüzde"". Use Technical Academic English for code strings.
    ⚠️ Ln 1221:12 — Non-English (Turkish) characters in string: ""5S — shine yüzde"". Use Technical Academic English for code strings.
    ⚠️ Ln 1227:12 — Non-English (Turkish) characters in string: ""5S — standardize yüzde"". Use Technical Academic English for code strings.
    ⚠️ Ln 1233:12 — Non-English (Turkish) characters in string: ""5S — sustain yüzde"". Use Technical Academic English for code strings.
    ⚠️ Ln 1257:12 — Non-English (Turkish) characters in string: ""5S — eğitim maliyeti"". Use Technical Academic English for code strings.
    ⚠️ Ln 1435:12 — Non-English (Turkish) characters in string: ""Living Wage — Net Ücret"". Use Technical Academic English for code strings.
    ⚠️ Ln 1441:12 — Non-English (Turkish) characters in string: ""Panel Radiator — Isı İhtiyacı"". Use Technical Academic English for code strings.
    ⚠️ Ln 1447:12 — Non-English (Turkish) characters in string: ""Underfloor Heating — Isı Gücü"". Use Technical Academic English for code strings.
    ⚠️ Ln 1453:12 — Non-English (Turkish) characters in string: ""Solar Collector — Kolektör Alanı"". Use Technical Academic English for code strings.

  📄 src/lib/features/premium-schema/premium-claim-copy.ts
    ⚠️ Ln 397:61 — Non-English (Turkish) characters in string: ""Gizli kayıp teşhisi"". Use Technical Academic English for code strings.
    ⚠️ Ln 398:51 — Non-English (Turkish) characters in string: ""Örnek senaryo"". Use Technical Academic English for code strings.

  📄 src/lib/features/premium-schema/schemas/absenteeism-cost-analyzer.ts
    ⚠️ Ln 11:32 — Non-English (Turkish) characters in string: ""Saatlik Ücret"". Use Technical Academic English for code strings.
    ⚠️ Ln 14:33 — Non-English (Turkish) characters in string: ""Normal Saatlik Ücret"". Use Technical Academic English for code strings.
    ⚠️ Ln 15:28 — Non-English (Turkish) characters in string: ""Fazla Mesai Ücreti"". Use Technical Academic English for code strings.
    ⚠️ Ln 31:128 — Non-English (Turkish) characters in string: ""Maliyet > $25K — devamsızlık yönetimi programı başlatılmalı". Use Technical Academic English for code strings.

  📄 src/lib/features/premium-schema/schemas/ai-token-cost-analyzer.ts
    ⚠️ Ln 26:35 — Non-English (Turkish) characters in string: ""Günlük API Request"". Use Technical Academic English for code strings.
    ⚠️ Ln 34:38 — Non-English (Turkish) characters in string: ""Güven Tamponu"". Use Technical Academic English for code strings.
    ⚠️ Ln 39:41 — Non-English (Turkish) characters in string: ""Günlük Prompt Maliyeti"". Use Technical Academic English for code strings.
    ⚠️ Ln 40:45 — Non-English (Turkish) characters in string: ""Günlük Completion Maliyeti"". Use Technical Academic English for code strings.
    ⚠️ Ln 41:39 — Non-English (Turkish) characters in string: ""Günlük Cache Net Maliyeti"". Use Technical Academic English for code strings.
    ⚠️ Ln 42:35 — Non-English (Turkish) characters in string: ""Günlük Toplam Baz Maliyet"". Use Technical Academic English for code strings.
    ⚠️ Ln 47:99 — Non-English (Turkish) characters in string: ""TCO > $5K/ay — caching veya model optimizasyonu değerlendir". Use Technical Academic English for code strings.

  📄 src/lib/features/premium-schema/schemas/aql-sampling-risk-analyzer.ts
    ⚠️ Ln 17:18 — Non-English (Turkish) characters in string: ""Muayene planı seçiminde AQL ve LTPD arasındaki risk dengesi". Use Technical Academic English for code strings.
    ⚠️ Ln 19:178 — Non-English (Turkish) characters in string: ""Toplam parti büyüklüğü."". Use Technical Academic English for code strings.
    ⚠️ Ln 22:180 — Non-English (Turkish) characters in string: ""Parti tolerans kusur yüzdesi."". Use Technical Academic English for code strings.
    ⚠️ Ln 23:185 — Non-English (Turkish) characters in string: ""Muayene edilecek örnek sayısı."". Use Technical Academic English for code strings.
    ⚠️ Ln 24:196 — Non-English (Turkish) characters in string: ""Maksimum kabul edilebilir hatalı sayısı."". Use Technical Academic English for code strings.
    ⚠️ Ln 31:31 — Non-English (Turkish) characters in string: ""Üretici Riski (α)"". Use Technical Academic English for code strings.
    ⚠️ Ln 32:30 — Non-English (Turkish) characters in string: ""Tüketici Riski (β)"". Use Technical Academic English for code strings.
    ⚠️ Ln 37:99 — Non-English (Turkish) characters in string: ""Üretici riski > %5 — iyi parti reddedilebilir."". Use Technical Academic English for code strings.
    ⚠️ Ln 38:99 — Non-English (Turkish) characters in string: ""Tüketici riski > %10 — kötü parti kaçabilir."". Use Technical Academic English for code strings.

  📄 src/lib/features/premium-schema/schemas/asme-pressure-vessel-analyzer.ts
    ⚠️ Ln 9:32 — Non-English (Turkish) characters in string: ""Küresel (Sphere)"". Use Technical Academic English for code strings.
    ⚠️ Ln 23:47 — Non-English (Turkish) characters in string: "'e göre basınçlı kap tasarımında duvar kalınlığı, MAWP ve ağ". Use Technical Academic English for code strings.
    ⚠️ Ln 45:108 — Non-English (Turkish) characters in string: ""Gerekli kalınlık > 10 mm — ağırlık ve maliyet artıyor."". Use Technical Academic English for code strings.

  📄 src/lib/features/premium-schema/schemas/auto-repair-comeback-analyzer.ts
    ⚠️ Ln 9:18 — Non-English (Turkish) characters in string: ""Geri dönüş onarımları (comeback) sadece direkt işçilik deği". Use Technical Academic English for code strings.
    ⚠️ Ln 11:42 — Non-English (Turkish) characters in string: ""Dönem Tamamlanan RO"". Use Technical Academic English for code strings.
    ⚠️ Ln 19:39 — Non-English (Turkish) characters in string: ""Körfez Doluluk Süresi"". Use Technical Academic English for code strings.
    ⚠️ Ln 30:102 — Non-English (Turkish) characters in string: ""Comeback oranı > %5 — süreç iyileştirme planı başlatılmalı.". Use Technical Academic English for code strings.

  📄 src/lib/features/premium-schema/schemas/auto-repair-quote-consistency-analyzer.ts
    ⚠️ Ln 9:18 — Non-English (Turkish) characters in string: ""Aynı iş için verilen farklı teklifler hem müşteri güvenini ". Use Technical Academic English for code strings.
    ⚠️ Ln 28:106 — Non-English (Turkish) characters in string: ""Tutarlılık < 70 — iyileştirme alanı var."". Use Technical Academic English for code strings.

  📄 src/lib/features/premium-schema/schemas/auto-shop-margin-leak-analyzer.ts
    ⚠️ Ln 9:18 — Non-English (Turkish) characters in string: ""Oto servislerde parça ve işçilik marjındaki küçük sapmalar ". Use Technical Academic English for code strings.
    ⚠️ Ln 21:191 — Non-English (Turkish) characters in string: ""Mevcut net kâr marjınız."". Use Technical Academic English for code strings.
    ⚠️ Ln 30:111 — Non-English (Turkish) characters in string: ""Yıllık kaçak > $30K — fiyatlama gözden geçirilmeli."". Use Technical Academic English for code strings.

  📄 src/lib/features/premium-schema/schemas/beam-weight-analyzer.ts
    ⚠️ Ln 13:30 — Non-English (Turkish) characters in string: ""Elastisite Modülü E"". Use Technical Academic English for code strings.
    ⚠️ Ln 20:121 — Non-English (Turkish) characters in string: ""Malzeme > $50K — alternatif profil değerlendirilmeli."". Use Technical Academic English for code strings.
    ⚠️ Ln 30:28 — Non-English (Turkish) characters in string: ""Kiriş Ağırlık Raporu"". Use Technical Academic English for code strings.
    ⚠️ Ln 31:112 — Non-English (Turkish) characters in string: ""Ağırlık = Kesit × Uzunluk × Adet × Yoğunluk."". Use Technical Academic English for code strings.

  📄 src/lib/features/premium-schema/schemas/bolt-torque-preload-analyzer.ts
    ⚠️ Ln 18:18 — Non-English (Turkish) characters in string: ""Cıvata bağlantılarında yanlış tork değeri ya yetersiz sıkma". Use Technical Academic English for code strings.
    ⚠️ Ln 25:42 — Non-English (Turkish) characters in string: ""Hedef Öngerilme (%)"". Use Technical Academic English for code strings.
    ⚠️ Ln 32:34 — Non-English (Turkish) characters in string: ""Öngerilme Kuvveti (F)"". Use Technical Academic English for code strings.
    ⚠️ Ln 34:32 — Non-English (Turkish) characters in string: ""Akma Kontrolü"". Use Technical Academic English for code strings.
    ⚠️ Ln 37:101 — Non-English (Turkish) characters in string: ""Öngerilme akma dayanımının %80'". Use Technical Academic English for code strings.

  📄 src/lib/features/premium-schema/schemas/bottleneck-investment-analyzer.ts
    ⚠️ Ln 8:18 — Non-English (Turkish) characters in string: ""Darboğazı tespit etmeden yapılan kapasite yatırımları bekle". Use Technical Academic English for code strings.
    ⚠️ Ln 10:115 — Non-English (Turkish) characters in string: ""birim/gün"". Use Technical Academic English for code strings.
    ⚠️ Ln 11:109 — Non-English (Turkish) characters in string: ""birim/gün"". Use Technical Academic English for code strings.
    ⚠️ Ln 12:28 — Non-English (Turkish) characters in string: ""Günlük Talep"". Use Technical Academic English for code strings.
    ⚠️ Ln 14:35 — Non-English (Turkish) characters in string: ""Mevcut Süre"". Use Technical Academic English for code strings.
    ⚠️ Ln 17:145 — Non-English (Turkish) characters in string: ""birim/gün"". Use Technical Academic English for code strings.
    ⚠️ Ln 19:126 — Non-English (Turkish) characters in string: ""gün"". Use Technical Academic English for code strings.
    ⚠️ Ln 24:30 — Non-English (Turkish) characters in string: ""Takt Süresi"". Use Technical Academic English for code strings.
    ⚠️ Ln 25:115 — Non-English (Turkish) characters in string: ""USD/gün"". Use Technical Academic English for code strings.
    ⚠️ Ln 27:35 — Non-English (Turkish) characters in string: ""Geri Ödeme Süresi"". Use Technical Academic English for code strings.
    ⚠️ Ln 29:104 — Non-English (Turkish) characters in string: ""ROI < %50 — yatırım alternatifleri değerlendirilmeli."". Use Technical Academic English for code strings.

  📄 src/lib/features/premium-schema/schemas/break-even-margin-of-safety-analyzer.ts
    ⚠️ Ln 11:184 — Non-English (Turkish) characters in string: ""Kira, maaş, sigorta gibi sabit giderler toplamı."". Use Technical Academic English for code strings.
    ⚠️ Ln 12:199 — Non-English (Turkish) characters in string: ""Birim başına değişken maliyet (hammadde, işçilik)."". Use Technical Academic English for code strings.
    ⚠️ Ln 13:192 — Non-English (Turkish) characters in string: ""Ürün başına satış fiyatı."". Use Technical Academic English for code strings.
    ⚠️ Ln 14:203 — Non-English (Turkish) characters in string: ""Mevcut satış adedi."". Use Technical Academic English for code strings.
    ⚠️ Ln 15:35 — Non-English (Turkish) characters in string: ""Güncel Gelir"". Use Technical Academic English for code strings.
    ⚠️ Ln 16:182 — Non-English (Turkish) characters in string: ""Ulaşılmak istenen kâr hedefi."". Use Technical Academic English for code strings.
    ⚠️ Ln 17:221 — Non-English (Turkish) characters in string: ""(Birim fiyat - BM) × satış adedi."". Use Technical Academic English for code strings.
    ⚠️ Ln 18:199 — Non-English (Turkish) characters in string: ""Katkı marjı - sabit giderler."". Use Technical Academic English for code strings.
    ⚠️ Ln 19:199 — Non-English (Turkish) characters in string: ""Birim fiyat - birim değişken maliyet."". Use Technical Academic English for code strings.

  📄 src/lib/features/premium-schema/schemas/calibration-drift-risk-analyzer.ts
    ⚠️ Ln 13:144 — Non-English (Turkish) characters in string: ""gün"". Use Technical Academic English for code strings.
    ⚠️ Ln 14:149 — Non-English (Turkish) characters in string: ""gün"". Use Technical Academic English for code strings.
    ⚠️ Ln 19:156 — Non-English (Turkish) characters in string: ""gün"". Use Technical Academic English for code strings.
    ⚠️ Ln 24:96 — Non-English (Turkish) characters in string: ""birim/gün"". Use Technical Academic English for code strings.
    ⚠️ Ln 27:120 — Non-English (Turkish) characters in string: ""gün"". Use Technical Academic English for code strings.

  📄 src/lib/features/premium-schema/schemas/carbon-footprint-check-analyzer.ts
    ⚠️ Ln 10:33 — Non-English (Turkish) characters in string: ""Elektrik Tüketimi"". Use Technical Academic English for code strings.
    ⚠️ Ln 12:31 — Non-English (Turkish) characters in string: ""YEK Sertifika Faktörü"". Use Technical Academic English for code strings.
    ⚠️ Ln 13:30 — Non-English (Turkish) characters in string: ""Malzeme Tüketimi"". Use Technical Academic English for code strings.
    ⚠️ Ln 14:32 — Non-English (Turkish) characters in string: ""Malzeme Emisyon Faktörü"". Use Technical Academic English for code strings.
    ⚠️ Ln 16:38 — Non-English (Turkish) characters in string: ""Üretim Hacmi"". Use Technical Academic English for code strings.
    ⚠️ Ln 37:165 — Non-English (Turkish) characters in string: ""CBAM 2026 sonrası karbon fiyatı ~80 EUR/ton."". Use Technical Academic English for code strings.

  📄 src/lib/features/premium-schema/schemas/cash-flow-gap-analyzer.ts
    ⚠️ Ln 8:18 — Non-English (Turkish) characters in string: ""Nakit akışı açığı, DSO/DPO/DIO dengesi ve nakit döngüsü hes". Use Technical Academic English for code strings.
    ⚠️ Ln 22:36 — Non-English (Turkish) characters in string: ""Kümülatif Nakit"". Use Technical Academic English for code strings.
    ⚠️ Ln 24:25 — Non-English (Turkish) characters in string: ""DSO (Alacak Gün Süresi)"". Use Technical Academic English for code strings.
    ⚠️ Ln 25:102 — Non-English (Turkish) characters in string: ""gün"". Use Technical Academic English for code strings.
    ⚠️ Ln 26:25 — Non-English (Turkish) characters in string: ""DIO (Stok Gün Süresi)"". Use Technical Academic English for code strings.
    ⚠️ Ln 27:115 — Non-English (Turkish) characters in string: ""gün"". Use Technical Academic English for code strings.
    ⚠️ Ln 58:111 — Non-English (Turkish) characters in string: ""DSO = (Alacak/Gelir)×30 gün."". Use Technical Academic English for code strings.

  📄 src/lib/features/premium-schema/schemas/cbam-compliance-verdict-analyzer.ts
    ⚠️ Ln 28:40 — Non-English (Turkish) characters in string: ""Toplam Gömülü Emisyon"". Use Technical Academic English for code strings.
    ⚠️ Ln 31:38 — Non-English (Turkish) characters in string: ""Spesifik Gömülü Emisyon"". Use Technical Academic English for code strings.
    ⚠️ Ln 33:40 — Non-English (Turkish) characters in string: ""Net CBAM Finansal Yükümlülük"". Use Technical Academic English for code strings.
    ⚠️ Ln 38:115 — Non-English (Turkish) characters in string: ""Yükümlülük > $25K — fiyatlama stratejisi gözden geçirilmeli". Use Technical Academic English for code strings.

  📄 src/lib/features/premium-schema/schemas/cbam-exposure-analyzer.ts
    ⚠️ Ln 14:42 — Non-English (Turkish) characters in string: ""Üretim Hacmi"". Use Technical Academic English for code strings.
    ⚠️ Ln 16:30 — Non-English (Turkish) characters in string: ""Kömür Tüketimi"". Use Technical Academic English for code strings.
    ⚠️ Ln 17:36 — Non-English (Turkish) characters in string: ""Elektrik Tüketimi"". Use Technical Academic English for code strings.
    ⚠️ Ln 26:227 — Non-English (Turkish) characters in string: ""Direkt emisyonlar (doğalgaz/kömür/proses)."". Use Technical Academic English for code strings.
    ⚠️ Ln 27:229 — Non-English (Turkish) characters in string: ""Elektrik tüketimi kaynaklı emisyonlar."". Use Technical Academic English for code strings.
    ⚠️ Ln 28:40 — Non-English (Turkish) characters in string: ""Toplam Gömülü Emisyon"". Use Technical Academic English for code strings.
    ⚠️ Ln 31:35 — Non-English (Turkish) characters in string: ""Toplam Gömülü Emisyon"". Use Technical Academic English for code strings.
    ⚠️ Ln 38:105 — Non-English (Turkish) characters in string: ""Uyum puanı < 50 — veri ve doğrulama eksik."". Use Technical Academic English for code strings.

  📄 src/lib/features/premium-schema/schemas/chatter-surface-quality-analyzer.ts
    ⚠️ Ln 9:18 — Non-English (Turkish) characters in string: ""CNC işlemede chatter (titreşim) yüzey pürüzlülüğünü artırır". Use Technical Academic English for code strings.
    ⚠️ Ln 24:99 — Non-English (Turkish) characters in string: ""mm/diş"". Use Technical Academic English for code strings.
    ⚠️ Ln 30:101 — Non-English (Turkish) characters in string: ""Ra > 1.6 µm — yeniden işleme riski var."". Use Technical Academic English for code strings.

  📄 src/lib/features/premium-schema/schemas/cleaning-bid-optimizer-analyzer.ts
    ⚠️ Ln 22:116 — Non-English (Turkish) characters in string: ""Teklif > rakip — rekabetçilik düşebilir."". Use Technical Academic English for code strings.

  📄 src/lib/features/premium-schema/schemas/cloud-api-overrun-analyzer.ts
    ⚠️ Ln 9:18 — Non-English (Turkish) characters in string: ""API aşım, throttling ve data egress maliyetleri faturalarda". Use Technical Academic English for code strings.
    ⚠️ Ln 19:41 — Non-English (Turkish) characters in string: ""SLA Uptime Taahhüdü"". Use Technical Academic English for code strings.
    ⚠️ Ln 22:221 — Non-English (Turkish) characters in string: ""Veri çıkışının aylık maliyeti."". Use Technical Academic English for code strings.
    ⚠️ Ln 33:112 — Non-English (Turkish) characters in string: ""Overrun > $1K — plan yükseltme veya optimizasyon düşünülmel". Use Technical Academic English for code strings.

  📄 src/lib/features/premium-schema/schemas/cloud-waste-elimination-analyzer.ts
    ⚠️ Ln 14:41 — Non-English (Turkish) characters in string: ""Snapshot Depolama Ücreti"". Use Technical Academic English for code strings.
    ⚠️ Ln 24:228 — Non-English (Turkish) characters in string: ""Bağımsız diskler + atıl snapshotlar."". Use Technical Academic English for code strings.
    ⚠️ Ln 25:220 — Non-English (Turkish) characters in string: ""Mevcut - right-sized farkı."". Use Technical Academic English for code strings.
    ⚠️ Ln 26:233 — Non-English (Turkish) characters in string: ""Spot kullanım artışından tasarruf."". Use Technical Academic English for code strings.
    ⚠️ Ln 27:223 — Non-English (Turkish) characters in string: ""Reserved vs on-demand farkı."". Use Technical Academic English for code strings.
    ⚠️ Ln 28:231 — Non-English (Turkish) characters in string: ""Mesai dışı çalışan instance'". Use Technical Academic English for code strings.
    ⚠️ Ln 37:116 — Non-English (Turkish) characters in string: ""Aylık israf > $2K — bulut maliyet optimizasyonu planı başla". Use Technical Academic English for code strings.

  📄 src/lib/features/premium-schema/schemas/clv-cac-ratio-analyzer.ts
    ⚠️ Ln 8:18 — Non-English (Turkish) characters in string: ""Müşteri kazanma maliyeti (CAC) ile yaşam boyu değer (CLV) a". Use Technical Academic English for code strings.
    ⚠️ Ln 11:137 — Non-English (Turkish) characters in string: ""adet/yıl"". Use Technical Academic English for code strings.
    ⚠️ Ln 12:145 — Non-English (Turkish) characters in string: ""yıl"". Use Technical Academic English for code strings.
    ⚠️ Ln 13:36 — Non-English (Turkish) characters in string: ""Brüt Marj"". Use Technical Academic English for code strings.
    ⚠️ Ln 19:127 — Non-English (Turkish) characters in string: ""kişi"". Use Technical Academic English for code strings.
    ⚠️ Ln 23:25 — Non-English (Turkish) characters in string: ""CLV (Brüt)"". Use Technical Academic English for code strings.
    ⚠️ Ln 24:27 — Non-English (Turkish) characters in string: ""Brüt Marj CLV"". Use Technical Academic English for code strings.
    ⚠️ Ln 27:29 — Non-English (Turkish) characters in string: ""Geri Ödeme Süresi"". Use Technical Academic English for code strings.
    ⚠️ Ln 31:94 — Non-English (Turkish) characters in string: ""LTV/CAC < 3 — pazarlama verimliliği iyileştirilmeli."". Use Technical Academic English for code strings.

  📄 src/lib/features/premium-schema/schemas/cnc-cycle-time-analyzer.ts
    ⚠️ Ln 11:107 — Non-English (Turkish) characters in string: ""mm/diş"". Use Technical Academic English for code strings.
    ⚠️ Ln 22:33 — Non-English (Turkish) characters in string: ""Planlanan Üretim Süresi"". Use Technical Academic English for code strings.
    ⚠️ Ln 27:29 — Non-English (Turkish) characters in string: ""Kesme Süresi (T_cut)"". Use Technical Academic English for code strings.
    ⚠️ Ln 31:35 — Non-English (Turkish) characters in string: ""Günlük Kapasite"". Use Technical Academic English for code strings.

  📄 src/lib/features/premium-schema/schemas/cnc-machining-cost-analyzer.ts
    ⚠️ Ln 15:33 — Non-English (Turkish) characters in string: ""Makine Saat Ücreti"". Use Technical Academic English for code strings.
    ⚠️ Ln 16:29 — Non-English (Turkish) characters in string: ""Kesme Süresi (T_cut)"". Use Technical Academic English for code strings.
    ⚠️ Ln 19:34 — Non-English (Turkish) characters in string: ""Makine Gücü"". Use Technical Academic English for code strings.

  📄 src/lib/features/premium-schema/schemas/compressed-air-energy-cost-analyzer.ts
    ⚠️ Ln 9:18 — Non-English (Turkish) characters in string: ""Basınçlı hava sistemleri fabrika elektrik faturasının %30'". Use Technical Academic English for code strings.
    ⚠️ Ln 11:39 — Non-English (Turkish) characters in string: ""Kompresör Gücü"". Use Technical Academic English for code strings.
    ⚠️ Ln 12:136 — Non-English (Turkish) characters in string: ""saat/yıl"". Use Technical Academic English for code strings.
    ⚠️ Ln 22:138 — Non-English (Turkish) characters in string: ""USD/yıl"". Use Technical Academic English for code strings.
    ⚠️ Ln 23:125 — Non-English (Turkish) characters in string: ""USD/yıl"". Use Technical Academic English for code strings.
    ⚠️ Ln 24:151 — Non-English (Turkish) characters in string: ""USD/yıl"". Use Technical Academic English for code strings.
    ⚠️ Ln 27:107 — Non-English (Turkish) characters in string: ""USD/yıl"". Use Technical Academic English for code strings.
    ⚠️ Ln 28:124 — Non-English (Turkish) characters in string: ""USD/yıl"". Use Technical Academic English for code strings.
    ⚠️ Ln 29:106 — Non-English (Turkish) characters in string: ""USD/yıl"". Use Technical Academic English for code strings.
    ⚠️ Ln 33:113 — Non-English (Turkish) characters in string: ""Yıllık maliyet > $50K — kaçak taraması önerilir."". Use Technical Academic English for code strings.

  📄 src/lib/features/premium-schema/schemas/compressed-air-leak-analyzer.ts
    ⚠️ Ln 5:18 — Non-English (Turkish) characters in string: ""Basınçlı hava kaçakları tespit edilmezse enerji maliyeti gi". Use Technical Academic English for code strings.
    ⚠️ Ln 10:35 — Non-English (Turkish) characters in string: ""Kompresör Verimi"". Use Technical Academic English for code strings.
    ⚠️ Ln 13:28 — Non-English (Turkish) characters in string: ""Emisyon Faktörü"". Use Technical Academic English for code strings.
    ⚠️ Ln 20:96 — Non-English (Turkish) characters in string: ""USD/yıl"". Use Technical Academic English for code strings.
    ⚠️ Ln 21:98 — Non-English (Turkish) characters in string: ""USD/yıl"". Use Technical Academic English for code strings.
    ⚠️ Ln 23:35 — Non-English (Turkish) characters in string: ""Tamir Geri Ödeme"". Use Technical Academic English for code strings.
    ⚠️ Ln 25:120 — Non-English (Turkish) characters in string: ""Kaçak maliyeti > $5K/yıl — onarım programı başlatılmalı."". Use Technical Academic English for code strings.
    ⚠️ Ln 58:28 — Non-English (Turkish) characters in string: ""Kompresör Kaçak Raporu"". Use Technical Academic English for code strings.
    ⚠️ Ln 59:111 — Non-English (Turkish) characters in string: ""Kaçak debisi = 22.4×d²×P/√T."". Use Technical Academic English for code strings.

  📄 src/lib/features/premium-schema/schemas/compressor-tank-sizing-analyzer.ts
    ⚠️ Ln 7:29 — Non-English (Turkish) characters in string: ""Kompresör Debisi Q"". Use Technical Academic English for code strings.
    ⚠️ Ln 10:36 — Non-English (Turkish) characters in string: ""Hedef Dolum Süresi"". Use Technical Academic English for code strings.
    ⚠️ Ln 18:97 — Non-English (Turkish) characters in string: ""çevrim/saat"". Use Technical Academic English for code strings.
    ⚠️ Ln 19:37 — Non-English (Turkish) characters in string: ""Motor Start Kontrolü"". Use Technical Academic English for code strings.
    ⚠️ Ln 22:115 — Non-English (Turkish) characters in string: ""Motor start limit aşıldı — tank hacmi artırılmalı."". Use Technical Academic English for code strings.
    ⚠️ Ln 46:28 — Non-English (Turkish) characters in string: ""Kompresör Tankı Raporu"". Use Technical Academic English for code strings.
    ⚠️ Ln 47:144 — Non-English (Turkish) characters in string: ""Çevrim = Tank×(Pmax-Pmin) / (Q×Patm)."". Use Technical Academic English for code strings.

  📄 src/lib/features/premium-schema/schemas/concrete-volume-cost-analyzer.ts
    ⚠️ Ln 16:18 — Non-English (Turkish) characters in string: ""Şantiyelerde beton hacmi elle hesaplanırken fire, pompa ve ". Use Technical Academic English for code strings.
    ⚠️ Ln 44:106 — Non-English (Turkish) characters in string: ""Beton maliyeti > $10K — alternatif tedarikçi değerlendir."". Use Technical Academic English for code strings.

  📄 src/lib/features/premium-schema/schemas/container-load-analyzer.ts
    ⚠️ Ln 10:33 — Non-English (Turkish) characters in string: ""Ürün Hacimleri"". Use Technical Academic English for code strings.
    ⚠️ Ln 20:36 — Non-English (Turkish) characters in string: ""Yükleme Verimi"". Use Technical Academic English for code strings.
    ⚠️ Ln 23:115 — Non-English (Turkish) characters in string: ""Verim < %75 — konteyner optimizasyonu önerilir."". Use Technical Academic English for code strings.
    ⚠️ Ln 40:112 — Non-English (Turkish) characters in string: ""Doluluk = min(Hacim%, Ağırlık%)."". Use Technical Academic English for code strings.

  📄 src/lib/features/premium-schema/schemas/contract-incentive-analyzer.ts
    ⚠️ Ln 12:31 — Non-English (Turkish) characters in string: ""Hedef Ücret"". Use Technical Academic English for code strings.
    ⚠️ Ln 14:28 — Non-English (Turkish) characters in string: ""Minimum Ücret"". Use Technical Academic English for code strings.
    ⚠️ Ln 15:28 — Non-English (Turkish) characters in string: ""Maksimum Ücret"". Use Technical Academic English for code strings.

  📄 src/lib/features/premium-schema/schemas/cpk-ppm-converter-analyzer.ts
    ⚠️ Ln 8:18 — Non-English (Turkish) characters in string: ""Cpk değerini PPM ve Sigma seviyesine dönüştüremeden proses ". Use Technical Academic English for code strings.
    ⚠️ Ln 10:25 — Non-English (Turkish) characters in string: ""Üst Spesifikasyon Limiti (USL)"". Use Technical Academic English for code strings.
    ⚠️ Ln 15:33 — Non-English (Turkish) characters in string: ""Günlük Üretim Hacmi"". Use Technical Academic English for code strings.
    ⚠️ Ln 23:42 — Non-English (Turkish) characters in string: ""Tahmini Günlük Hata"". Use Technical Academic English for code strings.
    ⚠️ Ln 26:96 — Non-English (Turkish) characters in string: ""Cpk < 1.33 — proses iyileştirme gerekiyor."". Use Technical Academic English for code strings.

  📄 src/lib/features/premium-schema/schemas/cpm-delay-penalty-analyzer.ts
    ⚠️ Ln 8:18 — Non-English (Turkish) characters in string: ""İnşaat projelerinde gecikme cezaları ve EOT talepleri doğru". Use Technical Academic English for code strings.
    ⚠️ Ln 10:37 — Non-English (Turkish) characters in string: ""Planlanan Süre"". Use Technical Academic English for code strings.
    ⚠️ Ln 11:131 — Non-English (Turkish) characters in string: ""gün"". Use Technical Academic English for code strings.
    ⚠️ Ln 12:104 — Non-English (Turkish) characters in string: ""gün"". Use Technical Academic English for code strings.
    ⚠️ Ln 13:34 — Non-English (Turkish) characters in string: ""Mücbir Sebep Günü"". Use Technical Academic English for code strings.
    ⚠️ Ln 14:124 — Non-English (Turkish) characters in string: ""gün"". Use Technical Academic English for code strings.
    ⚠️ Ln 15:131 — Non-English (Turkish) characters in string: ""USD/gün"". Use Technical Academic English for code strings.
    ⚠️ Ln 17:31 — Non-English (Turkish) characters in string: ""Verimlilik Faktörü"". Use Technical Academic English for code strings.
    ⚠️ Ln 18:163 — Non-English (Turkish) characters in string: ""gün"". Use Technical Academic English for code strings.
    ⚠️ Ln 21:96 — Non-English (Turkish) characters in string: ""gün"". Use Technical Academic English for code strings.
    ⚠️ Ln 22:111 — Non-English (Turkish) characters in string: ""gün"". Use Technical Academic English for code strings.
    ⚠️ Ln 23:105 — Non-English (Turkish) characters in string: ""gün"". Use Technical Academic English for code strings.
    ⚠️ Ln 26:92 — Non-English (Turkish) characters in string: ""gün"". Use Technical Academic English for code strings.
    ⚠️ Ln 29:115 — Non-English (Turkish) characters in string: ""Ceza > $50K — hızlandırma veya EOT değerlendirilmeli."". Use Technical Academic English for code strings.

  📄 src/lib/features/premium-schema/schemas/crop-yield-loss-analyzer.ts
    ⚠️ Ln 5:18 — Non-English (Turkish) characters in string: ""Verim kaybı ve finansal etkisi hesaplanmazsa, tarımsal müda". Use Technical Academic English for code strings.
    ⚠️ Ln 15:38 — Non-English (Turkish) characters in string: ""Müdahale Maliyeti"". Use Technical Academic English for code strings.
    ⚠️ Ln 22:37 — Non-English (Turkish) characters in string: ""Müdahale ROI"". Use Technical Academic English for code strings.
    ⚠️ Ln 24:112 — Non-English (Turkish) characters in string: ""Verim farkı > 100 kg/da — müdahale değerlendirilmeli."". Use Technical Academic English for code strings.
    ⚠️ Ln 42:112 — Non-English (Turkish) characters in string: ""Potansiyel = Genetik × Çevre."". Use Technical Academic English for code strings.

  📄 src/lib/features/premium-schema/schemas/currency-risk-analyzer.ts
    ⚠️ Ln 5:18 — Non-English (Turkish) characters in string: ""Kur riski hedge edilmezse, döviz açık pozisyonu beklenmedik". Use Technical Academic English for code strings.
    ⚠️ Ln 7:31 — Non-English (Turkish) characters in string: ""Döviz Gelir"". Use Technical Academic English for code strings.
    ⚠️ Ln 8:28 — Non-English (Turkish) characters in string: ""Döviz Gider"". Use Technical Academic English for code strings.
    ⚠️ Ln 11:106 — Non-English (Turkish) characters in string: ""gün"". Use Technical Academic English for code strings.
    ⚠️ Ln 19:32 — Non-English (Turkish) characters in string: ""Net Döviz Pozisyonu"". Use Technical Academic English for code strings.
    ⚠️ Ln 26:120 — Non-English (Turkish) characters in string: ""Açık VaR > $50K — hedge oranı artırılmalı."". Use Technical Academic English for code strings.

  📄 src/lib/features/premium-schema/schemas/cut-fill-balance-analyzer.ts
    ⚠️ Ln 5:18 — Non-English (Turkish) characters in string: ""Kazı-dolgu dengesi hesaplanmazsa, fazla hafriyat veya ödünç". Use Technical Academic English for code strings.
    ⚠️ Ln 10:33 — Non-English (Turkish) characters in string: ""Kabarma Faktörü"". Use Technical Academic English for code strings.
    ⚠️ Ln 21:119 — Non-English (Turkish) characters in string: ""Ödünç > 500m³ — maliyet artışı beklenir."". Use Technical Academic English for code strings.
    ⚠️ Ln 35:111 — Non-English (Turkish) characters in string: ""Net Denge = Kazı - (Dolgu × Sıkışma)."". Use Technical Academic English for code strings.

  📄 src/lib/features/premium-schema/schemas/cutting-tool-life-analyzer.ts
    ⚠️ Ln 11:29 — Non-English (Turkish) characters in string: ""Taylor Üssü n"". Use Technical Academic English for code strings.
    ⚠️ Ln 12:29 — Non-English (Turkish) characters in string: ""Taylor Üssü m"". Use Technical Academic English for code strings.
    ⚠️ Ln 13:29 — Non-English (Turkish) characters in string: ""Taylor Üssü k"". Use Technical Academic English for code strings.
    ⚠️ Ln 17:33 — Non-English (Turkish) characters in string: ""Makine Saat Ücreti"". Use Technical Academic English for code strings.
    ⚠️ Ln 25:91 — Non-English (Turkish) characters in string: ""parça/saat"". Use Technical Academic English for code strings.

  📄 src/lib/features/premium-schema/schemas/dairy-profit-detector-analyzer.ts
    ⚠️ Ln 10:134 — Non-English (Turkish) characters in string: ""kg/gün"". Use Technical Academic English for code strings.
    ⚠️ Ln 14:136 — Non-English (Turkish) characters in string: ""USD/gün"". Use Technical Academic English for code strings.
    ⚠️ Ln 15:123 — Non-English (Turkish) characters in string: ""baş"". Use Technical Academic English for code strings.
    ⚠️ Ln 16:115 — Non-English (Turkish) characters in string: ""hücre/mL"". Use Technical Academic English for code strings.
    ⚠️ Ln 17:137 — Non-English (Turkish) characters in string: ""USD/gün"". Use Technical Academic English for code strings.
    ⚠️ Ln 20:114 — Non-English (Turkish) characters in string: ""kg/gün"". Use Technical Academic English for code strings.
    ⚠️ Ln 21:41 — Non-English (Turkish) characters in string: ""Yem Üzeri Gelir (IOFC)"". Use Technical Academic English for code strings.
    ⚠️ Ln 23:120 — Non-English (Turkish) characters in string: ""Yem üzeri gelir <$3/inek/gün — kârlılık daralıyor."". Use Technical Academic English for code strings.
    ⚠️ Ln 38:28 — Non-English (Turkish) characters in string: ""Süt Kâr Dedektörü Raporu"". Use Technical Academic English for code strings.
    ⚠️ Ln 39:111 — Non-English (Turkish) characters in string: ""FCM = verim × (0.4324 + 0.1625 × yağ% + 0.0345 × protein%).". Use Technical Academic English for code strings.

  📄 src/lib/features/premium-schema/schemas/delivery-cost-analyzer.ts
    ⚠️ Ln 8:18 — Non-English (Turkish) characters in string: ""Teslimat maliyetleri başarılı ve başarısız sevkiyatlara gör". Use Technical Academic English for code strings.
    ⚠️ Ln 21:119 — Non-English (Turkish) characters in string: ""Teslimat verimliliği < %90 — süreç iyileştirme önerilir."". Use Technical Academic English for code strings.

  📄 src/lib/features/premium-schema/schemas/demand-forecast-stock-analyzer.ts
    ⚠️ Ln 8:18 — Non-English (Turkish) characters in string: ""Talep tahmini sapmaları ya stok fazlası taşıma maliyetine y". Use Technical Academic English for code strings.
    ⚠️ Ln 10:127 — Non-English (Turkish) characters in string: ""adet/dönem"". Use Technical Academic English for code strings.
    ⚠️ Ln 11:114 — Non-English (Turkish) characters in string: ""adet/dönem"". Use Technical Academic English for code strings.
    ⚠️ Ln 14:30 — Non-English (Turkish) characters in string: ""Teslim Süresi"". Use Technical Academic English for code strings.
    ⚠️ Ln 19:122 — Non-English (Turkish) characters in string: ""USD/dönem"". Use Technical Academic English for code strings.
    ⚠️ Ln 20:108 — Non-English (Turkish) characters in string: ""USD/dönem"". Use Technical Academic English for code strings.
    ⚠️ Ln 21:128 — Non-English (Turkish) characters in string: ""USD/dönem"". Use Technical Academic English for code strings.
    ⚠️ Ln 23:117 — Non-English (Turkish) characters in string: ""Tahmin hatası > 100 adet — forecast modeli gözden geçirilme". Use Technical Academic English for code strings.

  📄 src/lib/features/premium-schema/schemas/digital-twin-cost-analyzer.ts
    ⚠️ Ln 8:18 — Non-English (Turkish) characters in string: ""Digital twin yatırımının geleneksel yönteme göre maliyet av". Use Technical Academic English for code strings.
    ⚠️ Ln 10:37 — Non-English (Turkish) characters in string: ""Geleneksel Yöntem Maliyeti"". Use Technical Academic English for code strings.
    ⚠️ Ln 12:150 — Non-English (Turkish) characters in string: ""gün"". Use Technical Academic English for code strings.
    ⚠️ Ln 13:145 — Non-English (Turkish) characters in string: ""gün"". Use Technical Academic English for code strings.
    ⚠️ Ln 23:35 — Non-English (Turkish) characters in string: ""Geri Ödeme Süresi"". Use Technical Academic English for code strings.
    ⚠️ Ln 25:105 — Non-English (Turkish) characters in string: ""ROI < %100 — fizibilite tekrar değerlendirilmeli."". Use Technical Academic English for code strings.

  📄 src/lib/features/premium-schema/schemas/downtime-cost-analyzer.ts
    ⚠️ Ln 9:18 — Non-English (Turkish) characters in string: ""Plansız duruşların gerçek maliyeti sadece kayıp üretim deği". Use Technical Academic English for code strings.
    ⚠️ Ln 12:130 — Non-English (Turkish) characters in string: ""kişi"". Use Technical Academic English for code strings.
    ⚠️ Ln 13:35 — Non-English (Turkish) characters in string: ""Ortalama Saatlik Ücret"". Use Technical Academic English for code strings.
    ⚠️ Ln 19:34 — Non-English (Turkish) characters in string: ""Fazla Mesai Ücreti"". Use Technical Academic English for code strings.
    ⚠️ Ln 34:114 — Non-English (Turkish) characters in string: ""Duruş maliyeti > $10K — önleyici bakım planı gözden geçiril". Use Technical Academic English for code strings.

  📄 src/lib/features/premium-schema/schemas/dye-recipe-cost-analyzer.ts
    ⚠️ Ln 8:18 — Non-English (Turkish) characters in string: ""Boyarmadde reçetesinde fire ve kimyasal maliyeti kontrol ed". Use Technical Academic English for code strings.
    ⚠️ Ln 12:39 — Non-English (Turkish) characters in string: ""Konsantrasyonlar (g/L, virgülle)"". Use Technical Academic English for code strings.
    ⚠️ Ln 26:253 — Non-English (Turkish) characters in string: ""Maliyet > $5/kg — acil reçete optimizasyonu."". Use Technical Academic English for code strings.

  📄 src/lib/features/premium-schema/schemas/employee-turnover-cost-analyzer.ts
    ⚠️ Ln 11:129 — Non-English (Turkish) characters in string: ""kişi"". Use Technical Academic English for code strings.
    ⚠️ Ln 13:143 — Non-English (Turkish) characters in string: ""gün"". Use Technical Academic English for code strings.
    ⚠️ Ln 14:150 — Non-English (Turkish) characters in string: ""USD/gün"". Use Technical Academic English for code strings.
    ⚠️ Ln 16:36 — Non-English (Turkish) characters in string: ""Mülakat Süresi (Toplam)"". Use Technical Academic English for code strings.
    ⚠️ Ln 20:37 — Non-English (Turkish) characters in string: ""Oryantasyon Süresi"". Use Technical Academic English for code strings.
    ⚠️ Ln 22:159 — Non-English (Turkish) characters in string: ""gün"". Use Technical Academic English for code strings.
    ⚠️ Ln 23:151 — Non-English (Turkish) characters in string: ""birim/gün"". Use Technical Academic English for code strings.
    ⚠️ Ln 25:222 — Non-English (Turkish) characters in string: ""İşten çıkış maliyeti (tazminat + işlem)."". Use Technical Academic English for code strings.
    ⚠️ Ln 26:214 — Non-English (Turkish) characters in string: ""Boş pozisyonun günlük gelir kaybı."". Use Technical Academic English for code strings.
    ⚠️ Ln 27:200 — Non-English (Turkish) characters in string: ""İlan, mülakat, referans maliyeti."". Use Technical Academic English for code strings.
    ⚠️ Ln 28:216 — Non-English (Turkish) characters in string: ""Eğitim + oryantasyon maliyeti."". Use Technical Academic English for code strings.
    ⚠️ Ln 29:228 — Non-English (Turkish) characters in string: ""Tam verime ulaşana kadar kayıp."". Use Technical Academic English for code strings.
    ⚠️ Ln 40:115 — Non-English (Turkish) characters in string: ""Ciro maliyeti > $50K — çalışan bağlılığı programı değerlend". Use Technical Academic English for code strings.

  📄 src/lib/features/premium-schema/schemas/energy-consumption-report-analyzer.ts
    ⚠️ Ln 8:18 — Non-English (Turkish) characters in string: ""Enerji faturasında reaktif ceza, talep bedeli ve karbon mal". Use Technical Academic English for code strings.
    ⚠️ Ln 10:31 — Non-English (Turkish) characters in string: ""Aktif Tüketim (kWh)"". Use Technical Academic English for code strings.
    ⚠️ Ln 11:35 — Non-English (Turkish) characters in string: ""Reaktif Tüketim (kVArh)"". Use Technical Academic English for code strings.
    ⚠️ Ln 19:32 — Non-English (Turkish) characters in string: ""Emisyon Faktörü"". Use Technical Academic English for code strings.
    ⚠️ Ln 28:112 — Non-English (Turkish) characters in string: ""PF < %90 — kompanzasyon iyileştirilmeli."". Use Technical Academic English for code strings.

  📄 src/lib/features/premium-schema/schemas/environmental-waste-cost-analyzer.ts
    ⚠️ Ln 8:18 — Non-English (Turkish) characters in string: ""Atık bertaraf, tehlikeli atık ve emisyon maliyetleri ayrışt". Use Technical Academic English for code strings.
    ⚠️ Ln 11:33 — Non-English (Turkish) characters in string: ""Bertaraf Ücreti"". Use Technical Academic English for code strings.
    ⚠️ Ln 14:34 — Non-English (Turkish) characters in string: ""Tehlikeli Ek Ücret"". Use Technical Academic English for code strings.
    ⚠️ Ln 28:121 — Non-English (Turkish) characters in string: ""Çevre maliyeti > $50K — azaltım programı başlatılmalı."". Use Technical Academic English for code strings.

  📄 src/lib/features/premium-schema/schemas/eoq-inventory-optimizer-analyzer.ts
    ⚠️ Ln 11:108 — Non-English (Turkish) characters in string: ""USD/sipariş"". Use Technical Academic English for code strings.
    ⚠️ Ln 12:124 — Non-English (Turkish) characters in string: ""USD/adet/yıl"". Use Technical Academic English for code strings.
    ⚠️ Ln 13:30 — Non-English (Turkish) characters in string: ""Teslim Süresi"". Use Technical Academic English for code strings.
    ⚠️ Ln 14:120 — Non-English (Turkish) characters in string: ""adet/gün"". Use Technical Academic English for code strings.
    ⚠️ Ln 22:110 — Non-English (Turkish) characters in string: ""USD/yıl"". Use Technical Academic English for code strings.
    ⚠️ Ln 23:118 — Non-English (Turkish) characters in string: ""tur/yıl"". Use Technical Academic English for code strings.
    ⚠️ Ln 25:120 — Non-English (Turkish) characters in string: ""Maliyet > $10K — EOQ optimizasyonu önerilir."". Use Technical Academic English for code strings.

  📄 src/lib/features/premium-schema/schemas/evm-cost-forecast-analyzer.ts
    ⚠️ Ln 14:155 — Non-English (Turkish) characters in string: ""işçilik"". Use Technical Academic English for code strings.
    ⚠️ Ln 15:35 — Non-English (Turkish) characters in string: ""Kalan Risk Yüzdesi"". Use Technical Academic English for code strings.
    ⚠️ Ln 16:39 — Non-English (Turkish) characters in string: ""Yönetim Rezervi"". Use Technical Academic English for code strings.

  📄 src/lib/features/premium-schema/schemas/fabric-cutting-optimizer-analyzer.ts
    ⚠️ Ln 24:114 — Non-English (Turkish) characters in string: ""Verim < %80 — pastal optimizasyonu önerilir."". Use Technical Academic English for code strings.
    ⚠️ Ln 54:112 — Non-English (Turkish) characters in string: ""Verim = Toplam Parça Alanı / (Pastal × En)."". Use Technical Academic English for code strings.

  📄 src/lib/features/premium-schema/schemas/factory-layout-distance-analyzer.ts
    ⚠️ Ln 8:18 — Non-English (Turkish) characters in string: ""Fabrika içi malzeme akış mesafeleri optimize edilmezse taşı". Use Technical Academic English for code strings.
    ⚠️ Ln 24:117 — Non-English (Turkish) characters in string: ""Alan kullanımı < %50 — yerleşim optimizasyonu önerilir."". Use Technical Academic English for code strings.

  📄 src/lib/features/premium-schema/schemas/feed-cost-formulation-analyzer.ts
    ⚠️ Ln 8:18 — Non-English (Turkish) characters in string: ""Yem formülasyonunda hammadde maliyeti, işleme ve FCR analiz". Use Technical Academic English for code strings.
    ⚠️ Ln 16:34 — Non-English (Turkish) characters in string: ""Tüketilen Yem"". Use Technical Academic English for code strings.
    ⚠️ Ln 24:107 — Non-English (Turkish) characters in string: ""FCR > 2.5 — yem verimliliği düşük."". Use Technical Academic English for code strings.

  📄 src/lib/features/premium-schema/schemas/fertilizer-dosage-analyzer.ts
    ⚠️ Ln 8:18 — Non-English (Turkish) characters in string: ""Gübre dozajı toprak analizine göre hesaplanmazsa ya eksik g". Use Technical Academic English for code strings.
    ⚠️ Ln 24:31 — Non-English (Turkish) characters in string: ""Toplam Gübre Maliyeti"". Use Technical Academic English for code strings.
    ⚠️ Ln 26:116 — Non-English (Turkish) characters in string: ""Gübre maliyeti > $5000 — alternatif gübreleme değerlendiril". Use Technical Academic English for code strings.

  📄 src/lib/features/premium-schema/schemas/filament-recycling-analyzer.ts
    ⚠️ Ln 8:18 — Non-English (Turkish) characters in string: ""3D baskı filamentinde geri dönüşüm ekonomisi hesaplanmazsa ". Use Technical Academic English for code strings.
    ⚠️ Ln 25:104 — Non-English (Turkish) characters in string: ""ROI < %30 — geri dönüşüm yatırımı sorgulanmalı."". Use Technical Academic English for code strings.

  📄 src/lib/features/premium-schema/schemas/fire-hydrant-flow-analyzer.ts
    ⚠️ Ln 8:18 — Non-English (Turkish) characters in string: ""Yangın hidrantlarının debisi ve mevcut akış kapasitesi düze". Use Technical Academic English for code strings.
    ⚠️ Ln 13:38 — Non-English (Turkish) characters in string: ""Test Süresi"". Use Technical Academic English for code strings.
    ⚠️ Ln 25:107 — Non-English (Turkish) characters in string: ""Uyum skoru < 70 — bakım planı oluşturulmalı."". Use Technical Academic English for code strings.
    ⚠️ Ln 26:111 — Non-English (Turkish) characters in string: ""Uyumsuzluk riski > $10K — sigorta gözden geçirilmeli."". Use Technical Academic English for code strings.
    ⚠️ Ln 48:28 — Non-English (Turkish) characters in string: ""Yangın Hidrantı Akış Analiz Raporu"". Use Technical Academic English for code strings.
    ⚠️ Ln 49:110 — Non-English (Turkish) characters in string: ""Hidrant debisi çap ve basınç düşümüne göre hesaplanır."". Use Technical Academic English for code strings.

  📄 src/lib/features/premium-schema/schemas/flexible-manufacturing-roi-analyzer.ts
    ⚠️ Ln 12:34 — Non-English (Turkish) characters in string: ""TTM Azaltma (gün)"". Use Technical Academic English for code strings.
    ⚠️ Ln 13:124 — Non-English (Turkish) characters in string: ""gün"". Use Technical Academic English for code strings.
    ⚠️ Ln 27:104 — Non-English (Turkish) characters in string: ""ROI < %30 — yatırım fizibilitesi sorgulanmalı."". Use Technical Academic English for code strings.

  📄 src/lib/features/premium-schema/schemas/food-waste-margin-analyzer.ts
    ⚠️ Ln 8:18 — Non-English (Turkish) characters in string: ""Gıda üretiminde fire, bozulma ve aşırı üretim maliyetleri a". Use Technical Academic English for code strings.
    ⚠️ Ln 14:30 — Non-English (Turkish) characters in string: ""Üretim Maliyeti"". Use Technical Academic English for code strings.
    ⚠️ Ln 25:106 — Non-English (Turkish) characters in string: ""Verim < %80 — fire azaltma programı başlatılmalı."". Use Technical Academic English for code strings.

  📄 src/lib/features/premium-schema/schemas/freight-cost-analyzer.ts
    ⚠️ Ln 8:18 — Non-English (Turkish) characters in string: ""Navlun maliyetinde ağırlık, bunker, terminal ve gümrük kale". Use Technical Academic English for code strings.
    ⚠️ Ln 13:31 — Non-English (Turkish) characters in string: ""Bunker Ek Yüzdesi"". Use Technical Academic English for code strings.
    ⚠️ Ln 15:32 — Non-English (Turkish) characters in string: ""Gümrük Ücreti"". Use Technical Academic English for code strings.
    ⚠️ Ln 23:37 — Non-English (Turkish) characters in string: ""Bunker Ek Ücreti"". Use Technical Academic English for code strings.
    ⚠️ Ln 25:33 — Non-English (Turkish) characters in string: ""Gümrük Maliyeti"". Use Technical Academic English for code strings.
    ⚠️ Ln 29:122 — Non-English (Turkish) characters in string: ""Toplam navlun > $3K — alternatif taşımacılık modları değerl". Use Technical Academic English for code strings.
    ⚠️ Ln 40:111 — Non-English (Turkish) characters in string: ""Taşınabilir ağırlık = max(brüt ağırlık, hacim × 167)."". Use Technical Academic English for code strings.

  📄 src/lib/features/premium-schema/schemas/fuel-route-drift-analyzer.ts
    ⚠️ Ln 8:18 — Non-English (Turkish) characters in string: ""Araçlar planlanan rotadan sapınca yakıt tüketimi artar, tes". Use Technical Academic English for code strings.
    ⚠️ Ln 14:113 — Non-English (Turkish) characters in string: ""sefer/yıl"". Use Technical Academic English for code strings.
    ⚠️ Ln 15:37 — Non-English (Turkish) characters in string: ""Rötar Süresi / Sefer"". Use Technical Academic English for code strings.
    ⚠️ Ln 16:39 — Non-English (Turkish) characters in string: ""Sürücü Saat Ücreti"". Use Technical Academic English for code strings.
    ⚠️ Ln 17:100 — Non-English (Turkish) characters in string: ""araç"". Use Technical Academic English for code strings.
    ⚠️ Ln 22:97 — Non-English (Turkish) characters in string: ""USD/yıl"". Use Technical Academic English for code strings.
    ⚠️ Ln 23:121 — Non-English (Turkish) characters in string: ""USD/yıl"". Use Technical Academic English for code strings.
    ⚠️ Ln 26:108 — Non-English (Turkish) characters in string: ""Sapma > 30 km — rota planlaması iyileştirilmeli."". Use Technical Academic English for code strings.
    ⚠️ Ln 27:111 — Non-English (Turkish) characters in string: ""Sapma maliyeti > $10K — filo yönetim sistemi gözden geçiril". Use Technical Academic English for code strings.
    ⚠️ Ln 54:28 — Non-English (Turkish) characters in string: ""Yakıt Rota Sapma Maliyeti Raporu"". Use Technical Academic English for code strings.
    ⚠️ Ln 55:112 — Non-English (Turkish) characters in string: ""Sapma mesafesi = gerçekleşen - planlanan rota."". Use Technical Academic English for code strings.

  📄 src/lib/features/premium-schema/schemas/gage-rnr-cost-analyzer.ts
    ⚠️ Ln 8:18 — Non-English (Turkish) characters in string: ""Ölçüm sistemi R&R değeri yüksekse yanlış kabul/red kararlar". Use Technical Academic English for code strings.
    ⚠️ Ln 13:126 — Non-English (Turkish) characters in string: ""adet/yıl"". Use Technical Academic English for code strings.
    ⚠️ Ln 15:124 — Non-English (Turkish) characters in string: ""adet/yıl"". Use Technical Academic English for code strings.
    ⚠️ Ln 21:99 — Non-English (Turkish) characters in string: ""USD/yıl"". Use Technical Academic English for code strings.
    ⚠️ Ln 23:108 — Non-English (Turkish) characters in string: ""%GRR > %20 — ölçüm sistemi iyileştirilmeli."". Use Technical Academic English for code strings.

  📄 src/lib/features/premium-schema/schemas/haccp-deviation-cost-analyzer.ts
    ⚠️ Ln 8:18 — Non-English (Turkish) characters in string: ""HACCP sapmalarının maliyeti (bekletme, test, rework, geri ç". Use Technical Academic English for code strings.
    ⚠️ Ln 11:115 — Non-English (Turkish) characters in string: ""USD/kg/gün"". Use Technical Academic English for code strings.
    ⚠️ Ln 12:30 — Non-English (Turkish) characters in string: ""Bekletme Günü"". Use Technical Academic English for code strings.
    ⚠️ Ln 14:114 — Non-English (Turkish) characters in string: ""USD/örnek"". Use Technical Academic English for code strings.
    ⚠️ Ln 30:123 — Non-English (Turkish) characters in string: ""Maliyet > $50K — HACCP planı gözden geçirilmeli."". Use Technical Academic English for code strings.

  📄 src/lib/features/premium-schema/schemas/heat-exchanger-fouling-analyzer.ts
    ⚠️ Ln 8:18 — Non-English (Turkish) characters in string: ""Isı değiştiricide kirlenme (fouling) nedeniyle ısı transfer". Use Technical Academic English for code strings.
    ⚠️ Ln 14:129 — Non-English (Turkish) characters in string: ""saat/yıl"". Use Technical Academic English for code strings.
    ⚠️ Ln 26:95 — Non-English (Turkish) characters in string: ""USD/yıl"". Use Technical Academic English for code strings.
    ⚠️ Ln 29:112 — Non-English (Turkish) characters in string: ""Enerji kaybı > $10K/yıl — temizlik planlanmalı."". Use Technical Academic English for code strings.

  📄 src/lib/features/premium-schema/schemas/hourly-rate-analyzer.ts
    ⚠️ Ln 8:18 — Non-English (Turkish) characters in string: ""Çalışanın gerçek saatlik maliyeti brüt maaşın çok üzerinded". Use Technical Academic English for code strings.
    ⚠️ Ln 18:40 — Non-English (Turkish) characters in string: ""Toplam Yüklü Saatlik Ücret"". Use Technical Academic English for code strings.
    ⚠️ Ln 20:120 — Non-English (Turkish) characters in string: ""Yüklü saatlik ücret >$50 — maliyet avantajı azalıyor."". Use Technical Academic English for code strings.
    ⚠️ Ln 31:28 — Non-English (Turkish) characters in string: ""Saatlik Ücret Analiz Raporu"". Use Technical Academic English for code strings.
    ⚠️ Ln 32:111 — Non-English (Turkish) characters in string: ""Yüklü saatlik ücret = (maaş + vergi + yan hak + genel gider". Use Technical Academic English for code strings.

  📄 src/lib/features/premium-schema/schemas/hvac-capacity-analyzer.ts
    ⚠️ Ln 8:18 — Non-English (Turkish) characters in string: ""HVAC kapasite hesabı (duyulur/gizli ısı, tonaj, EER) yapılm". Use Technical Academic English for code strings.
    ⚠️ Ln 14:129 — Non-English (Turkish) characters in string: ""saat/yıl"". Use Technical Academic English for code strings.
    ⚠️ Ln 21:101 — Non-English (Turkish) characters in string: ""USD/yıl"". Use Technical Academic English for code strings.
    ⚠️ Ln 23:117 — Non-English (Turkish) characters in string: ""Enerji maliyeti > $5000 — EER iyileştirilmeli."". Use Technical Academic English for code strings.

  📄 src/lib/features/premium-schema/schemas/hydraulic-system-loss-analyzer.ts
    ⚠️ Ln 8:18 — Non-English (Turkish) characters in string: ""Hidrolik sistemlerde kaçak, sürtünme ve vana kayıpları ener". Use Technical Academic English for code strings.
    ⚠️ Ln 15:129 — Non-English (Turkish) characters in string: ""saat/yıl"". Use Technical Academic English for code strings.
    ⚠️ Ln 24:117 — Non-English (Turkish) characters in string: ""USD/yıl"". Use Technical Academic English for code strings.
    ⚠️ Ln 26:104 — Non-English (Turkish) characters in string: ""Verim < %80 — kaçak ve sürtünme kayıpları azaltılmalı."". Use Technical Academic English for code strings.

  📄 src/lib/features/premium-schema/schemas/inflation-escalation-analyzer.ts
    ⚠️ Ln 8:18 — Non-English (Turkish) characters in string: ""Uzun vadeli projelerde enflasyon eskalasyonu doğru hesaplan". Use Technical Academic English for code strings.
    ⚠️ Ln 11:120 — Non-English (Turkish) characters in string: ""%/yıl"". Use Technical Academic English for code strings.
    ⚠️ Ln 13:120 — Non-English (Turkish) characters in string: ""%/yıl"". Use Technical Academic English for code strings.
    ⚠️ Ln 14:34 — Non-English (Turkish) characters in string: ""Proje Süresi"". Use Technical Academic English for code strings.
    ⚠️ Ln 17:38 — Non-English (Turkish) characters in string: ""Güven Faktörü"". Use Technical Academic English for code strings.
    ⚠️ Ln 18:120 — Non-English (Turkish) characters in string: ""düşük"". Use Technical Academic English for code strings.
    ⚠️ Ln 26:121 — Non-English (Turkish) characters in string: ""Karşılık > $100K — risk yönetimi planı gözden geçirilmeli."". Use Technical Academic English for code strings.

  📄 src/lib/features/premium-schema/schemas/interest-rate-risk-analyzer.ts
    ⚠️ Ln 8:18 — Non-English (Turkish) characters in string: ""Faiz oranı riski (duration gap, VaR, NIM) doğru hesaplanmaz". Use Technical Academic English for code strings.
    ⚠️ Ln 13:125 — Non-English (Turkish) characters in string: ""yıl"". Use Technical Academic English for code strings.
    ⚠️ Ln 18:28 — Non-English (Turkish) characters in string: ""Z-Skor (G.K. Düzeyi)"". Use Technical Academic English for code strings.
    ⚠️ Ln 28:122 — Non-English (Turkish) characters in string: ""Şok etkisi > $500K — hedge oranı artırılmalı."". Use Technical Academic English for code strings.

  📄 src/lib/features/premium-schema/schemas/inventory-turnover-risk-analyzer.ts
    ⚠️ Ln 8:18 — Non-English (Turkish) characters in string: ""Stok devir hızı izlenmezse fazla stokta bekleyen sermaye at". Use Technical Academic English for code strings.
    ⚠️ Ln 12:133 — Non-English (Turkish) characters in string: ""gün"". Use Technical Academic English for code strings.
    ⚠️ Ln 19:123 — Non-English (Turkish) characters in string: ""tur/yıl"". Use Technical Academic English for code strings.
    ⚠️ Ln 20:29 — Non-English (Turkish) characters in string: ""Stokta Kalma Süresi (DSI)"". Use Technical Academic English for code strings.
    ⚠️ Ln 21:119 — Non-English (Turkish) characters in string: ""USD/yıl"". Use Technical Academic English for code strings.
    ⚠️ Ln 24:121 — Non-English (Turkish) characters in string: ""Stok devir hızı <4 — sermaye atıl kalıyor."". Use Technical Academic English for code strings.
    ⚠️ Ln 37:28 — Non-English (Turkish) characters in string: ""Stok Devir Hızı ve Risk Raporu"". Use Technical Academic English for code strings.
    ⚠️ Ln 38:111 — Non-English (Turkish) characters in string: ""Stok devir = SMM / ortalama stok. DSI = gün / devir."". Use Technical Academic English for code strings.

  📄 src/lib/features/premium-schema/schemas/irr-investment-analyzer.ts
    ⚠️ Ln 8:18 — Non-English (Turkish) characters in string: ""Yatırım projelerinde NPV, IRR, geri ödeme süresi ve PI hesa". Use Technical Academic English for code strings.
    ⚠️ Ln 18:29 — Non-English (Turkish) characters in string: ""Geri Ödeme Süresi"". Use Technical Academic English for code strings.
    ⚠️ Ln 21:121 — Non-English (Turkish) characters in string: "'nin altında olabilir, risk değerlendirmesi yapılmalı."". Use Technical Academic English for code strings.

  📄 src/lib/features/premium-schema/schemas/irrigation-cost-check-analyzer.ts
    ⚠️ Ln 8:18 — Non-English (Turkish) characters in string: ""Sulama maliyetleri su, enerji ve işçilik kalemlerinde doğru". Use Technical Academic English for code strings.
    ⚠️ Ln 15:31 — Non-English (Turkish) characters in string: ""Pompa Gücü"". Use Technical Academic English for code strings.
    ⚠️ Ln 25:127 — Non-English (Turkish) characters in string: ""Sulama maliyeti >$20K — sistem verimliliği sorgulanmalı."". Use Technical Academic English for code strings.
    ⚠️ Ln 51:111 — Non-English (Turkish) characters in string: ""Sulama suyu = (bitki ihtiyacı − yağış) × alan × 10 / veriml". Use Technical Academic English for code strings.

  📄 src/lib/features/premium-schema/schemas/iso-50001-baseline-analyzer.ts
    ⚠️ Ln 8:18 — Non-English (Turkish) characters in string: ""ISO 50001 kapsamında EnPI ve CUSUM analizi yapılmadan enerj". Use Technical Academic English for code strings.
    ⚠️ Ln 10:33 — Non-English (Turkish) characters in string: ""Toplam Enerji Tüketimi"". Use Technical Academic English for code strings.
    ⚠️ Ln 11:38 — Non-English (Turkish) characters in string: ""Üretim Hacmi"". Use Technical Academic English for code strings.
    ⚠️ Ln 15:32 — Non-English (Turkish) characters in string: ""Derece Gün (DD)"". Use Technical Academic English for code strings.
    ⚠️ Ln 17:42 — Non-English (Turkish) characters in string: ""Tahmini Tüketim"". Use Technical Academic English for code strings.
    ⚠️ Ln 23:92 — Non-English (Turkish) characters in string: ""kWh/yıl"". Use Technical Academic English for code strings.
    ⚠️ Ln 25:108 — Non-English (Turkish) characters in string: ""EnPI > 550 — enerji yoğunluğu yüksek, iyileştirme fırsatı v". Use Technical Academic English for code strings.

  📄 src/lib/features/premium-schema/schemas/kaizen-savings-tracker-analyzer.ts
    ⚠️ Ln 8:18 — Non-English (Turkish) characters in string: ""Kaizen projelerinin hard/soft tasarrufu, ROI ve sürdürülebi". Use Technical Academic English for code strings.
    ⚠️ Ln 10:34 — Non-English (Turkish) characters in string: ""Baz Maliyet (Önce)"". Use Technical Academic English for code strings.
    ⚠️ Ln 13:110 — Non-English (Turkish) characters in string: ""saat/yıl"". Use Technical Academic English for code strings.
    ⚠️ Ln 22:108 — Non-English (Turkish) characters in string: ""USD/yıl"". Use Technical Academic English for code strings.
    ⚠️ Ln 23:108 — Non-English (Turkish) characters in string: ""USD/yıl"". Use Technical Academic English for code strings.
    ⚠️ Ln 25:29 — Non-English (Turkish) characters in string: ""Geri Ödeme Süresi"". Use Technical Academic English for code strings.
    ⚠️ Ln 28:112 — Non-English (Turkish) characters in string: ""Sürdürülebilirlik < %70 — kalıcılık sağlanamamış."". Use Technical Academic English for code strings.

  📄 src/lib/features/premium-schema/schemas/kwh-cost-analyzer.ts
    ⚠️ Ln 5:18 — Non-English (Turkish) characters in string: ""Birim kWh maliyeti ve güç faktörü cezası hesaplanmazsa, ene". Use Technical Academic English for code strings.
    ⚠️ Ln 7:34 — Non-English (Turkish) characters in string: ""Aktif Tüketim"". Use Technical Academic English for code strings.
    ⚠️ Ln 13:36 — Non-English (Turkish) characters in string: ""Reaktif Tüketim"". Use Technical Academic English for code strings.
    ⚠️ Ln 16:29 — Non-English (Turkish) characters in string: ""Eski Tepe Gücü"". Use Technical Academic English for code strings.
    ⚠️ Ln 17:29 — Non-English (Turkish) characters in string: ""Yeni Tepe Gücü"". Use Technical Academic English for code strings.
    ⚠️ Ln 27:117 — Non-English (Turkish) characters in string: ""Birim > $0.15/kWh — enerji verimliliği değerlendirilmeli."". Use Technical Academic English for code strings.
    ⚠️ Ln 60:112 — Non-English (Turkish) characters in string: ""Reaktif ceza = PF < eşik ise reaktif × ceza oranı."". Use Technical Academic English for code strings.

  📄 src/lib/features/premium-schema/schemas/learning-curve-time-analyzer.ts
    ⚠️ Ln 8:18 — Non-English (Turkish) characters in string: ""Tekrarlı üretimde öğrenme etkisi hesaplanmazsa işçilik süre". Use Technical Academic English for code strings.
    ⚠️ Ln 18:27 — Non-English (Turkish) characters in string: ""n. Birim Süresi"". Use Technical Academic English for code strings.
    ⚠️ Ln 19:37 — Non-English (Turkish) characters in string: ""Kümülatif Toplam Süre"". Use Technical Academic English for code strings.
    ⚠️ Ln 20:34 — Non-English (Turkish) characters in string: ""Ortalama Birim Süresi"". Use Technical Academic English for code strings.
    ⚠️ Ln 24:106 — Non-English (Turkish) characters in string: ""Birim süre < 20 saat — öğrenme etkisi düşük."". Use Technical Academic English for code strings.
    ⚠️ Ln 46:111 — Non-English (Turkish) characters in string: ""Öğrenme eğrisi: Yx = K × x^b, b = log(r)/log(2)."". Use Technical Academic English for code strings.

  📄 src/lib/features/premium-schema/schemas/lightweight-cost-savings-analyzer.ts
    ⚠️ Ln 8:18 — Non-English (Turkish) characters in string: ""Parça hafifletmenin yakıt, payload ve malzeme primi etkisin". Use Technical Academic English for code strings.
    ⚠️ Ln 17:33 — Non-English (Turkish) characters in string: ""Ürün Ömrü"". Use Technical Academic English for code strings.
    ⚠️ Ln 22:110 — Non-English (Turkish) characters in string: ""USD/yıl"". Use Technical Academic English for code strings.
    ⚠️ Ln 23:103 — Non-English (Turkish) characters in string: ""USD/yıl"". Use Technical Academic English for code strings.
    ⚠️ Ln 24:32 — Non-English (Turkish) characters in string: ""Net Tasarruf (Ömür Boyu)"". Use Technical Academic English for code strings.
    ⚠️ Ln 26:112 — Non-English (Turkish) characters in string: ""Net tasarruf < $5000 — hafifletme yatırımı sorgulanmalı."". Use Technical Academic English for code strings.

  📄 src/lib/features/premium-schema/schemas/logistics-route-loss-analyzer.ts
    ⚠️ Ln 5:18 — Non-English (Turkish) characters in string: ""Rota sapmaları ve yakıt israfı hesaplanmazsa, filo maliyeti". Use Technical Academic English for code strings.
    ⚠️ Ln 12:32 — Non-English (Turkish) characters in string: ""Sürücü Saatlik Ücreti"". Use Technical Academic English for code strings.
    ⚠️ Ln 22:110 — Non-English (Turkish) characters in string: ""Sapma > %10 — rota optimizasyonu önerilir."". Use Technical Academic English for code strings.
    ⚠️ Ln 42:28 — Non-English (Turkish) characters in string: ""Rota Kaybı Raporu"". Use Technical Academic English for code strings.
    ⚠️ Ln 43:111 — Non-English (Turkish) characters in string: ""Sapma = (Gerçek - İdeal) / İdeal."". Use Technical Academic English for code strings.

  📄 src/lib/features/premium-schema/schemas/machine-economic-life-analyzer.ts
    ⚠️ Ln 8:18 — Non-English (Turkish) characters in string: ""Makinenin gerçek ekonomik ömrü bilinmezse ya erken yenileme". Use Technical Academic English for code strings.
    ⚠️ Ln 12:124 — Non-English (Turkish) characters in string: ""yıl"". Use Technical Academic English for code strings.
    ⚠️ Ln 13:132 — Non-English (Turkish) characters in string: ""USD/yıl"". Use Technical Academic English for code strings.
    ⚠️ Ln 15:119 — Non-English (Turkish) characters in string: ""USD/yıl"". Use Technical Academic English for code strings.
    ⚠️ Ln 18:94 — Non-English (Turkish) characters in string: ""USD/yıl"". Use Technical Academic English for code strings.
    ⚠️ Ln 19:98 — Non-English (Turkish) characters in string: ""USD/yıl"". Use Technical Academic English for code strings.
    ⚠️ Ln 20:85 — Non-English (Turkish) characters in string: ""USD/yıl"". Use Technical Academic English for code strings.
    ⚠️ Ln 21:34 — Non-English (Turkish) characters in string: ""Ekonomik Ömür"". Use Technical Academic English for code strings.
    ⚠️ Ln 23:117 — Non-English (Turkish) characters in string: ""EUAC > $40K — alternatif makineler değerlendirilmeli."". Use Technical Academic English for code strings.
    ⚠️ Ln 41:150 — Non-English (Turkish) characters in string: ""Ekonomik ömür = EUAC'". Use Technical Academic English for code strings.

  📄 src/lib/features/premium-schema/schemas/machining-strategy-analyzer.ts
    ⚠️ Ln 14:29 — Non-English (Turkish) characters in string: ""Taylor n (Vc üssü)"". Use Technical Academic English for code strings.
    ⚠️ Ln 15:29 — Non-English (Turkish) characters in string: ""Taylor m (f üssü)"". Use Technical Academic English for code strings.
    ⚠️ Ln 16:36 — Non-English (Turkish) characters in string: ""Özgül Kesme Enerjisi"". Use Technical Academic English for code strings.

  📄 src/lib/features/premium-schema/schemas/material-replacement-cost-analyzer.ts
    ⚠️ Ln 8:18 — Non-English (Turkish) characters in string: ""Alternatif malzeme geçişlerinde TCO, ağırlık tasarrufu ve n". Use Technical Academic English for code strings.
    ⚠️ Ln 18:103 — Non-English (Turkish) characters in string: ""USD/yıl"". Use Technical Academic English for code strings.
    ⚠️ Ln 19:114 — Non-English (Turkish) characters in string: ""USD/yıl"". Use Technical Academic English for code strings.
    ⚠️ Ln 20:99 — Non-English (Turkish) characters in string: ""kg/yıl"". Use Technical Academic English for code strings.
    ⚠️ Ln 21:95 — Non-English (Turkish) characters in string: ""USD/yıl"". Use Technical Academic English for code strings.
    ⚠️ Ln 22:34 — Non-English (Turkish) characters in string: ""Geri Ödeme Süresi"". Use Technical Academic English for code strings.
    ⚠️ Ln 24:116 — Non-English (Turkish) characters in string: ""Net fayda < $5K — geçiş kararı riskli."". Use Technical Academic English for code strings.
    ⚠️ Ln 48:111 — Non-English (Turkish) characters in string: ""TCO = birim maliyet × ağırlık × hacim."". Use Technical Academic English for code strings.

  📄 src/lib/features/premium-schema/schemas/moq-stock-balance-analyzer.ts
    ⚠️ Ln 8:18 — Non-English (Turkish) characters in string: ""MOQ ile gerçek talep arasındaki fark hesaplanmazsa ya stok ". Use Technical Academic English for code strings.
    ⚠️ Ln 11:129 — Non-English (Turkish) characters in string: ""adet/sipariş"". Use Technical Academic English for code strings.
    ⚠️ Ln 15:113 — Non-English (Turkish) characters in string: ""sipariş/yıl"". Use Technical Academic English for code strings.
    ⚠️ Ln 19:83 — Non-English (Turkish) characters in string: ""USD/yıl"". Use Technical Academic English for code strings.
    ⚠️ Ln 20:112 — Non-English (Turkish) characters in string: ""USD/yıl"". Use Technical Academic English for code strings.
    ⚠️ Ln 21:83 — Non-English (Turkish) characters in string: ""USD/yıl"". Use Technical Academic English for code strings.
    ⚠️ Ln 23:117 — Non-English (Turkish) characters in string: ""MOQ cezası > $5K — tedarikçi ile MOQ yeniden müzakere edilm". Use Technical Academic English for code strings.
    ⚠️ Ln 39:111 — Non-English (Turkish) characters in string: ""MOQ cezası = max(0, MOQ − talep) × birim maliyet × sipariş ". Use Technical Academic English for code strings.

  📄 src/lib/features/premium-schema/schemas/mtbf-mttr-financial-analyzer.ts
    ⚠️ Ln 8:18 — Non-English (Turkish) characters in string: ""MTBF ve MTTR verileri finansal risk olarak hesaplanmazsa ba". Use Technical Academic English for code strings.
    ⚠️ Ln 12:129 — Non-English (Turkish) characters in string: ""saat/yıl"". Use Technical Academic English for code strings.
    ⚠️ Ln 19:38 — Non-English (Turkish) characters in string: ""Beklenen Durma Süresi"". Use Technical Academic English for code strings.
    ⚠️ Ln 20:91 — Non-English (Turkish) characters in string: ""USD/yıl"". Use Technical Academic English for code strings.
    ⚠️ Ln 21:42 — Non-English (Turkish) characters in string: ""Toplam Güvenilirlik Maliyeti"". Use Technical Academic English for code strings.
    ⚠️ Ln 24:121 — Non-English (Turkish) characters in string: ""Durma maliyeti > $50K — bakım programı gözden geçirilmeli."". Use Technical Academic English for code strings.
    ⚠️ Ln 42:111 — Non-English (Turkish) characters in string: ""Faydalı ömür = MTBF + MTTR."". Use Technical Academic English for code strings.

  📄 src/lib/features/premium-schema/schemas/muda-waste-cost-analyzer.ts
    ⚠️ Ln 8:18 — Non-English (Turkish) characters in string: ""7 muda kaynağının her biri ayrı hesaplanmazsa toplam israf ". Use Technical Academic English for code strings.
    ⚠️ Ln 10:127 — Non-English (Turkish) characters in string: ""USD/yıl"". Use Technical Academic English for code strings.
    ⚠️ Ln 11:110 — Non-English (Turkish) characters in string: ""USD/yıl"". Use Technical Academic English for code strings.
    ⚠️ Ln 12:136 — Non-English (Turkish) characters in string: ""USD/yıl"". Use Technical Academic English for code strings.
    ⚠️ Ln 13:127 — Non-English (Turkish) characters in string: ""USD/yıl"". Use Technical Academic English for code strings.
    ⚠️ Ln 14:124 — Non-English (Turkish) characters in string: ""USD/yıl"". Use Technical Academic English for code strings.
    ⚠️ Ln 15:129 — Non-English (Turkish) characters in string: ""USD/yıl"". Use Technical Academic English for code strings.
    ⚠️ Ln 16:117 — Non-English (Turkish) characters in string: ""USD/yıl"". Use Technical Academic English for code strings.
    ⚠️ Ln 19:109 — Non-English (Turkish) characters in string: ""USD/yıl"". Use Technical Academic English for code strings.
    ⚠️ Ln 20:92 — Non-English (Turkish) characters in string: ""USD/yıl"". Use Technical Academic English for code strings.
    ⚠️ Ln 21:93 — Non-English (Turkish) characters in string: ""USD/yıl"". Use Technical Academic English for code strings.
    ⚠️ Ln 22:113 — Non-English (Turkish) characters in string: ""USD/yıl"". Use Technical Academic English for code strings.
    ⚠️ Ln 23:93 — Non-English (Turkish) characters in string: ""USD/yıl"". Use Technical Academic English for code strings.
    ⚠️ Ln 24:91 — Non-English (Turkish) characters in string: ""USD/yıl"". Use Technical Academic English for code strings.
    ⚠️ Ln 25:87 — Non-English (Turkish) characters in string: ""USD/yıl"". Use Technical Academic English for code strings.
    ⚠️ Ln 26:99 — Non-English (Turkish) characters in string: ""USD/yıl"". Use Technical Academic English for code strings.
    ⚠️ Ln 28:118 — Non-English (Turkish) characters in string: ""Toplam muda > $50K — yalın dönüşüm programı başlatılmalı."". Use Technical Academic English for code strings.
    ⚠️ Ln 61:111 — Non-English (Turkish) characters in string: ""7 muda kaynağı ayrı ayrı girilir."". Use Technical Academic English for code strings.

  📄 src/lib/features/premium-schema/schemas/noise-vibration-cost-analyzer.ts
    ⚠️ Ln 8:18 — Non-English (Turkish) characters in string: ""Gürültü ve titreşim maruziyetinin sağlık, verimlilik ve kal". Use Technical Academic English for code strings.
    ⚠️ Ln 10:34 — Non-English (Turkish) characters in string: ""Gürültü Seviyesi"". Use Technical Academic English for code strings.
    ⚠️ Ln 11:35 — Non-English (Turkish) characters in string: ""Günlük Maruziyet Süresi"". Use Technical Academic English for code strings.
    ⚠️ Ln 12:131 — Non-English (Turkish) characters in string: ""kişi"". Use Technical Academic English for code strings.
    ⚠️ Ln 14:150 — Non-English (Turkish) characters in string: ""saat/gün"". Use Technical Academic English for code strings.
    ⚠️ Ln 15:128 — Non-English (Turkish) characters in string: ""USD/yıl"". Use Technical Academic English for code strings.
    ⚠️ Ln 19:35 — Non-English (Turkish) characters in string: ""Gürültü Maruziyet Skoru"". Use Technical Academic English for code strings.
    ⚠️ Ln 21:109 — Non-English (Turkish) characters in string: ""USD/yıl"". Use Technical Academic English for code strings.
    ⚠️ Ln 22:103 — Non-English (Turkish) characters in string: ""USD/yıl"". Use Technical Academic English for code strings.
    ⚠️ Ln 23:105 — Non-English (Turkish) characters in string: ""USD/yıl"". Use Technical Academic English for code strings.
    ⚠️ Ln 26:114 — Non-English (Turkish) characters in string: ""ROI < %50 — yatırım fizibilitesi riskli."". Use Technical Academic English for code strings.
    ⚠️ Ln 53:111 — Non-English (Turkish) characters in string: ""85 dB(A) üzeri gürültü sağlık riski oluşturur."". Use Technical Academic English for code strings.

  📄 src/lib/features/premium-schema/schemas/oee-downtime-analyzer.ts
    ⚠️ Ln 11:37 — Non-English (Turkish) characters in string: ""Toplam Durma Süresi"". Use Technical Academic English for code strings.
    ⚠️ Ln 16:120 — Non-English (Turkish) characters in string: ""vardiya/yıl"". Use Technical Academic English for code strings.
    ⚠️ Ln 24:91 — Non-English (Turkish) characters in string: ""USD/yıl"". Use Technical Academic English for code strings.
    ⚠️ Ln 25:96 — Non-English (Turkish) characters in string: ""USD/yıl"". Use Technical Academic English for code strings.
    ⚠️ Ln 26:107 — Non-English (Turkish) characters in string: ""USD/yıl"". Use Technical Academic English for code strings.

  📄 src/lib/features/premium-schema/schemas/office-supplies-cost-analyzer.ts
    ⚠️ Ln 8:18 — Non-English (Turkish) characters in string: ""Ofis malzemelerinde EOQ, taşıma maliyeti ve stok tükenme ma". Use Technical Academic English for code strings.
    ⚠️ Ln 12:108 — Non-English (Turkish) characters in string: ""USD/sipariş"". Use Technical Academic English for code strings.
    ⚠️ Ln 13:130 — Non-English (Turkish) characters in string: ""%/yıl"". Use Technical Academic English for code strings.
    ⚠️ Ln 14:34 — Non-English (Turkish) characters in string: ""Stok Tükenme Riski"". Use Technical Academic English for code strings.
    ⚠️ Ln 15:41 — Non-English (Turkish) characters in string: ""Stok Tükenme Birim Maliyeti"". Use Technical Academic English for code strings.
    ⚠️ Ln 19:106 — Non-English (Turkish) characters in string: ""adet/yıl"". Use Technical Academic English for code strings.
    ⚠️ Ln 20:116 — Non-English (Turkish) characters in string: ""USD/yıl"". Use Technical Academic English for code strings.
    ⚠️ Ln 21:94 — Non-English (Turkish) characters in string: ""USD/yıl"". Use Technical Academic English for code strings.
    ⚠️ Ln 22:34 — Non-English (Turkish) characters in string: ""Stok Tükenme Maliyeti"". Use Technical Academic English for code strings.
    ⚠️ Ln 25:118 — Non-English (Turkish) characters in string: ""USD/yıl"". Use Technical Academic English for code strings.
    ⚠️ Ln 27:258 — Non-English (Turkish) characters in string: ""Tasarruf < $100 — küçük iyileştirme fırsatı."". Use Technical Academic English for code strings.
    ⚠️ Ln 52:111 — Non-English (Turkish) characters in string: ""EOQ = √(2×yıllık talep×sipariş maliyeti / taşıma maliyeti).". Use Technical Academic English for code strings.

  📄 src/lib/features/premium-schema/schemas/pallet-rack-optimizer-analyzer.ts
    ⚠️ Ln 13:34 — Non-English (Turkish) characters in string: ""Birim Yük Kapasitesi"". Use Technical Academic English for code strings.
    ⚠️ Ln 23:38 — Non-English (Turkish) characters in string: ""Raf Güvenlik Faktörü"". Use Technical Academic English for code strings.
    ⚠️ Ln 27:117 — Non-English (Turkish) characters in string: ""Alan kullanımı < %65 — yerleşim optimizasyonu önerilir."". Use Technical Academic English for code strings.
    ⚠️ Ln 59:111 — Non-English (Turkish) characters in string: ""Kapasite = kat × pozisyon × yük kapasitesi."". Use Technical Academic English for code strings.

  📄 src/lib/features/premium-schema/schemas/payment-terms-optimizer-analyzer.ts
    ⚠️ Ln 13:106 — Non-English (Turkish) characters in string: ""gün"". Use Technical Academic English for code strings.
    ⚠️ Ln 14:35 — Non-English (Turkish) characters in string: ""Önerilen Vade"". Use Technical Academic English for code strings.
    ⚠️ Ln 20:25 — Non-English (Turkish) characters in string: ""Alacak Tahsil Süresi (DSO)"". Use Technical Academic English for code strings.
    ⚠️ Ln 21:117 — Non-English (Turkish) characters in string: ""USD/yıl"". Use Technical Academic English for code strings.
    ⚠️ Ln 22:115 — Non-English (Turkish) characters in string: ""USD/yıl"". Use Technical Academic English for code strings.
    ⚠️ Ln 23:93 — Non-English (Turkish) characters in string: ""USD/yıl"". Use Technical Academic English for code strings.
    ⚠️ Ln 27:105 — Non-English (Turkish) characters in string: ""DSO > 45 gün — tahsilat politikası gözden geçirilmeli."". Use Technical Academic English for code strings.
    ⚠️ Ln 48:148 — Non-English (Turkish) characters in string: ""Taşıma maliyeti = Alacak × Sermaye Maliyeti."". Use Technical Academic English for code strings.

  📄 src/lib/features/premium-schema/schemas/poka-yoke-roi-analyzer.ts
    ⚠️ Ln 8:18 — Non-English (Turkish) characters in string: ""Hata önleme (Poka-Yoke) yatırımının geri dönüşü hesaplanmaz". Use Technical Academic English for code strings.
    ⚠️ Ln 11:38 — Non-English (Turkish) characters in string: ""Üretim Hacmi"". Use Technical Academic English for code strings.
    ⚠️ Ln 15:145 — Non-English (Turkish) characters in string: ""yıl"". Use Technical Academic English for code strings.
    ⚠️ Ln 19:106 — Non-English (Turkish) characters in string: ""USD/yıl"". Use Technical Academic English for code strings.
    ⚠️ Ln 22:98 — Non-English (Turkish) characters in string: ""USD/yıl"". Use Technical Academic English for code strings.
    ⚠️ Ln 24:37 — Non-English (Turkish) characters in string: ""Geri Ödeme Süresi"". Use Technical Academic English for code strings.
    ⚠️ Ln 26:112 — Non-English (Turkish) characters in string: ""ROI < %50 — yatırım fizibilitesi sorgulanmalı."". Use Technical Academic English for code strings.
    ⚠️ Ln 56:111 — Non-English (Turkish) characters in string: ""Hata maliyeti = hacim × hata oranı × birim maliyet."". Use Technical Academic English for code strings.

  📄 src/lib/features/premium-schema/schemas/product-complexity-hidden-cost-analyzer.ts
    ⚠️ Ln 14:133 — Non-English (Turkish) characters in string: ""parti/yıl"". Use Technical Academic English for code strings.
    ⚠️ Ln 20:120 — Non-English (Turkish) characters in string: ""USD/yıl"". Use Technical Academic English for code strings.
    ⚠️ Ln 22:108 — Non-English (Turkish) characters in string: ""USD/yıl"". Use Technical Academic English for code strings.
    ⚠️ Ln 26:118 — Non-English (Turkish) characters in string: ""Gizli maliyet > $50K — ürün gruplaması ve standardizasyon ö". Use Technical Academic English for code strings.
    ⚠️ Ln 27:106 — Non-English (Turkish) characters in string: ""Karmaşıklık endeksi > 50 — üretim hücreleri gözden geçirilm". Use Technical Academic English for code strings.
    ⚠️ Ln 52:112 — Non-English (Turkish) characters in string: ""Karmaşıklık endeksi SKU, parça ve hazırlık süresine göre he". Use Technical Academic English for code strings.

  📄 src/lib/features/premium-schema/schemas/project-cost-estimate-analyzer.ts
    ⚠️ Ln 28:267 — Non-English (Turkish) characters in string: ""Sapma > $100K — proje maliyet kontrolü acil."". Use Technical Academic English for code strings.

  📄 src/lib/features/premium-schema/schemas/project-overrun-analyzer.ts
    ⚠️ Ln 13:34 — Non-English (Turkish) characters in string: ""Planlanan Süre"". Use Technical Academic English for code strings.
    ⚠️ Ln 14:111 — Non-English (Turkish) characters in string: ""gün"". Use Technical Academic English for code strings.
    ⚠️ Ln 24:102 — Non-English (Turkish) characters in string: ""gün"". Use Technical Academic English for code strings.
    ⚠️ Ln 29:227 — Non-English (Turkish) characters in string: ""CPI < 0.85 — acil maliyet düzeltici aksiyon."". Use Technical Academic English for code strings.

  📄 src/lib/features/premium-schema/schemas/quality-cost-paf-analyzer.ts
    ⚠️ Ln 27:32 — Non-English (Turkish) characters in string: ""Önleme Maliyeti"". Use Technical Academic English for code strings.

  📄 src/lib/features/premium-schema/schemas/recurring-cost-analyzer.ts
    ⚠️ Ln 12:39 — Non-English (Turkish) characters in string: ""Beklenen Proje Ömrü"". Use Technical Academic English for code strings.
    ⚠️ Ln 17:116 — Non-English (Turkish) characters in string: ""USD/yıl"". Use Technical Academic English for code strings.
    ⚠️ Ln 20:38 — Non-English (Turkish) characters in string: ""Kök Neden Geri Ödeme Süresi"". Use Technical Academic English for code strings.

  📄 src/lib/features/premium-schema/schemas/renewable-energy-irr-analyzer.ts
    ⚠️ Ln 11:135 — Non-English (Turkish) characters in string: ""kWh/yıl"". Use Technical Academic English for code strings.
    ⚠️ Ln 13:126 — Non-English (Turkish) characters in string: ""USD/yıl"". Use Technical Academic English for code strings.
    ⚠️ Ln 14:33 — Non-English (Turkish) characters in string: ""Proje Ömrü"". Use Technical Academic English for code strings.
    ⚠️ Ln 20:151 — Non-English (Turkish) characters in string: ""kWh/yıl"". Use Technical Academic English for code strings.
    ⚠️ Ln 24:35 — Non-English (Turkish) characters in string: ""Geri Ödeme Süresi"". Use Technical Academic English for code strings.
    ⚠️ Ln 27:105 — Non-English (Turkish) characters in string: ""NPV pozitif değil — yatırım fizibilitesi zayıf."". Use Technical Academic English for code strings.
    ⚠️ Ln 28:108 — Non-English (Turkish) characters in string: ""LCOE > $0.12/kWh — şebeke paritesi riski var."". Use Technical Academic English for code strings.
    ⚠️ Ln 29:100 — Non-English (Turkish) characters in string: ""IRR < %8 — iskonto oranının altında getiri."". Use Technical Academic English for code strings.
    ⚠️ Ln 61:111 — Non-English (Turkish) characters in string: ""LCOE = (CAPEX + PV OPEX) / PV üretim."". Use Technical Academic English for code strings.

  📄 src/lib/features/premium-schema/schemas/restaurant-menu-margin-leak-analyzer.ts
    ⚠️ Ln 26:122 — Non-English (Turkish) characters in string: ""Sapma > %5 — porsiyon ve fire kontrolü önerilir."". Use Technical Academic English for code strings.

  📄 src/lib/features/premium-schema/schemas/robot-vs-manual-analyzer.ts
    ⚠️ Ln 10:120 — Non-English (Turkish) characters in string: ""USD/yıl"". Use Technical Academic English for code strings.
    ⚠️ Ln 11:105 — Non-English (Turkish) characters in string: ""kişi"". Use Technical Academic English for code strings.
    ⚠️ Ln 13:133 — Non-English (Turkish) characters in string: ""USD/yıl"". Use Technical Academic English for code strings.
    ⚠️ Ln 14:118 — Non-English (Turkish) characters in string: ""USD/yıl"". Use Technical Academic English for code strings.
    ⚠️ Ln 15:31 — Non-English (Turkish) characters in string: ""Robot Ömrü"". Use Technical Academic English for code strings.
    ⚠️ Ln 16:109 — Non-English (Turkish) characters in string: ""adet/yıl"". Use Technical Academic English for code strings.
    ⚠️ Ln 17:106 — Non-English (Turkish) characters in string: ""adet/yıl"". Use Technical Academic English for code strings.
    ⚠️ Ln 20:107 — Non-English (Turkish) characters in string: ""USD/yıl"". Use Technical Academic English for code strings.
    ⚠️ Ln 21:104 — Non-English (Turkish) characters in string: ""USD/yıl"". Use Technical Academic English for code strings.
    ⚠️ Ln 22:104 — Non-English (Turkish) characters in string: ""adet/yıl"". Use Technical Academic English for code strings.
    ⚠️ Ln 23:107 — Non-English (Turkish) characters in string: ""adet/yıl"". Use Technical Academic English for code strings.
    ⚠️ Ln 27:34 — Non-English (Turkish) characters in string: ""Robot Geri Ödeme Süresi"". Use Technical Academic English for code strings.
    ⚠️ Ln 60:111 — Non-English (Turkish) characters in string: ""Manuel maliyet = işçi sayısı × yıllık maliyet."". Use Technical Academic English for code strings.

  📄 src/lib/features/premium-schema/schemas/roi-npv-analyzer.ts
    ⚠️ Ln 11:117 — Non-English (Turkish) characters in string: ""USD/yıl"". Use Technical Academic English for code strings.
    ⚠️ Ln 12:38 — Non-English (Turkish) characters in string: ""Proje Ömrü"". Use Technical Academic English for code strings.
    ⚠️ Ln 14:132 — Non-English (Turkish) characters in string: ""USD/yıl"". Use Technical Academic English for code strings.
    ⚠️ Ln 16:112 — Non-English (Turkish) characters in string: ""USD/yıl"". Use Technical Academic English for code strings.
    ⚠️ Ln 22:38 — Non-English (Turkish) characters in string: ""Geri Ödeme Süresi"". Use Technical Academic English for code strings.

  📄 src/lib/features/premium-schema/schemas/roof-area-load-analyzer.ts
    ⚠️ Ln 15:32 — Non-English (Turkish) characters in string: ""Yer Kar Yükü"". Use Technical Academic English for code strings.
    ⚠️ Ln 16:36 — Non-English (Turkish) characters in string: ""Maruziyet Faktörü"". Use Technical Academic English for code strings.
    ⚠️ Ln 17:35 — Non-English (Turkish) characters in string: ""Termal Faktör"". Use Technical Academic English for code strings.
    ⚠️ Ln 24:30 — Non-English (Turkish) characters in string: ""Ölü Yük"". Use Technical Academic English for code strings.
    ⚠️ Ln 25:30 — Non-English (Turkish) characters in string: ""Kar Yükü"". Use Technical Academic English for code strings.
    ⚠️ Ln 26:34 — Non-English (Turkish) characters in string: ""Toplam Yük"". Use Technical Academic English for code strings.
    ⚠️ Ln 28:112 — Non-English (Turkish) characters in string: ""Yük > 5 kN/m² — taşıyıcı sistem kontrol edilmelidir."". Use Technical Academic English for code strings.

  📄 src/lib/features/premium-schema/schemas/route-cost-analyzer.ts
    ⚠️ Ln 12:39 — Non-English (Turkish) characters in string: ""Sürücü Saat Ücreti"". Use Technical Academic English for code strings.
    ⚠️ Ln 29:118 — Non-English (Turkish) characters in string: ""Km maliyet > $1.50 — rota optimizasyonu önerilir."". Use Technical Academic English for code strings.

  📄 src/lib/features/premium-schema/schemas/route-optimization-analyzer.ts
    ⚠️ Ln 13:39 — Non-English (Turkish) characters in string: ""Saatlik Sürücü Maliyeti"". Use Technical Academic English for code strings.
    ⚠️ Ln 16:127 — Non-English (Turkish) characters in string: ""gün"". Use Technical Academic English for code strings.
    ⚠️ Ln 22:96 — Non-English (Turkish) characters in string: ""USD/yıl"". Use Technical Academic English for code strings.
    ⚠️ Ln 24:116 — Non-English (Turkish) characters in string: ""Verimlilik <%75 — rota optimizasyonu önerilir."". Use Technical Academic English for code strings.

  📄 src/lib/features/premium-schema/schemas/saas-shelfware-analyzer.ts
    ⚠️ Ln 14:119 — Non-English (Turkish) characters in string: ""USD/yıl"". Use Technical Academic English for code strings.
    ⚠️ Ln 18:100 — Non-English (Turkish) characters in string: ""USD/yıl"". Use Technical Academic English for code strings.

  📄 src/lib/features/premium-schema/schemas/sample-size-industrial-analyzer.ts
    ⚠️ Ln 11:37 — Non-English (Turkish) characters in string: ""Güven Düzeyi"". Use Technical Academic English for code strings.
    ⚠️ Ln 15:27 — Non-English (Turkish) characters in string: ""Test Gücü"". Use Technical Academic English for code strings.
    ⚠️ Ln 16:41 — Non-English (Turkish) characters in string: ""Birim Örneklem Maliyeti"". Use Technical Academic English for code strings.
    ⚠️ Ln 19:36 — Non-English (Turkish) characters in string: ""Sonsuz Kütle Örneklemi"". Use Technical Academic English for code strings.
    ⚠️ Ln 20:34 — Non-English (Turkish) characters in string: ""Sonlu Kütle Örneklemi"". Use Technical Academic English for code strings.
    ⚠️ Ln 25:39 — Non-English (Turkish) characters in string: ""Toplam Örneklem Maliyeti"". Use Technical Academic English for code strings.

  📄 src/lib/features/premium-schema/schemas/scaffold-rental-cost-analyzer.ts
    ⚠️ Ln 13:36 — Non-English (Turkish) characters in string: ""Kiralama Süresi"". Use Technical Academic English for code strings.
    ⚠️ Ln 25:114 — Non-English (Turkish) characters in string: ""Maliyet > $50K — kiralama süresi veya alanı optimize edilme". Use Technical Academic English for code strings.

  📄 src/lib/features/premium-schema/schemas/scrap-rate-optimize-analyzer.ts
    ⚠️ Ln 10:107 — Non-English (Turkish) characters in string: ""adet/yıl"". Use Technical Academic English for code strings.
    ⚠️ Ln 11:32 — Non-English (Turkish) characters in string: ""Toplam Üretim Girdisi"". Use Technical Academic English for code strings.
    ⚠️ Ln 15:30 — Non-English (Turkish) characters in string: ""Makine Saat Ücreti"". Use Technical Academic English for code strings.
    ⚠️ Ln 23:101 — Non-English (Turkish) characters in string: ""USD/yıl"". Use Technical Academic English for code strings.

  📄 src/lib/features/premium-schema/schemas/sewing-line-balance-analyzer-pro.ts
    ⚠️ Ln 11:35 — Non-English (Turkish) characters in string: ""Vardiya Süresi"". Use Technical Academic English for code strings.
    ⚠️ Ln 13:28 — Non-English (Turkish) characters in string: ""Günlük Hedef Adet"". Use Technical Academic English for code strings.
    ⚠️ Ln 17:32 — Non-English (Turkish) characters in string: ""Toplam SMV (Tüm Operasyonlar)"". Use Technical Academic English for code strings.
    ⚠️ Ln 20:30 — Non-English (Turkish) characters in string: ""Takt Süresi"". Use Technical Academic English for code strings.
    ⚠️ Ln 22:36 — Non-English (Turkish) characters in string: ""Teorik Operatör"". Use Technical Academic English for code strings.
    ⚠️ Ln 23:100 — Non-English (Turkish) characters in string: ""kişi"". Use Technical Academic English for code strings.
    ⚠️ Ln 27:115 — Non-English (Turkish) characters in string: ""Verim < %80 — SMV dağılımı iyileştirilmeli."". Use Technical Academic English for code strings.

  📄 src/lib/features/premium-schema/schemas/shift-cost-efficiency-analyzer.ts
    ⚠️ Ln 10:113 — Non-English (Turkish) characters in string: ""vardiya/gün"". Use Technical Academic English for code strings.
    ⚠️ Ln 11:120 — Non-English (Turkish) characters in string: ""kişi"". Use Technical Academic English for code strings.
    ⚠️ Ln 12:32 — Non-English (Turkish) characters in string: ""Saatlik Ücret"". Use Technical Academic English for code strings.
    ⚠️ Ln 13:32 — Non-English (Turkish) characters in string: ""Vardiya Süresi"". Use Technical Academic English for code strings.
    ⚠️ Ln 19:108 — Non-English (Turkish) characters in string: ""USD/gün"". Use Technical Academic English for code strings.
    ⚠️ Ln 22:104 — Non-English (Turkish) characters in string: ""USD/yıl"". Use Technical Academic English for code strings.

  📄 src/lib/features/premium-schema/schemas/shop-hourly-rate-analyzer.ts
    ⚠️ Ln 7:37 — Non-English (Turkish) characters in string: ""Teknisyen Ücretleri"". Use Technical Academic English for code strings.
    ⚠️ Ln 8:34 — Non-English (Turkish) characters in string: ""Yönetici Ücretleri"". Use Technical Academic English for code strings.
    ⚠️ Ln 24:35 — Non-English (Turkish) characters in string: ""Toplam Atölye Maliyeti"". Use Technical Academic English for code strings.
    ⚠️ Ln 26:36 — Non-English (Turkish) characters in string: ""Atölye Saatlik Ücreti"". Use Technical Academic English for code strings.
    ⚠️ Ln 61:28 — Non-English (Turkish) characters in string: ""Atölye Saatlik Ücret Raporu"". Use Technical Academic English for code strings.
    ⚠️ Ln 62:111 — Non-English (Turkish) characters in string: ""Saatlik ücret = Toplam maliyet / Faturalanabilir saat."". Use Technical Academic English for code strings.

  📄 src/lib/features/premium-schema/schemas/six-sigma-project-prioritizer.ts
    ⚠️ Ln 11:38 — Non-English (Turkish) characters in string: ""Toplam Üretim Hacmi"". Use Technical Academic English for code strings.
    ⚠️ Ln 17:36 — Non-English (Turkish) characters in string: ""Önleme Maliyeti"". Use Technical Academic English for code strings.
    ⚠️ Ln 20:34 — Non-English (Turkish) characters in string: ""Güvenlik Etkisi (1-10)"". Use Technical Academic English for code strings.
    ⚠️ Ln 34:98 — Non-English (Turkish) characters in string: ""Sigma level < 4 — iyileştirme fırsatı mevcut."". Use Technical Academic English for code strings.

  📄 src/lib/features/premium-schema/schemas/smed-changeover-matrix-analyzer.ts
    ⚠️ Ln 8:18 — Non-English (Turkish) characters in string: ""Kalıp değişim süreleri SMED prensipleriyle optimize edilmez". Use Technical Academic English for code strings.
    ⚠️ Ln 15:124 — Non-English (Turkish) characters in string: ""USD/adet/yıl"". Use Technical Academic English for code strings.
    ⚠️ Ln 16:33 — Non-English (Turkish) characters in string: ""Makine Saat Ücreti"". Use Technical Academic English for code strings.
    ⚠️ Ln 17:33 — Non-English (Turkish) characters in string: ""Hedef Setup Süresi (SMED)"". Use Technical Academic English for code strings.
    ⚠️ Ln 18:35 — Non-English (Turkish) characters in string: ""Mevcut Süre/Ay"". Use Technical Academic English for code strings.
    ⚠️ Ln 21:32 — Non-English (Turkish) characters in string: ""Toplam Setup Süresi"". Use Technical Academic English for code strings.
    ⚠️ Ln 23:96 — Non-English (Turkish) characters in string: ""USD/yıl"". Use Technical Academic English for code strings.
    ⚠️ Ln 26:121 — Non-English (Turkish) characters in string: ""Tasarruf > $10K — SMED projesi başlatılmalı."". Use Technical Academic English for code strings.

  📄 src/lib/features/premium-schema/schemas/smed-changeover-optimizer-analyzer.ts
    ⚠️ Ln 18:106 — Non-English (Turkish) characters in string: ""saat/yıl"". Use Technical Academic English for code strings.
    ⚠️ Ln 19:96 — Non-English (Turkish) characters in string: ""USD/yıl"". Use Technical Academic English for code strings.
    ⚠️ Ln 22:105 — Non-English (Turkish) characters in string: ""ROI <%100 — SMED uygulaması sorgulanmalı."". Use Technical Academic English for code strings.
    ⚠️ Ln 38:111 — Non-English (Turkish) characters in string: ""Kazanılan kapasite = (mevcut − hedef) × değişim sayısı × 12". Use Technical Academic English for code strings.

  📄 src/lib/features/premium-schema/schemas/spc-limit-control-analyzer.ts
    ⚠️ Ln 13:25 — Non-English (Turkish) characters in string: ""Üst Spesifikasyon Limiti"". Use Technical Academic English for code strings.

  📄 src/lib/features/premium-schema/schemas/spc-signal-delay-analyzer.ts
    ⚠️ Ln 15:136 — Non-English (Turkish) characters in string: ""saat/yıl"". Use Technical Academic English for code strings.
    ⚠️ Ln 18:95 — Non-English (Turkish) characters in string: ""örnek"". Use Technical Academic English for code strings.
    ⚠️ Ln 19:106 — Non-English (Turkish) characters in string: ""örnek"". Use Technical Academic English for code strings.
    ⚠️ Ln 20:104 — Non-English (Turkish) characters in string: ""USD/yıl"". Use Technical Academic English for code strings.

  📄 src/lib/features/premium-schema/schemas/steam-trap-energy-loss-analyzer.ts
    ⚠️ Ln 12:136 — Non-English (Turkish) characters in string: ""saat/yıl"". Use Technical Academic English for code strings.
    ⚠️ Ln 19:101 — Non-English (Turkish) characters in string: ""USD/yıl"". Use Technical Academic English for code strings.

  📄 src/lib/features/premium-schema/schemas/subcontractor-margin-leak-analyzer.ts
    ⚠️ Ln 21:111 — Non-English (Turkish) characters in string: ""Marj kaçağı > %5 — taşeron takibi artırılmalı."". Use Technical Academic English for code strings.

  📄 src/lib/features/premium-schema/schemas/supplier-currency-risk-analyzer.ts
    ⚠️ Ln 11:41 — Non-English (Turkish) characters in string: ""Güncel Kur"". Use Technical Academic English for code strings.
    ⚠️ Ln 18:40 — Non-English (Turkish) characters in string: ""Döviz Pozisyonu"". Use Technical Academic English for code strings.
    ⚠️ Ln 22:37 — Non-English (Turkish) characters in string: ""Klausül Tasarrufu"". Use Technical Academic English for code strings.
    ⚠️ Ln 24:120 — Non-English (Turkish) characters in string: ""Net risk maliyeti > $5K — hedge değerlendirilmeli."". Use Technical Academic English for code strings.

  📄 src/lib/features/premium-schema/schemas/supplier-performance-tco-analyzer.ts
    ⚠️ Ln 15:34 — Non-English (Turkish) characters in string: ""Teslim Süresi"". Use Technical Academic English for code strings.
    ⚠️ Ln 16:139 — Non-English (Turkish) characters in string: ""%/yıl"". Use Technical Academic English for code strings.

  📄 src/lib/features/premium-schema/schemas/supply-chain-disruption-analyzer.ts
    ⚠️ Ln 13:34 — Non-English (Turkish) characters in string: ""Toparlanma Süresi"". Use Technical Academic English for code strings.
    ⚠️ Ln 15:40 — Non-English (Turkish) characters in string: ""Günlük Kesinti Maliyeti"". Use Technical Academic English for code strings.
    ⚠️ Ln 18:107 — Non-English (Turkish) characters in string: ""USD/yıl"". Use Technical Academic English for code strings.
    ⚠️ Ln 19:112 — Non-English (Turkish) characters in string: ""USD/yıl"". Use Technical Academic English for code strings.
    ⚠️ Ln 20:121 — Non-English (Turkish) characters in string: ""USD/yıl"". Use Technical Academic English for code strings.

  📄 src/lib/features/premium-schema/schemas/taguchi-quality-loss-analyzer.ts
    ⚠️ Ln 17:31 — Non-English (Turkish) characters in string: ""Üst Spesifikasyon Limiti"". Use Technical Academic English for code strings.

  📄 src/lib/features/premium-schema/schemas/takt-time-flexibility-analyzer.ts
    ⚠️ Ln 10:128 — Non-English (Turkish) characters in string: ""dk/gün"". Use Technical Academic English for code strings.
    ⚠️ Ln 11:131 — Non-English (Turkish) characters in string: ""adet/gün"". Use Technical Academic English for code strings.
    ⚠️ Ln 13:121 — Non-English (Turkish) characters in string: ""kişi"". Use Technical Academic English for code strings.
    ⚠️ Ln 17:30 — Non-English (Turkish) characters in string: ""Takt Süresi"". Use Technical Academic English for code strings.
    ⚠️ Ln 19:90 — Non-English (Turkish) characters in string: ""USD/gün"". Use Technical Academic English for code strings.
    ⚠️ Ln 20:106 — Non-English (Turkish) characters in string: ""USD/gün"". Use Technical Academic English for code strings.

  📄 src/lib/features/premium-schema/schemas/textile-waste-risk-analyzer.ts
    ⚠️ Ln 8:18 — Non-English (Turkish) characters in string: ""Tekstil üretiminde kumaş atığı ve fire oranı kontrol edilme". Use Technical Academic English for code strings.
    ⚠️ Ln 13:120 — Non-English (Turkish) characters in string: ""parti/yıl"". Use Technical Academic English for code strings.
    ⚠️ Ln 19:123 — Non-English (Turkish) characters in string: ""USD/yıl"". Use Technical Academic English for code strings.
    ⚠️ Ln 20:95 — Non-English (Turkish) characters in string: ""USD/yıl"". Use Technical Academic English for code strings.
    ⚠️ Ln 23:118 — Non-English (Turkish) characters in string: ""Atık oranı > %10 — kesim optimizasyonu önerilir."". Use Technical Academic English for code strings.

  📄 src/lib/features/premium-schema/schemas/tool-wear-cost-analyzer.ts
    ⚠️ Ln 10:107 — Non-English (Turkish) characters in string: ""USD/takım"". Use Technical Academic English for code strings.
    ⚠️ Ln 11:102 — Non-English (Turkish) characters in string: ""parça"". Use Technical Academic English for code strings.
    ⚠️ Ln 17:120 — Non-English (Turkish) characters in string: ""adet/yıl"". Use Technical Academic English for code strings.
    ⚠️ Ln 20:115 — Non-English (Turkish) characters in string: ""USD/parça"". Use Technical Academic English for code strings.
    ⚠️ Ln 21:102 — Non-English (Turkish) characters in string: ""USD/yıl"". Use Technical Academic English for code strings.
    ⚠️ Ln 22:111 — Non-English (Turkish) characters in string: ""USD/yıl"". Use Technical Academic English for code strings.

  📄 src/lib/features/premium-schema/schemas/total-employee-cost-analyzer.ts
    ⚠️ Ln 8:18 — Non-English (Turkish) characters in string: ""Çalışan başına brüt maaş, yan haklar ve işveren payı toplam". Use Technical Academic English for code strings.
    ⚠️ Ln 10:121 — Non-English (Turkish) characters in string: ""kişi"". Use Technical Academic English for code strings.
    ⚠️ Ln 14:160 — Non-English (Turkish) characters in string: ""USD/yıl"". Use Technical Academic English for code strings.
    ⚠️ Ln 21:121 — Non-English (Turkish) characters in string: ""Saatlik maliyet > $30 — verimlilik analizi önerilir."". Use Technical Academic English for code strings.

  📄 src/lib/features/premium-schema/schemas/transfer-pricing-optimizer-analyzer.ts
    ⚠️ Ln 22:125 — Non-English (Turkish) characters in string: ""Vergi etkisi > $30K — transfer fiyatı optimize edilmeli."". Use Technical Academic English for code strings.

  📄 src/lib/features/premium-schema/schemas/transport-mode-risk-analyzer.ts
    ⚠️ Ln 8:18 — Non-English (Turkish) characters in string: ""Hava, deniz ve kara taşıma modları arasında seçim yaparken ". Use Technical Academic English for code strings.
    ⚠️ Ln 13:36 — Non-English (Turkish) characters in string: ""Hava Transit Süresi"". Use Technical Academic English for code strings.
    ⚠️ Ln 14:36 — Non-English (Turkish) characters in string: ""Deniz Transit Süresi"". Use Technical Academic English for code strings.
    ⚠️ Ln 15:37 — Non-English (Turkish) characters in string: ""Kara Transit Süresi"". Use Technical Academic English for code strings.
    ⚠️ Ln 16:38 — Non-English (Turkish) characters in string: ""Gecikme Günlük Maliyeti"". Use Technical Academic English for code strings.
    ⚠️ Ln 23:37 — Non-English (Turkish) characters in string: ""Transit Süre Maliyeti"". Use Technical Academic English for code strings.
    ⚠️ Ln 27:121 — Non-English (Turkish) characters in string: ""Toplam taşıma maliyeti > $10K — mod optimizasyonu önerilir.". Use Technical Academic English for code strings.

  📄 src/lib/features/premium-schema/schemas/vacuum-leak-energy-analyzer.ts
    ⚠️ Ln 8:18 — Non-English (Turkish) characters in string: ""Vakum sistemlerindeki kaçaklar fark edilmeden yüksek enerji". Use Technical Academic English for code strings.
    ⚠️ Ln 15:32 — Non-English (Turkish) characters in string: ""Vakum Pompa Gücü"". Use Technical Academic English for code strings.
    ⚠️ Ln 20:101 — Non-English (Turkish) characters in string: ""USD/yıl"". Use Technical Academic English for code strings.
    ⚠️ Ln 22:109 — Non-English (Turkish) characters in string: ""USD/yıl"". Use Technical Academic English for code strings.
    ⚠️ Ln 25:110 — Non-English (Turkish) characters in string: ""Kaçak maliyeti > $5K — vakum hattı bakımı planlanmalı."". Use Technical Academic English for code strings.
    ⚠️ Ln 26:110 — Non-English (Turkish) characters in string: ""Kapasite kaybı > %10 — kompresör yükü optimize edilmeli."". Use Technical Academic English for code strings.
    ⚠️ Ln 44:28 — Non-English (Turkish) characters in string: ""Vakum Kaçağı Enerji Maliyeti Raporu"". Use Technical Academic English for code strings.
    ⚠️ Ln 45:110 — Non-English (Turkish) characters in string: ""Kaçak debisi ortalama değer üzerinden hesaplanır."". Use Technical Academic English for code strings.

  📄 src/lib/features/premium-schema/schemas/vehicle-depreciation-tco-analyzer.ts
    ⚠️ Ln 16:25 — Non-English (Turkish) characters in string: ""Türkiye"". Use Technical Academic English for code strings.
    ⚠️ Ln 22:18 — Non-English (Turkish) characters in string: ""Filo yatırımlarında amortisman yöntemi seçimi ve TCO hesabı". Use Technical Academic English for code strings.
    ⚠️ Ln 25:217 — Non-English (Turkish) characters in string: ""Aracın ekonomik ömrü sonundaki tahmini değeri."". Use Technical Academic English for code strings.
    ⚠️ Ln 26:119 — Non-English (Turkish) characters in string: ""yıl"". Use Technical Academic English for code strings.
    ⚠️ Ln 27:107 — Non-English (Turkish) characters in string: ""km/yıl"". Use Technical Academic English for code strings.
    ⚠️ Ln 29:40 — Non-English (Turkish) characters in string: ""Amortisman Yöntemi"". Use Technical Academic English for code strings.
    ⚠️ Ln 43:101 — Non-English (Turkish) characters in string: ""TCO > $75K — maliyet optimizasyonu değerlendir."". Use Technical Academic English for code strings.

  📄 src/lib/features/premium-schema/schemas/volumetric-weight-chargeable-analyzer.ts
    ⚠️ Ln 8:18 — Non-English (Turkish) characters in string: ""Hacimsel ağırlık doğru hesaplanmazsa taşıma maliyeti beklen". Use Technical Academic English for code strings.
    ⚠️ Ln 12:28 — Non-English (Turkish) characters in string: ""Yükseklik"". Use Technical Academic English for code strings.
    ⚠️ Ln 22:114 — Non-English (Turkish) characters in string: ""Taşıma > $50 — ambalaj optimizasyonu önerilir."". Use Technical Academic English for code strings.

  📄 src/lib/features/premium-schema/schemas/vsm-financial-converter-analyzer.ts
    ⚠️ Ln 10:35 — Non-English (Turkish) characters in string: ""Toplam Teslim Süresi"". Use Technical Academic English for code strings.
    ⚠️ Ln 12:136 — Non-English (Turkish) characters in string: ""adet/gün"". Use Technical Academic English for code strings.
    ⚠️ Ln 14:126 — Non-English (Turkish) characters in string: ""gün"". Use Technical Academic English for code strings.
    ⚠️ Ln 18:37 — Non-English (Turkish) characters in string: ""Teslim Süresi Maliyeti"". Use Technical Academic English for code strings.
    ⚠️ Ln 20:115 — Non-English (Turkish) characters in string: ""USD/yıl"". Use Technical Academic English for code strings.
    ⚠️ Ln 21:120 — Non-English (Turkish) characters in string: ""USD/yıl"". Use Technical Academic English for code strings.
    ⚠️ Ln 39:161 — Non-English (Turkish) characters in string: ""KD olmayan maliyet = (toplam - KD süre) × birim maliyet × ü". Use Technical Academic English for code strings.

  📄 src/lib/features/premium-schema/schemas/warehouse-layout-analyzer.ts
    ⚠️ Ln 8:18 — Non-English (Turkish) characters in string: ""Depo yerleşimi optimize edilmezse palet pozisyonu, throughp". Use Technical Academic English for code strings.
    ⚠️ Ln 16:36 — Non-English (Turkish) characters in string: ""Yükleme Süresi"". Use Technical Academic English for code strings.
    ⚠️ Ln 18:112 — Non-English (Turkish) characters in string: ""adet/gün"". Use Technical Academic English for code strings.
    ⚠️ Ln 19:32 — Non-English (Turkish) characters in string: ""Toplam Seyahat Süresi"". Use Technical Academic English for code strings.
    ⚠️ Ln 20:121 — Non-English (Turkish) characters in string: ""USD/yıl"". Use Technical Academic English for code strings.
    ⚠️ Ln 25:108 — Non-English (Turkish) characters in string: ""araç/gün"". Use Technical Academic English for code strings.
    ⚠️ Ln 27:109 — Non-English (Turkish) characters in string: ""USD/yıl"". Use Technical Academic English for code strings.
    ⚠️ Ln 29:119 — Non-English (Turkish) characters in string: ""Pozisyon maliyeti > $150 — optimizasyon fırsatı var."". Use Technical Academic English for code strings.

  📄 src/lib/features/premium-schema/schemas/water-usage-optimizer-analyzer.ts
    ⚠️ Ln 8:18 — Non-English (Turkish) characters in string: ""Endüstriyel su tüketimi izlenmezse su yoğunluğu artar, atık". Use Technical Academic English for code strings.
    ⚠️ Ln 10:128 — Non-English (Turkish) characters in string: ""m³/yıl"". Use Technical Academic English for code strings.
    ⚠️ Ln 11:135 — Non-English (Turkish) characters in string: ""ton/yıl"". Use Technical Academic English for code strings.
    ⚠️ Ln 20:110 — Non-English (Turkish) characters in string: ""m³/yıl"". Use Technical Academic English for code strings.
    ⚠️ Ln 21:111 — Non-English (Turkish) characters in string: ""USD/yıl"". Use Technical Academic English for code strings.
    ⚠️ Ln 24:114 — Non-English (Turkish) characters in string: ""Su yoğunluğu >5 m³/ton — verimlilik iyileştirme fırsatı var". Use Technical Academic English for code strings.
    ⚠️ Ln 44:28 — Non-English (Turkish) characters in string: ""Su Kullanım Optimizasyon Raporu"". Use Technical Academic English for code strings.
    ⚠️ Ln 45:111 — Non-English (Turkish) characters in string: ""Su yoğunluğu = toplam kullanım / üretim miktarı."". Use Technical Academic English for code strings.

  📄 src/lib/features/premium-schema/schemas/weld-cost-analysis-analyzer.ts
    ⚠️ Ln 5:18 — Non-English (Turkish) characters in string: ""Kaynak maliyetinin metraj bazlı analizi yapılmazsa, birim f". Use Technical Academic English for code strings.
    ⚠️ Ln 8:36 — Non-English (Turkish) characters in string: ""Vardiya Süresi"". Use Technical Academic English for code strings.
    ⚠️ Ln 10:29 — Non-English (Turkish) characters in string: ""Ark Süresi"". Use Technical Academic English for code strings.
    ⚠️ Ln 25:115 — Non-English (Turkish) characters in string: ""m² maliyet > $50 — proses verimliliği düşük."". Use Technical Academic English for code strings.
    ⚠️ Ln 34:111 — Non-English (Turkish) characters in string: ""Çalışma faktörü = Ark süresi / Vardiya süresi."". Use Technical Academic English for code strings.

  📄 src/lib/features/premium-schema/schemas/weld-strength-analyzer.ts
    ⚠️ Ln 5:18 — Non-English (Turkish) characters in string: ""Kaynak mukavemeti ve güvenlik faktörü hesaplanmazsa, yapısa". Use Technical Academic English for code strings.
    ⚠️ Ln 9:33 — Non-English (Turkish) characters in string: ""Uygulanan Yük"". Use Technical Academic English for code strings.
    ⚠️ Ln 18:34 — Non-English (Turkish) characters in string: ""Maksimum Kesme Yükü"". Use Technical Academic English for code strings.
    ⚠️ Ln 19:34 — Non-English (Turkish) characters in string: ""Güvenlik Faktörü"". Use Technical Academic English for code strings.
    ⚠️ Ln 21:114 — Non-English (Turkish) characters in string: ""SF < 2 — tasarım gözden geçirilmeli."". Use Technical Academic English for code strings.
    ⚠️ Ln 30:108 — Non-English (Turkish) characters in string: ""Boğaz = Leg × COS(45°)."". Use Technical Academic English for code strings.

  📄 src/lib/features/premium-schema/schemas/weld-volume-cost-analyzer.ts
    ⚠️ Ln 5:18 — Non-English (Turkish) characters in string: ""Kaynak hacmi ve dolgu maliyeti hesaplanmazsa, tahminlerin ü". Use Technical Academic English for code strings.
    ⚠️ Ln 13:29 — Non-English (Turkish) characters in string: ""Ark Süresi"". Use Technical Academic English for code strings.
    ⚠️ Ln 32:120 — Non-English (Turkish) characters in string: ""Kaynak maliyeti > $5K — proses optimizasyonu değerlendirilm". Use Technical Academic English for code strings.
    ⚠️ Ln 49:154 — Non-English (Turkish) characters in string: ""Biriktirme = Hacim × Yoğunluk."". Use Technical Academic English for code strings.

  📄 src/lib/features/premium-schema/schemas/wind-turbine-investment-analyzer.ts
    ⚠️ Ln 8:18 — Non-English (Turkish) characters in string: ""Rüzgar türbini yatırımında AEP, gelir ve NPV hesaplanmazsa ". Use Technical Academic English for code strings.
    ⚠️ Ln 14:36 — Non-English (Turkish) characters in string: ""Kapasite Faktörü"". Use Technical Academic English for code strings.
    ⚠️ Ln 17:104 — Non-English (Turkish) characters in string: ""USD/yıl"". Use Technical Academic English for code strings.
    ⚠️ Ln 18:33 — Non-English (Turkish) characters in string: ""Proje Ömrü"". Use Technical Academic English for code strings.
    ⚠️ Ln 22:110 — Non-English (Turkish) characters in string: ""MWh/yıl"". Use Technical Academic English for code strings.
    ⚠️ Ln 23:91 — Non-English (Turkish) characters in string: ""USD/yıl"". Use Technical Academic English for code strings.
    ⚠️ Ln 24:28 — Non-English (Turkish) characters in string: ""FVAÖK (EBITDA)"". Use Technical Academic English for code strings.
    ⚠️ Ln 28:110 — Non-English (Turkish) characters in string: ""LCOE > $0.06/kWh — piyasa rekabeti zorlaşabilir."". Use Technical Academic English for code strings.
    ⚠️ Ln 65:28 — Non-English (Turkish) characters in string: ""Rüzgar Türbini Yatırım Raporu"". Use Technical Academic English for code strings.
    ⚠️ Ln 66:251 — Non-English (Turkish) characters in string: ""Rüzgar hızı Weibull dağılımı varsayılmıştır."". Use Technical Academic English for code strings.

  📄 src/lib/features/premium-schema/schemas/wps-preheat-temperature-analyzer.ts
    ⚠️ Ln 8:18 — Non-English (Turkish) characters in string: ""Kaynak öncesi ön ısıtma sıcaklığı doğru hesaplanmazsa çatla". Use Technical Academic English for code strings.
    ⚠️ Ln 26:110 — Non-English (Turkish) characters in string: ""CEV > 0.4 — ön ısıtma gereklidir, hidrojen kontrolü yapılma". Use Technical Academic English for code strings.
    ⚠️ Ln 27:111 — Non-English (Turkish) characters in string: ""Ön ısıtma maliyeti > $500 — enerji verimliliği değerlendiri". Use Technical Academic English for code strings.
    ⚠️ Ln 53:28 — Non-English (Turkish) characters in string: ""WPS Ön Isıtma Sıcaklık Analiz Raporu"". Use Technical Academic English for code strings.
    ⚠️ Ln 54:110 — Non-English (Turkish) characters in string: ""CEV = C + Mn/6 + (Cr+Mo+V)/5 + (Ni+Cu)/15 formülü ile hesap". Use Technical Academic English for code strings.

  📄 src/lib/features/premium-schema/user-premium-formulas.ts
    ⚠️ Ln 241:42 — Non-English (Turkish) characters in string: ""AI TOKEN MALİYET: BasePromptCost = (PromptTokens * PromptPr". Use Technical Academic English for code strings.
    ⚠️ Ln 242:42 — Non-English (Turkish) characters in string: ""AI TOKEN MALİYET: BaseCompletionCost = (CompletionTokens * ". Use Technical Academic English for code strings.
    ⚠️ Ln 243:42 — Non-English (Turkish) characters in string: ""AI TOKEN MALİYET: CacheReadCost = (CachedTokens * CacheRead". Use Technical Academic English for code strings.
    ⚠️ Ln 244:42 — Non-English (Turkish) characters in string: ""AI TOKEN MALİYET: MonthlyProjection = (DailyBaseCost * 30) ". Use Technical Academic English for code strings.
    ⚠️ Ln 245:42 — Non-English (Turkish) characters in string: ""AI TOKEN MALİYET: TCO = MonthlyProjection + InfraOverhead +". Use Technical Academic English for code strings.
    ⚠️ Ln 247:58 — Non-English (Turkish) characters in string: ""ALTI SİGMA PROJE ÖNCELİKLENDİRİCİ: DPMO = (Defects / (Units". Use Technical Academic English for code strings.
    ⚠️ Ln 248:58 — Non-English (Turkish) characters in string: ""ALTI SİGMA PROJE ÖNCELİKLENDİRİCİ: Yield = 1 - (Defects / (". Use Technical Academic English for code strings.
    ⚠️ Ln 249:58 — Non-English (Turkish) characters in string: ""ALTI SİGMA PROJE ÖNCELİKLENDİRİCİ: Z_bench = NORMSINV(Yield". Use Technical Academic English for code strings.
    ⚠️ Ln 250:58 — Non-English (Turkish) characters in string: ""ALTI SİGMA PROJE ÖNCELİKLENDİRİCİ: SigmaLevel = Z_bench + 1". Use Technical Academic English for code strings.
    ⚠️ Ln 251:58 — Non-English (Turkish) characters in string: ""ALTI SİGMA PROJE ÖNCELİKLENDİRİCİ: COPQ = InternalFailure +". Use Technical Academic English for code strings.
    ⚠️ Ln 252:58 — Non-English (Turkish) characters in string: ""ALTI SİGMA PROJE ÖNCELİKLENDİRİCİ: ProjectScore = (COPQ * R". Use Technical Academic English for code strings.
    ⚠️ Ln 254:46 — Non-English (Turkish) characters in string: ""AQL SAMPLING RİSK & MALİYET: CodeLetter = LookupCodeLetter(". Use Technical Academic English for code strings.
    ⚠️ Ln 255:46 — Non-English (Turkish) characters in string: ""AQL SAMPLING RİSK & MALİYET: n = SampleSize(CodeLetter, AQL". Use Technical Academic English for code strings.
    ⚠️ Ln 256:46 — Non-English (Turkish) characters in string: ""AQL SAMPLING RİSK & MALİYET: Ac = AcceptanceNumber(CodeLett". Use Technical Academic English for code strings.
    ⚠️ Ln 257:46 — Non-English (Turkish) characters in string: ""AQL SAMPLING RİSK & MALİYET: Pa_producer = BINOMDIST(Ac, n,". Use Technical Academic English for code strings.
    ⚠️ Ln 258:46 — Non-English (Turkish) characters in string: ""AQL SAMPLING RİSK & MALİYET: Alpha = 1 - Pa_producer"". Use Technical Academic English for code strings.
    ⚠️ Ln 259:46 — Non-English (Turkish) characters in string: ""AQL SAMPLING RİSK & MALİYET: Pa_consumer = BINOMDIST(Ac, n,". Use Technical Academic English for code strings.
    ⚠️ Ln 260:46 — Non-English (Turkish) characters in string: ""AQL SAMPLING RİSK & MALİYET: Beta = Pa_consumer"". Use Technical Academic English for code strings.
    ⚠️ Ln 261:46 — Non-English (Turkish) characters in string: ""AQL SAMPLING RİSK & MALİYET: ATI = n + (1 - Pa) * (N - n)"". Use Technical Academic English for code strings.
    ⚠️ Ln 262:46 — Non-English (Turkish) characters in string: ""AQL SAMPLING RİSK & MALİYET: TotalRiskCost = (N * p * (1 - ". Use Technical Academic English for code strings.
    ⚠️ Ln 264:53 — Non-English (Turkish) characters in string: ""ARAÇ AMORTİSMANI: SL_Annual = (Cost - SalvageValue) / Usefu". Use Technical Academic English for code strings.
    ⚠️ Ln 265:53 — Non-English (Turkish) characters in string: ""ARAÇ AMORTİSMANI: DB_Rate = 2 / UsefulLife"". Use Technical Academic English for code strings.
    ⚠️ Ln 266:53 — Non-English (Turkish) characters in string: ""ARAÇ AMORTİSMANI: DB_Year_t = BookValue_(t-1) * DB_Rate"". Use Technical Academic English for code strings.
    ⚠️ Ln 267:53 — Non-English (Turkish) characters in string: ""ARAÇ AMORTİSMANI: MACRS_Year_t = Cost * MACRS_Table(AssetCl". Use Technical Academic English for code strings.
    ⚠️ Ln 268:53 — Non-English (Turkish) characters in string: ""ARAÇ AMORTİSMANI: UoP_PerUnit = (Cost - SalvageValue) / Tot". Use Technical Academic English for code strings.
    ⚠️ Ln 269:53 — Non-English (Turkish) characters in string: ""ARAÇ AMORTİSMANI: TCO = AcquisitionCost + SUM((OpCost_t + M". Use Technical Academic English for code strings.
    ⚠️ Ln 270:53 — Non-English (Turkish) characters in string: ""ARAÇ AMORTİSMANI: TaxShield = Depreciation * TaxRate"". Use Technical Academic English for code strings.
    ⚠️ Ln 272:42 — Non-English (Turkish) characters in string: ""ARIZA SÜRESİ MALİYETİ: DirectLaborLoss = DowntimeHours * Af". Use Technical Academic English for code strings.
    ⚠️ Ln 273:42 — Non-English (Turkish) characters in string: ""ARIZA SÜRESİ MALİYETİ: ProductionLoss = DowntimeHours * Lin". Use Technical Academic English for code strings.
    ⚠️ Ln 274:42 — Non-English (Turkish) characters in string: ""ARIZA SÜRESİ MALİYETİ: EnergyWaste = IdlePowerKW * Downtime". Use Technical Academic English for code strings.
    ⚠️ Ln 275:42 — Non-English (Turkish) characters in string: ""ARIZA SÜRESİ MALİYETİ: RecoveryCost = OvertimeHours * Overt". Use Technical Academic English for code strings.
    ⚠️ Ln 276:42 — Non-English (Turkish) characters in string: ""ARIZA SÜRESİ MALİYETİ: TotalDowntimeCost = DirectLaborLoss ". Use Technical Academic English for code strings.
    ⚠️ Ln 291:50 — Non-English (Turkish) characters in string: ""AUTO SHOP MARJ KAÇAK: GrossMargin_Parts = (PartsRevenue - P". Use Technical Academic English for code strings.
    ⚠️ Ln 292:50 — Non-English (Turkish) characters in string: ""AUTO SHOP MARJ KAÇAK: EffectiveLaborRate = TotalLaborRevenu". Use Technical Academic English for code strings.
    ⚠️ Ln 293:50 — Non-English (Turkish) characters in string: ""AUTO SHOP MARJ KAÇAK: ProductivityRate = TotalFlagHours / T". Use Technical Academic English for code strings.
    ⚠️ Ln 294:50 — Non-English (Turkish) characters in string: ""AUTO SHOP MARJ KAÇAK: MarginLeak_Discount = SUM(Discount) /". Use Technical Academic English for code strings.
    ⚠️ Ln 295:50 — Non-English (Turkish) characters in string: ""AUTO SHOP MARJ KAÇAK: MarginLeak_Shrinkage = InventoryShrin". Use Technical Academic English for code strings.
    ⚠️ Ln 296:50 — Non-English (Turkish) characters in string: ""AUTO SHOP MARJ KAÇAK: NetMargin = (TotalRevenue - TotalCOGS". Use Technical Academic English for code strings.
    ⚠️ Ln 297:50 — Non-English (Turkish) characters in string: ""AUTO SHOP MARJ KAÇAK: AnnualLeakage = TotalRevenue * (Targe". Use Technical Academic English for code strings.
    ⚠️ Ln 299:49 — Non-English (Turkish) characters in string: ""BASINÇ VESSEL KALINLIK: t_shell = (P * R) / (S * E - 0.6 * ". Use Technical Academic English for code strings.
    ⚠️ Ln 300:49 — Non-English (Turkish) characters in string: ""BASINÇ VESSEL KALINLIK: t_sphere = (P * R) / (2 * S * E - 0". Use Technical Academic English for code strings.
    ⚠️ Ln 301:49 — Non-English (Turkish) characters in string: ""BASINÇ VESSEL KALINLIK: t_head_ellip = (P * D) / (2 * S * E". Use Technical Academic English for code strings.
    ⚠️ Ln 302:49 — Non-English (Turkish) characters in string: ""BASINÇ VESSEL KALINLIK: M = 0.25 * (3 + SQRT(L/r))^2"". Use Technical Academic English for code strings.
    ⚠️ Ln 303:49 — Non-English (Turkish) characters in string: ""BASINÇ VESSEL KALINLIK: t_head_tori = (P * L * M) / (2 * S ". Use Technical Academic English for code strings.
    ⚠️ Ln 304:49 — Non-English (Turkish) characters in string: ""BASINÇ VESSEL KALINLIK: MAWP = (S * E * (t - C_A)) / (R + 0". Use Technical Academic English for code strings.
    ⚠️ Ln 306:55 — Non-English (Turkish) characters in string: ""BASINÇLI HAVA ENERJİ: CompressorPower = (Q * DeltaP) / (Eff". Use Technical Academic English for code strings.
    ⚠️ Ln 307:55 — Non-English (Turkish) characters in string: ""BASINÇLI HAVA ENERJİ: SpecificPower = CompressorPower / Q_a". Use Technical Academic English for code strings.
    ⚠️ Ln 308:55 — Non-English (Turkish) characters in string: ""BASINÇLI HAVA ENERJİ: AnnualEnergyCost = CompressorPower * ". Use Technical Academic English for code strings.
    ⚠️ Ln 309:55 — Non-English (Turkish) characters in string: ""BASINÇLI HAVA ENERJİ: LeakageCost = SUM(LeakFlow * OpHours ". Use Technical Academic English for code strings.
    ⚠️ Ln 310:55 — Non-English (Turkish) characters in string: ""BASINÇLI HAVA ENERJİ: TotalAnnualCost = AnnualEnergyCost + ". Use Technical Academic English for code strings.
    ⚠️ Ln 312:56 — Non-English (Turkish) characters in string: ""BAŞABAŞ NOKTASI: BEP_Units = FixedCosts / (UnitPrice - Unit". Use Technical Academic English for code strings.
    ⚠️ Ln 313:56 — Non-English (Turkish) characters in string: ""BAŞABAŞ NOKTASI: BEP_Revenue = FixedCosts / CMR"". Use Technical Academic English for code strings.
    ⚠️ Ln 314:56 — Non-English (Turkish) characters in string: ""BAŞABAŞ NOKTASI: CMR = (UnitPrice - UnitVariableCost) / Uni". Use Technical Academic English for code strings.
    ⚠️ Ln 315:56 — Non-English (Turkish) characters in string: ""BAŞABAŞ NOKTASI: MarginOfSafety_Percent = (ActualSales - BE". Use Technical Academic English for code strings.
    ⚠️ Ln 316:56 — Non-English (Turkish) characters in string: ""BAŞABAŞ NOKTASI: OperatingLeverage = ContributionMargin / N". Use Technical Academic English for code strings.
    ⚠️ Ln 317:56 — Non-English (Turkish) characters in string: ""BAŞABAŞ NOKTASI: TargetProfit_Units = (FixedCosts + TargetP". Use Technical Academic English for code strings.
    ⚠️ Ln 319:49 — Non-English (Turkish) characters in string: ""BETON HACMİ: V_slab = Length * Width * Thickness"". Use Technical Academic English for code strings.
    ⚠️ Ln 320:49 — Non-English (Turkish) characters in string: ""BETON HACMİ: V_footing = Length * Width * Depth * Count"". Use Technical Academic English for code strings.
    ⚠️ Ln 321:49 — Non-English (Turkish) characters in string: ""BETON HACMİ: V_column = PI * (Diameter/2)^2 * Height * Coun". Use Technical Academic English for code strings.
    ⚠️ Ln 322:49 — Non-English (Turkish) characters in string: ""BETON HACMİ: V_wall = Length * Height * Thickness"". Use Technical Academic English for code strings.
    ⚠️ Ln 323:49 — Non-English (Turkish) characters in string: ""BETON HACMİ: V_total = V_geometric * (1 + WasteFactor)"". Use Technical Academic English for code strings.
    ⚠️ Ln 324:49 — Non-English (Turkish) characters in string: ""BETON HACMİ: Weight = V_total * Density"". Use Technical Academic English for code strings.
    ⚠️ Ln 325:49 — Non-English (Turkish) characters in string: ""BETON HACMİ: TruckLoads = CEILING(V_total / TruckCapacity)"". Use Technical Academic English for code strings.
    ⚠️ Ln 326:49 — Non-English (Turkish) characters in string: ""BETON HACMİ: TotalCost = V_total * UnitPrice + PumpCost"". Use Technical Academic English for code strings.
    ⚠️ Ln 335:42 — Non-English (Turkish) characters in string: ""CBAM MARUZİYET: DirectEmissions = SUM(ActivityData * Emissi". Use Technical Academic English for code strings.
    ⚠️ Ln 336:42 — Non-English (Turkish) characters in string: ""CBAM MARUZİYET: IndirectEmissions = ElecConsumption * GridF". Use Technical Academic English for code strings.
    ⚠️ Ln 337:42 — Non-English (Turkish) characters in string: ""CBAM MARUZİYET: CarbonIntensity = (DirectEmissions + Indire". Use Technical Academic English for code strings.
    ⚠️ Ln 338:42 — Non-English (Turkish) characters in string: ""CBAM MARUZİYET: CBAMCertificateCost = (EmbeddedEmissions - ". Use Technical Academic English for code strings.
    ⚠️ Ln 339:42 — Non-English (Turkish) characters in string: ""CBAM MARUZİYET: FreeAllowance = Benchmark * ProductionVolum". Use Technical Academic English for code strings.
    ⚠️ Ln 340:42 — Non-English (Turkish) characters in string: ""CBAM MARUZİYET: ComplianceScore = (DataComplete * 0.3) + (V". Use Technical Academic English for code strings.
    ⚠️ Ln 349:52 — Non-English (Turkish) characters in string: ""CHATTER YÜZEY KALİTE: V_c = (PI * D * n) / 1000"". Use Technical Academic English for code strings.
    ⚠️ Ln 350:52 — Non-English (Turkish) characters in string: ""CHATTER YÜZEY KALİTE: f_z = V_f / (z * n)"". Use Technical Academic English for code strings.
    ⚠️ Ln 351:52 — Non-English (Turkish) characters in string: ""CHATTER YÜZEY KALİTE: SurfaceRoughness_Theo = f_z^2 / (8 * ". Use Technical Academic English for code strings.
    ⚠️ Ln 352:52 — Non-English (Turkish) characters in string: ""CHATTER YÜZEY KALİTE: SurfaceRoughness_Actual = Theo * Chat". Use Technical Academic English for code strings.
    ⚠️ Ln 353:52 — Non-English (Turkish) characters in string: ""CHATTER YÜZEY KALİTE: QualityLossCost = (Actual - Tolerance". Use Technical Academic English for code strings.
    ⚠️ Ln 354:52 — Non-English (Turkish) characters in string: ""CHATTER YÜZEY KALİTE: ScrapRate = IF(Actual > MaxTolerance,". Use Technical Academic English for code strings.
    ⚠️ Ln 364:51 — Non-English (Turkish) characters in string: ""CİRO MALİYETİ: SeparationCost = ExitInterview * HRRate + Se". Use Technical Academic English for code strings.
    ⚠️ Ln 365:51 — Non-English (Turkish) characters in string: ""CİRO MALİYETİ: VacancyCost = (TimeToFill * DailyRevenue) + ". Use Technical Academic English for code strings.
    ⚠️ Ln 366:51 — Non-English (Turkish) characters in string: ""CİRO MALİYETİ: ReplacementCost = Ads + Agency + InterviewTi". Use Technical Academic English for code strings.
    ⚠️ Ln 367:51 — Non-English (Turkish) characters in string: ""CİRO MALİYETİ: TrainingCost = TrainHours * TrainerRate + On". Use Technical Academic English for code strings.
    ⚠️ Ln 368:51 — Non-English (Turkish) characters in string: ""CİRO MALİYETİ: ProductivityLoss = TimeToFull * AvgOutput * ". Use Technical Academic English for code strings.
    ⚠️ Ln 369:51 — Non-English (Turkish) characters in string: ""CİRO MALİYETİ: TotalTurnoverCost = Separation + Vacancy + R". Use Technical Academic English for code strings.
    ⚠️ Ln 392:43 — Non-English (Turkish) characters in string: ""CNC ÇEVRİM SÜRESİ: T_cut = (L * D) / (V_f * a_p)"". Use Technical Academic English for code strings.
    ⚠️ Ln 393:43 — Non-English (Turkish) characters in string: ""CNC ÇEVRİM SÜRESİ: V_f = f_z * z * n"". Use Technical Academic English for code strings.
    ⚠️ Ln 394:43 — Non-English (Turkish) characters in string: ""CNC ÇEVRİM SÜRESİ: n = (1000 * V_c) / (PI * D_tool)"". Use Technical Academic English for code strings.
    ⚠️ Ln 395:43 — Non-English (Turkish) characters in string: ""CNC ÇEVRİM SÜRESİ: T_rapid = Distance_rapid / V_rapid"". Use Technical Academic English for code strings.
    ⚠️ Ln 396:43 — Non-English (Turkish) characters in string: ""CNC ÇEVRİM SÜRESİ: T_toolchange = Changes * TimePerChange"". Use Technical Academic English for code strings.
    ⚠️ Ln 397:43 — Non-English (Turkish) characters in string: ""CNC ÇEVRİM SÜRESİ: T_total = T_cut + T_rapid + T_toolchange". Use Technical Academic English for code strings.
    ⚠️ Ln 398:43 — Non-English (Turkish) characters in string: ""CNC ÇEVRİM SÜRESİ: OEE_Availability = Planned / (Planned + ". Use Technical Academic English for code strings.
    ⚠️ Ln 400:47 — Non-English (Turkish) characters in string: ""CNC İŞLEME MALİYETİ: Cost_Material = Volume_raw * Density *". Use Technical Academic English for code strings.
    ⚠️ Ln 401:47 — Non-English (Turkish) characters in string: ""CNC İŞLEME MALİYETİ: Cost_Machining = T_total * MachineRate". Use Technical Academic English for code strings.
    ⚠️ Ln 402:47 — Non-English (Turkish) characters in string: ""CNC İŞLEME MALİYETİ: Cost_Tooling = (T_cut / ToolLife) * To". Use Technical Academic English for code strings.
    ⚠️ Ln 403:47 — Non-English (Turkish) characters in string: ""CNC İŞLEME MALİYETİ: Cost_Energy = Power * T_total * ElecRa". Use Technical Academic English for code strings.
    ⚠️ Ln 404:47 — Non-English (Turkish) characters in string: ""CNC İŞLEME MALİYETİ: Cost_Overhead = T_total * OverheadRate". Use Technical Academic English for code strings.
    ⚠️ Ln 405:47 — Non-English (Turkish) characters in string: ""CNC İŞLEME MALİYETİ: TotalUnitCost = Material + Machining +". Use Technical Academic English for code strings.
    ⚠️ Ln 417:46 — Non-English (Turkish) characters in string: ""CPM GECİKME CEZASI: TotalFloat = LateStart - EarlyStart"". Use Technical Academic English for code strings.
    ⚠️ Ln 418:46 — Non-English (Turkish) characters in string: ""CPM GECİKME CEZASI: CriticalDelay = MAX(0, Actual - Planned". Use Technical Academic English for code strings.
    ⚠️ Ln 419:46 — Non-English (Turkish) characters in string: ""CPM GECİKME CEZASI: ExcusableDelay = ForceMajeure + OwnerCa". Use Technical Academic English for code strings.
    ⚠️ Ln 420:46 — Non-English (Turkish) characters in string: ""CPM GECİKME CEZASI: NonExcusable = CriticalDelay - Excusabl". Use Technical Academic English for code strings.
    ⚠️ Ln 421:46 — Non-English (Turkish) characters in string: ""CPM GECİKME CEZASI: LiquidatedDamages = NonExcusable * Dail". Use Technical Academic English for code strings.
    ⚠️ Ln 422:46 — Non-English (Turkish) characters in string: ""CPM GECİKME CEZASI: AccelerationCost = CrashingCost * DaysA". Use Technical Academic English for code strings.
    ⚠️ Ln 423:46 — Non-English (Turkish) characters in string: ""CPM GECİKME CEZASI: NetPenalty = LiquidatedDamages - Accele". Use Technical Academic English for code strings.
    ⚠️ Ln 424:46 — Non-English (Turkish) characters in string: ""CPM GECİKME CEZASI: EOT_Claim = Excusable * (1 - EffFactor)". Use Technical Academic English for code strings.
    ⚠️ Ln 426:43 — Non-English (Turkish) characters in string: ""ÇATI ALANI: Area_Footprint = Length * Width"". Use Technical Academic English for code strings.
    ⚠️ Ln 427:43 — Non-English (Turkish) characters in string: ""ÇATI ALANI: Area_Gable = Footprint / COS(PitchAngle)"". Use Technical Academic English for code strings.
    ⚠️ Ln 428:43 — Non-English (Turkish) characters in string: ""ÇATI ALANI: OverhangArea = Perimeter * OverhangWidth"". Use Technical Academic English for code strings.
    ⚠️ Ln 429:43 — Non-English (Turkish) characters in string: ""ÇATI ALANI: TotalMaterialArea = Area_Roof * (1 + WasteFacto". Use Technical Academic English for code strings.
    ⚠️ Ln 430:43 — Non-English (Turkish) characters in string: ""ÇATI ALANI: RidgeLength = Length - Width + (Width * SQRT(2)". Use Technical Academic English for code strings.
    ⚠️ Ln 431:43 — Non-English (Turkish) characters in string: ""ÇATI ALANI: Load_Dead = MaterialWeight * TotalArea"". Use Technical Academic English for code strings.
    ⚠️ Ln 432:43 — Non-English (Turkish) characters in string: ""ÇATI ALANI: Load_Snow = GroundSnow * Exposure * Thermal * S". Use Technical Academic English for code strings.
    ⚠️ Ln 434:50 — Non-English (Turkish) characters in string: ""DARBOĞAZ YATIRIM: Utilization = ActualOutput / DesignCapaci". Use Technical Academic English for code strings.
    ⚠️ Ln 435:50 — Non-English (Turkish) characters in string: ""DARBOĞAZ YATIRIM: Throughput = Demand * (1 - DefectRate)"". Use Technical Academic English for code strings.
    ⚠️ Ln 436:50 — Non-English (Turkish) characters in string: ""DARBOĞAZ YATIRIM: TaktTime = AvailableTime / Demand"". Use Technical Academic English for code strings.
    ⚠️ Ln 437:50 — Non-English (Turkish) characters in string: ""DARBOĞAZ YATIRIM: CycleTime_Gap = BottleneckCycle - TaktTim". Use Technical Academic English for code strings.
    ⚠️ Ln 438:50 — Non-English (Turkish) characters in string: ""DARBOĞAZ YATIRIM: CostOfConstraint = CycleTime_Gap * Demand". Use Technical Academic English for code strings.
    ⚠️ Ln 439:50 — Non-English (Turkish) characters in string: ""DARBOĞAZ YATIRIM: ROI = (ThroughputIncrease * Margin * Days". Use Technical Academic English for code strings.
    ⚠️ Ln 440:50 — Non-English (Turkish) characters in string: ""DARBOĞAZ YATIRIM: Payback = UpgradeCost / MonthlyGain"". Use Technical Academic English for code strings.
    ⚠️ Ln 442:51 — Non-English (Turkish) characters in string: ""DEĞİŞİM MATRİSİ SMED: T_internal = SetupStopped"". Use Technical Academic English for code strings.
    ⚠️ Ln 443:51 — Non-English (Turkish) characters in string: ""DEĞİŞİM MATRİSİ SMED: T_external = SetupRunning"". Use Technical Academic English for code strings.
    ⚠️ Ln 444:51 — Non-English (Turkish) characters in string: ""DEĞİŞİM MATRİSİ SMED: T_total = T_internal + T_external"". Use Technical Academic English for code strings.
    ⚠️ Ln 445:51 — Non-English (Turkish) characters in string: ""DEĞİŞİM MATRİSİ SMED: T_target = T_internal * (1 - Conversi". Use Technical Academic English for code strings.
    ⚠️ Ln 446:51 — Non-English (Turkish) characters in string: ""DEĞİŞİM MATRİSİ SMED: EBQ = SQRT((2 * Demand * SetupCost) /". Use Technical Academic English for code strings.
    ⚠️ Ln 447:51 — Non-English (Turkish) characters in string: ""DEĞİŞİM MATRİSİ SMED: SetupCost = T_total * MachineRate + L". Use Technical Academic English for code strings.
    ⚠️ Ln 448:51 — Non-English (Turkish) characters in string: ""DEĞİŞİM MATRİSİ SMED: AnnualSavings = (T_total - T_target) ". Use Technical Academic English for code strings.
    ⚠️ Ln 449:51 — Non-English (Turkish) characters in string: ""DEĞİŞİM MATRİSİ SMED: CapacityGain = (T_total - T_target) *". Use Technical Academic English for code strings.
    ⚠️ Ln 451:45 — Non-English (Turkish) characters in string: ""DEPO YERLEŞİMİ: StorageArea = Footprint * UtilRate"". Use Technical Academic English for code strings.
    ⚠️ Ln 452:45 — Non-English (Turkish) characters in string: ""DEPO YERLEŞİMİ: PalletPositions = StorageArea / (PalletFoot". Use Technical Academic English for code strings.
    ⚠️ Ln 453:45 — Non-English (Turkish) characters in string: ""DEPO YERLEŞİMİ: VerticalCap = PalletPositions * RackLevels"". Use Technical Academic English for code strings.
    ⚠️ Ln 454:45 — Non-English (Turkish) characters in string: ""DEPO YERLEŞİMİ: ThroughputCap = Doors / (Turnaround_Load + ". Use Technical Academic English for code strings.
    ⚠️ Ln 455:45 — Non-English (Turkish) characters in string: ""DEPO YERLEŞİMİ: TravelDist = SUM(Freq * Dist)"". Use Technical Academic English for code strings.
    ⚠️ Ln 456:45 — Non-English (Turkish) characters in string: ""DEPO YERLEŞİMİ: PickEfficiency = Lines / TravelTime"". Use Technical Academic English for code strings.
    ⚠️ Ln 457:45 — Non-English (Turkish) characters in string: ""DEPO YERLEŞİMİ: CubeUtil = ActualVol / RackVol"". Use Technical Academic English for code strings.
    ⚠️ Ln 458:45 — Non-English (Turkish) characters in string: ""DEPO YERLEŞİMİ: CostPerPos = FacilityCost / PalletPositions". Use Technical Academic English for code strings.
    ⚠️ Ln 460:45 — Non-English (Turkish) characters in string: ""DEVAMSIZLIK MALİYETİ: DirectCost = AbsentHours * HourlyRate". Use Technical Academic English for code strings.
    ⚠️ Ln 461:45 — Non-English (Turkish) characters in string: ""DEVAMSIZLIK MALİYETİ: OvertimePremium = ReplaceOT * (OTRate". Use Technical Academic English for code strings.
    ⚠️ Ln 462:45 — Non-English (Turkish) characters in string: ""DEVAMSIZLIK MALİYETİ: TempCost = TempHours * TempRate * (1 ". Use Technical Academic English for code strings.
    ⚠️ Ln 463:45 — Non-English (Turkish) characters in string: ""DEVAMSIZLIK MALİYETİ: ProdLoss = AbsentHours * OutputPerHou". Use Technical Academic English for code strings.
    ⚠️ Ln 464:45 — Non-English (Turkish) characters in string: ""DEVAMSIZLIK MALİYETİ: AdminCost = Events * HR_Time * HRRate". Use Technical Academic English for code strings.
    ⚠️ Ln 465:45 — Non-English (Turkish) characters in string: ""DEVAMSIZLIK MALİYETİ: BradfordFactor = S^2 * D"". Use Technical Academic English for code strings.
    ⚠️ Ln 466:45 — Non-English (Turkish) characters in string: ""DEVAMSIZLIK MALİYETİ: TotalCost = Direct + OT + Temp + Prod". Use Technical Academic English for code strings.
    ⚠️ Ln 468:46 — Non-English (Turkish) characters in string: ""DIGITAL TWIN MALİYET: Cost_Trad = Prototyping + FieldTest +". Use Technical Academic English for code strings.
    ⚠️ Ln 469:46 — Non-English (Turkish) characters in string: ""DIGITAL TWIN MALİYET: Cost_DT = License + Compute + Sensor ". Use Technical Academic English for code strings.
    ⚠️ Ln 470:46 — Non-English (Turkish) characters in string: ""DIGITAL TWIN MALİYET: TimeGain = (PhysCycle - DigCycle) * I". Use Technical Academic English for code strings.
    ⚠️ Ln 471:46 — Non-English (Turkish) characters in string: ""DIGITAL TWIN MALİYET: RevenueGain = TimeGain * DailyRev"". Use Technical Academic English for code strings.
    ⚠️ Ln 472:46 — Non-English (Turkish) characters in string: ""DIGITAL TWIN MALİYET: QualitySavings = DefectReduction * Wa". Use Technical Academic English for code strings.
    ⚠️ Ln 473:46 — Non-English (Turkish) characters in string: ""DIGITAL TWIN MALİYET: ROI = (Cost_Trad - Cost_DT + RevenueG". Use Technical Academic English for code strings.
    ⚠️ Ln 475:61 — Non-English (Turkish) characters in string: ""DİKİŞ HATTI DENGELEYİCİ: TaktTime = AvailableTime / Demand"". Use Technical Academic English for code strings.
    ⚠️ Ln 476:61 — Non-English (Turkish) characters in string: ""DİKİŞ HATTI DENGELEYİCİ: CycleTotal = SUM(SMV)"". Use Technical Academic English for code strings.
    ⚠️ Ln 477:61 — Non-English (Turkish) characters in string: ""DİKİŞ HATTI DENGELEYİCİ: TheoOperators = CycleTotal / TaktT". Use Technical Academic English for code strings.
    ⚠️ Ln 478:61 — Non-English (Turkish) characters in string: ""DİKİŞ HATTI DENGELEYİCİ: ActOperators = CEILING(TheoOperato". Use Technical Academic English for code strings.
    ⚠️ Ln 479:61 — Non-English (Turkish) characters in string: ""DİKİŞ HATTI DENGELEYİCİ: LineEff = (CycleTotal / (ActOperat". Use Technical Academic English for code strings.
    ⚠️ Ln 480:61 — Non-English (Turkish) characters in string: ""DİKİŞ HATTI DENGELEYİCİ: BalanceDelay = 100 - LineEff"". Use Technical Academic English for code strings.
    ⚠️ Ln 481:61 — Non-English (Turkish) characters in string: ""DİKİŞ HATTI DENGELEYİCİ: Smoothness = SQRT(SUM((MaxCycle - ". Use Technical Academic English for code strings.
    ⚠️ Ln 482:61 — Non-English (Turkish) characters in string: ""DİKİŞ HATTI DENGELEYİCİ: WIP = (Bottleneck - Takt) * Demand". Use Technical Academic English for code strings.
    ⚠️ Ln 484:44 — Non-English (Turkish) characters in string: ""DYE REÇETE MALİYET: Cost_Dye = SUM(Conc * Price) / BathRati". Use Technical Academic English for code strings.
    ⚠️ Ln 485:44 — Non-English (Turkish) characters in string: ""DYE REÇETE MALİYET: Cost_Chem = SUM(Dosage * Price)"". Use Technical Academic English for code strings.
    ⚠️ Ln 486:44 — Non-English (Turkish) characters in string: ""DYE REÇETE MALİYET: Cost_Water = LiquorRatio * Weight * Wat". Use Technical Academic English for code strings.
    ⚠️ Ln 487:44 — Non-English (Turkish) characters in string: ""DYE REÇETE MALİYET: Cost_Energy = Heating + Holding + Dryin". Use Technical Academic English for code strings.
    ⚠️ Ln 488:44 — Non-English (Turkish) characters in string: ""DYE REÇETE MALİYET: Cost_Waste = Effluent * TreatCost + Sur". Use Technical Academic English for code strings.
    ⚠️ Ln 489:44 — Non-English (Turkish) characters in string: ""DYE REÇETE MALİYET: TotalBatch = Dye + Chem + Water + Energ". Use Technical Academic English for code strings.
    ⚠️ Ln 490:44 — Non-English (Turkish) characters in string: ""DYE REÇETE MALİYET: RFT_Savings = Rework * (1 - RFT)"". Use Technical Academic English for code strings.
    ⚠️ Ln 491:44 — Non-English (Turkish) characters in string: ""DYE REÇETE MALİYET: CostPerKg = (TotalBatch + RFT_Savings) ". Use Technical Academic English for code strings.
    ⚠️ Ln 493:54 — Non-English (Turkish) characters in string: ""ENERJİ TÜKETİM RAPORU: Active = SUM(kWh)"". Use Technical Academic English for code strings.
    ⚠️ Ln 494:54 — Non-English (Turkish) characters in string: ""ENERJİ TÜKETİM RAPORU: Reactive = SUM(kVArh)"". Use Technical Academic English for code strings.
    ⚠️ Ln 495:54 — Non-English (Turkish) characters in string: ""ENERJİ TÜKETİM RAPORU: PF = Active / SQRT(Active^2 + Reacti". Use Technical Academic English for code strings.
    ⚠️ Ln 496:54 — Non-English (Turkish) characters in string: ""ENERJİ TÜKETİM RAPORU: ReactivePenalty = IF(PF < Thresh, (R". Use Technical Academic English for code strings.
    ⚠️ Ln 497:54 — Non-English (Turkish) characters in string: ""ENERJİ TÜKETİM RAPORU: DemandCharge = Peak_kW * DemandRate"". Use Technical Academic English for code strings.
    ⚠️ Ln 498:54 — Non-English (Turkish) characters in string: ""ENERJİ TÜKETİM RAPORU: TOU = SUM(kWh * TOU_Rate)"". Use Technical Academic English for code strings.
    ⚠️ Ln 499:54 — Non-English (Turkish) characters in string: ""ENERJİ TÜKETİM RAPORU: Total = Base + TOU + Demand + Penalt". Use Technical Academic English for code strings.
    ⚠️ Ln 500:54 — Non-English (Turkish) characters in string: ""ENERJİ TÜKETİM RAPORU: Carbon = Active * EmisFactor * Carbo". Use Technical Academic English for code strings.
    ⚠️ Ln 528:46 — Non-English (Turkish) characters in string: ""EVM MALİYET FORECAST: SV = EV - PV"". Use Technical Academic English for code strings.
    ⚠️ Ln 529:46 — Non-English (Turkish) characters in string: ""EVM MALİYET FORECAST: CV = EV - AC"". Use Technical Academic English for code strings.
    ⚠️ Ln 530:46 — Non-English (Turkish) characters in string: ""EVM MALİYET FORECAST: SPI = EV / PV"". Use Technical Academic English for code strings.
    ⚠️ Ln 531:46 — Non-English (Turkish) characters in string: ""EVM MALİYET FORECAST: CPI = EV / AC"". Use Technical Academic English for code strings.
    ⚠️ Ln 532:46 — Non-English (Turkish) characters in string: ""EVM MALİYET FORECAST: EAC_CPI = BAC / CPI"". Use Technical Academic English for code strings.
    ⚠️ Ln 533:46 — Non-English (Turkish) characters in string: ""EVM MALİYET FORECAST: EAC_CPI_SPI = AC + ((BAC - EV) / (CPI". Use Technical Academic English for code strings.
    ⚠️ Ln 534:46 — Non-English (Turkish) characters in string: ""EVM MALİYET FORECAST: ETC = EAC - AC"". Use Technical Academic English for code strings.
    ⚠️ Ln 535:46 — Non-English (Turkish) characters in string: ""EVM MALİYET FORECAST: VAC = BAC - EAC"". Use Technical Academic English for code strings.
    ⚠️ Ln 536:46 — Non-English (Turkish) characters in string: ""EVM MALİYET FORECAST: TCPI = (BAC - EV) / (BAC - AC)"". Use Technical Academic English for code strings.
    ⚠️ Ln 538:52 — Non-English (Turkish) characters in string: ""FABRİKA YERLEŞİM MESAFE: Dist_ij = ABS(X_i - X_j) + ABS(Y_i". Use Technical Academic English for code strings.
    ⚠️ Ln 539:52 — Non-English (Turkish) characters in string: ""FABRİKA YERLEŞİM MESAFE: FlowCost = SUM(Flow_ij * Dist_ij *". Use Technical Academic English for code strings.
    ⚠️ Ln 540:52 — Non-English (Turkish) characters in string: ""FABRİKA YERLEŞİM MESAFE: AdjScore = SUM(Flow_ij * AdjFactor". Use Technical Academic English for code strings.
    ⚠️ Ln 541:52 — Non-English (Turkish) characters in string: ""FABRİKA YERLEŞİM MESAFE: SpaceUtil = EquipArea / FacArea"". Use Technical Academic English for code strings.
    ⚠️ Ln 542:52 — Non-English (Turkish) characters in string: ""FABRİKA YERLEŞİM MESAFE: MatHandCost = FlowCost * HandRate"". Use Technical Academic English for code strings.
    ⚠️ Ln 543:52 — Non-English (Turkish) characters in string: ""FABRİKA YERLEŞİM MESAFE: Congestion = 1 + (CrossTraffic / A". Use Technical Academic English for code strings.
    ⚠️ Ln 544:52 — Non-English (Turkish) characters in string: ""FABRİKA YERLEŞİM MESAFE: TotalCost = MatHand + Space + Cong". Use Technical Academic English for code strings.
    ⚠️ Ln 546:47 — Non-English (Turkish) characters in string: ""FAİZ ORANI RİSKİ: Exposure = FloatingDebt * (1 - HedgeRatio". Use Technical Academic English for code strings.
    ⚠️ Ln 547:47 — Non-English (Turkish) characters in string: ""FAİZ ORANI RİSKİ: ShockImpact = Exposure * BpsChange / 1000". Use Technical Academic English for code strings.
    ⚠️ Ln 548:47 — Non-English (Turkish) characters in string: ""FAİZ ORANI RİSKİ: DurGap = AssetDur - LiabDur"". Use Technical Academic English for code strings.
    ⚠️ Ln 549:47 — Non-English (Turkish) characters in string: ""FAİZ ORANI RİSKİ: EVE_Change = -DurGap * AssetVal * RateCha". Use Technical Academic English for code strings.
    ⚠️ Ln 550:47 — Non-English (Turkish) characters in string: ""FAİZ ORANI RİSKİ: NIM = (Inc - Exp) / EarningAssets"". Use Technical Academic English for code strings.
    ⚠️ Ln 551:47 — Non-English (Turkish) characters in string: ""FAİZ ORANI RİSKİ: VaR = PortVal * Volatility * Z"". Use Technical Academic English for code strings.
    ⚠️ Ln 552:47 — Non-English (Turkish) characters in string: ""FAİZ ORANI RİSKİ: HedgeCost = Notional * SwapSpread"". Use Technical Academic English for code strings.
    ⚠️ Ln 553:47 — Non-English (Turkish) characters in string: ""FAİZ ORANI RİSKİ: BreakEven = Fixed - Floating_Curr"". Use Technical Academic English for code strings.
    ⚠️ Ln 563:45 — Non-English (Turkish) characters in string: ""FİYAT ESNEKLİĞİ: Elasticity = PctChange_Dem / PctChange_Pri". Use Technical Academic English for code strings.
    ⚠️ Ln 564:45 — Non-English (Turkish) characters in string: ""FİYAT ESNEKLİĞİ: NewDem = CurrDem * (1 + Elast * PctChange_". Use Technical Academic English for code strings.
    ⚠️ Ln 565:45 — Non-English (Turkish) characters in string: ""FİYAT ESNEKLİĞİ: NewRev = NewPrice * NewDem"". Use Technical Academic English for code strings.
    ⚠️ Ln 566:45 — Non-English (Turkish) characters in string: ""FİYAT ESNEKLİĞİ: NewMargin = (NewPrice - VarCost) * NewDem ". Use Technical Academic English for code strings.
    ⚠️ Ln 567:45 — Non-English (Turkish) characters in string: ""FİYAT ESNEKLİĞİ: MaxPrice = (Elast / (Elast + 1)) * VarCost". Use Technical Academic English for code strings.
    ⚠️ Ln 568:45 — Non-English (Turkish) characters in string: ""FİYAT ESNEKLİĞİ: Markup = -1 / (Elast + 1)"". Use Technical Academic English for code strings.
    ⚠️ Ln 569:45 — Non-English (Turkish) characters in string: ""FİYAT ESNEKLİĞİ: CannibLoss = NewDem * CannibRate * Margin_". Use Technical Academic English for code strings.
    ⚠️ Ln 570:45 — Non-English (Turkish) characters in string: ""FİYAT ESNEKLİĞİ: NetImpact = NewMargin - CurrMargin - Canni". Use Technical Academic English for code strings.
    ⚠️ Ln 579:42 — Non-English (Turkish) characters in string: ""GAGE R&R MALİYET: EV = Range_Avg * d2_star"". Use Technical Academic English for code strings.
    ⚠️ Ln 580:42 — Non-English (Turkish) characters in string: ""GAGE R&R MALİYET: AV = SQRT((Range_Ops / d2_star)^2 - (EV^2". Use Technical Academic English for code strings.
    ⚠️ Ln 581:42 — Non-English (Turkish) characters in string: ""GAGE R&R MALİYET: GRR = SQRT(EV^2 + AV^2)"". Use Technical Academic English for code strings.
    ⚠️ Ln 582:42 — Non-English (Turkish) characters in string: ""GAGE R&R MALİYET: PV = Range_Parts / d2_star"". Use Technical Academic English for code strings.
    ⚠️ Ln 583:42 — Non-English (Turkish) characters in string: ""GAGE R&R MALİYET: TV = SQRT(GRR^2 + PV^2)"". Use Technical Academic English for code strings.
    ⚠️ Ln 584:42 — Non-English (Turkish) characters in string: ""GAGE R&R MALİYET: PctGRR = (GRR / TV) * 100"". Use Technical Academic English for code strings.
    ⚠️ Ln 585:42 — Non-English (Turkish) characters in string: ""GAGE R&R MALİYET: CostError = (FalseAcc * EscapeCost) + (Fa". Use Technical Academic English for code strings.
    ⚠️ Ln 586:42 — Non-English (Turkish) characters in string: ""GAGE R&R MALİYET: OptTol = GRR * 6"". Use Technical Academic English for code strings.
    ⚠️ Ln 587:42 — Non-English (Turkish) characters in string: ""GAGE R&R MALİYET: FinImpact = PctGRR * TotalQualCost"". Use Technical Academic English for code strings.
    ⚠️ Ln 589:46 — Non-English (Turkish) characters in string: ""GIDA FİRE MARJ: Yield = Finished / Raw"". Use Technical Academic English for code strings.
    ⚠️ Ln 590:46 — Non-English (Turkish) characters in string: ""GIDA FİRE MARJ: Shrinkage = Raw - Finished"". Use Technical Academic English for code strings.
    ⚠️ Ln 591:46 — Non-English (Turkish) characters in string: ""GIDA FİRE MARJ: Cost_Shrink = Shrinkage * RawCost"". Use Technical Academic English for code strings.
    ⚠️ Ln 592:46 — Non-English (Turkish) characters in string: ""GIDA FİRE MARJ: Cost_Spoil = Spoiled * ProdCost"". Use Technical Academic English for code strings.
    ⚠️ Ln 593:46 — Non-English (Turkish) characters in string: ""GIDA FİRE MARJ: Cost_Over = Excess * (UnitCost - Salvage)"". Use Technical Academic English for code strings.
    ⚠️ Ln 594:46 — Non-English (Turkish) characters in string: ""GIDA FİRE MARJ: MarginLeak = Shrink + Spoil + Over"". Use Technical Academic English for code strings.
    ⚠️ Ln 595:46 — Non-English (Turkish) characters in string: ""GIDA FİRE MARJ: OEE_Food = Avail * Perf * Qual_Yield"". Use Technical Academic English for code strings.
    ⚠️ Ln 596:46 — Non-English (Turkish) characters in string: ""GIDA FİRE MARJ: TheoUsage = Recipe * ActualProd"". Use Technical Academic English for code strings.
    ⚠️ Ln 597:46 — Non-English (Turkish) characters in string: ""GIDA FİRE MARJ: Variance = Actual - Theo"". Use Technical Academic English for code strings.
    ⚠️ Ln 599:46 — Non-English (Turkish) characters in string: ""GÜBRE DOZAJ: NutReq = YieldTarget * RemRate"". Use Technical Academic English for code strings.
    ⚠️ Ln 600:46 — Non-English (Turkish) characters in string: ""GÜBRE DOZAJ: SoilSupp = SoilTest * ConvFactor"". Use Technical Academic English for code strings.
    ⚠️ Ln 601:46 — Non-English (Turkish) characters in string: ""GÜBRE DOZAJ: FertNeed = (NutReq - SoilSupp) / Eff"". Use Technical Academic English for code strings.
    ⚠️ Ln 602:46 — Non-English (Turkish) characters in string: ""GÜBRE DOZAJ: AppRate = FertNeed / ContentPct"". Use Technical Academic English for code strings.
    ⚠️ Ln 603:46 — Non-English (Turkish) characters in string: ""GÜBRE DOZAJ: Cost = AppRate * Area * Price"". Use Technical Academic English for code strings.
    ⚠️ Ln 604:46 — Non-English (Turkish) characters in string: ""GÜBRE DOZAJ: EnvRisk = (AppRate - Uptake) * Leach"". Use Technical Academic English for code strings.
    ⚠️ Ln 605:46 — Non-English (Turkish) characters in string: ""GÜBRE DOZAJ: ROI = (YieldInc * CropPrice - Cost) / Cost"". Use Technical Academic English for code strings.
    ⚠️ Ln 606:46 — Non-English (Turkish) characters in string: ""GÜBRE DOZAJ: Precision = BaseRate * (1 + ZoneFactor)"". Use Technical Academic English for code strings.
    ⚠️ Ln 617:57 — Non-English (Turkish) characters in string: ""HACİMSEL AĞIRLIK: VolWeight_Air = (L * W * H) / 6000"". Use Technical Academic English for code strings.
    ⚠️ Ln 618:57 — Non-English (Turkish) characters in string: ""HACİMSEL AĞIRLIK: VolWeight_Road = (L * W * H) / 5000"". Use Technical Academic English for code strings.
    ⚠️ Ln 619:57 — Non-English (Turkish) characters in string: ""HACİMSEL AĞIRLIK: VolWeight_Sea = (L * W * H) / 1000"". Use Technical Academic English for code strings.
    ⚠️ Ln 620:57 — Non-English (Turkish) characters in string: ""HACİMSEL AĞIRLIK: Chargeable = MAX(Gross, VolWeight)"". Use Technical Academic English for code strings.
    ⚠️ Ln 621:57 — Non-English (Turkish) characters in string: ""HACİMSEL AĞIRLIK: Freight = Chargeable * Rate"". Use Technical Academic English for code strings.
    ⚠️ Ln 622:57 — Non-English (Turkish) characters in string: ""HACİMSEL AĞIRLIK: Density = Gross / Vol"". Use Technical Academic English for code strings.
    ⚠️ Ln 623:57 — Non-English (Turkish) characters in string: ""HACİMSEL AĞIRLIK: StackLoss = 1 - (ActualLoad / MaxCont)"". Use Technical Academic English for code strings.
    ⚠️ Ln 624:57 — Non-English (Turkish) characters in string: ""HACİMSEL AĞIRLIK: Ineff = (Chargeable - Gross) * Rate"". Use Technical Academic English for code strings.
    ⚠️ Ln 626:53 — Non-English (Turkish) characters in string: ""HAFİFLİK MALİYET TASARRUFU: WeightRed = Mass_Orig - Mass_LW". Use Technical Academic English for code strings.
    ⚠️ Ln 627:53 — Non-English (Turkish) characters in string: ""HAFİFLİK MALİYET TASARRUFU: FuelSav_Auto = WeightRed * Fuel". Use Technical Academic English for code strings.
    ⚠️ Ln 628:53 — Non-English (Turkish) characters in string: ""HAFİFLİK MALİYET TASARRUFU: FuelSav_Aero = WeightRed * Burn". Use Technical Academic English for code strings.
    ⚠️ Ln 629:53 — Non-English (Turkish) characters in string: ""HAFİFLİK MALİYET TASARRUFU: PayloadGain = WeightRed * RevPe". Use Technical Academic English for code strings.
    ⚠️ Ln 630:53 — Non-English (Turkish) characters in string: ""HAFİFLİK MALİYET TASARRUFU: MatPrem = (Cost_LW - Cost_Orig)". Use Technical Academic English for code strings.
    ⚠️ Ln 631:53 — Non-English (Turkish) characters in string: ""HAFİFLİK MALİYET TASARRUFU: ToolDelta = Tool_LW - Tool_Orig". Use Technical Academic English for code strings.
    ⚠️ Ln 632:53 — Non-English (Turkish) characters in string: ""HAFİFLİK MALİYET TASARRUFU: NetSav = (FuelSav + Payload) * ". Use Technical Academic English for code strings.
    ⚠️ Ln 634:48 — Non-English (Turkish) characters in string: ""HURDA ORANI OPTİMİZE: ScrapRate = ScrapQty / TotalInput"". Use Technical Academic English for code strings.
    ⚠️ Ln 635:48 — Non-English (Turkish) characters in string: ""HURDA ORANI OPTİMİZE: Cost_Mat = ScrapQty * MatCost"". Use Technical Academic English for code strings.
    ⚠️ Ln 636:48 — Non-English (Turkish) characters in string: ""HURDA ORANI OPTİMİZE: Cost_Lab = ScrapQty * Cycle * LabRate". Use Technical Academic English for code strings.
    ⚠️ Ln 637:48 — Non-English (Turkish) characters in string: ""HURDA ORANI OPTİMİZE: Cost_OH = ScrapQty * Cycle * MachRate". Use Technical Academic English for code strings.
    ⚠️ Ln 638:48 — Non-English (Turkish) characters in string: ""HURDA ORANI OPTİMİZE: OppCost = ScrapQty * UnitMargin"". Use Technical Academic English for code strings.
    ⚠️ Ln 639:48 — Non-English (Turkish) characters in string: ""HURDA ORANI OPTİMİZE: TotalCost = Mat + Lab + OH + Opp - Sa". Use Technical Academic English for code strings.
    ⚠️ Ln 640:48 — Non-English (Turkish) characters in string: ""HURDA ORANI OPTİMİZE: Pareto = SORT(Defects, Freq, DESC)"". Use Technical Academic English for code strings.
    ⚠️ Ln 641:48 — Non-English (Turkish) characters in string: ""HURDA ORANI OPTİMİZE: Target = Benchmark * (1 - ImpFactor)"". Use Technical Academic English for code strings.
    ⚠️ Ln 643:42 — Non-English (Turkish) characters in string: ""HVAC KAPASİTE: Sensible = 1.08 * CFM * DeltaT"". Use Technical Academic English for code strings.
    ⚠️ Ln 644:42 — Non-English (Turkish) characters in string: ""HVAC KAPASİTE: Latent = 0.68 * CFM * DeltaW"". Use Technical Academic English for code strings.
    ⚠️ Ln 645:42 — Non-English (Turkish) characters in string: ""HVAC KAPASİTE: Total = Sensible + Latent"". Use Technical Academic English for code strings.
    ⚠️ Ln 646:42 — Non-English (Turkish) characters in string: ""HVAC KAPASİTE: Envelope = U * Area * DeltaT"". Use Technical Academic English for code strings.
    ⚠️ Ln 647:42 — Non-English (Turkish) characters in string: ""HVAC KAPASİTE: Internal = Occ * SensPer + Light + Equip"". Use Technical Academic English for code strings.
    ⚠️ Ln 648:42 — Non-English (Turkish) characters in string: ""HVAC KAPASİTE: Vent = CFM_Out * 1.08 * (T_Out - T_In)"". Use Technical Academic English for code strings.
    ⚠️ Ln 649:42 — Non-English (Turkish) characters in string: ""HVAC KAPASİTE: Tons = Total / 12000"". Use Technical Academic English for code strings.
    ⚠️ Ln 650:42 — Non-English (Turkish) characters in string: ""HVAC KAPASİTE: EER = BTU / W"". Use Technical Academic English for code strings.
    ⚠️ Ln 651:42 — Non-English (Turkish) characters in string: ""HVAC KAPASİTE: AnnualCost = (Total / EER) * Hours * ElecRat". Use Technical Academic English for code strings.
    ⚠️ Ln 653:50 — Non-English (Turkish) characters in string: ""HYDRAULIC SİSTEM KAYIP: Loss_Leak = Q_Leak * P"". Use Technical Academic English for code strings.
    ⚠️ Ln 654:50 — Non-English (Turkish) characters in string: ""HYDRAULIC SİSTEM KAYIP: Loss_Fric = DeltaP_Pipe * Q_Flow"". Use Technical Academic English for code strings.
    ⚠️ Ln 655:50 — Non-English (Turkish) characters in string: ""HYDRAULIC SİSTEM KAYIP: Loss_Valve = DeltaP_Valve * Q_Flow"". Use Technical Academic English for code strings.
    ⚠️ Ln 656:50 — Non-English (Turkish) characters in string: ""HYDRAULIC SİSTEM KAYIP: Heat = Loss_Leak + Loss_Fric + Loss". Use Technical Academic English for code strings.
    ⚠️ Ln 657:50 — Non-English (Turkish) characters in string: ""HYDRAULIC SİSTEM KAYIP: Eff = (P_Out / P_In) * 100"". Use Technical Academic English for code strings.
    ⚠️ Ln 658:50 — Non-English (Turkish) characters in string: ""HYDRAULIC SİSTEM KAYIP: Cost_Loss = Heat * Hours * ElecRate". Use Technical Academic English for code strings.
    ⚠️ Ln 659:50 — Non-English (Turkish) characters in string: ""HYDRAULIC SİSTEM KAYIP: Degrade = (T_Avg - Thresh) * FluidC". Use Technical Academic English for code strings.
    ⚠️ Ln 660:50 — Non-English (Turkish) characters in string: ""HYDRAULIC SİSTEM KAYIP: Cool = Heat * COP * ElecRate"". Use Technical Academic English for code strings.
    ⚠️ Ln 680:43 — Non-English (Turkish) characters in string: ""İÇ VERİM ORANI IRR: NPV = SUM(Cash_t / (1 + r)^t)"". Use Technical Academic English for code strings.
    ⚠️ Ln 681:43 — Non-English (Turkish) characters in string: ""İÇ VERİM ORANI IRR: IRR = r where NPV = 0"". Use Technical Academic English for code strings.
    ⚠️ Ln 682:43 — Non-English (Turkish) characters in string: ""İÇ VERİM ORANI IRR: MIRR = (FV_Pos / PV_Neg)^(1/n) - 1"". Use Technical Academic English for code strings.
    ⚠️ Ln 683:43 — Non-English (Turkish) characters in string: ""İÇ VERİM ORANI IRR: Payback = Year_Before + (Unrecovered / ". Use Technical Academic English for code strings.
    ⚠️ Ln 684:43 — Non-English (Turkish) characters in string: ""İÇ VERİM ORANI IRR: PI = PV_Future / InitInv"". Use Technical Academic English for code strings.
    ⚠️ Ln 685:43 — Non-English (Turkish) characters in string: ""İÇ VERİM ORANI IRR: Annuity = NPV * (r * (1 + r)^n) / ((1 +". Use Technical Academic English for code strings.
    ⚠️ Ln 686:43 — Non-English (Turkish) characters in string: ""İÇ VERİM ORANI IRR: Sens = Delta_IRR / Delta_Var"". Use Technical Academic English for code strings.
    ⚠️ Ln 688:50 — Non-English (Turkish) characters in string: ""İLERLEME YEM MALİYET: Cost_Ing = InclRate * Price"". Use Technical Academic English for code strings.
    ⚠️ Ln 689:50 — Non-English (Turkish) characters in string: ""İLERLEME YEM MALİYET: Cost_Base = SUM(Cost_Ing)"". Use Technical Academic English for code strings.
    ⚠️ Ln 690:50 — Non-English (Turkish) characters in string: ""İLERLEME YEM MALİYET: Cost_Proc = Grind + Mix + Pellet"". Use Technical Academic English for code strings.
    ⚠️ Ln 691:50 — Non-English (Turkish) characters in string: ""İLERLEME YEM MALİYET: Cost_Add = SUM(Enz + Vit + Tox)"". Use Technical Academic English for code strings.
    ⚠️ Ln 692:50 — Non-English (Turkish) characters in string: ""İLERLEME YEM MALİYET: Shrink = Cost_Base * ShrinkRate"". Use Technical Academic English for code strings.
    ⚠️ Ln 693:50 — Non-English (Turkish) characters in string: ""İLERLEME YEM MALİYET: FCR = FeedCons / WeightGain"". Use Technical Academic English for code strings.
    ⚠️ Ln 694:50 — Non-English (Turkish) characters in string: ""İLERLEME YEM MALİYET: CostPerKg = (Base + Proc + Add + Shri". Use Technical Academic English for code strings.
    ⚠️ Ln 695:50 — Non-English (Turkish) characters in string: ""İLERLEME YEM MALİYET: Opt = MIN(Base) SUBJECT TO Constraint". Use Technical Academic English for code strings.
    ⚠️ Ln 697:49 — Non-English (Turkish) characters in string: ""İSKELE KİRALAMA: Area = Perim * Height"". Use Technical Academic English for code strings.
    ⚠️ Ln 698:49 — Non-English (Turkish) characters in string: ""İSKELE KİRALAMA: Vol = Area * Standoff"". Use Technical Academic English for code strings.
    ⚠️ Ln 699:49 — Non-English (Turkish) characters in string: ""İSKELE KİRALAMA: Rental = Area * Rate * Dur"". Use Technical Academic English for code strings.
    ⚠️ Ln 700:49 — Non-English (Turkish) characters in string: ""İSKELE KİRALAMA: Lab_Erect = Area * ErectRate"". Use Technical Academic English for code strings.
    ⚠️ Ln 701:49 — Non-English (Turkish) characters in string: ""İSKELE KİRALAMA: Lab_Dism = Area * DismRate"". Use Technical Academic English for code strings.
    ⚠️ Ln 702:49 — Non-English (Turkish) characters in string: ""İSKELE KİRALAMA: Transp = Trips * TruckRate"". Use Technical Academic English for code strings.
    ⚠️ Ln 703:49 — Non-English (Turkish) characters in string: ""İSKELE KİRALAMA: Total = Rental + Lab_Erect + Lab_Dism + Tr". Use Technical Academic English for code strings.
    ⚠️ Ln 704:49 — Non-English (Turkish) characters in string: ""İSKELE KİRALAMA: OptDur = CritPath + Buffer - Overlap"". Use Technical Academic English for code strings.
    ⚠️ Ln 705:49 — Non-English (Turkish) characters in string: ""İSKELE KİRALAMA: Overrun = MAX(0, Actual - OptDur) * DailyR". Use Technical Academic English for code strings.
    ⚠️ Ln 707:46 — Non-English (Turkish) characters in string: ""İSTATİSTİKSEL PROSES KONTROL: X_Bar_Bar = AVERAGE(Means)"". Use Technical Academic English for code strings.
    ⚠️ Ln 708:46 — Non-English (Turkish) characters in string: ""İSTATİSTİKSEL PROSES KONTROL: R_Bar = AVERAGE(Ranges)"". Use Technical Academic English for code strings.
    ⚠️ Ln 709:46 — Non-English (Turkish) characters in string: ""İSTATİSTİKSEL PROSES KONTROL: S_Bar = AVERAGE(StdDevs)"". Use Technical Academic English for code strings.
    ⚠️ Ln 710:46 — Non-English (Turkish) characters in string: ""İSTATİSTİKSEL PROSES KONTROL: UCL_X = X_Bar_Bar + (A2 * R_B". Use Technical Academic English for code strings.
    ⚠️ Ln 711:46 — Non-English (Turkish) characters in string: ""İSTATİSTİKSEL PROSES KONTROL: LCL_X = X_Bar_Bar - (A2 * R_B". Use Technical Academic English for code strings.
    ⚠️ Ln 712:46 — Non-English (Turkish) characters in string: ""İSTATİSTİKSEL PROSES KONTROL: UCL_R = D4 * R_Bar"". Use Technical Academic English for code strings.
    ⚠️ Ln 713:46 — Non-English (Turkish) characters in string: ""İSTATİSTİKSEL PROSES KONTROL: LCL_R = D3 * R_Bar"". Use Technical Academic English for code strings.
    ⚠️ Ln 714:46 — Non-English (Turkish) characters in string: ""İSTATİSTİKSEL PROSES KONTROL: Sigma = R_Bar / d2"". Use Technical Academic English for code strings.
    ⚠️ Ln 715:46 — Non-English (Turkish) characters in string: ""İSTATİSTİKSEL PROSES KONTROL: Cp = (USL - LSL) / (6 * Sigma". Use Technical Academic English for code strings.
    ⚠️ Ln 717:47 — Non-English (Turkish) characters in string: ""İŞLEME STRATEJİSİ SÜRE: MRR = V_c * f * a_p"". Use Technical Academic English for code strings.
    ⚠️ Ln 718:47 — Non-English (Turkish) characters in string: ""İŞLEME STRATEJİSİ SÜRE: Power = MRR * SpecEnergy"". Use Technical Academic English for code strings.
    ⚠️ Ln 719:47 — Non-English (Turkish) characters in string: ""İŞLEME STRATEJİSİ SÜRE: ToolLife = C / (V_c^n * f^m)"". Use Technical Academic English for code strings.
    ⚠️ Ln 720:47 — Non-English (Turkish) characters in string: ""İŞLEME STRATEJİSİ SÜRE: Cost = MIN(Mach + Change + Tool)"". Use Technical Academic English for code strings.
    ⚠️ Ln 721:47 — Non-English (Turkish) characters in string: ""İŞLEME STRATEJİSİ SÜRE: Opt_Vc = (C / (T_opt)^n)^(1/n)"". Use Technical Academic English for code strings.
    ⚠️ Ln 722:47 — Non-English (Turkish) characters in string: ""İŞLEME STRATEJİSİ SÜRE: T_opt = ((1/n - 1) * (ChangeTime + ". Use Technical Academic English for code strings.
    ⚠️ Ln 723:47 — Non-English (Turkish) characters in string: ""İŞLEME STRATEJİSİ SÜRE: Ra = f^2 / (8 * NoseRad)"". Use Technical Academic English for code strings.
    ⚠️ Ln 724:47 — Non-English (Turkish) characters in string: ""İŞLEME STRATEJİSİ SÜRE: Check = Power < MaxPower AND Ra < T". Use Technical Academic English for code strings.
    ⚠️ Ln 726:51 — Non-English (Turkish) characters in string: ""KAIZEN TASARRUF TAKİPÇİSİ: Hard = (Baseline - Actual) * Vol". Use Technical Academic English for code strings.
    ⚠️ Ln 727:51 — Non-English (Turkish) characters in string: ""KAIZEN TASARRUF TAKİPÇİSİ: Soft = TimeSaved * LabRate * Con". Use Technical Academic English for code strings.
    ⚠️ Ln 728:51 — Non-English (Turkish) characters in string: ""KAIZEN TASARRUF TAKİPÇİSİ: ImpCost = Lab_K + Mat + Down"". Use Technical Academic English for code strings.
    ⚠️ Ln 729:51 — Non-English (Turkish) characters in string: ""KAIZEN TASARRUF TAKİPÇİSİ: ROI = (Hard + Soft - ImpCost) / ". Use Technical Academic English for code strings.
    ⚠️ Ln 730:51 — Non-English (Turkish) characters in string: ""KAIZEN TASARRUF TAKİPÇİSİ: Payback = ImpCost / MonthSav"". Use Technical Academic English for code strings.
    ⚠️ Ln 731:51 — Non-English (Turkish) characters in string: ""KAIZEN TASARRUF TAKİPÇİSİ: Sust = Sav_M6 / Sav_M1"". Use Technical Academic English for code strings.
    ⚠️ Ln 732:51 — Non-English (Turkish) characters in string: ""KAIZEN TASARRUF TAKİPÇİSİ: Cum = SUM(MonthSav)"". Use Technical Academic English for code strings.
    ⚠️ Ln 733:51 — Non-English (Turkish) characters in string: ""KAIZEN TASARRUF TAKİPÇİSİ: Opp = Time_K * ProdRate * Margin". Use Technical Academic English for code strings.
    ⚠️ Ln 775:46 — Non-English (Turkish) characters in string: ""Kesim Parameters Takım ömrü: ToolLife_T = C / (V_c^n * f^m ". Use Technical Academic English for code strings.
    ⚠️ Ln 776:46 — Non-English (Turkish) characters in string: ""Kesim Parameters Takım ömrü: TaylorExponent_n = -LOG(T1/T2)". Use Technical Academic English for code strings.
    ⚠️ Ln 777:46 — Non-English (Turkish) characters in string: ""Kesim Parameters Takım ömrü: CostPerPart_Tool = (ToolCost /". Use Technical Academic English for code strings.
    ⚠️ Ln 778:46 — Non-English (Turkish) characters in string: ""Kesim Parameters Takım ömrü: OptimalToolLife_Cost = ((1/n -". Use Technical Academic English for code strings.
    ⚠️ Ln 779:46 — Non-English (Turkish) characters in string: ""Kesim Parameters Takım ömrü: Optimal_Vc = C / (OptimalToolL". Use Technical Academic English for code strings.
    ⚠️ Ln 780:46 — Non-English (Turkish) characters in string: ""Kesim Parameters Takım ömrü: ProductionRate = 1 / (Machinin". Use Technical Academic English for code strings.
    ⚠️ Ln 791:40 — Non-English (Turkish) characters in string: ""Kiriş Ağırlığı: Area_Cross = LookupArea(ProfileType, Size)"". Use Technical Academic English for code strings.
    ⚠️ Ln 792:40 — Non-English (Turkish) characters in string: ""Kiriş Ağırlığı: Weight_PerMeter = Area_Cross * Density_Stee". Use Technical Academic English for code strings.
    ⚠️ Ln 793:40 — Non-English (Turkish) characters in string: ""Kiriş Ağırlığı: TotalWeight = Weight_PerMeter * Length * Qu". Use Technical Academic English for code strings.
    ⚠️ Ln 794:40 — Non-English (Turkish) characters in string: ""Kiriş Ağırlığı: Cost_Material = TotalWeight * PricePerTon"". Use Technical Academic English for code strings.
    ⚠️ Ln 795:40 — Non-English (Turkish) characters in string: ""Kiriş Ağırlığı: PaintArea = Perimeter * Length"". Use Technical Academic English for code strings.
    ⚠️ Ln 796:40 — Non-English (Turkish) characters in string: ""Kiriş Ağırlığı: FireproofingArea = PaintArea"". Use Technical Academic English for code strings.
    ⚠️ Ln 797:40 — Non-English (Turkish) characters in string: ""Kiriş Ağırlığı: Deflection_Max = (5 * w * L^4) / (384 * E *". Use Technical Academic English for code strings.
    ⚠️ Ln 798:40 — Non-English (Turkish) characters in string: ""Kiriş Ağırlığı: Moment_Max = (w * L^2) / 8"". Use Technical Academic English for code strings.
    ⚠️ Ln 800:48 — Non-English (Turkish) characters in string: ""Kompresör Kaçağı Maliyet: LeakFlow_CFM = (22.4 * d^2 * P_Li". Use Technical Academic English for code strings.
    ⚠️ Ln 801:48 — Non-English (Turkish) characters in string: ""Kompresör Kaçağı Maliyet: Power_Loss_kW = (LeakFlow_CFM * P". Use Technical Academic English for code strings.
    ⚠️ Ln 802:48 — Non-English (Turkish) characters in string: ""Kompresör Kaçağı Maliyet: AnnualEnergyLoss = Power_Loss_kW ". Use Technical Academic English for code strings.
    ⚠️ Ln 803:48 — Non-English (Turkish) characters in string: ""Kompresör Kaçağı Maliyet: Cost_Leak = AnnualEnergyLoss * El". Use Technical Academic English for code strings.
    ⚠️ Ln 804:48 — Non-English (Turkish) characters in string: ""Kompresör Kaçağı Maliyet: TotalLeakCost = SUM(Cost_Leak_i)"". Use Technical Academic English for code strings.
    ⚠️ Ln 805:48 — Non-English (Turkish) characters in string: ""Kompresör Kaçağı Maliyet: CarbonEmissions = AnnualEnergyLos". Use Technical Academic English for code strings.
    ⚠️ Ln 806:48 — Non-English (Turkish) characters in string: ""Kompresör Kaçağı Maliyet: Payback_Repair = RepairCost / Cos". Use Technical Academic English for code strings.
    ⚠️ Ln 808:51 — Non-English (Turkish) characters in string: ""Kompresör Tankı Boyutlandırma: V_Tank = (t * Q * P_atm) / (". Use Technical Academic English for code strings.
    ⚠️ Ln 809:51 — Non-English (Turkish) characters in string: ""Kompresör Tankı Boyutlandırma: t = TimeToFill"". Use Technical Academic English for code strings.
    ⚠️ Ln 810:51 — Non-English (Turkish) characters in string: ""Kompresör Tankı Boyutlandırma: Q = FreeAirDelivery"". Use Technical Academic English for code strings.
    ⚠️ Ln 811:51 — Non-English (Turkish) characters in string: ""Kompresör Tankı Boyutlandırma: P_Max = CutOutPressure"". Use Technical Academic English for code strings.
    ⚠️ Ln 812:51 — Non-English (Turkish) characters in string: ""Kompresör Tankı Boyutlandırma: P_Min = CutInPressure"". Use Technical Academic English for code strings.
    ⚠️ Ln 813:51 — Non-English (Turkish) characters in string: ""Kompresör Tankı Boyutlandırma: CycleTime = V_Tank * (P_Max ". Use Technical Academic English for code strings.
    ⚠️ Ln 814:51 — Non-English (Turkish) characters in string: ""Kompresör Tankı Boyutlandırma: CyclesPerHour = 60 / CycleTi". Use Technical Academic English for code strings.
    ⚠️ Ln 815:51 — Non-English (Turkish) characters in string: ""Kompresör Tankı Boyutlandırma: MotorStartLimit = IF(CyclesP". Use Technical Academic English for code strings.
    ⚠️ Ln 816:51 — Non-English (Turkish) characters in string: ""Kompresör Tankı Boyutlandırma: Cost_Tank = Volume * PricePe". Use Technical Academic English for code strings.
    ⚠️ Ln 818:43 — Non-English (Turkish) characters in string: ""Konteyner Yükü: Volume_Utilization = SUM(ItemVolume_i) / Co". Use Technical Academic English for code strings.
    ⚠️ Ln 819:43 — Non-English (Turkish) characters in string: ""Konteyner Yükü: Weight_Utilization = SUM(ItemWeight_i) / Co". Use Technical Academic English for code strings.
    ⚠️ Ln 820:43 — Non-English (Turkish) characters in string: ""Konteyner Yükü: ChargeableWeight = MAX(GrossWeight, Volumet". Use Technical Academic English for code strings.
    ⚠️ Ln 821:43 — Non-English (Turkish) characters in string: ""Konteyner Yükü: LoadEfficiency = MIN(Volume_Utilization, We". Use Technical Academic English for code strings.
    ⚠️ Ln 822:43 — Non-English (Turkish) characters in string: ""Konteyner Yükü: WastedSpaceCost = (1 - LoadEfficiency) * Fr". Use Technical Academic English for code strings.
    ⚠️ Ln 823:43 — Non-English (Turkish) characters in string: ""Konteyner Yükü: PalletStacking = Floor(ContainerHeight / Pa". Use Technical Academic English for code strings.
    ⚠️ Ln 824:43 — Non-English (Turkish) characters in string: ""Konteyner Yükü: MaxPallets = MIN(PalletStacking * FloorArea". Use Technical Academic English for code strings.
    ⚠️ Ln 826:53 — Non-English (Turkish) characters in string: ""Kumaş Kesim Optimize Edici: MarkerEfficiency = (TotalPatter". Use Technical Academic English for code strings.
    ⚠️ Ln 827:53 — Non-English (Turkish) characters in string: ""Kumaş Kesim Optimize Edici: FabricRequired = (TotalPatternA". Use Technical Academic English for code strings.
    ⚠️ Ln 828:53 — Non-English (Turkish) characters in string: ""Kumaş Kesim Optimize Edici: Cost_Fabric = FabricRequired * ". Use Technical Academic English for code strings.
    ⚠️ Ln 829:53 — Non-English (Turkish) characters in string: ""Kumaş Kesim Optimize Edici: Utilization_Gain = (NewEfficien". Use Technical Academic English for code strings.
    ⚠️ Ln 830:53 — Non-English (Turkish) characters in string: ""Kumaş Kesim Optimize Edici: SplicingLoss = Splices * Overla". Use Technical Academic English for code strings.
    ⚠️ Ln 831:53 — Non-English (Turkish) characters in string: ""Kumaş Kesim Optimize Edici: TotalYardage = MarkerLength + E". Use Technical Academic English for code strings.
    ⚠️ Ln 849:49 — Non-English (Turkish) characters in string: ""Lojistik Rota Kaybı: IdealDistance = PointToPoint_Distance"". Use Technical Academic English for code strings.
    ⚠️ Ln 850:49 — Non-English (Turkish) characters in string: ""Lojistik Rota Kaybı: ActualDistance = RouteDistance"". Use Technical Academic English for code strings.
    ⚠️ Ln 851:49 — Non-English (Turkish) characters in string: ""Lojistik Rota Kaybı: DriftPct = (ActualDistance - IdealDist". Use Technical Academic English for code strings.
    ⚠️ Ln 852:49 — Non-English (Turkish) characters in string: ""Lojistik Rota Kaybı: FuelWaste = (ActualDistance - IdealDis". Use Technical Academic English for code strings.
    ⚠️ Ln 853:49 — Non-English (Turkish) characters in string: ""Lojistik Rota Kaybı: TimeWaste = (ActualDistance - IdealDis". Use Technical Academic English for code strings.
    ⚠️ Ln 854:49 — Non-English (Turkish) characters in string: ""Lojistik Rota Kaybı: TotalRouteLoss = FuelWaste + TimeWaste". Use Technical Academic English for code strings.
    ⚠️ Ln 855:49 — Non-English (Turkish) characters in string: ""Lojistik Rota Kaybı: Efficiency = IdealDistance / ActualDis". Use Technical Academic English for code strings.
    ⚠️ Ln 857:45 — Non-English (Turkish) characters in string: ""Mağaza Saatlik Ücret: DirectLabor = SUM(TechnicianWages)"". Use Technical Academic English for code strings.
    ⚠️ Ln 858:45 — Non-English (Turkish) characters in string: ""Mağaza Saatlik Ücret: IndirectLabor = SUM(ManagerWages + Ad". Use Technical Academic English for code strings.
    ⚠️ Ln 859:45 — Non-English (Turkish) characters in string: ""Mağaza Saatlik Ücret: Overhead = Rent + Utilities + Insuran". Use Technical Academic English for code strings.
    ⚠️ Ln 860:45 — Non-English (Turkish) characters in string: ""Mağaza Saatlik Ücret: TotalShopCost = DirectLabor + Indirec". Use Technical Academic English for code strings.
    ⚠️ Ln 861:45 — Non-English (Turkish) characters in string: ""Mağaza Saatlik Ücret: BillableHours = TotalAvailableHours *". Use Technical Academic English for code strings.
    ⚠️ Ln 862:45 — Non-English (Turkish) characters in string: ""Mağaza Saatlik Ücret: ShopHourlyRate = TotalShopCost / Bill". Use Technical Academic English for code strings.
    ⚠️ Ln 863:45 — Non-English (Turkish) characters in string: ""Mağaza Saatlik Ücret: EffectiveMargin = (ActualBillingRate ". Use Technical Academic English for code strings.
    ⚠️ Ln 865:44 — Non-English (Turkish) characters in string: ""Mahsul Verim Kaybı Analizörü: PotentialYield = GeneticPoten". Use Technical Academic English for code strings.
    ⚠️ Ln 866:44 — Non-English (Turkish) characters in string: ""Mahsul Verim Kaybı Analizörü: ActualYield = HarvestedWeight". Use Technical Academic English for code strings.
    ⚠️ Ln 867:44 — Non-English (Turkish) characters in string: ""Mahsul Verim Kaybı Analizörü: YieldGap = PotentialYield - A". Use Technical Academic English for code strings.
    ⚠️ Ln 868:44 — Non-English (Turkish) characters in string: ""Mahsul Verim Kaybı Analizörü: Loss_Pest = PestDamagePct * P". Use Technical Academic English for code strings.
    ⚠️ Ln 869:44 — Non-English (Turkish) characters in string: ""Mahsul Verim Kaybı Analizörü: Loss_Weather = WeatherStressP". Use Technical Academic English for code strings.
    ⚠️ Ln 870:44 — Non-English (Turkish) characters in string: ""Mahsul Verim Kaybı Analizörü: Loss_Nutrient = NutrientDefic". Use Technical Academic English for code strings.
    ⚠️ Ln 871:44 — Non-English (Turkish) characters in string: ""Mahsul Verim Kaybı Analizörü: FinancialLoss = YieldGap * Ma". Use Technical Academic English for code strings.
    ⚠️ Ln 872:44 — Non-English (Turkish) characters in string: ""Mahsul Verim Kaybı Analizörü: ROI_Intervention = (Financial". Use Technical Academic English for code strings.
    ⚠️ Ln 874:50 — Non-English (Turkish) characters in string: ""Makine Ekonomik Ömrü: EUAC_Capital = (InitialCost - Salvage". Use Technical Academic English for code strings.
    ⚠️ Ln 875:50 — Non-English (Turkish) characters in string: ""Makine Ekonomik Ömrü: EUAC_Operating = SUM(OpCost_t * (P/F,". Use Technical Academic English for code strings.
    ⚠️ Ln 876:50 — Non-English (Turkish) characters in string: ""Makine Ekonomik Ömrü: TotalEUAC = EUAC_Capital + EUAC_Opera". Use Technical Academic English for code strings.
    ⚠️ Ln 877:50 — Non-English (Turkish) characters in string: ""Makine Ekonomik Ömrü: EconomicLife = n where TotalEUAC is M". Use Technical Academic English for code strings.
    ⚠️ Ln 878:50 — Non-English (Turkish) characters in string: ""Makine Ekonomik Ömrü: Defender_EUAC = CurrentMarketValue * ". Use Technical Academic English for code strings.
    ⚠️ Ln 879:50 — Non-English (Turkish) characters in string: ""Makine Ekonomik Ömrü: Challenger_EUAC = EUAC_NewMachine"". Use Technical Academic English for code strings.
    ⚠️ Ln 880:50 — Non-English (Turkish) characters in string: ""Makine Ekonomik Ömrü: ReplacementDecision = IF(Defender_EUA". Use Technical Academic English for code strings.
    ⚠️ Ln 905:44 — Non-English (Turkish) characters in string: ""Muda Atık Maliyet: Overproduction = ExcessUnits * UnitCost"". Use Technical Academic English for code strings.
    ⚠️ Ln 906:44 — Non-English (Turkish) characters in string: ""Muda Atık Maliyet: Waiting = WaitingHours * (LaborRate + Ma". Use Technical Academic English for code strings.
    ⚠️ Ln 907:44 — Non-English (Turkish) characters in string: ""Muda Atık Maliyet: Transport = TransportDistance * CostPerM". Use Technical Academic English for code strings.
    ⚠️ Ln 908:44 — Non-English (Turkish) characters in string: ""Muda Atık Maliyet: Overprocessing = (ActualTime - StandardT". Use Technical Academic English for code strings.
    ⚠️ Ln 909:44 — Non-English (Turkish) characters in string: ""Muda Atık Maliyet: Inventory = ExcessInventory * HoldingCos". Use Technical Academic English for code strings.
    ⚠️ Ln 910:44 — Non-English (Turkish) characters in string: ""Muda Atık Maliyet: Motion = UnnecessaryMotionTime * LaborRa". Use Technical Academic English for code strings.
    ⚠️ Ln 911:44 — Non-English (Turkish) characters in string: ""Muda Atık Maliyet: Defects = DefectUnits * (MaterialCost + ". Use Technical Academic English for code strings.
    ⚠️ Ln 912:44 — Non-English (Turkish) characters in string: ""Muda Atık Maliyet: TotalMudaCost = SUM(Overproduction, Wait". Use Technical Academic English for code strings.
    ⚠️ Ln 914:42 — Non-English (Turkish) characters in string: ""Nakit Akışı Açığı: CashInflow = SUM(Receipts_t)"". Use Technical Academic English for code strings.
    ⚠️ Ln 915:42 — Non-English (Turkish) characters in string: ""Nakit Akışı Açığı: CashOutflow = SUM(Payments_t)"". Use Technical Academic English for code strings.
    ⚠️ Ln 916:42 — Non-English (Turkish) characters in string: ""Nakit Akışı Açığı: NetCashFlow_t = CashInflow_t - CashOutfl". Use Technical Academic English for code strings.
    ⚠️ Ln 917:42 — Non-English (Turkish) characters in string: ""Nakit Akışı Açığı: CumulativeCashFlow = SUM(NetCashFlow_t)"". Use Technical Academic English for code strings.
    ⚠️ Ln 918:42 — Non-English (Turkish) characters in string: ""Nakit Akışı Açığı: CashGap = MAX(0, -MIN(CumulativeCashFlow". Use Technical Academic English for code strings.
    ⚠️ Ln 919:42 — Non-English (Turkish) characters in string: ""Nakit Akışı Açığı: DSO = (AccountsReceivable / TotalCreditS". Use Technical Academic English for code strings.
    ⚠️ Ln 920:42 — Non-English (Turkish) characters in string: ""Nakit Akışı Açığı: DPO = (AccountsPayable / TotalCreditPurc". Use Technical Academic English for code strings.
    ⚠️ Ln 921:42 — Non-English (Turkish) characters in string: ""Nakit Akışı Açığı: DIO = (Inventory / COGS) * Days"". Use Technical Academic English for code strings.
    ⚠️ Ln 922:42 — Non-English (Turkish) characters in string: ""Nakit Akışı Açığı: CashConversionCycle = DSO + DIO - DPO"". Use Technical Academic English for code strings.
    ⚠️ Ln 923:42 — Non-English (Turkish) characters in string: ""Nakit Akışı Açığı: FinancingCost = CashGap * DailyInterestR". Use Technical Academic English for code strings.
    ⚠️ Ln 941:41 — Non-English (Turkish) characters in string: ""OEE ve Durma Süresi: Availability = OperatingTime / Planned". Use Technical Academic English for code strings.
    ⚠️ Ln 942:41 — Non-English (Turkish) characters in string: ""OEE ve Durma Süresi: Performance = (IdealCycleTime * TotalC". Use Technical Academic English for code strings.
    ⚠️ Ln 943:41 — Non-English (Turkish) characters in string: ""OEE ve Durma Süresi: Quality = GoodCount / TotalCount"". Use Technical Academic English for code strings.
    ⚠️ Ln 944:41 — Non-English (Turkish) characters in string: ""OEE ve Durma Süresi: OEE = Availability * Performance * Qua". Use Technical Academic English for code strings.
    ⚠️ Ln 945:41 — Non-English (Turkish) characters in string: ""OEE ve Durma Süresi: TEEP = OEE * (PlannedProductionTime / ". Use Technical Academic English for code strings.
    ⚠️ Ln 946:41 — Non-English (Turkish) characters in string: ""OEE ve Durma Süresi: DowntimeCost = (PlannedProductionTime ". Use Technical Academic English for code strings.
    ⚠️ Ln 947:41 — Non-English (Turkish) characters in string: ""OEE ve Durma Süresi: SpeedLoss = (OperatingTime - (IdealCyc". Use Technical Academic English for code strings.
    ⚠️ Ln 948:41 — Non-English (Turkish) characters in string: ""OEE ve Durma Süresi: QualityLoss = (TotalCount - GoodCount)". Use Technical Academic English for code strings.
    ⚠️ Ln 965:52 — Non-English (Turkish) characters in string: ""Ödeme Vadesi Optimize Edici: DSO = (AccountsReceivable / Re". Use Technical Academic English for code strings.
    ⚠️ Ln 966:52 — Non-English (Turkish) characters in string: ""Ödeme Vadesi Optimize Edici: CarryingCost_AR = AverageAR * ". Use Technical Academic English for code strings.
    ⚠️ Ln 967:52 — Non-English (Turkish) characters in string: ""Ödeme Vadesi Optimize Edici: BadDebtExpense = Revenue * Def". Use Technical Academic English for code strings.
    ⚠️ Ln 968:52 — Non-English (Turkish) characters in string: ""Ödeme Vadesi Optimize Edici: DiscountCost = EarlyPaymentDis". Use Technical Academic English for code strings.
    ⚠️ Ln 969:52 — Non-English (Turkish) characters in string: ""Ödeme Vadesi Optimize Edici: OptimalTerms = Terms where (Ca". Use Technical Academic English for code strings.
    ⚠️ Ln 970:52 — Non-English (Turkish) characters in string: ""Ödeme Vadesi Optimize Edici: CashFlowImpact = (NewDSO - Old". Use Technical Academic English for code strings.
    ⚠️ Ln 971:52 — Non-English (Turkish) characters in string: ""Ödeme Vadesi Optimize Edici: NPV_Terms = SUM(CashInflow_t /". Use Technical Academic English for code strings.
    ⚠️ Ln 973:48 — Non-English (Turkish) characters in string: ""Öğrenme Eğrisi Süre Tahmincisi: LearningRate = 1 - (Time_2N". Use Technical Academic English for code strings.
    ⚠️ Ln 974:48 — Non-English (Turkish) characters in string: ""Öğrenme Eğrisi Süre Tahmincisi: Slope_b = LOG(LearningRate)". Use Technical Academic English for code strings.
    ⚠️ Ln 975:48 — Non-English (Turkish) characters in string: ""Öğrenme Eğrisi Süre Tahmincisi: Time_N = Time_1 * (N^b)"". Use Technical Academic English for code strings.
    ⚠️ Ln 976:48 — Non-English (Turkish) characters in string: ""Öğrenme Eğrisi Süre Tahmincisi: CumulativeTime_N = Time_1 *". Use Technical Academic English for code strings.
    ⚠️ Ln 977:48 — Non-English (Turkish) characters in string: ""Öğrenme Eğrisi Süre Tahmincisi: AverageTime_N = CumulativeT". Use Technical Academic English for code strings.
    ⚠️ Ln 978:48 — Non-English (Turkish) characters in string: ""Öğrenme Eğrisi Süre Tahmincisi: Cost_N = Time_N * LaborRate". Use Technical Academic English for code strings.
    ⚠️ Ln 979:48 — Non-English (Turkish) characters in string: ""Öğrenme Eğrisi Süre Tahmincisi: BreakevenUnit = 0; // reach". Use Technical Academic English for code strings.
    ⚠️ Ln 980:48 — Non-English (Turkish) characters in string: ""Öğrenme Eğrisi Süre Tahmincisi: TotalLaborCost = Cumulative". Use Technical Academic English for code strings.
    ⚠️ Ln 1025:46 — Non-English (Turkish) characters in string: ""reçete Maliyet Check: TheoreticalCost = SUM(FormulationPct_". Use Technical Academic English for code strings.
    ⚠️ Ln 1026:46 — Non-English (Turkish) characters in string: ""reçete Maliyet Check: ActualCost = TotalMaterialConsumed * ". Use Technical Academic English for code strings.
    ⚠️ Ln 1027:46 — Non-English (Turkish) characters in string: ""reçete Maliyet Check: Variance = ActualCost - TheoreticalCo". Use Technical Academic English for code strings.
    ⚠️ Ln 1028:46 — Non-English (Turkish) characters in string: ""reçete Maliyet Check: YieldLossCost = (1 - ActualYield) * T". Use Technical Academic English for code strings.
    ⚠️ Ln 1029:46 — Non-English (Turkish) characters in string: ""reçete Maliyet Check: EvaporationLoss = InputWeight - Outpu". Use Technical Academic English for code strings.
    ⚠️ Ln 1030:46 — Non-English (Turkish) characters in string: ""reçete Maliyet Check: Efficiency = ActualOutput / Theoretic". Use Technical Academic English for code strings.
    ⚠️ Ln 1031:46 — Non-English (Turkish) characters in string: ""reçete Maliyet Check: CostPerKg = ActualCost / OutputWeight". Use Technical Academic English for code strings.
    ⚠️ Ln 1033:56 — Non-English (Turkish) characters in string: ""Restaurant Menü Marj Kaçak: TheoreticalFoodCost = SUM(Items". Use Technical Academic English for code strings.
    ⚠️ Ln 1034:56 — Non-English (Turkish) characters in string: ""Restaurant Menü Marj Kaçak: ActualFoodCost = BeginningInven". Use Technical Academic English for code strings.
    ⚠️ Ln 1035:56 — Non-English (Turkish) characters in string: ""Restaurant Menü Marj Kaçak: Variance = ActualFoodCost - The". Use Technical Academic English for code strings.
    ⚠️ Ln 1036:56 — Non-English (Turkish) characters in string: ""Restaurant Menü Marj Kaçak: VariancePct = Variance / TotalF". Use Technical Academic English for code strings.
    ⚠️ Ln 1037:56 — Non-English (Turkish) characters in string: ""Restaurant Menü Marj Kaçak: WasteCost = RecordedWaste * Avg". Use Technical Academic English for code strings.
    ⚠️ Ln 1038:56 — Non-English (Turkish) characters in string: ""Restaurant Menü Marj Kaçak: TheftLoss = Variance - WasteCos". Use Technical Academic English for code strings.
    ⚠️ Ln 1039:56 — Non-English (Turkish) characters in string: ""Restaurant Menü Marj Kaçak: IdealMargin = 1 - (TheoreticalF". Use Technical Academic English for code strings.
    ⚠️ Ln 1040:56 — Non-English (Turkish) characters in string: ""Restaurant Menü Marj Kaçak: ActualMargin = 1 - (ActualFoodC". Use Technical Academic English for code strings.
    ⚠️ Ln 1042:44 — Non-English (Turkish) characters in string: ""Robot Kol vs. Manuel İşçi: ManualCost_Annual = (Operators *". Use Technical Academic English for code strings.
    ⚠️ Ln 1043:44 — Non-English (Turkish) characters in string: ""Robot Kol vs. Manuel İşçi: RobotCost_Annual = (RobotCapex /". Use Technical Academic English for code strings.
    ⚠️ Ln 1044:44 — Non-English (Turkish) characters in string: ""Robot Kol vs. Manuel İşçi: RobotOutput = CycleTime_Robot^-1". Use Technical Academic English for code strings.
    ⚠️ Ln 1045:44 — Non-English (Turkish) characters in string: ""Robot Kol vs. Manuel İşçi: ManualOutput = CycleTime_Manual^". Use Technical Academic English for code strings.
    ⚠️ Ln 1046:44 — Non-English (Turkish) characters in string: ""Robot Kol vs. Manuel İşçi: CostPerUnit_Manual = ManualCost_". Use Technical Academic English for code strings.
    ⚠️ Ln 1047:44 — Non-English (Turkish) characters in string: ""Robot Kol vs. Manuel İşçi: CostPerUnit_Robot = RobotCost_An". Use Technical Academic English for code strings.
    ⚠️ Ln 1048:44 — Non-English (Turkish) characters in string: ""Robot Kol vs. Manuel İşçi: ROI = (ManualCost - RobotCost) /". Use Technical Academic English for code strings.
    ⚠️ Ln 1049:44 — Non-English (Turkish) characters in string: ""Robot Kol vs. Manuel İşçi: Payback = RobotCapex / (ManualCo". Use Technical Academic English for code strings.
    ⚠️ Ln 1060:47 — Non-English (Turkish) characters in string: ""Rota Optimizasyonu Analizörü: NearestNeighbor_Dist = SUM(Mi". Use Technical Academic English for code strings.
    ⚠️ Ln 1061:47 — Non-English (Turkish) characters in string: ""Rota Optimizasyonu Analizörü: Savings_ClarkeWright = Distan". Use Technical Academic English for code strings.
    ⚠️ Ln 1062:47 — Non-English (Turkish) characters in string: ""Rota Optimizasyonu Analizörü: RouteEfficiency = Theoretical". Use Technical Academic English for code strings.
    ⚠️ Ln 1063:47 — Non-English (Turkish) characters in string: ""Rota Optimizasyonu Analizörü: DropDensity = NumberOfDrops /". Use Technical Academic English for code strings.
    ⚠️ Ln 1064:47 — Non-English (Turkish) characters in string: ""Rota Optimizasyonu Analizörü: TimeWindowPenalty = SUM(MAX(0". Use Technical Academic English for code strings.
    ⚠️ Ln 1065:47 — Non-English (Turkish) characters in string: ""Rota Optimizasyonu Analizörü: VehicleUtilization = TotalLoa". Use Technical Academic English for code strings.
    ⚠️ Ln 1066:47 — Non-English (Turkish) characters in string: ""Rota Optimizasyonu Analizörü: TotalSavings = BaselineCost -". Use Technical Academic English for code strings.
    ⚠️ Ln 1068:52 — Non-English (Turkish) characters in string: ""Rüzgar Türbini Yatırım Getirisi: AEP = 8760 * SUM(PowerCurv". Use Technical Academic English for code strings.
    ⚠️ Ln 1069:52 — Non-English (Turkish) characters in string: ""Rüzgar Türbini Yatırım Getirisi: CapacityFactor = AEP / (Ra". Use Technical Academic English for code strings.
    ⚠️ Ln 1070:52 — Non-English (Turkish) characters in string: ""Rüzgar Türbini Yatırım Getirisi: AnnualRevenue = AEP * Feed". Use Technical Academic English for code strings.
    ⚠️ Ln 1071:52 — Non-English (Turkish) characters in string: ""Rüzgar Türbini Yatırım Getirisi: OPEX = LandLease + Mainten". Use Technical Academic English for code strings.
    ⚠️ Ln 1072:52 — Non-English (Turkish) characters in string: ""Rüzgar Türbini Yatırım Getirisi: EBITDA = AnnualRevenue - O". Use Technical Academic English for code strings.
    ⚠️ Ln 1073:52 — Non-English (Turkish) characters in string: ""Rüzgar Türbini Yatırım Getirisi: LCOE = (SUM(Capex + Opex_t". Use Technical Academic English for code strings.
    ⚠️ Ln 1074:52 — Non-English (Turkish) characters in string: ""Rüzgar Türbini Yatırım Getirisi: NPV = SUM(EBITDA_t / (1+WA". Use Technical Academic English for code strings.
    ⚠️ Ln 1075:52 — Non-English (Turkish) characters in string: ""Rüzgar Türbini Yatırım Getirisi: IRR = r where NPV = 0"". Use Technical Academic English for code strings.
    ⚠️ Ln 1086:40 — Non-English (Turkish) characters in string: ""Saatlik Ücret: GrossAnnualSalary = BaseSalary + Bonuses"". Use Technical Academic English for code strings.
    ⚠️ Ln 1087:40 — Non-English (Turkish) characters in string: ""Saatlik Ücret: EmployerTaxes = GrossAnnualSalary * TaxRate"". Use Technical Academic English for code strings.
    ⚠️ Ln 1088:40 — Non-English (Turkish) characters in string: ""Saatlik Ücret: Benefits = HealthInsurance + RetirementMatch". Use Technical Academic English for code strings.
    ⚠️ Ln 1089:40 — Non-English (Turkish) characters in string: ""Saatlik Ücret: TotalLaborCost = GrossAnnualSalary + Employe". Use Technical Academic English for code strings.
    ⚠️ Ln 1090:40 — Non-English (Turkish) characters in string: ""Saatlik Ücret: ProductiveHours = (WeeksPerYear - VacationWe". Use Technical Academic English for code strings.
    ⚠️ Ln 1091:40 — Non-English (Turkish) characters in string: ""Saatlik Ücret: FullyBurdenedHourlyRate = TotalLaborCost / P". Use Technical Academic English for code strings.
    ⚠️ Ln 1092:40 — Non-English (Turkish) characters in string: ""Saatlik Ücret: MarginRate = FullyBurdenedHourlyRate * (1 + ". Use Technical Academic English for code strings.
    ⚠️ Ln 1094:54 — Non-English (Turkish) characters in string: ""SMED Değişim Optimize Edici: CurrentSetupTime = Internal_Cu". Use Technical Academic English for code strings.
    ⚠️ Ln 1095:54 — Non-English (Turkish) characters in string: ""SMED Değişim Optimize Edici: TargetSetupTime = Internal_Tar". Use Technical Academic English for code strings.
    ⚠️ Ln 1096:54 — Non-English (Turkish) characters in string: ""SMED Değişim Optimize Edici: ConversionRate = (Internal_Cur". Use Technical Academic English for code strings.
    ⚠️ Ln 1097:54 — Non-English (Turkish) characters in string: ""SMED Değişim Optimize Edici: CapacityRecovered = (CurrentSe". Use Technical Academic English for code strings.
    ⚠️ Ln 1098:54 — Non-English (Turkish) characters in string: ""SMED Değişim Optimize Edici: FinancialGain = CapacityRecove". Use Technical Academic English for code strings.
    ⚠️ Ln 1099:54 — Non-English (Turkish) characters in string: ""SMED Değişim Optimize Edici: SMED_Investment = Training + T". Use Technical Academic English for code strings.
    ⚠️ Ln 1100:54 — Non-English (Turkish) characters in string: ""SMED Değişim Optimize Edici: ROI = FinancialGain / SMED_Inv". Use Technical Academic English for code strings.
    ⚠️ Ln 1102:47 — Non-English (Turkish) characters in string: ""Sözleşme Teşvik: TargetCost = BaselineEstimate"". Use Technical Academic English for code strings.
    ⚠️ Ln 1103:47 — Non-English (Turkish) characters in string: ""Sözleşme Teşvik: TargetFee = TargetCost * TargetFeePct"". Use Technical Academic English for code strings.
    ⚠️ Ln 1104:47 — Non-English (Turkish) characters in string: ""Sözleşme Teşvik: ShareRatio = OverrunShare / UnderrunShare"". Use Technical Academic English for code strings.
    ⚠️ Ln 1105:47 — Non-English (Turkish) characters in string: ""Sözleşme Teşvik: ActualFee = TargetFee + (TargetCost - Actu". Use Technical Academic English for code strings.
    ⚠️ Ln 1106:47 — Non-English (Turkish) characters in string: ""Sözleşme Teşvik: MaxFee = TargetFee * MaxFeeMultiplier"". Use Technical Academic English for code strings.
    ⚠️ Ln 1107:47 — Non-English (Turkish) characters in string: ""Sözleşme Teşvik: MinFee = TargetFee * MinFeeMultiplier"". Use Technical Academic English for code strings.
    ⚠️ Ln 1108:47 — Non-English (Turkish) characters in string: ""Sözleşme Teşvik: FinalFee = MIN(MAX(ActualFee, MinFee), Max". Use Technical Academic English for code strings.
    ⚠️ Ln 1109:47 — Non-English (Turkish) characters in string: ""Sözleşme Teşvik: FinalPrice = ActualCost + FinalFee"". Use Technical Academic English for code strings.
    ⚠️ Ln 1110:47 — Non-English (Turkish) characters in string: ""Sözleşme Teşvik: PerformanceBonus = SUM(MetricWeight_i * Me". Use Technical Academic English for code strings.
    ⚠️ Ln 1120:51 — Non-English (Turkish) characters in string: ""Steam Trap Enerji kayıp: OrificeFlow = C_d * A * SQRT(2 * D". Use Technical Academic English for code strings.
    ⚠️ Ln 1121:51 — Non-English (Turkish) characters in string: ""Steam Trap Enerji kayıp: SteamLoss_kg_h = OrificeFlow * 360". Use Technical Academic English for code strings.
    ⚠️ Ln 1122:51 — Non-English (Turkish) characters in string: ""Steam Trap Enerji kayıp: EnergyLoss_kW = SteamLoss_kg_h * E". Use Technical Academic English for code strings.
    ⚠️ Ln 1123:51 — Non-English (Turkish) characters in string: ""Steam Trap Enerji kayıp: AnnualCost = EnergyLoss_kW * Opera". Use Technical Academic English for code strings.
    ⚠️ Ln 1124:51 — Non-English (Turkish) characters in string: ""Steam Trap Enerji kayıp: TrapFailureRate = FailedTraps / To". Use Technical Academic English for code strings.
    ⚠️ Ln 1125:51 — Non-English (Turkish) characters in string: ""Steam Trap Enerji kayıp: TotalSystemLoss = SUM(AnnualCost_i". Use Technical Academic English for code strings.
    ⚠️ Ln 1126:51 — Non-English (Turkish) characters in string: ""Steam Trap Enerji kayıp: RepairROI = TotalSystemLoss / (Tra". Use Technical Academic English for code strings.
    ⚠️ Ln 1128:52 — Non-English (Turkish) characters in string: ""Stok Devir hızı risk: InventoryTurnover = COGS / AverageInv". Use Technical Academic English for code strings.
    ⚠️ Ln 1129:52 — Non-English (Turkish) characters in string: ""Stok Devir hızı risk: DaysSalesInventory = 365 / InventoryT". Use Technical Academic English for code strings.
    ⚠️ Ln 1130:52 — Non-English (Turkish) characters in string: ""Stok Devir hızı risk: ObsolescenceRisk = SUM(AgingBracket_i". Use Technical Academic English for code strings.
    ⚠️ Ln 1131:52 — Non-English (Turkish) characters in string: ""Stok Devir hızı risk: CarryingCost = AverageInventory * (WA". Use Technical Academic English for code strings.
    ⚠️ Ln 1132:52 — Non-English (Turkish) characters in string: ""Stok Devir hızı risk: OptimalTurnover = IndustryBenchmark *". Use Technical Academic English for code strings.
    ⚠️ Ln 1133:52 — Non-English (Turkish) characters in string: ""Stok Devir hızı risk: StockoutRisk = IF(Turnover > MaxThres". Use Technical Academic English for code strings.
    ⚠️ Ln 1134:52 — Non-English (Turkish) characters in string: ""Stok Devir hızı risk: LiquidationLoss = SlowMovingInventory". Use Technical Academic English for code strings.
    ⚠️ Ln 1136:50 — Non-English (Turkish) characters in string: ""Su Kullanımı Optimize Edici: WaterIntensity = TotalWaterCon". Use Technical Academic English for code strings.
    ⚠️ Ln 1137:50 — Non-English (Turkish) characters in string: ""Su Kullanımı Optimize Edici: BaselineConsumption = Historic". Use Technical Academic English for code strings.
    ⚠️ Ln 1138:50 — Non-English (Turkish) characters in string: ""Su Kullanımı Optimize Edici: WaterSavings = BaselineConsump". Use Technical Academic English for code strings.
    ⚠️ Ln 1139:50 — Non-English (Turkish) characters in string: ""Su Kullanımı Optimize Edici: CostSavings = WaterSavings * (". Use Technical Academic English for code strings.
    ⚠️ Ln 1140:50 — Non-English (Turkish) characters in string: ""Su Kullanımı Optimize Edici: RecycleRate = RecycledWater / ". Use Technical Academic English for code strings.
    ⚠️ Ln 1141:50 — Non-English (Turkish) characters in string: ""Su Kullanımı Optimize Edici: LeakLoss = TotalSupplied - Tot". Use Technical Academic English for code strings.
    ⚠️ Ln 1142:50 — Non-English (Turkish) characters in string: ""Su Kullanımı Optimize Edici: ROI_Water = CostSavings / (Equ". Use Technical Academic English for code strings.
    ⚠️ Ln 1143:50 — Non-English (Turkish) characters in string: ""Su Kullanımı Optimize Edici: CarbonFootprint_Water = TotalC". Use Technical Academic English for code strings.
    ⚠️ Ln 1160:50 — Non-English (Turkish) characters in string: ""Süt Kâr Dedektörü: FatCorrectedMilk = (0.4 * MilkYield) + (". Use Technical Academic English for code strings.
    ⚠️ Ln 1161:50 — Non-English (Turkish) characters in string: ""Süt Kâr Dedektörü: ProteinCorrectedMilk = (0.337 * MilkYiel". Use Technical Academic English for code strings.
    ⚠️ Ln 1162:50 — Non-English (Turkish) characters in string: ""Süt Kâr Dedektörü: FeedCostPerLiter = TotalFeedCost / MilkY". Use Technical Academic English for code strings.
    ⚠️ Ln 1163:50 — Non-English (Turkish) characters in string: ""Süt Kâr Dedektörü: IncomeOverFeedCost = (MilkPrice * MilkYi". Use Technical Academic English for code strings.
    ⚠️ Ln 1164:50 — Non-English (Turkish) characters in string: ""Süt Kâr Dedektörü: MarginPerCow = IncomeOverFeedCost - (Vet". Use Technical Academic English for code strings.
    ⚠️ Ln 1165:50 — Non-English (Turkish) characters in string: ""Süt Kâr Dedektörü: HerdProfitability = SUM(MarginPerCow) - ". Use Technical Academic English for code strings.
    ⚠️ Ln 1166:50 — Non-English (Turkish) characters in string: ""Süt Kâr Dedektörü: SomaticCellPenalty = IF(SCC > Threshold,". Use Technical Academic English for code strings.
    ⚠️ Ln 1168:49 — Non-English (Turkish) characters in string: ""Taguchi kalite kayıp Fonksiyon: LossPerUnit = k * (ActualVa". Use Technical Academic English for code strings.
    ⚠️ Ln 1169:49 — Non-English (Turkish) characters in string: ""Taguchi kalite kayıp Fonksiyon: k = CostAtTolerance / Toler". Use Technical Academic English for code strings.
    ⚠️ Ln 1170:49 — Non-English (Turkish) characters in string: ""Taguchi kalite kayıp Fonksiyon: AverageLoss = k * (Variance". Use Technical Academic English for code strings.
    ⚠️ Ln 1171:49 — Non-English (Turkish) characters in string: ""Taguchi kalite kayıp Fonksiyon: TotalAnnualLoss = AverageLo". Use Technical Academic English for code strings.
    ⚠️ Ln 1172:49 — Non-English (Turkish) characters in string: ""Taguchi kalite kayıp Fonksiyon: SignalToNoise_LargerBetter ". Use Technical Academic English for code strings.
    ⚠️ Ln 1173:49 — Non-English (Turkish) characters in string: ""Taguchi kalite kayıp Fonksiyon: SignalToNoise_SmallerBetter". Use Technical Academic English for code strings.
    ⚠️ Ln 1174:49 — Non-English (Turkish) characters in string: ""Taguchi kalite kayıp Fonksiyon: QualityImprovementSavings =". Use Technical Academic English for code strings.
    ⚠️ Ln 1176:43 — Non-English (Turkish) characters in string: ""Takım Aşınma Maliyeti: ToolCostPerPart = (InsertCost / Edge". Use Technical Academic English for code strings.
    ⚠️ Ln 1177:43 — Non-English (Turkish) characters in string: ""Takım Aşınma Maliyeti: ChangeCostPerPart = (ToolChangeTime ". Use Technical Academic English for code strings.
    ⚠️ Ln 1178:43 — Non-English (Turkish) characters in string: ""Takım Aşınma Maliyeti: TotalToolingCost = ToolCostPerPart +". Use Technical Academic English for code strings.
    ⚠️ Ln 1179:43 — Non-English (Turkish) characters in string: ""Takım Aşınma Maliyeti: WearRate = FlankWear / MachiningTime". Use Technical Academic English for code strings.
    ⚠️ Ln 1180:43 — Non-English (Turkish) characters in string: ""Takım Aşınma Maliyeti: OptimalToolLife = ((1/n - 1) * (Tool". Use Technical Academic English for code strings.
    ⚠️ Ln 1181:43 — Non-English (Turkish) characters in string: ""Takım Aşınma Maliyeti: CostOfPrematureFailure = (ExpectedLi". Use Technical Academic English for code strings.
    ⚠️ Ln 1183:50 — Non-English (Turkish) characters in string: ""Takt Süre Flexibility Maliyet: TaktTime = AvailableTime / C". Use Technical Academic English for code strings.
    ⚠️ Ln 1184:50 — Non-English (Turkish) characters in string: ""Takt Süre Flexibility Maliyet: CycleTimeFlexibility = MAX(C". Use Technical Academic English for code strings.
    ⚠️ Ln 1185:50 — Non-English (Turkish) characters in string: ""Takt Süre Flexibility Maliyet: BalanceLoss = SUM(TaktTime -". Use Technical Academic English for code strings.
    ⚠️ Ln 1186:50 — Non-English (Turkish) characters in string: ""Takt Süre Flexibility Maliyet: CrossTrainingCost = Operator". Use Technical Academic English for code strings.
    ⚠️ Ln 1187:50 — Non-English (Turkish) characters in string: ""Takt Süre Flexibility Maliyet: FlexibilityPremium = CrossTr". Use Technical Academic English for code strings.
    ⚠️ Ln 1188:50 — Non-English (Turkish) characters in string: ""Takt Süre Flexibility Maliyet: VolumeVariationCost = IF(Dem". Use Technical Academic English for code strings.
    ⚠️ Ln 1196:46 — Non-English (Turkish) characters in string: ""Tamirhane Parça ve İşçilik Teklif: PartCost = SUM(Quantity_". Use Technical Academic English for code strings.
    ⚠️ Ln 1197:46 — Non-English (Turkish) characters in string: ""Tamirhane Parça ve İşçilik Teklif: PartMargin = PartCost * ". Use Technical Academic English for code strings.
    ⚠️ Ln 1198:46 — Non-English (Turkish) characters in string: ""Tamirhane Parça ve İşçilik Teklif: LaborCost = FlatRateHour". Use Technical Academic English for code strings.
    ⚠️ Ln 1199:46 — Non-English (Turkish) characters in string: ""Tamirhane Parça ve İşçilik Teklif: SubletCost = SUM(SubletI". Use Technical Academic English for code strings.
    ⚠️ Ln 1200:46 — Non-English (Turkish) characters in string: ""Tamirhane Parça ve İşçilik Teklif: TotalQuote = PartCost + ". Use Technical Academic English for code strings.
    ⚠️ Ln 1201:46 — Non-English (Turkish) characters in string: ""Tamirhane Parça ve İşçilik Teklif: EffectiveLaborRate = (La". Use Technical Academic English for code strings.
    ⚠️ Ln 1202:46 — Non-English (Turkish) characters in string: ""Tamirhane Parça ve İşçilik Teklif: GrossProfitPct = (TotalQ". Use Technical Academic English for code strings.
    ⚠️ Ln 1204:54 — Non-English (Turkish) characters in string: ""Taşeron Marj Sızıntı Dedektörü: QuotedMargin = (ContractVal". Use Technical Academic English for code strings.
    ⚠️ Ln 1205:54 — Non-English (Turkish) characters in string: ""Taşeron Marj Sızıntı Dedektörü: ActualMargin = (ContractVal". Use Technical Academic English for code strings.
    ⚠️ Ln 1206:54 — Non-English (Turkish) characters in string: ""Taşeron Marj Sızıntı Dedektörü: MarginLeak = QuotedMargin -". Use Technical Academic English for code strings.
    ⚠️ Ln 1207:54 — Non-English (Turkish) characters in string: ""Taşeron Marj Sızıntı Dedektörü: ChangeOrderCost = SUM(Chang". Use Technical Academic English for code strings.
    ⚠️ Ln 1208:54 — Non-English (Turkish) characters in string: ""Taşeron Marj Sızıntı Dedektörü: UnbilledWork = ActualWorkCo". Use Technical Academic English for code strings.
    ⚠️ Ln 1209:54 — Non-English (Turkish) characters in string: ""Taşeron Marj Sızıntı Dedektörü: LeakagePct = MarginLeak / Q". Use Technical Academic English for code strings.
    ⚠️ Ln 1211:48 — Non-English (Turkish) characters in string: ""Taşıma Mode Maliyet risk: Cost_Air = Weight * AirRate + Han". Use Technical Academic English for code strings.
    ⚠️ Ln 1212:48 — Non-English (Turkish) characters in string: ""Taşıma Mode Maliyet risk: Cost_Sea = Volume * SeaRate + Por". Use Technical Academic English for code strings.
    ⚠️ Ln 1213:48 — Non-English (Turkish) characters in string: ""Taşıma Mode Maliyet risk: Cost_Road = Distance * RoadRate +". Use Technical Academic English for code strings.
    ⚠️ Ln 1214:48 — Non-English (Turkish) characters in string: ""Taşıma Mode Maliyet risk: TransitTimeCost = TransitDays * I". Use Technical Academic English for code strings.
    ⚠️ Ln 1215:48 — Non-English (Turkish) characters in string: ""Taşıma Mode Maliyet risk: RiskCost = ProbabilityOfDamage * ". Use Technical Academic English for code strings.
    ⚠️ Ln 1216:48 — Non-English (Turkish) characters in string: ""Taşıma Mode Maliyet risk: TotalModeCost = TransportCost + T". Use Technical Academic English for code strings.
    ⚠️ Ln 1217:48 — Non-English (Turkish) characters in string: ""Taşıma Mode Maliyet risk: ModeSelection = MIN(TotalModeCost". Use Technical Academic English for code strings.
    ⚠️ Ln 1219:52 — Non-English (Turkish) characters in string: ""Tedarik Zinciri Kesintisi Risk Değerlendirmesi: RiskExposur". Use Technical Academic English for code strings.
    ⚠️ Ln 1220:52 — Non-English (Turkish) characters in string: ""Tedarik Zinciri Kesintisi Risk Değerlendirmesi: TimeToRecov". Use Technical Academic English for code strings.
    ⚠️ Ln 1221:52 — Non-English (Turkish) characters in string: ""Tedarik Zinciri Kesintisi Risk Değerlendirmesi: RevenueLoss". Use Technical Academic English for code strings.
    ⚠️ Ln 1222:52 — Non-English (Turkish) characters in string: ""Tedarik Zinciri Kesintisi Risk Değerlendirmesi: MitigationC". Use Technical Academic English for code strings.
    ⚠️ Ln 1223:52 — Non-English (Turkish) characters in string: ""Tedarik Zinciri Kesintisi Risk Değerlendirmesi: RiskAdjuste". Use Technical Academic English for code strings.
    ⚠️ Ln 1224:52 — Non-English (Turkish) characters in string: ""Tedarik Zinciri Kesintisi Risk Değerlendirmesi: ResilienceI". Use Technical Academic English for code strings.
    ⚠️ Ln 1226:51 — Non-English (Turkish) characters in string: ""Tedarikçi Döviz Kuru Riski: Exposure = ContractValue_FC * U". Use Technical Academic English for code strings.
    ⚠️ Ln 1227:51 — Non-English (Turkish) characters in string: ""Tedarikçi Döviz Kuru Riski: ExpectedLoss = Exposure * (Forw". Use Technical Academic English for code strings.
    ⚠️ Ln 1228:51 — Non-English (Turkish) characters in string: ""Tedarikçi Döviz Kuru Riski: VaR = Exposure * Volatility * Z". Use Technical Academic English for code strings.
    ⚠️ Ln 1229:51 — Non-English (Turkish) characters in string: ""Tedarikçi Döviz Kuru Riski: HedgingCost = Exposure * (Forwa". Use Technical Academic English for code strings.
    ⚠️ Ln 1230:51 — Non-English (Turkish) characters in string: ""Tedarikçi Döviz Kuru Riski: NetRiskCost = ExpectedLoss + He". Use Technical Academic English for code strings.
    ⚠️ Ln 1231:51 — Non-English (Turkish) characters in string: ""Tedarikçi Döviz Kuru Riski: CurrencyClauseSavings = IF(Cont". Use Technical Academic English for code strings.
    ⚠️ Ln 1233:37 — Non-English (Turkish) characters in string: ""Teklif Risk Analizörü: BaseEstimate = SUM(DirectCosts) + Ov". Use Technical Academic English for code strings.
    ⚠️ Ln 1234:37 — Non-English (Turkish) characters in string: ""Teklif Risk Analizörü: Contingency = BaseEstimate * RiskFac". Use Technical Academic English for code strings.
    ⚠️ Ln 1235:37 — Non-English (Turkish) characters in string: ""Teklif Risk Analizörü: ExpectedMargin = (BidPrice - (BaseEs". Use Technical Academic English for code strings.
    ⚠️ Ln 1236:37 — Non-English (Turkish) characters in string: ""Teklif Risk Analizörü: WinProbability = f(BidPrice, Competi". Use Technical Academic English for code strings.
    ⚠️ Ln 1237:37 — Non-English (Turkish) characters in string: ""Teklif Risk Analizörü: ExpectedValue = WinProbability * Exp". Use Technical Academic English for code strings.
    ⚠️ Ln 1238:37 — Non-English (Turkish) characters in string: ""Teklif Risk Analizörü: RiskAdjustedBid = BaseEstimate / (1 ". Use Technical Academic English for code strings.
    ⚠️ Ln 1247:47 — Non-English (Turkish) characters in string: ""Tekstil Atığı Risk Değerlendirmesi: WasteRate = (InputFabri". Use Technical Academic English for code strings.
    ⚠️ Ln 1248:47 — Non-English (Turkish) characters in string: ""Tekstil Atığı Risk Değerlendirmesi: PreConsumerWaste = Cutt". Use Technical Academic English for code strings.
    ⚠️ Ln 1249:47 — Non-English (Turkish) characters in string: ""Tekstil Atığı Risk Değerlendirmesi: FinancialLoss = PreCons". Use Technical Academic English for code strings.
    ⚠️ Ln 1250:47 — Non-English (Turkish) characters in string: ""Tekstil Atığı Risk Değerlendirmesi: DisposalCost = WasteWei". Use Technical Academic English for code strings.
    ⚠️ Ln 1251:47 — Non-English (Turkish) characters in string: ""Tekstil Atığı Risk Değerlendirmesi: CircularRevenue = Recyc". Use Technical Academic English for code strings.
    ⚠️ Ln 1252:47 — Non-English (Turkish) characters in string: ""Tekstil Atığı Risk Değerlendirmesi: NetWasteCost = Financia". Use Technical Academic English for code strings.
    ⚠️ Ln 1253:47 — Non-English (Turkish) characters in string: ""Tekstil Atığı Risk Değerlendirmesi: RiskScore = NetWasteCos". Use Technical Academic English for code strings.
    ⚠️ Ln 1270:38 — Non-English (Turkish) characters in string: ""Tohum Oranı: TargetPlantPopulation = Area * DesiredPlantsPe". Use Technical Academic English for code strings.
    ⚠️ Ln 1271:38 — Non-English (Turkish) characters in string: ""Tohum Oranı: SeedRequirement = TargetPlantPopulation / (Ger". Use Technical Academic English for code strings.
    ⚠️ Ln 1272:38 — Non-English (Turkish) characters in string: ""Tohum Oranı: SeedCost = SeedRequirement * PricePerKg"". Use Technical Academic English for code strings.
    ⚠️ Ln 1273:38 — Non-English (Turkish) characters in string: ""Tohum Oranı: OptimalYield = f(PlantPopulation, SoilFertilit". Use Technical Academic English for code strings.
    ⚠️ Ln 1274:38 — Non-English (Turkish) characters in string: ""Tohum Oranı: FinancialLoss_Under = (TargetYield - ActualYie". Use Technical Academic English for code strings.
    ⚠️ Ln 1275:38 — Non-English (Turkish) characters in string: ""Tohum Oranı: FinancialLoss_Over = (ActualSeed - OptimalSeed". Use Technical Academic English for code strings.
    ⚠️ Ln 1276:38 — Non-English (Turkish) characters in string: ""Tohum Oranı: ROI_Seed = (OptimalYield * CropPrice - SeedCos". Use Technical Academic English for code strings.
    ⚠️ Ln 1278:48 — Non-English (Turkish) characters in string: ""Toplam Çalışan Maliyeti: GrossSalary = BasePay + Bonuses + ". Use Technical Academic English for code strings.
    ⚠️ Ln 1279:48 — Non-English (Turkish) characters in string: ""Toplam Çalışan Maliyeti: StatutoryCosts = GrossSalary * (So". Use Technical Academic English for code strings.
    ⚠️ Ln 1280:48 — Non-English (Turkish) characters in string: ""Toplam Çalışan Maliyeti: Benefits = HealthInsurance + Retir". Use Technical Academic English for code strings.
    ⚠️ Ln 1281:48 — Non-English (Turkish) characters in string: ""Toplam Çalışan Maliyeti: AbsenteeismCost = AbsentHours * Fu". Use Technical Academic English for code strings.
    ⚠️ Ln 1282:48 — Non-English (Turkish) characters in string: ""Toplam Çalışan Maliyeti: TurnoverCost = (Recruitment + Trai". Use Technical Academic English for code strings.
    ⚠️ Ln 1283:48 — Non-English (Turkish) characters in string: ""Toplam Çalışan Maliyeti: TotalEmployeeCost = GrossSalary + ". Use Technical Academic English for code strings.
    ⚠️ Ln 1284:48 — Non-English (Turkish) characters in string: ""Toplam Çalışan Maliyeti: CostPerHour = TotalEmployeeCost / ". Use Technical Academic English for code strings.
    ⚠️ Ln 1286:55 — Non-English (Turkish) characters in string: ""Transfer Fiyatlandırması Optimize Edici: CostPlusPrice = Fu". Use Technical Academic English for code strings.
    ⚠️ Ln 1287:55 — Non-English (Turkish) characters in string: ""Transfer Fiyatlandırması Optimize Edici: MarketBasedPrice =". Use Technical Academic English for code strings.
    ⚠️ Ln 1288:55 — Non-English (Turkish) characters in string: ""Transfer Fiyatlandırması Optimize Edici: MarginalCost = Var". Use Technical Academic English for code strings.
    ⚠️ Ln 1289:55 — Non-English (Turkish) characters in string: ""Transfer Fiyatlandırması Optimize Edici: TaxImpact = (Trans". Use Technical Academic English for code strings.
    ⚠️ Ln 1290:55 — Non-English (Turkish) characters in string: ""Transfer Fiyatlandırması Optimize Edici: GlobalProfit = Rev". Use Technical Academic English for code strings.
    ⚠️ Ln 1291:55 — Non-English (Turkish) characters in string: ""Transfer Fiyatlandırması Optimize Edici: OptimalTransferPri". Use Technical Academic English for code strings.
    ⚠️ Ln 1293:59 — Non-English (Turkish) characters in string: ""ürün Complexity Hidden Maliyet: ComplexityIndex = NumberOfS". Use Technical Academic English for code strings.
    ⚠️ Ln 1294:59 — Non-English (Turkish) characters in string: ""ürün Complexity Hidden Maliyet: SetupCostComplexity = Chang". Use Technical Academic English for code strings.
    ⚠️ Ln 1295:59 — Non-English (Turkish) characters in string: ""ürün Complexity Hidden Maliyet: InventoryCostComplexity = S". Use Technical Academic English for code strings.
    ⚠️ Ln 1296:59 — Non-English (Turkish) characters in string: ""ürün Complexity Hidden Maliyet: OverheadAllocation = TotalI". Use Technical Academic English for code strings.
    ⚠️ Ln 1297:59 — Non-English (Turkish) characters in string: ""ürün Complexity Hidden Maliyet: HiddenCost = SetupCostCompl". Use Technical Academic English for code strings.
    ⚠️ Ln 1298:59 — Non-English (Turkish) characters in string: ""ürün Complexity Hidden Maliyet: ProfitabilityPerSKU = (Reve". Use Technical Academic English for code strings.
    ⚠️ Ln 1300:47 — Non-English (Turkish) characters in string: ""Vakum Kaçağı Enerji Kaybı: LeakRate = Volume * DeltaP / Del". Use Technical Academic English for code strings.
    ⚠️ Ln 1301:47 — Non-English (Turkish) characters in string: ""Vakum Kaçağı Enerji Kaybı: PowerLoss_kW = (LeakRate * P_Atm". Use Technical Academic English for code strings.
    ⚠️ Ln 1302:47 — Non-English (Turkish) characters in string: ""Vakum Kaçağı Enerji Kaybı: AnnualEnergyLoss = PowerLoss_kW ". Use Technical Academic English for code strings.
    ⚠️ Ln 1303:47 — Non-English (Turkish) characters in string: ""Vakum Kaçağı Enerji Kaybı: CostOfLeak = AnnualEnergyLoss * ". Use Technical Academic English for code strings.
    ⚠️ Ln 1304:47 — Non-English (Turkish) characters in string: ""Vakum Kaçağı Enerji Kaybı: PumpCapacityWaste = LeakRate / T". Use Technical Academic English for code strings.
    ⚠️ Ln 1305:47 — Non-English (Turkish) characters in string: ""Vakum Kaçağı Enerji Kaybı: CarbonEmissions = AnnualEnergyLo". Use Technical Academic English for code strings.
    ⚠️ Ln 1307:50 — Non-English (Turkish) characters in string: ""Vardiya Maliyet Verimliliği: PlannedProductionTime = ShiftD". Use Technical Academic English for code strings.
    ⚠️ Ln 1308:50 — Non-English (Turkish) characters in string: ""Vardiya Maliyet Verimliliği: ActualRunTime = PlannedProduct". Use Technical Academic English for code strings.
    ⚠️ Ln 1309:50 — Non-English (Turkish) characters in string: ""Vardiya Maliyet Verimliliği: LaborCost = Operators * ShiftH". Use Technical Academic English for code strings.
    ⚠️ Ln 1310:50 — Non-English (Turkish) characters in string: ""Vardiya Maliyet Verimliliği: EnergyCost = MachinePower * Ac". Use Technical Academic English for code strings.
    ⚠️ Ln 1311:50 — Non-English (Turkish) characters in string: ""Vardiya Maliyet Verimliliği: OutputValue = GoodUnits * Unit". Use Technical Academic English for code strings.
    ⚠️ Ln 1312:50 — Non-English (Turkish) characters in string: ""Vardiya Maliyet Verimliliği: ShiftEfficiency = OutputValue ". Use Technical Academic English for code strings.
    ⚠️ Ln 1313:50 — Non-English (Turkish) characters in string: ""Vardiya Maliyet Verimliliği: CostPerUnit = (LaborCost + Ene". Use Technical Academic English for code strings.
    ⚠️ Ln 1315:52 — Non-English (Turkish) characters in string: ""Vsm finansal Dönüştürücü: LeadTimeCost = WIP_Inventory * Da". Use Technical Academic English for code strings.
    ⚠️ Ln 1316:52 — Non-English (Turkish) characters in string: ""Vsm finansal Dönüştürücü: ValueAddedRatio = ValueAddedTime ". Use Technical Academic English for code strings.
    ⚠️ Ln 1317:52 — Non-English (Turkish) characters in string: ""Vsm finansal Dönüştürücü: NonValueAddedCost = (TotalLeadTim". Use Technical Academic English for code strings.
    ⚠️ Ln 1318:52 — Non-English (Turkish) characters in string: ""Vsm finansal Dönüştürücü: InventoryReductionSavings = (OldW". Use Technical Academic English for code strings.
    ⚠️ Ln 1319:52 — Non-English (Turkish) characters in string: ""Vsm finansal Dönüştürücü: ProductivityGain = (OldCycleTime ". Use Technical Academic English for code strings.
    ⚠️ Ln 1320:52 — Non-English (Turkish) characters in string: ""Vsm finansal Dönüştürücü: TotalFinancialImpact = InventoryR". Use Technical Academic English for code strings.
    ⚠️ Ln 1322:52 — Non-English (Turkish) characters in string: ""WPS Preheat Sıcaklık: CarbonEquivalent_CE = C + (Mn/6) + ((". Use Technical Academic English for code strings.
    ⚠️ Ln 1323:52 — Non-English (Turkish) characters in string: ""WPS Preheat Sıcaklık: PreheatTemp = f(CE, Thickness, Hydrog". Use Technical Academic English for code strings.
    ⚠️ Ln 1324:52 — Non-English (Turkish) characters in string: ""WPS Preheat Sıcaklık: CriticalCoolingTime = t_8_5 = (Thickn". Use Technical Academic English for code strings.
    ⚠️ Ln 1325:52 — Non-English (Turkish) characters in string: ""WPS Preheat Sıcaklık: HydrogenCrackingRisk = IF(PreheatTemp". Use Technical Academic English for code strings.
    ⚠️ Ln 1326:52 — Non-English (Turkish) characters in string: ""WPS Preheat Sıcaklık: EnergyCost = Mass * SpecificHeat * (P". Use Technical Academic English for code strings.
    ⚠️ Ln 1328:45 — Non-English (Turkish) characters in string: ""Yakıt Rota Sapma: PlannedFuel = PlannedDistance * FuelEffic". Use Technical Academic English for code strings.
    ⚠️ Ln 1329:45 — Non-English (Turkish) characters in string: ""Yakıt Rota Sapma: ActualFuel = ActualDistance * ActualFuelE". Use Technical Academic English for code strings.
    ⚠️ Ln 1330:45 — Non-English (Turkish) characters in string: ""Yakıt Rota Sapma: RouteDrift = ActualDistance - PlannedDist". Use Technical Academic English for code strings.
    ⚠️ Ln 1331:45 — Non-English (Turkish) characters in string: ""Yakıt Rota Sapma: FuelWaste_Distance = RouteDrift * FuelEff". Use Technical Academic English for code strings.
    ⚠️ Ln 1332:45 — Non-English (Turkish) characters in string: ""Yakıt Rota Sapma: FuelWaste_Efficiency = PlannedDistance * ". Use Technical Academic English for code strings.
    ⚠️ Ln 1333:45 — Non-English (Turkish) characters in string: ""Yakıt Rota Sapma: IdleFuelCost = IdleTime * IdleConsumption". Use Technical Academic English for code strings.
    ⚠️ Ln 1334:45 — Non-English (Turkish) characters in string: ""Yakıt Rota Sapma: TotalDriftCost = FuelWaste_Distance + Fue". Use Technical Academic English for code strings.
    ⚠️ Ln 1336:46 — Non-English (Turkish) characters in string: ""Yangın Hidrantı Akış: FlowRate_Q = 29.83 * c_d * d^2 * SQRT". Use Technical Academic English for code strings.
    ⚠️ Ln 1337:46 — Non-English (Turkish) characters in string: ""Yangın Hidrantı Akış: ResidualPressure = P_Static - (FlowRa". Use Technical Academic English for code strings.
    ⚠️ Ln 1338:46 — Non-English (Turkish) characters in string: ""Yangın Hidrantı Akış: AvailableFlow_At20psi = FlowRate_Q * ". Use Technical Academic English for code strings.
    ⚠️ Ln 1339:46 — Non-English (Turkish) characters in string: ""Yangın Hidrantı Akış: FrictionLoss = f * (Length / Diameter". Use Technical Academic English for code strings.
    ⚠️ Ln 1340:46 — Non-English (Turkish) characters in string: ""Yangın Hidrantı Akış: RequiredPumpHead = ElevationHead + Fr". Use Technical Academic English for code strings.
    ⚠️ Ln 1341:46 — Non-English (Turkish) characters in string: ""Yangın Hidrantı Akış: Compliance = IF(AvailableFlow_At20psi". Use Technical Academic English for code strings.
    ⚠️ Ln 1343:56 — Non-English (Turkish) characters in string: ""Yenileme Bütçesi Optimize Edici: BaseCost = Area * CostPerS". Use Technical Academic English for code strings.
    ⚠️ Ln 1344:56 — Non-English (Turkish) characters in string: ""Yenileme Bütçesi Optimize Edici: Escalation = BaseCost * ((". Use Technical Academic English for code strings.
    ⚠️ Ln 1345:56 — Non-English (Turkish) characters in string: ""Yenileme Bütçesi Optimize Edici: Contingency = (BaseCost + ". Use Technical Academic English for code strings.
    ⚠️ Ln 1346:56 — Non-English (Turkish) characters in string: ""Yenileme Bütçesi Optimize Edici: SoftCosts = (BaseCost + Es". Use Technical Academic English for code strings.
    ⚠️ Ln 1347:56 — Non-English (Turkish) characters in string: ""Yenileme Bütçesi Optimize Edici: TotalBudget = BaseCost + E". Use Technical Academic English for code strings.
    ⚠️ Ln 1348:56 — Non-English (Turkish) characters in string: ""Yenileme Bütçesi Optimize Edici: ROI_Renovation = (NewPrope". Use Technical Academic English for code strings.
    ⚠️ Ln 1365:53 — Non-English (Turkish) characters in string: ""Zaman Etüdü Analizörü: ObservedTime = SUM(CycleTimes) / Num". Use Technical Academic English for code strings.
    ⚠️ Ln 1366:53 — Non-English (Turkish) characters in string: ""Zaman Etüdü Analizörü: NormalTime = ObservedTime * Performa". Use Technical Academic English for code strings.
    ⚠️ Ln 1367:53 — Non-English (Turkish) characters in string: ""Zaman Etüdü Analizörü: AllowancePct = Personal + Fatigue + ". Use Technical Academic English for code strings.
    ⚠️ Ln 1368:53 — Non-English (Turkish) characters in string: ""Zaman Etüdü Analizörü: StandardTime = NormalTime * (1 + All". Use Technical Academic English for code strings.
    ⚠️ Ln 1369:53 — Non-English (Turkish) characters in string: ""Zaman Etüdü Analizörü: StandardOutput = ShiftDuration / Sta". Use Technical Academic English for code strings.
    ⚠️ Ln 1370:53 — Non-English (Turkish) characters in string: ""Zaman Etüdü Analizörü: LaborCostPerUnit = StandardTime * Ho". Use Technical Academic English for code strings.
    ⚠️ Ln 1371:53 — Non-English (Turkish) characters in string: ""Zaman Etüdü Analizörü: EfficiencyVariance = (StandardTime -". Use Technical Academic English for code strings.
    ⚠️ Ln 1373:51 — Non-English (Turkish) characters in string: ""Compressor: izentropik güç = (n/(n-1)) * Q/60 * P1 * 10^5 *". Use Technical Academic English for code strings.
    ⚠️ Ln 1374:51 — Non-English (Turkish) characters in string: ""Compressor: şaft gücü = izWork / η_m"". Use Technical Academic English for code strings.
    ⚠️ Ln 1375:51 — Non-English (Turkish) characters in string: ""Compressor: motor gücü = shaftPower / η_el"". Use Technical Academic English for code strings.
    ⚠️ Ln 1376:51 — Non-English (Turkish) characters in string: ""Compressor: özgül güç = totalPower / Q"". Use Technical Academic English for code strings.
    ⚠️ Ln 1377:51 — Non-English (Turkish) characters in string: ""Compressor: çıkış sıcaklığı = T1 + (T2 - T1) / η_is"". Use Technical Academic English for code strings.
    ⚠️ Ln 1378:51 — Non-English (Turkish) characters in string: ""Compressor: yıllık enerji = P * h"". Use Technical Academic English for code strings.
    ⚠️ Ln 1379:51 — Non-English (Turkish) characters in string: ""Compressor: yıllık maliyet = kWh * rate"". Use Technical Academic English for code strings.
    ⚠️ Ln 1381:48 — Non-English (Turkish) characters in string: ""Cutting: devir hızı n = 1000 * Vc / (π * Dc)"". Use Technical Academic English for code strings.
    ⚠️ Ln 1382:48 — Non-English (Turkish) characters in string: ""Cutting: ilerleme hızı Vf = fz * z * n"". Use Technical Academic English for code strings.
    ⚠️ Ln 1385:48 — Non-English (Turkish) characters in string: ""Cutting: kesme gücü Pc = Fc * Vc / 60000"". Use Technical Academic English for code strings.
    ⚠️ Ln 1386:48 — Non-English (Turkish) characters in string: ""Cutting: motor gücü = Pc / η"". Use Technical Academic English for code strings.
    ⚠️ Ln 1388:48 — Non-English (Turkish) characters in string: ""Cutting: Ra yüzey pürüzlülüğü = fz² / (8 * re) * 1000"". Use Technical Academic English for code strings.
    ⚠️ Ln 1392:47 — Non-English (Turkish) characters in string: ""Evaporative: çıkış sıcaklığı = Tk - η * (Tk - Ty)"". Use Technical Academic English for code strings.
    ⚠️ Ln 1393:47 — Non-English (Turkish) characters in string: ""Evaporative: delta T = Tk - çıkış"". Use Technical Academic English for code strings.
    ⚠️ Ln 1394:47 — Non-English (Turkish) characters in string: ""Evaporative: cihaz sayısı = ceil(debi / tekDebi)"". Use Technical Academic English for code strings.
    ⚠️ Ln 1395:47 — Non-English (Turkish) characters in string: ""Evaporative: toplam güç FES = cihazSayisi * cihazGucu"". Use Technical Academic English for code strings.
    ⚠️ Ln 1396:47 — Non-English (Turkish) characters in string: ""Evaporative: yıllık enerji FES = toplamGuc * gun * saat"". Use Technical Academic English for code strings.
    ⚠️ Ln 1397:47 — Non-English (Turkish) characters in string: ""Evaporative: yıllık enerji konv = konvGuc * gun * saat"". Use Technical Academic English for code strings.
    ⚠️ Ln 1400:48 — Non-English (Turkish) characters in string: ""Evaporative: yıllık elk maliyeti FES = kWh * rate"". Use Technical Academic English for code strings.
    ⚠️ Ln 1401:48 — Non-English (Turkish) characters in string: ""Evaporative: yıllık su maliyeti = cihaz * su * saat * gun *". Use Technical Academic English for code strings.
    ⚠️ Ln 1405:52 — Non-English (Turkish) characters in string: ""Condenser: kondenser yeni sıcaklık = T_giris - η * (T_giris". Use Technical Academic English for code strings.
    ⚠️ Ln 1407:52 — Non-English (Turkish) characters in string: ""Condenser: güç mevcut = kapasite / mevcutCOP"". Use Technical Academic English for code strings.
    ⚠️ Ln 1408:52 — Non-English (Turkish) characters in string: ""Condenser: güç yeni = kapasite / COP_yeni"". Use Technical Academic English for code strings.
    ⚠️ Ln 1409:52 — Non-English (Turkish) characters in string: ""Condenser: güç tasarrufu = gucMevcut - gucYeni"". Use Technical Academic English for code strings.
    ⚠️ Ln 1410:52 — Non-English (Turkish) characters in string: ""Condenser: yıllık tasarruf kWh = gucTasarrufu * calismaSaat". Use Technical Academic English for code strings.
    ⚠️ Ln 1411:52 — Non-English (Turkish) characters in string: ""Condenser: yıllık tasarruf USD = kWh * rate"". Use Technical Academic English for code strings.
    ⚠️ Ln 1413:52 — Non-English (Turkish) characters in string: ""Condenser: geri ödeme (ay) = sistemMaliyeti / netTasarruf *". Use Technical Academic English for code strings.
    ⚠️ Ln 1417:44 — Non-English (Turkish) characters in string: ""Pad Media: verim η_sat = f(kalınlık, hava hızı)"". Use Technical Academic English for code strings.
    ⚠️ Ln 1418:44 — Non-English (Turkish) characters in string: ""Pad Media: çıkış kuru sıcaklık = Tk - η * (Tk - Ty)"". Use Technical Academic English for code strings.
    ⚠️ Ln 1420:44 — Non-English (Turkish) characters in string: ""Pad Media: çıkış bağıl nem = girisRH + (100 - girisRH) * η ". Use Technical Academic English for code strings.
    ⚠️ Ln 1422:44 — Non-English (Turkish) characters in string: ""Pad Media: soğutma kapasitesi kW = debi * 1.2 * deltaT / 36". Use Technical Academic English for code strings.
    ⚠️ Ln 1423:44 — Non-English (Turkish) characters in string: ""Pad Media: su tüketimi L/h = kapasite * 1.5"". Use Technical Academic English for code strings.
    ⚠️ Ln 1424:44 — Non-English (Turkish) characters in string: ""Pad Media: basınç düşüşü Pa = 15 * t/100 * (V/2)^1.5"". Use Technical Academic English for code strings.
    ⚠️ Ln 1429:39 — Non-English (Turkish) characters in string: ""F-Gas: sızıntı testi yükümlülüğü (ay) = f(sarj miktarı)"". Use Technical Academic English for code strings.
    ⚠️ Ln 1430:39 — Non-English (Turkish) characters in string: ""F-Gas: yıllık test maliyeti = frekans * cihaz / 12 * birimÜ". Use Technical Academic English for code strings.
    ⚠️ Ln 1431:39 — Non-English (Turkish) characters in string: ""F-Gas: yıllık kaçak kg = toplamSarj * kaçakOranı / 100"". Use Technical Academic English for code strings.
    ⚠️ Ln 1432:39 — Non-English (Turkish) characters in string: ""F-Gas: kaçak maliyeti = kaçak_kg * birimFiyat"". Use Technical Academic English for code strings.
    ⚠️ Ln 1433:39 — Non-English (Turkish) characters in string: ""F-Gas: kaçak emisyon tCO2e = kaçak_kg * GWP / 1000"". Use Technical Academic English for code strings.
    ⚠️ Ln 1434:39 — Non-English (Turkish) characters in string: ""F-Gas: toplam maliyet = testMaliyeti + kaçakMaliyeti"". Use Technical Academic English for code strings.
    ⚠️ Ln 1436:50 — Non-English (Turkish) characters in string: ""Water: toplam = mavi + yeşil + gri"". Use Technical Academic English for code strings.
    ⚠️ Ln 1437:50 — Non-English (Turkish) characters in string: ""Water: birim ayak izi = toplam / üretim"". Use Technical Academic English for code strings.
    ⚠️ Ln 1438:50 — Non-English (Turkish) characters in string: ""Water: mavi oranı % = mavi / toplam * 100"". Use Technical Academic English for code strings.
    ⚠️ Ln 1439:50 — Non-English (Turkish) characters in string: ""Water: yeşil oranı % = yeşil / toplam * 100"". Use Technical Academic English for code strings.
    ⚠️ Ln 1440:50 — Non-English (Turkish) characters in string: ""Water: gri oranı % = gri / toplam * 100"". Use Technical Academic English for code strings.
    ⚠️ Ln 1441:50 — Non-English (Turkish) characters in string: ""Water: benchmark farkı = birimAyakIzi - benchmark"". Use Technical Academic English for code strings.
    ⚠️ Ln 1442:50 — Non-English (Turkish) characters in string: ""Water: iyileştirme potansiyeli = fark * üretim"". Use Technical Academic English for code strings.
    ⚠️ Ln 1444:48 — Non-English (Turkish) characters in string: ""Smoke: yangın çevresi = sqrt(A) * 4"". Use Technical Academic English for code strings.
    ⚠️ Ln 1445:48 — Non-English (Turkish) characters in string: ""Smoke: duman kütle debisi = 0.076 * P^1.5 * d^0.5"". Use Technical Academic English for code strings.
    ⚠️ Ln 1446:48 — Non-English (Turkish) characters in string: ""Smoke: gerekli havalandırma alanı = m / (Cd * sqrt(2*ρ*g*d)". Use Technical Academic English for code strings.
    ⚠️ Ln 1447:48 — Non-English (Turkish) characters in string: ""Smoke: etkin alan oranı = A_vent / A_tavan * 100"". Use Technical Academic English for code strings.
    ⚠️ Ln 1448:48 — Non-English (Turkish) characters in string: ""Smoke: kapak sayısı = ceil(A_vent / 1)"". Use Technical Academic English for code strings.
    ⚠️ Ln 1453:43 — Non-English (Turkish) characters in string: ""Nat Vent: gerekli menfez alanı = Q / (Cd * sqrt(2*g*dH*|dT|". Use Technical Academic English for code strings.
    ⚠️ Ln 1454:43 — Non-English (Turkish) characters in string: ""Nat Vent: alt menfez alanı = toplam * 0.5"". Use Technical Academic English for code strings.
    ⚠️ Ln 1455:43 — Non-English (Turkish) characters in string: ""Nat Vent: üst menfez alanı = toplam * 0.5"". Use Technical Academic English for code strings.
    ⚠️ Ln 1456:43 — Non-English (Turkish) characters in string: ""Nat Vent: havalandırma debisi m³/h = Q_m3s * 3600"". Use Technical Academic English for code strings.
    ⚠️ Ln 1458:52 — Non-English (Turkish) characters in string: ""Compound: dönem sayısı = m * n"". Use Technical Academic English for code strings.
    ⚠️ Ln 1460:52 — Non-English (Turkish) characters in string: ""Compound: FV katkı = PMT * ((1 + i)^n - 1) / i"". Use Technical Academic English for code strings.
    ⚠️ Ln 1461:52 — Non-English (Turkish) characters in string: ""Compound: FV toplam = FV_anapara + FV_katkı"". Use Technical Academic English for code strings.
    ⚠️ Ln 1462:52 — Non-English (Turkish) characters in string: ""Compound: toplam yatırım = PV + PMT * n_yıl * 12"". Use Technical Academic English for code strings.
    ⚠️ Ln 1463:52 — Non-English (Turkish) characters in string: ""Compound: toplam faiz = FV_toplam - toplamYatırım"". Use Technical Academic English for code strings.
    ⚠️ Ln 1464:52 — Non-English (Turkish) characters in string: ""Compound: vergi sonrası faiz = faiz * (1 - t)"". Use Technical Academic English for code strings.
    ⚠️ Ln 1465:52 — Non-English (Turkish) characters in string: ""Compound: vergi sonrası toplam = yatırım + vergiSonrasıFaiz". Use Technical Academic English for code strings.
    ⚠️ Ln 1467:52 — Non-English (Turkish) characters in string: ""Compound: satın alma gücü = FV / (1 + i)^n"". Use Technical Academic English for code strings.
    ⚠️ Ln 1468:53 — Non-English (Turkish) characters in string: ""Compound: ikiye katlanma yıl = 72 / r"". Use Technical Academic English for code strings.
    ⚠️ Ln 1470:46 — Non-English (Turkish) characters in string: ""Living wage: brüt yıllık = brütAylık * 12"". Use Technical Academic English for code strings.
    ⚠️ Ln 1471:46 — Non-English (Turkish) characters in string: ""Living wage: SGK işveren = brütAylık * oran * 12"". Use Technical Academic English for code strings.
    ⚠️ Ln 1472:46 — Non-English (Turkish) characters in string: ""Living wage: işsizlik fonu = brütAylık * oran * 12"". Use Technical Academic English for code strings.
    ⚠️ Ln 1473:46 — Non-English (Turkish) characters in string: ""Living wage: damga vergisi = brütYıllık * oran / 100"". Use Technical Academic English for code strings.
    ⚠️ Ln 1474:46 — Non-English (Turkish) characters in string: ""Living wage: gelir vergisi yıllık = brütYıllık * dilim / 10". Use Technical Academic English for code strings.
    ⚠️ Ln 1475:46 — Non-English (Turkish) characters in string: ""Living wage: kesinti toplamı = SGK + işsizlik + damga + gel". Use Technical Academic English for code strings.
    ⚠️ Ln 1476:46 — Non-English (Turkish) characters in string: ""Living wage: net aylık = brüt + FM - SGKç - İşsizlikç + yem". Use Technical Academic English for code strings.
    ⚠️ Ln 1477:46 — Non-English (Turkish) characters in string: ""Living wage: net yıllık = netAylık * 12"". Use Technical Academic English for code strings.
    ⚠️ Ln 1478:46 — Non-English (Turkish) characters in string: ""Living wage: işveren toplam maliyet = brütYıllık + SGK + iş". Use Technical Academic English for code strings.
    ⚠️ Ln 1479:46 — Non-English (Turkish) characters in string: ""Living wage: çalışana fayda % = netYıllık / işverenMaliyet ". Use Technical Academic English for code strings.
    ⚠️ Ln 1482:49 — Non-English (Turkish) characters in string: ""Panel rad: ısı ihtiyacı W = V * dT * U * cam + kişi + aydın". Use Technical Academic English for code strings.
    ⚠️ Ln 1483:49 — Non-English (Turkish) characters in string: ""Panel rad: ısı ihtiyacı kcal/h = W * 0.86"". Use Technical Academic English for code strings.
    ⚠️ Ln 1484:49 — Non-English (Turkish) characters in string: ""Panel rad: panel gücü (75/65) = ihtiyaç * tipFaktörü"". Use Technical Academic English for code strings.
    ⚠️ Ln 1486:45 — Non-English (Turkish) characters in string: ""Underfloor: ısıtma alanı = L * W"". Use Technical Academic English for code strings.
    ⚠️ Ln 1487:45 — Non-English (Turkish) characters in string: ""Underfloor: ortalama zemin sıcaklığı = (gidiş + dönüş) / 2"". Use Technical Academic English for code strings.
    ⚠️ Ln 1488:45 — Non-English (Turkish) characters in string: ""Underfloor: ısı akısı W/m² = (Tm - Ti) / R"". Use Technical Academic English for code strings.
    ⚠️ Ln 1489:45 — Non-English (Turkish) characters in string: ""Underfloor: toplam ısı gücü = akı * alan"". Use Technical Academic English for code strings.
    ⚠️ Ln 1490:45 — Non-English (Turkish) characters in string: ""Underfloor: boru boyu toplam = alan / aralık * 1.1"". Use Technical Academic English for code strings.
    ⚠️ Ln 1492:45 — Non-English (Turkish) characters in string: ""Solar: günlük sıcak su ihtiyacı = kişi * L/kişi"". Use Technical Academic English for code strings.
    ⚠️ Ln 1493:45 — Non-English (Turkish) characters in string: ""Solar: günlük toplam enerji kWh = m * cp * dT"". Use Technical Academic English for code strings.
    ⚠️ Ln 1494:45 — Non-English (Turkish) characters in string: ""Solar: kolektör alanı m² = Q * 1000 / (I * η * t)"". Use Technical Academic English for code strings.
    ⚠️ Ln 1495:45 — Non-English (Turkish) characters in string: ""Solar: depolama hacmi L = ihtiyaç * saat / 24"". Use Technical Academic English for code strings.
    ⚠️ Ln 1496:45 — Non-English (Turkish) characters in string: ""Solar: yardımcı kaynak enerjisi = günlük * 365 * (1-0.7) / ". Use Technical Academic English for code strings.
    ⚠️ Ln 1499:38 — Non-English (Turkish) characters in string: ""EPQ: envanter döngüsü gün = EPQ / d"". Use Technical Academic English for code strings.
    ⚠️ Ln 1501:38 — Non-English (Turkish) characters in string: ""EPQ: yıllık hazırlık maliyeti = D/EPQ * S"". Use Technical Academic English for code strings.
    ⚠️ Ln 1502:38 — Non-English (Turkish) characters in string: ""EPQ: yıllık stok maliyeti = H * Imax / 2"". Use Technical Academic English for code strings.
    ⚠️ Ln 1504:41 — Non-English (Turkish) characters in string: ""Kanban: kart sayısı = ceil(d * LT * (1+k) / q) + 1"". Use Technical Academic English for code strings.
    ⚠️ Ln 1505:41 — Non-English (Turkish) characters in string: ""Kanban: emniyet stoğu = d * LT * k"". Use Technical Academic English for code strings.
    ⚠️ Ln 1507:46 — Non-English (Turkish) characters in string: ""Little: çevrim süresi = WIP / TH"". Use Technical Academic English for code strings.
    ⚠️ Ln 1509:46 — Non-English (Turkish) characters in string: ""Little: çıkış hesaplanan = WIP / CT"". Use Technical Academic English for code strings.
    ⚠️ Ln 1512:43 — Non-English (Turkish) characters in string: ""Milk run: toplam mesafe = tedarikçi * mesafe * 2 * tur"". Use Technical Academic English for code strings.
    ⚠️ Ln 1513:43 — Non-English (Turkish) characters in string: ""Milk run: toplam süre dk = mesafe/hız*60 + yük + bekleme"". Use Technical Academic English for code strings.
    ⚠️ Ln 1514:43 — Non-English (Turkish) characters in string: ""Milk run: sürücü maliyeti = süre/60 * saatÜcret"". Use Technical Academic English for code strings.
    ⚠️ Ln 1515:43 — Non-English (Turkish) characters in string: ""Milk run: akaryakıt maliyeti = mesafe * kmMaliyet"". Use Technical Academic English for code strings.
    ⚠️ Ln 1519:43 — Non-English (Turkish) characters in string: ""CPM: kritik yol süresi = Te * aktiviteSayısı"". Use Technical Academic English for code strings.
    ⚠️ Ln 1523:42 — Non-English (Turkish) characters in string: ""Queuing: varış oranı λ = müşteri/saat"". Use Technical Academic English for code strings.
    ⚠️ Ln 1524:42 — Non-English (Turkish) characters in string: ""Queuing: servis oranı μ = 60 / servisDk"". Use Technical Academic English for code strings.
    ⚠️ Ln 1525:42 — Non-English (Turkish) characters in string: ""Queuing: kullanım oranı ρ = λ / μ (M/M/1)"". Use Technical Academic English for code strings.
    ⚠️ Ln 1530:39 — Non-English (Turkish) characters in string: ""FMEA: risk düzeyi = f(RPN)"". Use Technical Academic English for code strings.
    ⚠️ Ln 1531:39 — Non-English (Turkish) characters in string: ""FMEA: fayda/maliyet oranı = failureCost / önlemMaliyeti"". Use Technical Academic English for code strings.
    ⚠️ Ln 1533:39 — Non-English (Turkish) characters in string: ""FMEA: öncelik sırası (kritiklik seviyesi)"". Use Technical Academic English for code strings.
    ⚠️ Ln 1535:39 — Non-English (Turkish) characters in string: ""FMEA: toplam önlem maliyeti"". Use Technical Academic English for code strings.
    ⚠️ Ln 1537:38 — Non-English (Turkish) characters in string: ""DOE: toplam deney sayısı = base^k * r + merkez + blok"". Use Technical Academic English for code strings.
    ⚠️ Ln 1539:46 — Non-English (Turkish) characters in string: ""Reliability: sistem MTBF (seri) = MTBF_bileşen / n"". Use Technical Academic English for code strings.
    ⚠️ Ln 1540:46 — Non-English (Turkish) characters in string: ""Reliability: kullanılabilirlik A = MTBF / (MTBF + MTTR) * 1". Use Technical Academic English for code strings.
    ⚠️ Ln 1547:40 — Non-English (Turkish) characters in string: ""NIOSH: FM = f(frekans, süre)"". Use Technical Academic English for code strings.
    ⚠️ Ln 1551:39 — Non-English (Turkish) characters in string: ""REBA: Grup A toplam = gövde + boyun + bacak"". Use Technical Academic English for code strings.
    ⚠️ Ln 1552:39 — Non-English (Turkish) characters in string: ""REBA: Grup A yük puanı = f(yük)"". Use Technical Academic English for code strings.
    ⚠️ Ln 1553:39 — Non-English (Turkish) characters in string: ""REBA: Grup B toplam = kolÜst + kolAlt + elBileği"". Use Technical Academic English for code strings.
    ⚠️ Ln 1554:39 — Non-English (Turkish) characters in string: ""REBA: Grup B kavrama puanı = f(tutmaTipi)"". Use Technical Academic English for code strings.
    ⚠️ Ln 1555:39 — Non-English (Turkish) characters in string: ""REBA: nihai skor = tableC(scoreA, scoreB) + aktivitePenaltı". Use Technical Academic English for code strings.
    ⚠️ Ln 1557:38 — Non-English (Turkish) characters in string: ""RCM: plansız duruş sıklığı = 365 / MTBF"". Use Technical Academic English for code strings.
    ⚠️ Ln 1558:38 — Non-English (Turkish) characters in string: ""RCM: plansız duruş maliyeti/yıl = sıklık * birimMaliyet"". Use Technical Academic English for code strings.
    ⚠️ Ln 1559:38 — Non-English (Turkish) characters in string: ""RCM: koruyucu bakım maliyeti/yıl = 365/sıklık * birimMaliye". Use Technical Academic English for code strings.
    ⚠️ Ln 1560:38 — Non-English (Turkish) characters in string: ""RCM: durumsal bakım maliyeti/yıl = 365/sıklık * birimMaliye". Use Technical Academic English for code strings.
    ⚠️ Ln 1562:41 — Non-English (Turkish) characters in string: ""Pareto: kategori sayısı"". Use Technical Academic English for code strings.
    ⚠️ Ln 1570:41 — Non-English (Turkish) characters in string: ""Kaizen: toplam event maliyeti = ekip + malzeme + danışman"". Use Technical Academic English for code strings.
    ⚠️ Ln 1571:41 — Non-English (Turkish) characters in string: ""Kaizen: döngü süresi iyileşme % = (mevcut - yeni) / mevcut ". Use Technical Academic English for code strings.
    ⚠️ Ln 1572:41 — Non-English (Turkish) characters in string: ""Kaizen: toplam yıllık tasarruf = işçilik + malzeme + enerji". Use Technical Academic English for code strings.
    ⚠️ Ln 1575:38 — Non-English (Turkish) characters in string: ""VSM: PCT = VA + bekleme + taşıma + kontrol"". Use Technical Academic English for code strings.
    ⚠️ Ln 1577:38 — Non-English (Turkish) characters in string: ""VSM: takt time = çalışmaSüresi / talep"". Use Technical Academic English for code strings.
    ⚠️ Ln 1579:46 — Non-English (Turkish) characters in string: ""5S: sort yüzde = sort_puan / max * 100"". Use Technical Academic English for code strings.
    ⚠️ Ln 1580:46 — Non-English (Turkish) characters in string: ""5S: setInOrder yüzde = puan / max * 100"". Use Technical Academic English for code strings.
    ⚠️ Ln 1581:46 — Non-English (Turkish) characters in string: ""5S: shine yüzde = puan / max * 100"". Use Technical Academic English for code strings.
    ⚠️ Ln 1582:46 — Non-English (Turkish) characters in string: ""5S: standardize yüzde = puan / max * 100"". Use Technical Academic English for code strings.
    ⚠️ Ln 1583:46 — Non-English (Turkish) characters in string: ""5S: sustain yüzde = puan / max * 100"". Use Technical Academic English for code strings.
    ⚠️ Ln 1587:46 — Non-English (Turkish) characters in string: ""5S: eğitim maliyeti = çalışan * saat * birimMaliyet"". Use Technical Academic English for code strings.

  📄 src/lib/features/reports/__tests__/verdict-pdf-p4-qa.test.ts
    ⚠️ Ln 35:3 — Non-English (Turkish) characters in string: ""onaylı rapor"". Use Technical Academic English for code strings.
    ⚠️ Ln 36:3 — Non-English (Turkish) characters in string: ""mühürlü rapor"". Use Technical Academic English for code strings.

  📄 src/lib/features/reports/resolve-print-values.ts
    ⚠️ Ln 57:5 — Non-English (Turkish) characters in string: "`Model, ${p.formulaCount} formül üzerinden ${p.inputCount} g". Use Technical Academic English for code strings.
    ⚠️ Ln 59:5 — Non-English (Turkish) characters in string: "`Das Modell verwendet ${p.inputCount} Eingabeparameter über ". Use Technical Academic English for code strings.

  📄 src/lib/features/reports/tool-methodology.ts
    ⚠️ Ln 40:15 — Non-English (Turkish) characters in string: ""CLV/CAC Oranı Analizi — Müşteri kârlılığı ve edinme verimli". Use Technical Academic English for code strings.
    ⚠️ Ln 41:21 — Non-English (Turkish) characters in string: ""CLV = (AOV × SF) × BM% × Ömür"". Use Technical Academic English for code strings.
    ⚠️ Ln 42:18 — Non-English (Turkish) characters in string: ""Müşteri Yaşam Boyu Değer Modeli — SectorCalc Motoru"". Use Technical Academic English for code strings.
    ⚠️ Ln 45:7 — Non-English (Turkish) characters in string: ""Model, Müşteri Yaşam Boyu Değerini (CLV) şu girdilerle hesa". Use Technical Academic English for code strings.
    ⚠️ Ln 46:18 — Non-English (Turkish) characters in string: ""Finansal Muhasebe Standartları"". Use Technical Academic English for code strings.
    ⚠️ Ln 48:16 — Non-English (Turkish) characters in string: ""Düşük CLV/CAC Oranı"". Use Technical Academic English for code strings.
    ⚠️ Ln 49:16 — Non-English (Turkish) characters in string: ""CAC Geri Ödeme Süresi İncelemesi"". Use Technical Academic English for code strings.
    ⚠️ Ln 51:24 — Non-English (Turkish) characters in string: ""CLV ve CLV/CAC oranı hesaplamaları kabul görmüş finansal me". Use Technical Academic English for code strings.
    ⚠️ Ln 52:24 — Non-English (Turkish) characters in string: ""Sabit gelir modeli ve istikrarlı elde tutma oranı varsayıml". Use Technical Academic English for code strings.
    ⚠️ Ln 63:54 — Non-English (Turkish) characters in string: ""Ein CLV/CAC-Verhältnis unter 3:1 deutet auf mögliche Ineffi". Use Technical Academic English for code strings.
    ⚠️ Ln 64:16 — Non-English (Turkish) characters in string: ""CAC-Amortisationszeit Prüfung"". Use Technical Academic English for code strings.
    ⚠️ Ln 67:24 — Non-English (Turkish) characters in string: ""Gültig unter Annahme konstanter Einnahmen und stabiler Bind". Use Technical Academic English for code strings.

  📄 src/lib/features/semantic/build-developer-showcase-schema.ts
    ⚠️ Ln 7:16 — Non-English (Turkish) characters in string: ""Geliştirici Vitrini"". Use Technical Academic English for code strings.

  📄 src/lib/features/semantic/build-generated-tool-howto-jsonld.ts
    ⚠️ Ln 8:14 — Non-English (Turkish) characters in string: "`${normalized} nasıl hesaplanır?`". Use Technical Academic English for code strings.

  📄 src/lib/features/semantic/build-home-jsonld.ts
    ⚠️ Ln 18:11 — Non-English (Turkish) characters in string: ""SectorCalc hesap makinesi kataloğu"". Use Technical Academic English for code strings.
    ⚠️ Ln 19:11 — Non-English (Turkish) characters in string: ""Ücretsiz hesap makineleri"". Use Technical Academic English for code strings.
    ⚠️ Ln 20:14 — Non-English (Turkish) characters in string: ""Premium analiz araçları"". Use Technical Academic English for code strings.
    ⚠️ Ln 21:15 — Non-English (Turkish) characters in string: ""Geliştirici vitrini"". Use Technical Academic English for code strings.
    ⚠️ Ln 23:14 — Non-English (Turkish) characters in string: ""Site haritası"". Use Technical Academic English for code strings.

  📄 src/lib/features/semantic/build-tool-jsonld.ts
    ⚠️ Ln 17:9 — Non-English (Turkish) characters in string: ""Ücretsiz araçlar"". Use Technical Academic English for code strings.
    ⚠️ Ln 25:9 — Non-English (Turkish) characters in string: ""Premium araçlar"". Use Technical Academic English for code strings.

  📄 src/lib/features/tool-guides/shape-dimension-guides.tsx
    ⚠️ Ln 260:11 — Non-English (Turkish) characters in string: ""Boyanabilir duvar alanı, kat sayısı ve birim kapsama değerl". Use Technical Academic English for code strings.
    ⚠️ Ln 264:11 — Non-English (Turkish) characters in string: ""Duvar yüzeyi, kat ve kapsama alanları paintableArea, coats ". Use Technical Academic English for code strings.
    ⚠️ Ln 273:11 — Non-English (Turkish) characters in string: ""Oda planı alanı ve m² birim maliyetini girin."". Use Technical Academic English for code strings.
    ⚠️ Ln 277:11 — Non-English (Turkish) characters in string: ""Zemin alanı areaM2; birim maliyet, yıkım ve kontenjan alanl". Use Technical Academic English for code strings.
    ⚠️ Ln 286:11 — Non-English (Turkish) characters in string: ""Cihaz gücü, günlük çalışma saati ve tarife değerlerini giri". Use Technical Academic English for code strings.
    ⚠️ Ln 290:11 — Non-English (Turkish) characters in string: ""Güç, çalışma saati, tüketim ve tarife alanları powerKw, run". Use Technical Academic English for code strings.
    ⚠️ Ln 306:11 — Non-English (Turkish) characters in string: ""Armatür adedi, malzeme ve işçilik maliyetlerini girin."". Use Technical Academic English for code strings.
    ⚠️ Ln 310:11 — Non-English (Turkish) characters in string: ""Lavabo/armatür sayısı fixtureCount; malzeme ve saat maliyet". Use Technical Academic English for code strings.
    ⚠️ Ln 319:11 — Non-English (Turkish) characters in string: ""Basınçlı kap kesitinde tasarım basıncı ve çap değerlerini g". Use Technical Academic English for code strings.
    ⚠️ Ln 323:11 — Non-English (Turkish) characters in string: ""designPressureBar, diameterMm, allowableStressMpa ve weldEf". Use Technical Academic English for code strings.
    ⚠️ Ln 332:11 — Non-English (Turkish) characters in string: ""Panel kablo saati, işçilik oranı ve test maliyetlerini giri". Use Technical Academic English for code strings.
    ⚠️ Ln 336:11 — Non-English (Turkish) characters in string: ""wiringHours, estimatedHours, laborRate, inspectionFailCost ". Use Technical Academic English for code strings.
    ⚠️ Ln 352:11 — Non-English (Turkish) characters in string: ""Ölçülen yüzey alanını ve birim dönüşümünü girin."". Use Technical Academic English for code strings.
    ⚠️ Ln 356:11 — Non-English (Turkish) characters in string: ""value, fromUnit ve toUnit alan dönüştürücü girdileridir."". Use Technical Academic English for code strings.
    ⚠️ Ln 365:11 — Non-English (Turkish) characters in string: ""Teknik uzunluk ölçüsünü ve birim dönüşümünü girin."". Use Technical Academic English for code strings.
    ⚠️ Ln 369:11 — Non-English (Turkish) characters in string: ""Ölçü çizgisindeki value, fromUnit ve toUnit alanları kullan". Use Technical Academic English for code strings.
    ⚠️ Ln 378:11 — Non-English (Turkish) characters in string: ""Kap hacmini ve birim dönüşümünü girin."". Use Technical Academic English for code strings.
    ⚠️ Ln 382:11 — Non-English (Turkish) characters in string: ""Prizma/kap hacmi value ile fromUnit ve toUnit birimlerine d". Use Technical Academic English for code strings.
    ⚠️ Ln 391:11 — Non-English (Turkish) characters in string: ""Terazi yükünü ve birim dönüşümünü girin."". Use Technical Academic English for code strings.
    ⚠️ Ln 395:11 — Non-English (Turkish) characters in string: ""Yük değeri value; kaynak ve hedef birimler fromUnit ve toUn". Use Technical Academic English for code strings.

  📄 src/lib/features/tool-schemas/weldToolSchema.ts
    ⚠️ Ln 78:85 — Local/national standard detected: "BS 7448". Use only ISO, ASTM, EN, ACI, AISC, ASME, IEC, IEEE.

  📄 src/lib/features/tools/__tests__/build-taxonomy-sector-cards.test.ts
    ⚠️ Ln 23:34 — Non-English (Turkish) characters in string: ""Otomotiv & Taşıt"". Use Technical Academic English for code strings.
    ⚠️ Ln 40:34 — Non-English (Turkish) characters in string: ""Tümü"". Use Technical Academic English for code strings.

  📄 src/lib/features/tools/__tests__/premium-sector-count.test.ts
    ⚠️ Ln 9:6 — Non-English (Turkish) characters in string: ""loads premium catalog tools with a bounded Diğer bucket"". Use Technical Academic English for code strings.

  📄 src/lib/features/tools/__tests__/resolve-tool-display-chrome.test.ts
    ⚠️ Ln 54:16 — Non-English (Turkish) characters in string: ""Replacement Süre"". Use Technical Academic English for code strings.
    ⚠️ Ln 55:17 — Non-English (Turkish) characters in string: ""Süre Gerekli to replace veya index takım."". Use Technical Academic English for code strings.
    ⚠️ Ln 60:16 — Non-English (Turkish) characters in string: ""Birim Başına Takım Maliyeti"". Use Technical Academic English for code strings.
    ⚠️ Ln 61:17 — Non-English (Turkish) characters in string: ""Tek bir kesici takımın veya uç satın alma fiyatı."". Use Technical Academic English for code strings.
    ⚠️ Ln 75:7 — Non-English (Turkish) characters in string: ""Takım Aşınma Maliyeti Hesaplayıcı"". Use Technical Academic English for code strings.
    ⚠️ Ln 85:26 — Non-English (Turkish) characters in string: ""Takım Birim Maliyeti"". Use Technical Academic English for code strings.
    ⚠️ Ln 86:26 — Non-English (Turkish) characters in string: ""Takım Ömrü (Takım Başına Parça)"". Use Technical Academic English for code strings.
    ⚠️ Ln 87:26 — Non-English (Turkish) characters in string: ""Değiştirme Süresi"". Use Technical Academic English for code strings.
    ⚠️ Ln 126:33 — Non-English (Turkish) characters in string: ""Takım Birim Maliyeti"". Use Technical Academic English for code strings.
    ⚠️ Ln 127:39 — Non-English (Turkish) characters in string: ""kesici takım"". Use Technical Academic English for code strings.

  📄 src/lib/features/tools/__tests__/runtime-trust-engine.test.ts
    ⚠️ Ln 74:8 — Non-English (Turkish) characters in string: ""mixed label Aylık fee fails trust eligibility"". Use Technical Academic English for code strings.

  📄 src/lib/features/tools/category-taxonomy.ts
    ⚠️ Ln 19:13 — Non-English (Turkish) characters in string: ""Teknik & Mühendislik"". Use Technical Academic English for code strings.
    ⚠️ Ln 77:13 — Non-English (Turkish) characters in string: ""Teknik & Mühendislik"". Use Technical Academic English for code strings.
    ⚠️ Ln 101:13 — Non-English (Turkish) characters in string: ""Teknik & Mühendislik"". Use Technical Academic English for code strings.
    ⚠️ Ln 127:13 — Non-English (Turkish) characters in string: ""Teknik & Mühendislik"". Use Technical Academic English for code strings.
    ⚠️ Ln 199:3 — Non-English (Turkish) characters in string: ""Kalite & Süreç Kontrol"". Use Technical Academic English for code strings.
    ⚠️ Ln 201:14 — Non-English (Turkish) characters in string: ""Kalite & Süreç Kontrol"". Use Technical Academic English for code strings.
    ⚠️ Ln 266:3 — Non-English (Turkish) characters in string: ""Enerji & Sürdürülebilirlik"". Use Technical Academic English for code strings.
    ⚠️ Ln 268:14 — Non-English (Turkish) characters in string: ""Enerji & Sürdürülebilirlik"". Use Technical Academic English for code strings.
    ⚠️ Ln 290:3 — Non-English (Turkish) characters in string: ""Maliyet & Bütçeleme"". Use Technical Academic English for code strings.
    ⚠️ Ln 292:14 — Non-English (Turkish) characters in string: ""Maliyet & Bütçeleme"". Use Technical Academic English for code strings.
    ⚠️ Ln 401:3 — Non-English (Turkish) characters in string: ""Çevre & Emisyon"". Use Technical Academic English for code strings.
    ⚠️ Ln 403:14 — Non-English (Turkish) characters in string: ""Çevre & Emisyon"". Use Technical Academic English for code strings.
    ⚠️ Ln 405:13 — Non-English (Turkish) characters in string: ""Sürdürülebilirlik"". Use Technical Academic English for code strings.

  📄 src/lib/features/tools/schema-catalog-label-keys.ts
    ⚠️ Ln 7:3 — Non-English (Turkish) characters in string: ""Teknik & Mühendislik"". Use Technical Academic English for code strings.
    ⚠️ Ln 30:3 — Non-English (Turkish) characters in string: ""Teknik & Mühendislik"". Use Technical Academic English for code strings.
    ⚠️ Ln 36:3 — Non-English (Turkish) characters in string: ""Atölye & Tamir"". Use Technical Academic English for code strings.
    ⚠️ Ln 50:3 — Non-English (Turkish) characters in string: ""Kredi ve Borç"". Use Technical Academic English for code strings.
    ⚠️ Ln 60:3 — Non-English (Turkish) characters in string: ""Çevre ve Sürdürülebilirlik"". Use Technical Academic English for code strings.

  📄 src/lib/features/tools/taxonomy.ts
    ⚠️ Ln 722:12 — Non-English (Turkish) characters in string: ""Telekomünikasyon"". Use Technical Academic English for code strings.
    ⚠️ Ln 725:19 — Non-English (Turkish) characters in string: ""Ağ Mühendisi"". Use Technical Academic English for code strings.
    ⚠️ Ln 733:38 — Non-English (Turkish) characters in string: ""Güneş Enerjisi Uzmanı"". Use Technical Academic English for code strings.
    ⚠️ Ln 741:19 — Non-English (Turkish) characters in string: ""Hijyen Uzmanı"". Use Technical Academic English for code strings.
    ⚠️ Ln 749:43 — Non-English (Turkish) characters in string: ""Filo Yöneticisi"". Use Technical Academic English for code strings.
    ⚠️ Ln 757:19 — Non-English (Turkish) characters in string: ""Matematikçi"". Use Technical Academic English for code strings.
    ⚠️ Ln 762:12 — Non-English (Turkish) characters in string: ""İstatistik & Olasılık"". Use Technical Academic English for code strings.
    ⚠️ Ln 765:19 — Non-English (Turkish) characters in string: ""İstatistikçi"". Use Technical Academic English for code strings.
    ⚠️ Ln 773:19 — Non-English (Turkish) characters in string: ""Fizik Mühendisi"". Use Technical Academic English for code strings.
    ⚠️ Ln 778:12 — Non-English (Turkish) characters in string: ""Birim & Dönüşüm"". Use Technical Academic English for code strings.
    ⚠️ Ln 781:19 — Non-English (Turkish) characters in string: ""Mühendis"". Use Technical Academic English for code strings.
    ⚠️ Ln 789:19 — Non-English (Turkish) characters in string: ""Antrenör"". Use Technical Academic English for code strings.
    ⚠️ Ln 794:12 — Non-English (Turkish) characters in string: ""Günlük Yaşam & Ev"". Use Technical Academic English for code strings.
    ⚠️ Ln 797:19 — Non-English (Turkish) characters in string: ""Ev Yöneticisi"". Use Technical Academic English for code strings.
    ⚠️ Ln 802:12 — Non-English (Turkish) characters in string: ""Eğitim & Akademik"". Use Technical Academic English for code strings.
    ⚠️ Ln 805:19 — Non-English (Turkish) characters in string: ""Öğretmen"". Use Technical Academic English for code strings.
    ⚠️ Ln 813:19 — Non-English (Turkish) characters in string: ""Emlak Danışmanı"". Use Technical Academic English for code strings.
    ⚠️ Ln 821:19 — Non-English (Turkish) characters in string: ""Otel Müdürü"". Use Technical Academic English for code strings.
    ⚠️ Ln 826:12 — Non-English (Turkish) characters in string: ""Çevre & Sürdürülebilirlik"". Use Technical Academic English for code strings.
    ⚠️ Ln 829:19 — Non-English (Turkish) characters in string: ""Çevre Mühendisi"". Use Technical Academic English for code strings.
    ⚠️ Ln 837:19 — Non-English (Turkish) characters in string: ""Elektronik Mühendisi"". Use Technical Academic English for code strings.
    ⚠️ Ln 842:12 — Non-English (Turkish) characters in string: ""Ambalaj & Baskı"". Use Technical Academic English for code strings.
    ⚠️ Ln 845:19 — Non-English (Turkish) characters in string: ""Ambalaj Mühendisi"". Use Technical Academic English for code strings.
    ⚠️ Ln 850:12 — Non-English (Turkish) characters in string: ""Mobilya & Ahşap"". Use Technical Academic English for code strings.
    ⚠️ Ln 853:31 — Non-English (Turkish) characters in string: ""Mobilya Tasarımcısı"". Use Technical Academic English for code strings.
    ⚠️ Ln 861:39 — Non-English (Turkish) characters in string: ""Rafineri Operatörü"". Use Technical Academic English for code strings.
    ⚠️ Ln 866:12 — Non-English (Turkish) characters in string: ""Hidrolik & Pnömatik"". Use Technical Academic English for code strings.
    ⚠️ Ln 869:19 — Non-English (Turkish) characters in string: ""Hidrolik Mühendisi"". Use Technical Academic English for code strings.
    ⚠️ Ln 874:12 — Non-English (Turkish) characters in string: ""Yapısal Mühendislik"". Use Technical Academic English for code strings.
    ⚠️ Ln 877:19 — Non-English (Turkish) characters in string: ""Yapısal Mühendis"". Use Technical Academic English for code strings.
    ⚠️ Ln 882:12 — Non-English (Turkish) characters in string: ""Su & Atıksu"". Use Technical Academic English for code strings.
    ⚠️ Ln 885:19 — Non-English (Turkish) characters in string: ""Su Mühendisi"". Use Technical Academic English for code strings.
    ⚠️ Ln 893:19 — Non-English (Turkish) characters in string: ""Akustik Mühendisi"". Use Technical Academic English for code strings.
    ⚠️ Ln 898:12 — Non-English (Turkish) characters in string: ""Görsel & Medya"". Use Technical Academic English for code strings.
    ⚠️ Ln 901:19 — Non-English (Turkish) characters in string: ""Grafik Tasarımcı"". Use Technical Academic English for code strings.
    ⚠️ Ln 906:12 — Non-English (Turkish) characters in string: ""Demiryolu & Raylı"". Use Technical Academic English for code strings.
    ⚠️ Ln 909:19 — Non-English (Turkish) characters in string: ""Demiryolu Mühendisi"". Use Technical Academic English for code strings.
    ⚠️ Ln 951:10 — Non-English (Turkish) characters in string: ""Tümü"". Use Technical Academic English for code strings.
    ⚠️ Ln 1016:12 — Non-English (Turkish) characters in string: ""Maliyet & Bütçeleme"". Use Technical Academic English for code strings.
    ⚠️ Ln 1073:12 — Non-English (Turkish) characters in string: ""Kalite & Süreç Kontrol"". Use Technical Academic English for code strings.
    ⚠️ Ln 1148:12 — Non-English (Turkish) characters in string: ""Finans & Yatırım"". Use Technical Academic English for code strings.
    ⚠️ Ln 1231:12 — Non-English (Turkish) characters in string: ""Teknik & Mühendislik"". Use Technical Academic English for code strings.
    ⚠️ Ln 1358:12 — Non-English (Turkish) characters in string: ""Sürdürülebilirlik"". Use Technical Academic English for code strings.
    ⚠️ Ln 1388:12 — Non-English (Turkish) characters in string: ""Dönüşüm & Ölçüm"". Use Technical Academic English for code strings.

  📄 src/lib/infrastructure/email/calculation-report-email-copy.ts
    ⚠️ Ln 23:19 — Non-English (Turkish) characters in string: ""Hesaplama sonuçları"". Use Technical Academic English for code strings.
    ⚠️ Ln 24:19 — Non-English (Turkish) characters in string: ""Ana sonuç"". Use Technical Academic English for code strings.
    ⚠️ Ln 25:21 — Non-English (Turkish) characters in string: ""Dağılım"". Use Technical Academic English for code strings.
    ⚠️ Ln 26:18 — Non-English (Turkish) characters in string: ""Bu rapor SectorCalc tarafından oluşturulmuştur"". Use Technical Academic English for code strings.
    ⚠️ Ln 30:7 — Non-English (Turkish) characters in string: ""Teknik simülasyon ve karar desteği içindir. Finansal, hukuk". Use Technical Academic English for code strings.
    ⚠️ Ln 33:15 — Non-English (Turkish) characters in string: ""SectorCalc · Akademisch geprüfter Berechnungsbericht"". Use Technical Academic English for code strings.
    ⚠️ Ln 37:21 — Non-English (Turkish) characters in string: ""Aufschlüsselung"". Use Technical Academic English for code strings.
    ⚠️ Ln 42:7 — Non-English (Turkish) characters in string: ""Technische Simulation zur Entscheidungsunterstützung. Keine". Use Technical Academic English for code strings.
    ⚠️ Ln 111:38 — Non-English (Turkish) characters in string: "'in şeffaf endüstriyel metodolojisi ile oluşturulmuştur."". Use Technical Academic English for code strings.
    ⚠️ Ln 113:7 — Non-English (Turkish) characters in string: "'Daha detaylı analizler için <a href="". Use Technical Academic English for code strings.
    ⚠️ Ln 120:11 — Non-English (Turkish) characters in string: ""Ihr Berechnungsbericht für <strong>{toolName}</strong> ist ". Use Technical Academic English for code strings.
    ⚠️ Ln 123:94 — Non-English (Turkish) characters in string: "">Premium-Entscheidungstools</a> für tiefere Verlustanalysen". Use Technical Academic English for code strings.

  📄 src/lib/infrastructure/i18n/__tests__/calculator-phrase-translate.test.ts
    ⚠️ Ln 18:19 — Non-English (Turkish) characters in string: ""Kesme Süresi"". Use Technical Academic English for code strings.
    ⚠️ Ln 19:27 — Non-English (Turkish) characters in string: ""Takım Değiştirme Duruşu"". Use Technical Academic English for code strings.
    ⚠️ Ln 20:20 — Non-English (Turkish) characters in string: ""İş Mili Hızı"". Use Technical Academic English for code strings.
    ⚠️ Ln 21:28 — Non-English (Turkish) characters in string: ""Takım Değiştirme Sıklığı"". Use Technical Academic English for code strings.
    ⚠️ Ln 53:74 — Non-English (Turkish) characters in string: ""Çok Eksenli"". Use Technical Academic English for code strings.
    ⚠️ Ln 136:12 — Non-English (Turkish) characters in string: ""Harici Operasyon Yüzdesi"". Use Technical Academic English for code strings.
    ⚠️ Ln 139:12 — Non-English (Turkish) characters in string: ""Atık Hareket Faktörü"". Use Technical Academic English for code strings.
    ⚠️ Ln 142:12 — Non-English (Turkish) characters in string: ""İyileştirme Yüzdesi"". Use Technical Academic English for code strings.

  📄 src/lib/infrastructure/i18n/__tests__/locale-copy-quality.test.ts
    ⚠️ Ln 212:35 — Non-English (Turkish) characters in string: ""Français"". Use Technical Academic English for code strings.

  📄 src/lib/infrastructure/i18n/__tests__/schema-catalog-sidebar-labels.test.ts
    ⚠️ Ln 28:37 — Non-English (Turkish) characters in string: ""Üretim"". Use Technical Academic English for code strings.
    ⚠️ Ln 44:38 — Non-English (Turkish) characters in string: ""Finans, Satış ve İşletme Sermayesi"". Use Technical Academic English for code strings.

  📄 src/lib/infrastructure/i18n/__tests__/taxonomy-display-labels.test.ts
    ⚠️ Ln 43:50 — Non-English (Turkish) characters in string: ""Üretim Mühendisi"". Use Technical Academic English for code strings.
    ⚠️ Ln 46:50 — Non-English (Turkish) characters in string: ""Üretim Mühendisi"". Use Technical Academic English for code strings.
    ⚠️ Ln 55:36 — Non-English (Turkish) characters in string: ""Makine & Üretim"". Use Technical Academic English for code strings.

  📄 src/lib/infrastructure/i18n/admin-case-study-editor-messages.ts
    ⚠️ Ln 109:14 — Non-English (Turkish) characters in string: ""Yeni başarı hikayesi"". Use Technical Academic English for code strings.
    ⚠️ Ln 110:17 — Non-English (Turkish) characters in string: ""Hikayeni tek kutuya yapıştır; AI alanları otomatik doldursu". Use Technical Academic English for code strings.
    ⚠️ Ln 111:15 — Non-English (Turkish) characters in string: ""Listeye dön"". Use Technical Academic English for code strings.
    ⚠️ Ln 112:15 — Non-English (Turkish) characters in string: ""Hikayeni yaz (AI otomatik ayrıştıracak)"". Use Technical Academic English for code strings.
    ⚠️ Ln 117:15 — Non-English (Turkish) characters in string: "'e çıktı, setup 12 dakikaya indi, fire %3'". Use Technical Academic English for code strings.
    ⚠️ Ln 120:16 — Non-English (Turkish) characters in string: ""Hikayeyi Dönüştür"". Use Technical Academic English for code strings.
    ⚠️ Ln 121:12 — Non-English (Turkish) characters in string: ""Ayrıştırılıyor…"". Use Technical Academic English for code strings.
    ⚠️ Ln 122:19 — Non-English (Turkish) characters in string: ""Gelişmiş editör"". Use Technical Academic English for code strings.
    ⚠️ Ln 123:14 — Non-English (Turkish) characters in string: ""AI; Challenge, Solution, Results ve metrikleri otomatik çık". Use Technical Academic English for code strings.
    ⚠️ Ln 124:23 — Non-English (Turkish) characters in string: ""AI tarafından doldurulan alanlar (istersen düzelt)"". Use Technical Academic English for code strings.
    ⚠️ Ln 125:15 — Non-English (Turkish) characters in string: ""Başlık"". Use Technical Academic English for code strings.
    ⚠️ Ln 126:18 — Non-English (Turkish) characters in string: ""Sektör"". Use Technical Academic English for code strings.
    ⚠️ Ln 127:17 — Non-English (Turkish) characters in string: ""Ülke"". Use Technical Academic English for code strings.
    ⚠️ Ln 128:14 — Non-English (Turkish) characters in string: ""Şehir"". Use Technical Academic English for code strings.
    ⚠️ Ln 130:18 — Non-English (Turkish) characters in string: ""Çözüm (Solution)"". Use Technical Academic English for code strings.
    ⚠️ Ln 131:17 — Non-English (Turkish) characters in string: ""Sonuçlar (Metrikler)"". Use Technical Academic English for code strings.
    ⚠️ Ln 132:15 — Non-English (Turkish) characters in string: ""Metrik adı"". Use Technical Academic English for code strings.
    ⚠️ Ln 133:17 — Non-English (Turkish) characters in string: ""Önce"". Use Technical Academic English for code strings.
    ⚠️ Ln 135:17 — Non-English (Turkish) characters in string: ""Metrik satırını sil"". Use Technical Academic English for code strings.
    ⚠️ Ln 137:21 — Non-English (Turkish) characters in string: ""Müşteri görüşü"". Use Technical Academic English for code strings.
    ⚠️ Ln 138:27 — Non-English (Turkish) characters in string: ""Müşteri sözü…"". Use Technical Academic English for code strings.
    ⚠️ Ln 139:18 — Non-English (Turkish) characters in string: ""Yayınla"". Use Technical Academic English for code strings.
    ⚠️ Ln 140:15 — Non-English (Turkish) characters in string: ""Yayınlanıyor (6 dil)…"". Use Technical Academic English for code strings.
    ⚠️ Ln 142:20 — Non-English (Turkish) characters in string: ""Lütfen hikayeyi yazın."". Use Technical Academic English for code strings.
    ⚠️ Ln 143:23 — Non-English (Turkish) characters in string: ""Başlık zorunludur."". Use Technical Academic English for code strings.
    ⚠️ Ln 144:17 — Non-English (Turkish) characters in string: ""Yönetici oturumu bulunamadı. Lütfen tekrar giriş yapın."". Use Technical Academic English for code strings.
    ⚠️ Ln 145:21 — Non-English (Turkish) characters in string: ""Hikaye ayrıştırılamadı."". Use Technical Academic English for code strings.
    ⚠️ Ln 146:20 — Non-English (Turkish) characters in string: ""Bağlantı hatası. Lütfen tekrar deneyin."". Use Technical Academic English for code strings.
    ⚠️ Ln 147:23 — Non-English (Turkish) characters in string: ""Yayınlanamadı."". Use Technical Academic English for code strings.
    ⚠️ Ln 148:18 — Non-English (Turkish) characters in string: ""Hikaye ayrıştırıldı. Gerekirse düzenleyip yayınlayın."". Use Technical Academic English for code strings.
    ⚠️ Ln 149:21 — Non-English (Turkish) characters in string: ""Başarı hikayesi 6 dilde yayınlandı."". Use Technical Academic English for code strings.
    ⚠️ Ln 151:21 — Non-English (Turkish) characters in string: ""Hikaye çok kısa. En az 20 karakter girin."". Use Technical Academic English for code strings.
    ⚠️ Ln 152:20 — Non-English (Turkish) characters in string: ""Hikaye çok uzun."". Use Technical Academic English for code strings.
    ⚠️ Ln 153:19 — Non-English (Turkish) characters in string: ""Hikaye ayrıştırılamadı. Lütfen tekrar deneyin."". Use Technical Academic English for code strings.
    ⚠️ Ln 154:22 — Non-English (Turkish) characters in string: ""DeepSeek API anahtarı yapılandırılmamış."". Use Technical Academic English for code strings.
    ⚠️ Ln 155:19 — Non-English (Turkish) characters in string: ""Yetkisiz erişim."". Use Technical Academic English for code strings.
    ⚠️ Ln 156:25 — Non-English (Turkish) characters in string: ""Tüm dillere çeviri yapılamadı."". Use Technical Academic English for code strings.
    ⚠️ Ln 161:20 — Non-English (Turkish) characters in string: ""Sitzung wird geprüft…"". Use Technical Academic English for code strings.
    ⚠️ Ln 163:17 — Non-English (Turkish) characters in string: ""Geschichte in ein Feld einfügen — KI füllt die Felder autom". Use Technical Academic English for code strings.
    ⚠️ Ln 171:23 — Non-English (Turkish) characters in string: ""KI-ausgefüllte Felder (bei Bedarf bearbeiten)"". Use Technical Academic English for code strings.
    ⚠️ Ln 177:18 — Non-English (Turkish) characters in string: ""Lösung"". Use Technical Academic English for code strings.
    ⚠️ Ln 183:14 — Non-English (Turkish) characters in string: ""Kennzahl hinzufügen"". Use Technical Academic English for code strings.
    ⚠️ Ln 186:18 — Non-English (Turkish) characters in string: ""Veröffentlichen"". Use Technical Academic English for code strings.
    ⚠️ Ln 187:15 — Non-English (Turkish) characters in string: ""Veröffentlichen (6 Sprachen)…"". Use Technical Academic English for code strings.
    ⚠️ Ln 194:23 — Non-English (Turkish) characters in string: ""Veröffentlichung fehlgeschlagen."". Use Technical Academic English for code strings.
    ⚠️ Ln 195:18 — Non-English (Turkish) characters in string: ""Geschichte analysiert. Bei Bedarf bearbeiten und veröffentl". Use Technical Academic English for code strings.
    ⚠️ Ln 196:21 — Non-English (Turkish) characters in string: ""Erfolgsgeschichte in allen 6 Sprachen veröffentlicht."". Use Technical Academic English for code strings.
    ⚠️ Ln 201:22 — Non-English (Turkish) characters in string: ""DeepSeek API-Schlüssel nicht konfiguriert."". Use Technical Academic English for code strings.
    ⚠️ Ln 203:25 — Non-English (Turkish) characters in string: ""Übersetzung in alle Sprachen fehlgeschlagen."". Use Technical Academic English for code strings.

  📄 src/lib/infrastructure/i18n/calculator-surface-residue.ts
    ⚠️ Ln 6:9 — Non-English (Turkish) characters in string: ""Süre"". Use Technical Academic English for code strings.
    ⚠️ Ln 9:12 — Non-English (Turkish) characters in string: ""Yükleme"". Use Technical Academic English for code strings.
    ⚠️ Ln 10:14 — Non-English (Turkish) characters in string: ""Boşaltma"". Use Technical Academic English for code strings.
    ⚠️ Ln 11:12 — Non-English (Turkish) characters in string: ""Soğutucu"". Use Technical Academic English for code strings.
    ⚠️ Ln 12:16 — Non-English (Turkish) characters in string: ""Ölçüm"". Use Technical Academic English for code strings.
    ⚠️ Ln 13:12 — Non-English (Turkish) characters in string: ""Sürüş"". Use Technical Academic English for code strings.
    ⚠️ Ln 14:15 — Non-English (Turkish) characters in string: ""İşlem"". Use Technical Academic English for code strings.
    ⚠️ Ln 15:15 — Non-English (Turkish) characters in string: ""Sürekli"". Use Technical Academic English for code strings.
    ⚠️ Ln 16:13 — Non-English (Turkish) characters in string: ""ayrık"". Use Technical Academic English for code strings.
    ⚠️ Ln 20:11 — Non-English (Turkish) characters in string: ""çıkış"". Use Technical Academic English for code strings.
    ⚠️ Ln 21:16 — Non-English (Turkish) characters in string: ""varış"". Use Technical Academic English for code strings.
    ⚠️ Ln 23:15 — Non-English (Turkish) characters in string: ""çarpan"". Use Technical Academic English for code strings.
    ⚠️ Ln 26:16 — Non-English (Turkish) characters in string: ""işlem"". Use Technical Academic English for code strings.
    ⚠️ Ln 32:11 — Non-English (Turkish) characters in string: ""önce"". Use Technical Academic English for code strings.
    ⚠️ Ln 33:11 — Non-English (Turkish) characters in string: ""sırasında"". Use Technical Academic English for code strings.
    ⚠️ Ln 34:10 — Non-English (Turkish) characters in string: ""sonrasında"". Use Technical Academic English for code strings.
    ⚠️ Ln 38:12 — Non-English (Turkish) characters in string: ""varsayılan"". Use Technical Academic English for code strings.
    ⚠️ Ln 40:18 — Non-English (Turkish) characters in string: ""işlenebilirlik"". Use Technical Academic English for code strings.
    ⚠️ Ln 41:14 — Non-English (Turkish) characters in string: ""iş parçası"". Use Technical Academic English for code strings.
    ⚠️ Ln 45:11 — Non-English (Turkish) characters in string: ""değiştirme"". Use Technical Academic English for code strings.
    ⚠️ Ln 46:9 — Non-English (Turkish) characters in string: ""takım"". Use Technical Academic English for code strings.
    ⚠️ Ln 52:14 — Non-English (Turkish) characters in string: ""ek ücret"". Use Technical Academic English for code strings.
    ⚠️ Ln 55:11 — Non-English (Turkish) characters in string: ""reçete"". Use Technical Academic English for code strings.
    ⚠️ Ln 58:12 — Non-English (Turkish) characters in string: ""ürün"". Use Technical Academic English for code strings.
    ⚠️ Ln 60:12 — Non-English (Turkish) characters in string: ""yuvarlanmış"". Use Technical Academic English for code strings.
    ⚠️ Ln 64:10 — Non-English (Turkish) characters in string: ""Genişlik"". Use Technical Academic English for code strings.
    ⚠️ Ln 65:11 — Non-English (Turkish) characters in string: ""Yükseklik"". Use Technical Academic English for code strings.
    ⚠️ Ln 70:11 — Non-English (Turkish) characters in string: ""Ağırlık"". Use Technical Academic English for code strings.
    ⚠️ Ln 77:13 — Non-English (Turkish) characters in string: ""İndirim"". Use Technical Academic English for code strings.
    ⚠️ Ln 80:12 — Non-English (Turkish) characters in string: ""Ödeme"". Use Technical Academic English for code strings.
    ⚠️ Ln 83:11 — Non-English (Turkish) characters in string: ""Sonuç"". Use Technical Academic English for code strings.
    ⚠️ Ln 85:15 — Non-English (Turkish) characters in string: ""Hesaplama aracı"". Use Technical Academic English for code strings.
    ⚠️ Ln 86:11 — Non-English (Turkish) characters in string: ""Çıktı"". Use Technical Academic English for code strings.
    ⚠️ Ln 87:11 — Non-English (Turkish) characters in string: ""Seçin"". Use Technical Academic English for code strings.
    ⚠️ Ln 88:11 — Non-English (Turkish) characters in string: ""Seçin"". Use Technical Academic English for code strings.
    ⚠️ Ln 90:10 — Non-English (Turkish) characters in string: ""Sıfırla"". Use Technical Academic English for code strings.
    ⚠️ Ln 91:11 — Non-English (Turkish) characters in string: ""Gönder"". Use Technical Academic English for code strings.
    ⚠️ Ln 93:13 — Non-English (Turkish) characters in string: ""İsteğe bağlı"". Use Technical Academic English for code strings.
    ⚠️ Ln 94:12 — Non-English (Turkish) characters in string: ""Geçersiz"". Use Technical Academic English for code strings.
    ⚠️ Ln 96:12 — Non-English (Turkish) characters in string: ""Uyarı"". Use Technical Academic English for code strings.
    ⚠️ Ln 99:11 — Non-English (Turkish) characters in string: ""Yıllık"". Use Technical Academic English for code strings.
    ⚠️ Ln 100:12 — Non-English (Turkish) characters in string: ""Aylık"". Use Technical Academic English for code strings.
    ⚠️ Ln 101:10 — Non-English (Turkish) characters in string: ""Günlük"". Use Technical Academic English for code strings.
    ⚠️ Ln 104:10 — Non-English (Turkish) characters in string: ""Hız"". Use Technical Academic English for code strings.
    ⚠️ Ln 105:9 — Non-English (Turkish) characters in string: ""Yakıt"". Use Technical Academic English for code strings.
    ⚠️ Ln 107:10 — Non-English (Turkish) characters in string: ""Güç"". Use Technical Academic English for code strings.
    ⚠️ Ln 108:16 — Non-English (Turkish) characters in string: ""Sıcaklık"". Use Technical Academic English for code strings.
    ⚠️ Ln 109:13 — Non-English (Turkish) characters in string: ""Basınç"". Use Technical Academic English for code strings.
    ⚠️ Ln 110:13 — Non-English (Turkish) characters in string: ""Çap"". Use Technical Academic English for code strings.
    ⚠️ Ln 111:11 — Non-English (Turkish) characters in string: ""Yarıçap"". Use Technical Academic English for code strings.
    ⚠️ Ln 112:14 — Non-English (Turkish) characters in string: ""Kalınlık"". Use Technical Academic English for code strings.
    ⚠️ Ln 113:12 — Non-English (Turkish) characters in string: ""Yoğunluk"". Use Technical Academic English for code strings.
    ⚠️ Ln 125:12 — Non-English (Turkish) characters in string: "'Kühlmittel'". Use Technical Academic English for code strings.
    ⚠️ Ln 137:11 — Non-English (Turkish) characters in string: "'Höhe'". Use Technical Academic English for code strings.
    ⚠️ Ln 138:11 — Non-English (Turkish) characters in string: "'Stündlich'". Use Technical Academic English for code strings.
    ⚠️ Ln 140:12 — Non-English (Turkish) characters in string: "'Ungültig'". Use Technical Academic English for code strings.
    ⚠️ Ln 159:10 — Non-English (Turkish) characters in string: "'Zurücksetzen'". Use Technical Academic English for code strings.
    ⚠️ Ln 201:12 — Non-English (Turkish) characters in string: "'Prüfen'". Use Technical Academic English for code strings.

  📄 src/lib/infrastructure/i18n/catalog-labels-i18n.ts
    ⚠️ Ln 31:21 — Non-English (Turkish) characters in string: ""Ağır Sanayi"". Use Technical Academic English for code strings.
    ⚠️ Ln 32:22 — Non-English (Turkish) characters in string: ""İnşaat ve Yapı İşleri"". Use Technical Academic English for code strings.
    ⚠️ Ln 34:18 — Non-English (Turkish) characters in string: ""Gıda ve Perakende"". Use Technical Academic English for code strings.
    ⚠️ Ln 35:27 — Non-English (Turkish) characters in string: ""Özel İmalat"". Use Technical Academic English for code strings.
    ⚠️ Ln 36:26 — Non-English (Turkish) characters in string: ""Lojistik ve Taşıma"". Use Technical Academic English for code strings.
    ⚠️ Ln 37:28 — Non-English (Turkish) characters in string: ""Tarım ve Hayvancılık"". Use Technical Academic English for code strings.
    ⚠️ Ln 38:25 — Non-English (Turkish) characters in string: ""Enerji ve Çevre"". Use Technical Academic English for code strings.
    ⚠️ Ln 39:17 — Non-English (Turkish) characters in string: ""Günlük Hayat"". Use Technical Academic English for code strings.
    ⚠️ Ln 44:5 — Non-English (Turkish) characters in string: ""Makine süresi, fire, tolerans ve üretim hattı marjı."". Use Technical Academic English for code strings.
    ⚠️ Ln 46:5 — Non-English (Turkish) characters in string: ""Teklif riski, işçilik yükü ve malzeme kaybı."". Use Technical Academic English for code strings.
    ⚠️ Ln 48:5 — Non-English (Turkish) characters in string: ""Rota süresi, ekip kullanımı ve saha kârlılığı."". Use Technical Academic English for code strings.
    ⚠️ Ln 50:5 — Non-English (Turkish) characters in string: ""Gıda maliyeti, fire, marj ve servis verimliliği."". Use Technical Academic English for code strings.
    ⚠️ Ln 52:5 — Non-English (Turkish) characters in string: ""Prototip, parti ve özel iş maliyetlendirme."". Use Technical Academic English for code strings.
    ⚠️ Ln 54:5 — Non-English (Turkish) characters in string: ""Rota kaybı, yakıt maruziyeti ve teslimat marjı."". Use Technical Academic English for code strings.
    ⚠️ Ln 56:5 — Non-English (Turkish) characters in string: ""Mahsul, yem, sulama ve hayvancılık verimliliği."". Use Technical Academic English for code strings.
    ⚠️ Ln 58:5 — Non-English (Turkish) characters in string: ""Pik yük, karbon maruziyeti ve enerji maliyeti."". Use Technical Academic English for code strings.
    ⚠️ Ln 60:5 — Non-English (Turkish) characters in string: ""Günlük tadilat, yakıt ve ev bütçesi hesapları."". Use Technical Academic English for code strings.
    ⚠️ Ln 64:28 — Non-English (Turkish) characters in string: ""Ölçüm ve Kalibrasyon"". Use Technical Academic English for code strings.
    ⚠️ Ln 65:16 — Non-English (Turkish) characters in string: ""Fire ve Atık"". Use Technical Academic English for code strings.
    ⚠️ Ln 67:15 — Non-English (Turkish) characters in string: ""Süre ve Gecikme"". Use Technical Academic English for code strings.
    ⚠️ Ln 71:21 — Non-English (Turkish) characters in string: ""Kıyaslama ve Sağlık"". Use Technical Academic English for code strings.
    ⚠️ Ln 76:5 — Non-English (Turkish) characters in string: ""Tolerans sapması, kalibrasyon baskısı ve ölçüm doğruluğu."". Use Technical Academic English for code strings.
    ⚠️ Ln 77:16 — Non-English (Turkish) characters in string: ""Fire, yeniden iş ve malzeme kaybı."". Use Technical Academic English for code strings.
    ⚠️ Ln 78:21 — Non-English (Turkish) characters in string: ""OEE, setup kaybı ve atölye verimliliği."". Use Technical Academic English for code strings.
    ⚠️ Ln 79:15 — Non-English (Turkish) characters in string: ""Gecikme, yeniden iş süresi ve takvim kayması."". Use Technical Academic English for code strings.
    ⚠️ Ln 80:20 — Non-English (Turkish) characters in string: ""Rota kaybı, yakıt sapması ve nakliye marjı."". Use Technical Academic English for code strings.
    ⚠️ Ln 81:16 — Non-English (Turkish) characters in string: ""Maliyet yığını, marj baskısı ve fiyat kararları."". Use Technical Academic English for code strings.
    ⚠️ Ln 82:18 — Non-English (Turkish) characters in string: ""Pik yük, enerji maliyeti ve karbon uyumu."". Use Technical Academic English for code strings.
    ⚠️ Ln 83:21 — Non-English (Turkish) characters in string: ""Kıyaslama sapması, stok baskısı ve sağlık sinyalleri."". Use Technical Academic English for code strings.
    ⚠️ Ln 90:15 — Non-English (Turkish) characters in string: ""Zeit & Verzögerung"". Use Technical Academic English for code strings.
    ⚠️ Ln 149:17 — Non-English (Turkish) characters in string: ""Sektörü aç →"". Use Technical Academic English for code strings.
    ⚠️ Ln 150:17 — Non-English (Turkish) characters in string: ""Hesaplayıcıyı aç →"". Use Technical Academic English for code strings.
    ⚠️ Ln 151:19 — Non-English (Turkish) characters in string: ""Hesaplayıcıyı aç →"". Use Technical Academic English for code strings.
    ⚠️ Ln 152:19 — Non-English (Turkish) characters in string: ""Hesaplayıcıyı aç →"". Use Technical Academic English for code strings.
    ⚠️ Ln 165:17 — Non-English (Turkish) characters in string: ""Branche öffnen →"". Use Technical Academic English for code strings.
    ⚠️ Ln 166:17 — Non-English (Turkish) characters in string: ""Rechner öffnen →"". Use Technical Academic English for code strings.
    ⚠️ Ln 167:19 — Non-English (Turkish) characters in string: ""Rechner öffnen →"". Use Technical Academic English for code strings.
    ⚠️ Ln 168:19 — Non-English (Turkish) characters in string: ""Rechner öffnen →"". Use Technical Academic English for code strings.

  📄 src/lib/infrastructure/i18n/industry-sector-display-labels.ts
    ⚠️ Ln 24:9 — Non-English (Turkish) characters in string: ""CNC / İmalat"". Use Technical Academic English for code strings.
    ⚠️ Ln 32:9 — Non-English (Turkish) characters in string: ""İnşaat"". Use Technical Academic English for code strings.
    ⚠️ Ln 80:9 — Non-English (Turkish) characters in string: ""Elektrik Taahhüt"". Use Technical Academic English for code strings.
    ⚠️ Ln 88:9 — Non-English (Turkish) characters in string: ""Peyzaj & Bahçe"". Use Technical Academic English for code strings.
    ⚠️ Ln 104:9 — Non-English (Turkish) characters in string: ""Baskı & Tabela"". Use Technical Academic English for code strings.
    ⚠️ Ln 128:9 — Non-English (Turkish) characters in string: ""Çatı"". Use Technical Academic English for code strings.
    ⚠️ Ln 152:9 — Non-English (Turkish) characters in string: ""3B Baskı"". Use Technical Academic English for code strings.
    ⚠️ Ln 160:9 — Non-English (Turkish) characters in string: ""Lojistik & Taşıma"". Use Technical Academic English for code strings.
    ⚠️ Ln 168:9 — Non-English (Turkish) characters in string: ""Tarım / Mahsul"". Use Technical Academic English for code strings.
    ⚠️ Ln 192:9 — Non-English (Turkish) characters in string: ""Süt & Süt Ürünleri"". Use Technical Academic English for code strings.
    ⚠️ Ln 200:9 — Non-English (Turkish) characters in string: ""Enerji Tüketimi"". Use Technical Academic English for code strings.
    ⚠️ Ln 216:9 — Non-English (Turkish) characters in string: ""Günlük / Tadilat"". Use Technical Academic English for code strings.
    ⚠️ Ln 224:9 — Non-English (Turkish) characters in string: ""Yakıt"". Use Technical Academic English for code strings.

  📄 src/lib/infrastructure/i18n/locale-config.ts
    ⚠️ Ln 52:17 — Non-English (Turkish) characters in string: ""Türkçe"". Use Technical Academic English for code strings.
    ⚠️ Ln 80:17 — Non-English (Turkish) characters in string: ""Français"". Use Technical Academic English for code strings.

  📄 src/lib/infrastructure/i18n/locale-glossary.ts
    ⚠️ Ln 117:9 — Non-English (Turkish) characters in string: ""Takt süresi"". Use Technical Academic English for code strings.
    ⚠️ Ln 125:9 — Non-English (Turkish) characters in string: ""Darboğaz"". Use Technical Academic English for code strings.
    ⚠️ Ln 133:9 — Non-English (Turkish) characters in string: ""Yalın"". Use Technical Academic English for code strings.
    ⚠️ Ln 159:9 — Non-English (Turkish) characters in string: ""Altı Sigma"". Use Technical Academic English for code strings.
    ⚠️ Ln 167:9 — Non-English (Turkish) characters in string: ""İstatistiksel proses kontrolü"". Use Technical Academic English for code strings.
    ⚠️ Ln 176:9 — Non-English (Turkish) characters in string: ""Arızalar arası ortalama süre"". Use Technical Academic English for code strings.
    ⚠️ Ln 185:9 — Non-English (Turkish) characters in string: ""Ortalama onarım süresi"". Use Technical Academic English for code strings.

  📄 src/lib/infrastructure/i18n/pseudo-localize-messages.ts
    ⚠️ Ln 14:23 — Non-English (Turkish) characters in string: "" [ÇĞİŴ]"". Use Technical Academic English for code strings.

  📄 src/lib/infrastructure/i18n/schema-catalog-sidebar-labels.ts
    ⚠️ Ln 59:9 — Non-English (Turkish) characters in string: ""Ölçüm & Dönüşüm"". Use Technical Academic English for code strings.
    ⚠️ Ln 67:9 — Non-English (Turkish) characters in string: ""Teknik & Mühendislik"". Use Technical Academic English for code strings.
    ⚠️ Ln 83:9 — Non-English (Turkish) characters in string: ""Diğer"". Use Technical Academic English for code strings.
    ⚠️ Ln 99:9 — Non-English (Turkish) characters in string: ""İnşaat & Saha"". Use Technical Academic English for code strings.
    ⚠️ Ln 107:9 — Non-English (Turkish) characters in string: ""Perakende & Gıda"". Use Technical Academic English for code strings.
    ⚠️ Ln 123:9 — Non-English (Turkish) characters in string: ""Finans & İK"". Use Technical Academic English for code strings.
    ⚠️ Ln 151:9 — Non-English (Turkish) characters in string: ""Üretim & İmalat"". Use Technical Academic English for code strings.
    ⚠️ Ln 167:9 — Non-English (Turkish) characters in string: ""Atölye & Tamir"". Use Technical Academic English for code strings.
    ⚠️ Ln 191:9 — Non-English (Turkish) characters in string: ""Günlük Hayat & Tadilat"". Use Technical Academic English for code strings.
    ⚠️ Ln 199:9 — Non-English (Turkish) characters in string: ""Enerji Tüketimi"". Use Technical Academic English for code strings.
    ⚠️ Ln 207:9 — Non-English (Turkish) characters in string: ""CNC İmalat"". Use Technical Academic English for code strings.
    ⚠️ Ln 223:9 — Non-English (Turkish) characters in string: ""İnşaat"". Use Technical Academic English for code strings.
    ⚠️ Ln 231:9 — Non-English (Turkish) characters in string: ""Peyzaj & Bahçe Bakımı"". Use Technical Academic English for code strings.
    ⚠️ Ln 239:9 — Non-English (Turkish) characters in string: ""İSG & Risk"". Use Technical Academic English for code strings.
    ⚠️ Ln 247:9 — Non-English (Turkish) characters in string: ""Sürdürülebilirlik"". Use Technical Academic English for code strings.
    ⚠️ Ln 255:9 — Non-English (Turkish) characters in string: ""Kalite, SPC & Altı Sigma"". Use Technical Academic English for code strings.

  📄 src/lib/infrastructure/i18n/seven-muda-rev5-labels.ts
    ⚠️ Ln 87:22 — Non-English (Turkish) characters in string: ""Karar özeti"". Use Technical Academic English for code strings.
    ⚠️ Ln 88:21 — Non-English (Turkish) characters in string: ""Yönetici özeti"". Use Technical Academic English for code strings.
    ⚠️ Ln 90:24 — Non-English (Turkish) characters in string: ""Yıllıklandırılmış kayıp"". Use Technical Academic English for code strings.
    ⚠️ Ln 92:18 — Non-English (Turkish) characters in string: ""Dönem cirosu"". Use Technical Academic English for code strings.
    ⚠️ Ln 93:27 — Non-English (Turkish) characters in string: ""Dönem brüt marj tutarı"". Use Technical Academic English for code strings.
    ⚠️ Ln 94:24 — Non-English (Turkish) characters in string: ""Ciroya göre israf oranı"". Use Technical Academic English for code strings.
    ⚠️ Ln 95:28 — Non-English (Turkish) characters in string: ""Brüt marja göre israf oranı"". Use Technical Academic English for code strings.
    ⚠️ Ln 96:25 — Non-English (Turkish) characters in string: ""En büyük israf alanı"". Use Technical Academic English for code strings.
    ⚠️ Ln 97:24 — Non-English (Turkish) characters in string: ""İlk müdahale alanı"". Use Technical Academic English for code strings.
    ⚠️ Ln 98:20 — Non-English (Turkish) characters in string: ""Veri güven seviyesi"". Use Technical Academic English for code strings.
    ⚠️ Ln 99:30 — Non-English (Turkish) characters in string: ""Risk ayarlı öncelik skoru"". Use Technical Academic English for code strings.
    ⚠️ Ln 100:20 — Non-English (Turkish) characters in string: ""Çift sayım riski"". Use Technical Academic English for code strings.
    ⚠️ Ln 103:20 — Non-English (Turkish) characters in string: ""Karar özeti"". Use Technical Academic English for code strings.
    ⚠️ Ln 104:17 — Non-English (Turkish) characters in string: ""Özet seviye"". Use Technical Academic English for code strings.
    ⚠️ Ln 105:24 — Non-English (Turkish) characters in string: ""En büyük maliyet alanı"". Use Technical Academic English for code strings.
    ⚠️ Ln 106:19 — Non-English (Turkish) characters in string: ""Veri güven seviyesi"". Use Technical Academic English for code strings.
    ⚠️ Ln 107:19 — Non-English (Turkish) characters in string: ""İsraf kırılımı"". Use Technical Academic English for code strings.
    ⚠️ Ln 111:19 — Non-English (Turkish) characters in string: ""Aksiyon önceliği"". Use Technical Academic English for code strings.
    ⚠️ Ln 112:27 — Non-English (Turkish) characters in string: ""Önerilen aksiyon sırası"". Use Technical Academic English for code strings.
    ⚠️ Ln 113:22 — Non-English (Turkish) characters in string: ""Geri kazanım senaryoları"". Use Technical Academic English for code strings.
    ⚠️ Ln 114:14 — Non-English (Turkish) characters in string: ""Azaltım"". Use Technical Academic English for code strings.
    ⚠️ Ln 115:18 — Non-English (Turkish) characters in string: ""Dönem tasarrufu"". Use Technical Academic English for code strings.
    ⚠️ Ln 116:18 — Non-English (Turkish) characters in string: ""Yıllık tasarruf"". Use Technical Academic English for code strings.
    ⚠️ Ln 117:13 — Non-English (Turkish) characters in string: ""Uyarılar"". Use Technical Academic English for code strings.
    ⚠️ Ln 118:15 — Non-English (Turkish) characters in string: ""Uyarı yok"". Use Technical Academic English for code strings.
    ⚠️ Ln 126:22 — Non-English (Turkish) characters in string: ""Entscheidungsübersicht"". Use Technical Academic English for code strings.
    ⚠️ Ln 127:21 — Non-English (Turkish) characters in string: ""Managementübersicht"". Use Technical Academic English for code strings.
    ⚠️ Ln 135:25 — Non-English (Turkish) characters in string: ""Größte Verschwendungskategorie"". Use Technical Academic English for code strings.
    ⚠️ Ln 144:24 — Non-English (Turkish) characters in string: ""Größte Kostenkategorie"". Use Technical Academic English for code strings.
    ⚠️ Ln 146:19 — Non-English (Turkish) characters in string: ""Verschwendungsaufschlüsselung"". Use Technical Academic English for code strings.
    ⚠️ Ln 152:22 — Non-English (Turkish) characters in string: ""Rückgewinnungsszenarien"". Use Technical Academic English for code strings.
    ⚠️ Ln 165:19 — Non-English (Turkish) characters in string: ""Überproduktion"". Use Technical Academic English for code strings.
    ⚠️ Ln 170:19 — Non-English (Turkish) characters in string: ""Überbearbeitung"". Use Technical Academic English for code strings.
    ⚠️ Ln 402:19 — Non-English (Turkish) characters in string: ""Aşırı üretim"". Use Technical Academic English for code strings.
    ⚠️ Ln 404:14 — Non-English (Turkish) characters in string: ""Taşıma"". Use Technical Academic English for code strings.
    ⚠️ Ln 407:19 — Non-English (Turkish) characters in string: ""Fazla işlem"". Use Technical Academic English for code strings.
    ⚠️ Ln 426:22 — Non-English (Turkish) characters in string: ""Hesaplama için israf sürücüsü girilmeli"". Use Technical Academic English for code strings.
    ⚠️ Ln 427:8 — Non-English (Turkish) characters in string: ""Düşük maruziyet"". Use Technical Academic English for code strings.
    ⚠️ Ln 429:9 — Non-English (Turkish) characters in string: ""Yüksek maruziyet"". Use Technical Academic English for code strings.
    ⚠️ Ln 440:9 — Non-English (Turkish) characters in string: ""Yüksek"". Use Technical Academic English for code strings.
    ⚠️ Ln 442:8 — Non-English (Turkish) characters in string: ""Düşük"". Use Technical Academic English for code strings.
    ⚠️ Ln 455:9 — Non-English (Turkish) characters in string: ""Analiz dönemi yıllık çalışma gününden büyük. Yıllıklandırıl". Use Technical Academic English for code strings.
    ⚠️ Ln 456:9 — Non-English (Turkish) characters in string: ""Analysezeitraum überschreitet Arbeitstage pro Jahr. Jahrese". Use Technical Academic English for code strings.
    ⚠️ Ln 463:9 — Non-English (Turkish) characters in string: ""Manuel fırsat maliyeti modu seçildi ancak saatlik fırsat ma". Use Technical Academic English for code strings.
    ⚠️ Ln 464:9 — Non-English (Turkish) characters in string: ""Manueller Opportunitätskostenmodus gewählt, aber stündliche". Use Technical Academic English for code strings.

  📄 src/lib/infrastructure/i18n/taxonomy-display-labels.generated.ts
    ⚠️ Ln 9:9 — Non-English (Turkish) characters in string: ""Otomotiv & Taşıt"". Use Technical Academic English for code strings.
    ⚠️ Ln 17:9 — Non-English (Turkish) characters in string: ""Havacılık & Uzay"". Use Technical Academic English for code strings.
    ⚠️ Ln 25:9 — Non-English (Turkish) characters in string: ""Makine & Üretim"". Use Technical Academic English for code strings.
    ⚠️ Ln 49:9 — Non-English (Turkish) characters in string: ""Gıda & İçecek"". Use Technical Academic English for code strings.
    ⚠️ Ln 57:9 — Non-English (Turkish) characters in string: ""Kimya & İlaç"". Use Technical Academic English for code strings.
    ⚠️ Ln 73:9 — Non-English (Turkish) characters in string: ""İnşaat & Yapı"". Use Technical Academic English for code strings.
    ⚠️ Ln 89:9 — Non-English (Turkish) characters in string: ""Perakende & Tüketici"". Use Technical Academic English for code strings.
    ⚠️ Ln 105:9 — Non-English (Turkish) characters in string: ""Bilişim & Yazılım"". Use Technical Academic English for code strings.
    ⚠️ Ln 121:9 — Non-English (Turkish) characters in string: ""Sağlık & Medikal"". Use Technical Academic English for code strings.
    ⚠️ Ln 129:9 — Non-English (Turkish) characters in string: ""Tarım & Gıda Üretimi"". Use Technical Academic English for code strings.
    ⚠️ Ln 137:9 — Non-English (Turkish) characters in string: ""Savunma & Güvenlik"". Use Technical Academic English for code strings.
    ⚠️ Ln 153:9 — Non-English (Turkish) characters in string: ""Madencilik & Doğal Kaynaklar"". Use Technical Academic English for code strings.
    ⚠️ Ln 161:9 — Non-English (Turkish) characters in string: ""Telekomünikasyon"". Use Technical Academic English for code strings.
    ⚠️ Ln 185:9 — Non-English (Turkish) characters in string: ""Kargo & Taşımacılık"". Use Technical Academic English for code strings.
    ⚠️ Ln 201:9 — Non-English (Turkish) characters in string: ""İstatistik & Olasılık"". Use Technical Academic English for code strings.
    ⚠️ Ln 217:9 — Non-English (Turkish) characters in string: ""Birim & Dönüşüm"". Use Technical Academic English for code strings.
    ⚠️ Ln 233:9 — Non-English (Turkish) characters in string: ""Ev & Yaşam"". Use Technical Academic English for code strings.
    ⚠️ Ln 241:9 — Non-English (Turkish) characters in string: ""Eğitim & Akademi"". Use Technical Academic English for code strings.
    ⚠️ Ln 265:9 — Non-English (Turkish) characters in string: ""Çevre & Ekoloji"". Use Technical Academic English for code strings.
    ⚠️ Ln 266:9 — Non-English (Turkish) characters in string: ""Umwelt & Ökologie"". Use Technical Academic English for code strings.
    ⚠️ Ln 281:9 — Non-English (Turkish) characters in string: ""Ambalaj & Baskı"". Use Technical Academic English for code strings.
    ⚠️ Ln 289:9 — Non-English (Turkish) characters in string: ""Mobilya & Ahşap"". Use Technical Academic English for code strings.
    ⚠️ Ln 290:9 — Non-English (Turkish) characters in string: ""Möbel & Holzverarbeitung"". Use Technical Academic English for code strings.
    ⚠️ Ln 305:9 — Non-English (Turkish) characters in string: ""Veteriner & Hayvan Sağlığı"". Use Technical Academic English for code strings.
    ⚠️ Ln 313:9 — Non-English (Turkish) characters in string: ""Hidrolik & Pnömatik"". Use Technical Academic English for code strings.
    ⚠️ Ln 321:9 — Non-English (Turkish) characters in string: ""Yapısal Mühendislik"". Use Technical Academic English for code strings.
    ⚠️ Ln 329:9 — Non-English (Turkish) characters in string: ""Su Yönetimi"". Use Technical Academic English for code strings.
    ⚠️ Ln 345:9 — Non-English (Turkish) characters in string: ""Görsel Medya & Tasarım"". Use Technical Academic English for code strings.
    ⚠️ Ln 353:9 — Non-English (Turkish) characters in string: ""Demiryolu & Raylı Sistem"". Use Technical Academic English for code strings.
    ⚠️ Ln 369:9 — Non-English (Turkish) characters in string: ""İSG & İş Güvenliği"". Use Technical Academic English for code strings.
    ⚠️ Ln 377:9 — Non-English (Turkish) characters in string: ""Diğer"". Use Technical Academic English for code strings.
    ⚠️ Ln 385:9 — Non-English (Turkish) characters in string: ""Tümü"". Use Technical Academic English for code strings.
    ⚠️ Ln 396:9 — Non-English (Turkish) characters in string: ""Maliyet & Bütçeleme"". Use Technical Academic English for code strings.
    ⚠️ Ln 412:9 — Non-English (Turkish) characters in string: ""Kalite & Süreç Kontrol"". Use Technical Academic English for code strings.
    ⚠️ Ln 436:9 — Non-English (Turkish) characters in string: ""Finans & Yatırım"". Use Technical Academic English for code strings.
    ⚠️ Ln 444:9 — Non-English (Turkish) characters in string: ""İK & Personel"". Use Technical Academic English for code strings.
    ⚠️ Ln 452:9 — Non-English (Turkish) characters in string: ""Teknik & Mühendislik"". Use Technical Academic English for code strings.
    ⚠️ Ln 460:9 — Non-English (Turkish) characters in string: ""İSG & Risk"". Use Technical Academic English for code strings.
    ⚠️ Ln 468:9 — Non-English (Turkish) characters in string: ""Sürdürülebilirlik"". Use Technical Academic English for code strings.
    ⚠️ Ln 476:9 — Non-English (Turkish) characters in string: ""Dönüşüm & Ölçüm"". Use Technical Academic English for code strings.
    ⚠️ Ln 492:9 — Non-English (Turkish) characters in string: ""Diğer"". Use Technical Academic English for code strings.

  📄 src/lib/infrastructure/i18n/taxonomy-display-labels.ts
    ⚠️ Ln 38:3 — Non-English (Turkish) characters in string: ""Üretim Mühendisi"". Use Technical Academic English for code strings.
    ⚠️ Ln 40:9 — Non-English (Turkish) characters in string: ""Üretim Mühendisi"". Use Technical Academic English for code strings.
    ⚠️ Ln 46:3 — Non-English (Turkish) characters in string: ""Kalite Mühendisi"". Use Technical Academic English for code strings.
    ⚠️ Ln 48:9 — Non-English (Turkish) characters in string: ""Kalite Mühendisi"". Use Technical Academic English for code strings.
    ⚠️ Ln 54:3 — Non-English (Turkish) characters in string: ""Tasarım Mühendisi"". Use Technical Academic English for code strings.
    ⚠️ Ln 56:9 — Non-English (Turkish) characters in string: ""Tasarım Mühendisi"". Use Technical Academic English for code strings.
    ⚠️ Ln 62:3 — Non-English (Turkish) characters in string: ""Proses Mühendisi"". Use Technical Academic English for code strings.
    ⚠️ Ln 64:9 — Non-English (Turkish) characters in string: ""Proses Mühendisi"". Use Technical Academic English for code strings.
    ⚠️ Ln 70:3 — Non-English (Turkish) characters in string: ""Finans Müdürü"". Use Technical Academic English for code strings.
    ⚠️ Ln 72:9 — Non-English (Turkish) characters in string: ""Finans Müdürü"". Use Technical Academic English for code strings.
    ⚠️ Ln 78:3 — Non-English (Turkish) characters in string: ""Enerji Mühendisi"". Use Technical Academic English for code strings.
    ⚠️ Ln 80:9 — Non-English (Turkish) characters in string: ""Enerji Mühendisi"". Use Technical Academic English for code strings.
    ⚠️ Ln 86:3 — Non-English (Turkish) characters in string: ""İnşaat Mühendisi"". Use Technical Academic English for code strings.
    ⚠️ Ln 88:9 — Non-English (Turkish) characters in string: ""İnşaat Mühendisi"". Use Technical Academic English for code strings.

  📄 src/lib/infrastructure/metadata/__tests__/tool-metadata-copy.test.ts
    ⚠️ Ln 13:53 — Non-English (Turkish) characters in string: ""Ücretsiz"". Use Technical Academic English for code strings.

  📄 src/lib/infrastructure/metadata/tool-metadata-copy.ts
    ⚠️ Ln 10:15 — Non-English (Turkish) characters in string: ""Ücretsiz"". Use Technical Academic English for code strings.
    ⚠️ Ln 28:14 — Non-English (Turkish) characters in string: "`${sectorName} için ${tierLabel.toLowerCase()} hesaplama ara". Use Technical Academic English for code strings.
    ⚠️ Ln 30:14 — Non-English (Turkish) characters in string: "`${tierLabel}-Rechner für ${sectorName}. Kosten berechnen, V". Use Technical Academic English for code strings.

  📄 src/lib/infrastructure/seo/__tests__/entity-graph-seo.test.ts
    ⚠️ Ln 35:77 — Non-English (Turkish) characters in string: ""Barış Bağırlar"". Use Technical Academic English for code strings.
    ⚠️ Ln 69:47 — Non-English (Turkish) characters in string: ""OEE Hesaplayıcı"". Use Technical Academic English for code strings.
    ⚠️ Ln 70:30 — Non-English (Turkish) characters in string: ""OEE Hesaplayıcı nedir?"". Use Technical Academic English for code strings.

  📄 src/lib/infrastructure/seo/__tests__/indexable-url-manifest.test.ts
    ⚠️ Ln 20:8 — Non-English (Turkish) characters in string: ""manifest boş değil"". Use Technical Academic English for code strings.

  📄 src/lib/infrastructure/seo/__tests__/premium-auto-sitemap.test.ts
    ⚠️ Ln 19:8 — Non-English (Turkish) characters in string: ""getSitemapManifest boş değil"". Use Technical Academic English for code strings.
    ⚠️ Ln 23:8 — Non-English (Turkish) characters in string: "">=100 free tool route içerir"". Use Technical Academic English for code strings.
    ⚠️ Ln 30:8 — Non-English (Turkish) characters in string: ""premium schema route içerir"". Use Technical Academic English for code strings.
    ⚠️ Ln 36:8 — Non-English (Turkish) characters in string: ""SEO landing route içerir"". Use Technical Academic English for code strings.
    ⚠️ Ln 51:8 — Non-English (Turkish) characters in string: ""authority guide route içerir"". Use Technical Academic English for code strings.
    ⚠️ Ln 78:8 — Non-English (Turkish) characters in string: ""her route priority 0-1 arası"". Use Technical Academic English for code strings.
    ⚠️ Ln 91:8 — Non-English (Turkish) characters in string: ""buildLocalizedUrl en root URL üretir"". Use Technical Academic English for code strings.
    ⚠️ Ln 98:8 — Non-English (Turkish) characters in string: ""sitemap /en URL üretmez"". Use Technical Academic English for code strings.
    ⚠️ Ln 105:8 — Non-English (Turkish) characters in string: ""sitemap prefixed locale URLs üretir"". Use Technical Academic English for code strings.
    ⚠️ Ln 125:8 — Non-English (Turkish) characters in string: ""free tool routes 1 locale için üretilir"". Use Technical Academic English for code strings.
    ⚠️ Ln 138:8 — Non-English (Turkish) characters in string: ""premium routes 1 locale için üretilir"". Use Technical Academic English for code strings.
    ⚠️ Ln 148:8 — Non-English (Turkish) characters in string: ""alternates en, x-default içerir"". Use Technical Academic English for code strings.
    ⚠️ Ln 156:8 — Non-English (Turkish) characters in string: ""SITE_BASE_URL https ile başlar"". Use Technical Academic English for code strings.

  📄 src/lib/infrastructure/seo/entity-graph.ts
    ⚠️ Ln 253:30 — Non-English (Turkish) characters in string: ""Who CREATED SectorCalc? Barış Bağırlar"". Use Technical Academic English for code strings.

  📄 src/lib/infrastructure/trace/__tests__/semantic-search.test.ts
    ⚠️ Ln 30:35 — Non-English (Turkish) characters in string: ""Test Aracı"". Use Technical Academic English for code strings.
    ⚠️ Ln 31:51 — Non-English (Turkish) characters in string: ""Genel test aracı"". Use Technical Academic English for code strings.
    ⚠️ Ln 49:43 — Non-English (Turkish) characters in string: ""CNC Maliyet Analizörü"". Use Technical Academic English for code strings.
    ⚠️ Ln 52:11 — Non-English (Turkish) characters in string: ""CNC işleme maliyeti, çevrim süresi ve takım aşınması analiz". Use Technical Academic English for code strings.
    ⚠️ Ln 59:30 — Non-English (Turkish) characters in string: ""işleme"". Use Technical Academic English for code strings.
    ⚠️ Ln 80:40 — Non-English (Turkish) characters in string: ""OEE Hesaplayıcı"". Use Technical Academic English for code strings.
    ⚠️ Ln 83:11 — Non-English (Turkish) characters in string: ""Toplam Ekipman Etkinliği — kullanılabilirlik, performans, k". Use Technical Academic English for code strings.
    ⚠️ Ln 84:11 — Non-English (Turkish) characters in string: ""Gesamtanlageneffektivität — Verfügbarkeit, Leistung, Qualit". Use Technical Academic English for code strings.
    ⚠️ Ln 90:19 — Non-English (Turkish) characters in string: ""kullanılabilirlik"". Use Technical Academic English for code strings.
    ⚠️ Ln 95:48 — Non-English (Turkish) characters in string: ""Finansal Sağlık Puanı"". Use Technical Academic English for code strings.
    ⚠️ Ln 98:11 — Non-English (Turkish) characters in string: ""Finansal sağlığınızı sektör standartlarıyla karşılaştırın."". Use Technical Academic English for code strings.
    ⚠️ Ln 105:24 — Non-English (Turkish) characters in string: ""sağlık"". Use Technical Academic English for code strings.

  📄 src/lib/infrastructure/trace/semantic-search.ts
    ⚠️ Ln 44:5 — Non-English (Turkish) characters in string: ""araç"". Use Technical Academic English for code strings.

  📄 src/lib/ui-shared/chart-helpers/__tests__/breakdown-chart-dimensions.test.ts
    ⚠️ Ln 32:37 — Non-English (Turkish) characters in string: ""Harici Operasyon Yüzdesi"". Use Technical Academic English for code strings.
    ⚠️ Ln 33:37 — Non-English (Turkish) characters in string: ""Theoretical Minimum Changeover Süre"". Use Technical Academic English for code strings.
    ⚠️ Ln 34:33 — Non-English (Turkish) characters in string: ""Achievable Changeover Süre"". Use Technical Academic English for code strings.
    ⚠️ Ln 36:27 — Non-English (Turkish) characters in string: ""İyileştirme Yüzdesi"". Use Technical Academic English for code strings.
    ⚠️ Ln 37:29 — Non-English (Turkish) characters in string: ""Standardization Faktör"". Use Technical Academic English for code strings.
    ⚠️ Ln 38:26 — Non-English (Turkish) characters in string: ""Atık Hareket Faktörü"". Use Technical Academic English for code strings.

  📄 src/config/knowledge-graph.ts
    ⚠️ Ln 15:9 — Non-English (Turkish) characters in string: ""Barış Bağırlar"". Use Technical Academic English for code strings.
    ⚠️ Ln 20:9 — Non-English (Turkish) characters in string: ""Gründer & CEO, SectorCalc"". Use Technical Academic English for code strings.

  📄 src/config/legal-entity.ts
    ⚠️ Ln 4:12 — Non-English (Turkish) characters in string: ""Folkart Towers Yanyolu No:47, 35530 Bayraklı/İzmir"". Use Technical Academic English for code strings.

  📄 src/config/organization-trust.ts
    ⚠️ Ln 11:9 — Non-English (Turkish) characters in string: ""Branchenspezifische Rechner für Produktion, Industrie und U". Use Technical Academic English for code strings.
    ⚠️ Ln 17:11 — Non-English (Turkish) characters in string: ""Barış Bağırlar"". Use Technical Academic English for code strings.
    ⚠️ Ln 25:22 — Non-English (Turkish) characters in string: ""İzmir"". Use Technical Academic English for code strings.

  📄 src/data/premium-categories.ts
    ⚠️ Ln 213:11 — Non-English (Turkish) characters in string: ""Nesting-Verschnitt, Gießausbeute, Spritzzyklus, Presskraft,". Use Technical Academic English for code strings.
    ⚠️ Ln 233:11 — Non-English (Turkish) characters in string: ""EVM, CPM, Ressourcen-Nivellierung, Vertragsrisiko, Abschlag". Use Technical Academic English for code strings.
    ⚠️ Ln 253:11 — Non-English (Turkish) characters in string: ""IoT-Sensor-ROI, digitaler Zwilling, Cobot, AGV, Energieüber". Use Technical Academic English for code strings.
    ⚠️ Ln 333:11 — Non-English (Turkish) characters in string: ""Fluktuationskosten, Schichtvergleich, Bonus-ROI, Schulungs-". Use Technical Academic English for code strings.
    ⚠️ Ln 386:11 — Non-English (Turkish) characters in string: ""Lebensmittel, Kühlkette & Hygiene"". Use Technical Academic English for code strings.
    ⚠️ Ln 393:11 — Non-English (Turkish) characters in string: ""Haltbarkeit, Rezepturkosten, HACCP-Abweichung, Kühlkettenbr". Use Technical Academic English for code strings.
    ⚠️ Ln 453:11 — Non-English (Turkish) characters in string: ""Schweißkosten, Löten, Klebstoff, Wärmelast, Kanalreibung, I". Use Technical Academic English for code strings.
    ⚠️ Ln 473:11 — Non-English (Turkish) characters in string: ""Verpackungsgröße, Materialsubstitution, Palettenkonfigurati". Use Technical Academic English for code strings.

  📄 src/data/premium-schema-i18n-locales.ts
    ⚠️ Ln 18:7 — Non-English (Turkish) characters in string: ""Leerkilometer, Kraftstoffabweichungen und Verzögerungen unt". Use Technical Academic English for code strings.
    ⚠️ Ln 23:7 — Non-English (Turkish) characters in string: ""Spitzenlast, Mehrverbrauch in kWh und Tarifabweichungen tre". Use Technical Academic English for code strings.
    ⚠️ Ln 28:7 — Non-English (Turkish) characters in string: ""Lebensmittelbetriebe können Marge durch Abfall, Überportion". Use Technical Academic English for code strings.
    ⚠️ Ln 31:12 — Non-English (Turkish) characters in string: ""Bauprojekt-Kostenüberschreitungs-Rechner"". Use Technical Academic English for code strings.
    ⚠️ Ln 33:7 — Non-English (Turkish) characters in string: ""Bauprojekte verlieren Geld, wenn Arbeitszeitabweichungen, V". Use Technical Academic English for code strings.
    ⚠️ Ln 41:12 — Non-English (Turkish) characters in string: ""Restaurant-Menü-Margenleck-Rechner"". Use Technical Academic English for code strings.
    ⚠️ Ln 43:7 — Non-English (Turkish) characters in string: ""Restaurants verlieren Marge, wenn Wareneinsatz, Plattformge". Use Technical Academic English for code strings.
    ⚠️ Ln 48:7 — Non-English (Turkish) characters in string: ""Bauunternehmer verlieren Marge, wenn Subunternehmer-Mehrkos". Use Technical Academic English for code strings.
    ⚠️ Ln 61:12 — Non-English (Turkish) characters in string: ""Cloud-API-Kostenüberschreitungs-Rechner"". Use Technical Academic English for code strings.
    ⚠️ Ln 73:7 — Non-English (Turkish) characters in string: ""CNC-Aufträge verlieren Marge, wenn Werkzeugverschleiß, Eins". Use Technical Academic English for code strings.
    ⚠️ Ln 91:12 — Non-English (Turkish) characters in string: ""HLK-Rückruf-Margenrisiko-Rechner"". Use Technical Academic English for code strings.
    ⚠️ Ln 93:7 — Non-English (Turkish) characters in string: ""HLK-Projekte verlieren Marge, wenn Kanalabweichungen, Inbet". Use Technical Academic English for code strings.
    ⚠️ Ln 98:7 — Non-English (Turkish) characters in string: ""Elektroinstallateure verlieren Geld, wenn Schaltschrankverd". Use Technical Academic English for code strings.
    ⚠️ Ln 101:12 — Non-English (Turkish) characters in string: ""Sanitär-Leck-Rückrufkosten-Rechner"". Use Technical Academic English for code strings.
    ⚠️ Ln 103:7 — Non-English (Turkish) characters in string: ""Sanitäraufträge verlieren Marge, wenn Leck-Rückrufe, Materi". Use Technical Academic English for code strings.
    ⚠️ Ln 106:12 — Non-English (Turkish) characters in string: ""Dacharbeiten-Wetterverzögerungsrisiko-Rechner"". Use Technical Academic English for code strings.
    ⚠️ Ln 108:7 — Non-English (Turkish) characters in string: ""Dachaufträge verlieren Marge, wenn Wetterverzögerungen, Ent". Use Technical Academic English for code strings.
    ⚠️ Ln 113:7 — Non-English (Turkish) characters in string: ""Maleraufträge verlieren Marge, wenn Vorbereitungszeit, Deck". Use Technical Academic English for code strings.
    ⚠️ Ln 136:12 — Non-English (Turkish) characters in string: ""Rechtliche Zins- und Gebührenexpositions-Rechner"". Use Technical Academic English for code strings.
    ⚠️ Ln 138:7 — Non-English (Turkish) characters in string: ""Rechts- und Inkassofälle verlieren Entscheidungsklarheit, w". Use Technical Academic English for code strings.
    ⚠️ Ln 143:7 — Non-English (Turkish) characters in string: ""Exporteure und Hersteller können die CO₂-Exposition untersc". Use Technical Academic English for code strings.
    ⚠️ Ln 148:7 — Non-English (Turkish) characters in string: ""Angebote lassen häufig Ausschuss, Rüstzeit, Zahlungszielkos". Use Technical Academic English for code strings.
    ⚠️ Ln 158:7 — Non-English (Turkish) characters in string: ""Unternehmer erfahren Gewinn oder Verlust oft erst, wenn die". Use Technical Academic English for code strings.
    ⚠️ Ln 168:7 — Non-English (Turkish) characters in string: ""Exporteure benötigen CO₂-Nachweise auf Produktebene, verfüg". Use Technical Academic English for code strings.
    ⚠️ Ln 193:7 — Non-English (Turkish) characters in string: ""Umsatzstarke Kunden können die Marge durch Retouren, Verzög". Use Technical Academic English for code strings.
    ⚠️ Ln 203:7 — Non-English (Turkish) characters in string: ""Verbindungsdimensionierung basiert ohne schnelle Strukturpr". Use Technical Academic English for code strings.
    ⚠️ Ln 208:7 — Non-English (Turkish) characters in string: ""Passungsprobleme entstehen oft durch gestapelte Toleranzen ". Use Technical Academic English for code strings.
    ⚠️ Ln 218:7 — Non-English (Turkish) characters in string: ""Brandschutzangebote übersehen den Durchflussbedarf vor der ". Use Technical Academic English for code strings.
    ⚠️ Ln 223:7 — Non-English (Turkish) characters in string: ""Zylinderauswahl überspringt häufig Kraftprüfungen vor dem A". Use Technical Academic English for code strings.
    ⚠️ Ln 228:7 — Non-English (Turkish) characters in string: ""Qualitätsbudgets verbergen Präventions- und Prüfkosten, bis". Use Technical Academic English for code strings.
    ⚠️ Ln 233:7 — Non-English (Turkish) characters in string: ""Hersteller benötigen eine schnelle Wanddickenprüfung vor de". Use Technical Academic English for code strings.
    ⚠️ Ln 251:12 — Non-English (Turkish) characters in string: ""Urlaub, Abfindung und Kündigungsfrist-Rechner"". Use Technical Academic English for code strings.
    ⚠️ Ln 253:7 — Non-English (Turkish) characters in string: ""Austrittskosten werden oft unterschätzt, bis Lohnabrechnung". Use Technical Academic English for code strings.
    ⚠️ Ln 263:7 — Non-English (Turkish) characters in string: ""Wandelt 5S-Audit-Ergebnisse in tatsächliche Dollerverluste ". Use Technical Academic English for code strings.
    ⚠️ Ln 266:12 — Non-English (Turkish) characters in string: ""3D-Druck Stützstruktur & Nachbearbeitungskosten-Rechner"". Use Technical Academic English for code strings.
    ⚠️ Ln 268:7 — Non-English (Turkish) characters in string: ""Berechnet die Gesamtkosten von Stützstrukturen und Nachbear". Use Technical Academic English for code strings.
    ⚠️ Ln 273:7 — Non-English (Turkish) characters in string: ""Optimiert die Bauplattenauslastung von 3D-Druckern durch Be". Use Technical Academic English for code strings.
    ⚠️ Ln 278:7 — Non-English (Turkish) characters in string: ""Ermittelt die genaue Produktionsmenge, bei der 3D-Druck wir". Use Technical Academic English for code strings.
    ⚠️ Ln 281:12 — Non-English (Turkish) characters in string: ""CBAM-Expositions-Schnellprüfung"". Use Technical Academic English for code strings.
    ⚠️ Ln 293:7 — Non-English (Turkish) characters in string: ""Quantifiziert die monetären Auswirkungen aller 7 Lean-Versc". Use Technical Academic English for code strings.
    ⚠️ Ln 298:7 — Non-English (Turkish) characters in string: ""Die Dimensionierung von Hydraulikzylindern erfordert gleich". Use Technical Academic English for code strings.
    ⚠️ Ln 303:7 — Non-English (Turkish) characters in string: ""Kompressorleistungsberechnungen ohne korrekten Polytropenex". Use Technical Academic English for code strings.
    ⚠️ Ln 311:12 — Non-English (Turkish) characters in string: ""Verdunstungskühlungs-(FES)-Kapazitätsrechner"". Use Technical Academic English for code strings.
    ⚠️ Ln 313:7 — Non-English (Turkish) characters in string: ""Die Dimensionierung von Verdunstungskühlsystemen erfordert ". Use Technical Academic English for code strings.
    ⚠️ Ln 316:12 — Non-English (Turkish) characters in string: ""Kondensator-Vorkühlung (adiabatische) Energieeinsparung"". Use Technical Academic English for code strings.
    ⚠️ Ln 318:7 — Non-English (Turkish) characters in string: ""Ohne Kondensator-Vorkühlungsanalyse können Sie die Energiee". Use Technical Academic English for code strings.
    ⚠️ Ln 328:7 — Non-English (Turkish) characters in string: ""Die F-Gas-Leckquantifizierung erfordert GWP-Berechnung und ". Use Technical Academic English for code strings.
    ⚠️ Ln 333:7 — Non-English (Turkish) characters in string: ""Wasserfußabdruckanalyse ohne Aufteilung in blaues/grünes/gr". Use Technical Academic English for code strings.
    ⚠️ Ln 341:12 — Non-English (Turkish) characters in string: ""Natürlicher Lüftungs-(ACH)-Bedarfrechner"". Use Technical Academic English for code strings.
    ⚠️ Ln 343:7 — Non-English (Turkish) characters in string: ""Die natürliche Lüftungsdimensionierung erfordert auftriebsg". Use Technical Academic English for code strings.
    ⚠️ Ln 348:7 — Non-English (Turkish) characters in string: ""Zinseszinsberechnungen ohne Anpassung der Zinseszinshäufigk". Use Technical Academic English for code strings.
    ⚠️ Ln 353:7 — Non-English (Turkish) characters in string: ""Die Berechnung der tatsächlichen Arbeitgeberkosten pro Mita". Use Technical Academic English for code strings.
    ⚠️ Ln 356:12 — Non-English (Turkish) characters in string: ""Plattenheizkörper-Heizleistungsrechner"". Use Technical Academic English for code strings.
    ⚠️ Ln 358:7 — Non-English (Turkish) characters in string: ""Die Dimensionierung eines Plattenheizkörpers erfordert Raum". Use Technical Academic English for code strings.
    ⚠️ Ln 373:7 — Non-English (Turkish) characters in string: ""Die klassische EOQ-Formel ignoriert endliche Produktionsrat". Use Technical Academic English for code strings.
    ⚠️ Ln 383:7 — Non-English (Turkish) characters in string: ""Aus zwei beliebigen Größen von Umlaufbestand/Durchlaufzeit/". Use Technical Academic English for code strings.
    ⚠️ Ln 398:7 — Non-English (Turkish) characters in string: ""Warteschlangenanalyse ohne Ankunfts- und Bedienratenmodelli". Use Technical Academic English for code strings.
    ⚠️ Ln 403:7 — Non-English (Turkish) characters in string: ""Manuelle FMEA-RPN-Berechnung verfehlt die funktionsübergrei". Use Technical Academic English for code strings.
    ⚠️ Ln 413:7 — Non-English (Turkish) characters in string: ""Zuverlässigkeitsberechnungen für Serie/Parallel-Systeme erf". Use Technical Academic English for code strings.
    ⚠️ Ln 416:12 — Non-English (Turkish) characters in string: ""NIOSH-Hebevorgangs-(überarbeiteter)-Rechner"". Use Technical Academic English for code strings.
    ⚠️ Ln 433:7 — Non-English (Turkish) characters in string: ""Pareto-(80/20)-Analyse ohne kumulative Prozentsortierung üb". Use Technical Academic English for code strings.
    ⚠️ Ln 436:12 — Non-English (Turkish) characters in string: ""Wertschöpfungsprozess-(VAP)-Verhältnis-Analysator"". Use Technical Academic English for code strings.
    ⚠️ Ln 438:7 — Non-English (Turkish) characters in string: ""VAP-Verhältnisanalyse trennt wertschöpfende von nicht-werts". Use Technical Academic English for code strings.

  📄 src/app/api/assistant/chat/route.ts
    ⚠️ Ln 92:7 — Non-English (Turkish) characters in string: ""Sistem şu anda yoğun. Lütfen hesaplama ihtiyacınızı sektör ". Use Technical Academic English for code strings.

  📄 src/app/api/assistant/route.ts
    ⚠️ Ln 66:18 — Non-English (Turkish) characters in string: ""Çok fazla istek, lütfen biraz bekleyin."". Use Technical Academic English for code strings.

  📄 src/app/api/external/webhook/route.ts
    ⚠️ Ln 46:41 — Non-English (Turkish) characters in string: ""Geçersiz webhook URL"". Use Technical Academic English for code strings.
    ⚠️ Ln 63:39 — Non-English (Turkish) characters in string: ""Webhook gönderilemedi"". Use Technical Academic English for code strings.

  📄 scripts/analyze-other-sector.ts
    ⚠️ Ln 3:34 — Non-English (Turkish) characters in string: ""Diğer"". Use Technical Academic English for code strings.
    ⚠️ Ln 54:16 — Non-English (Turkish) characters in string: ""Diğer"". Use Technical Academic English for code strings.
    ⚠️ Ln 55:15 — Non-English (Turkish) characters in string: ""\nİlk 50 araç:"". Use Technical Academic English for code strings.
    ⚠️ Ln 79:15 — Non-English (Turkish) characters in string: ""\nEn sık geçen terimler (slug + ad):"". Use Technical Academic English for code strings.
    ⚠️ Ln 91:15 — Non-English (Turkish) characters in string: ""\nTüm sektör dağılımı:"". Use Technical Academic English for code strings.

  📄 scripts/assign-categories-v2.ts
    ⚠️ Ln 15:26 — Non-English (Turkish) characters in string: ""Diğer"". Use Technical Academic English for code strings.
    ⚠️ Ln 77:12 — Non-English (Turkish) characters in string: ""İSG & Risk Yönetimi"". Use Technical Academic English for code strings.
    ⚠️ Ln 92:12 — Non-English (Turkish) characters in string: ""Maliyet & Bütçeleme"". Use Technical Academic English for code strings.
    ⚠️ Ln 96:12 — Non-English (Turkish) characters in string: ""Gıda & Tarım"". Use Technical Academic English for code strings.
    ⚠️ Ln 108:12 — Non-English (Turkish) characters in string: ""Akışkanlar & Termodinamik"". Use Technical Academic English for code strings.
    ⚠️ Ln 112:12 — Non-English (Turkish) characters in string: ""Makine & Tasarım"". Use Technical Academic English for code strings.
    ⚠️ Ln 116:12 — Non-English (Turkish) characters in string: ""İnşaat & Yapı"". Use Technical Academic English for code strings.
    ⚠️ Ln 120:12 — Non-English (Turkish) characters in string: ""Proje & Yatırım"". Use Technical Academic English for code strings.
    ⚠️ Ln 124:12 — Non-English (Turkish) characters in string: ""Çevre & Emisyon"". Use Technical Academic English for code strings.
    ⚠️ Ln 215:15 — Non-English (Turkish) characters in string: "`\n🎉 Toplam ${assigned} şemaya kategori atandı (${skipped} ". Use Technical Academic English for code strings.
    ⚠️ Ln 216:15 — Non-English (Turkish) characters in string: ""\nDağılım:"". Use Technical Academic English for code strings.

  📄 scripts/assign-sector-profession-category.ts
    ⚠️ Ln 20:31 — Non-English (Turkish) characters in string: ""Diğer"". Use Technical Academic English for code strings.
    ⚠️ Ln 21:33 — Non-English (Turkish) characters in string: ""Diğer"". Use Technical Academic English for code strings.
    ⚠️ Ln 308:15 — Non-English (Turkish) characters in string: "`Diğer sector (diger): ${digerSectorCount}`". Use Technical Academic English for code strings.
    ⚠️ Ln 309:15 — Non-English (Turkish) characters in string: "`Diğer category (diger): ${digerCategoryCount}`". Use Technical Academic English for code strings.
    ⚠️ Ln 312:19 — Non-English (Turkish) characters in string: "`FAIL: Diğer sector count ${digerSectorCount} must be 0.`". Use Technical Academic English for code strings.
    ⚠️ Ln 316:19 — Non-English (Turkish) characters in string: "`FAIL: Diğer category count ${digerCategoryCount} must be 0.". Use Technical Academic English for code strings.

  📄 scripts/audit-tools.ts
    ⚠️ Ln 36:19 — Non-English (Turkish) characters in string: "`ADIM 1 [FAIL]: Input interface bulunamadı.`". Use Technical Academic English for code strings.
    ⚠️ Ln 41:21 — Non-English (Turkish) characters in string: "`ADIM 1 [FAIL]: Input arayüzünde değişken bulunamadı.`". Use Technical Academic English for code strings.
    ⚠️ Ln 50:19 — Non-English (Turkish) characters in string: "`ADIM 2 [FAIL]: evaluateAllFormulas fonksiyonu bulunamadı.`". Use Technical Academic English for code strings.
    ⚠️ Ln 55:21 — Non-English (Turkish) characters in string: "`ADIM 2 [FAIL]: formül (try-catch) hesaplaması bulunamadı.`". Use Technical Academic English for code strings.
    ⚠️ Ln 62:25 — Non-English (Turkish) characters in string: "`ADIM 3 [FAIL]: Bölme işlemi (/) var fakat Math.max veya güv". Use Technical Academic English for code strings.
    ⚠️ Ln 66:25 — Non-English (Turkish) characters in string: "`ADIM 3 [FAIL]: Sonuçta isFinite kontrolü eksik (Satır: ${st". Use Technical Academic English for code strings.
    ⚠️ Ln 72:23 — Non-English (Turkish) characters in string: "`ADIM 2 & 3 [PASS]: Formüller statik olarak doğrulandı.`". Use Technical Academic English for code strings.

  📄 scripts/audit_match.js
    ⚠️ Ln 4:39 — Non-English (Turkish) characters in string: "'../gemını free 191-359 .txt'". Use Technical Academic English for code strings.
    ⚠️ Ln 9:15 — Non-English (Turkish) characters in string: ""=== TUR 1 - ADIM 1: TARAMA VE EŞLEŞTİRME ==="". Use Technical Academic English for code strings.
    ⚠️ Ln 12:19 — Non-English (Turkish) characters in string: ""HATA: JSON dosyası bulunamadı:"". Use Technical Academic English for code strings.
    ⚠️ Ln 37:15 — Non-English (Turkish) characters in string: "`PASS: JSON regex ile başarıyla tarandı. Toplam Araç Sayısı:". Use Technical Academic English for code strings.
    ⚠️ Ln 39:15 — Non-English (Turkish) characters in string: "`PASS: JSON başarıyla okundu. Toplam Araç Sayısı: ${totalToo". Use Technical Academic English for code strings.
    ⚠️ Ln 48:19 — Non-English (Turkish) characters in string: "`UYARI: ${toolsDir} dizini bulunamadı.`". Use Technical Academic English for code strings.
    ⚠️ Ln 55:19 — Non-English (Turkish) characters in string: "`INFO: ${appDir} dizininde ${appToolsCount} route klasörü bu". Use Technical Academic English for code strings.
    ⚠️ Ln 57:19 — Non-English (Turkish) characters in string: "`UYARI: ${appDir} dizini bulunamadı.`". Use Technical Academic English for code strings.
    ⚠️ Ln 60:15 — Non-English (Turkish) characters in string: "`\nSONUÇ: TUR 1 Hazırlığı Tamamlandı. İlk 3 araç:`". Use Technical Academic English for code strings.

  📄 scripts/bulk-repair-schema-i18n.ts
    ⚠️ Ln 12:23 — Non-English (Turkish) characters in string: "'ten tüm 5 locale'". Use Technical Academic English for code strings.

  📄 scripts/check-deepseek-api.ts
    ⚠️ Ln 14:19 — Non-English (Turkish) characters in string: ""❌ DEEPSEEK_API_KEY ortam değişkeni tanımlı değil."". Use Technical Academic English for code strings.
    ⚠️ Ln 43:19 — Non-English (Turkish) characters in string: ""❌ DeepSeek boş yanıt döndü."". Use Technical Academic English for code strings.
    ⚠️ Ln 47:15 — Non-English (Turkish) characters in string: ""✅ API çalışıyor:"". Use Technical Academic English for code strings.

  📄 scripts/create-stripe-credit-products.js
    ⚠️ Ln 30:15 — Non-English (Turkish) characters in string: ""Stripe key henüz yok — şimdilik bu şablon yeterli:\n"". Use Technical Academic English for code strings.
    ⚠️ Ln 40:15 — Non-English (Turkish) characters in string: ""\nKey gelince tekrar çalıştır: node scripts/create-stripe-c". Use Technical Academic English for code strings.
    ⚠️ Ln 41:15 — Non-English (Turkish) characters in string: ""Price ID olmadan da checkout çalışır (price_data fallback).". Use Technical Academic English for code strings.
    ⚠️ Ln 54:17 — Non-English (Turkish) characters in string: ""stripe paketi yok — önce: cd functions && npm install"". Use Technical Academic English for code strings.
    ⚠️ Ln 60:15 — Non-English (Turkish) characters in string: ""Stripe kredi ürünleri oluşturuluyor…\n"". Use Technical Academic English for code strings.
    ⚠️ Ln 77:32 — Non-English (Turkish) characters in string: "'e yapıştır:\n"". Use Technical Academic English for code strings.
    ⚠️ Ln 83:15 — Non-English (Turkish) characters in string: ""\nKey tarafı sonra tamamlanacak — şimdilik price_data fallb". Use Technical Academic English for code strings.

  📄 scripts/deepseek/add-general-coverage-i18n.ts
    ⚠️ Ln 7:38 — Non-English (Turkish) characters in string: ""Genel Amaçlı Hesaplayıcılar"". Use Technical Academic English for code strings.

  📄 scripts/deepseek/audit-358-tools.ts
    ⚠️ Ln 228:13 — Non-English (Turkish) characters in string: "`Toplam tanım: ${ALL_DEFS.length}`". Use Technical Academic English for code strings.
    ⚠️ Ln 229:13 — Non-English (Turkish) characters in string: "`Schema dosyası: ${SCHEMA_FILES.length}`". Use Technical Academic English for code strings.
    ⚠️ Ln 233:15 — Non-English (Turkish) characters in string: ""✅ HİÇBİR HATA BULUNAMADI — Tüm tool'". Use Technical Academic English for code strings.

  📄 scripts/deepseek/audit-hardcoded-formulas.ts
    ⚠️ Ln 101:21 — Non-English (Turkish) characters in string: "`❌ HARDCÖDED: ${def.slug} / "". Use Technical Academic English for code strings.
    ⚠️ Ln 126:13 — Non-English (Turkish) characters in string: "`\n=== SONUÇ ===`". Use Technical Academic English for code strings.

  📄 scripts/deepseek/audit-missing-schemas.ts
    ⚠️ Ln 75:15 — Non-English (Turkish) characters in string: "`   Schema dosyası: ${report.schemaFiles}`". Use Technical Academic English for code strings.
    ⚠️ Ln 79:15 — Non-English (Turkish) characters in string: "`   └ hiç işlenmemiş: ${report.buckets.neverProcessed}`". Use Technical Academic English for code strings.

  📄 scripts/deepseek/audit-unused-inputs.ts
    ⚠️ Ln 56:13 — Non-English (Turkish) characters in string: "`\n=== SONUÇ ===`". Use Technical Academic English for code strings.
    ⚠️ Ln 57:13 — Non-English (Turkish) characters in string: "`Kullanılmayan input: ${totalUnused}`". Use Technical Academic English for code strings.
    ⚠️ Ln 58:36 — Non-English (Turkish) characters in string: ""✅ Tüm input'". Use Technical Academic English for code strings.

  📄 scripts/deepseek/fix-hardcoded-formulas-v2.ts
    ⚠️ Ln 253:13 — Non-English (Turkish) characters in string: "`\n=== SONUÇ ===`". Use Technical Academic English for code strings.
    ⚠️ Ln 254:13 — Non-English (Turkish) characters in string: "`Düzeltilen: ${totalFixes}`". Use Technical Academic English for code strings.

  📄 scripts/deepseek/fix-hardcoded-formulas.ts
    ⚠️ Ln 205:13 — Non-English (Turkish) characters in string: "`\n=== SONUÇ ===`". Use Technical Academic English for code strings.
    ⚠️ Ln 206:13 — Non-English (Turkish) characters in string: "`Düzeltilen: ${totalFixes}/${FIXES.length}`". Use Technical Academic English for code strings.

  📄 scripts/deepseek/generate-359-free-tools-p1.ts
    ⚠️ Ln 107:15 — Non-English (Turkish) characters in string: "`free-slugs.json: ${slugs.length} slug yazıldı (önceki tüm s". Use Technical Academic English for code strings.
    ⚠️ Ln 147:15 — Non-English (Turkish) characters in string: "`Toplam ${ALL_TOOLS.length} tool tanımı yüklendi.`". Use Technical Academic English for code strings.
    ⚠️ Ln 150:15 — Non-English (Turkish) characters in string: "`${count} schema JSON dosyası oluşturuldu.`". Use Technical Academic English for code strings.
    ⚠️ Ln 152:15 — Non-English (Turkish) characters in string: ""✅ Tüm schema dosyaları hazır."". Use Technical Academic English for code strings.
    ⚠️ Ln 153:15 — Non-English (Turkish) characters in string: ""Sonraki adımlar:"". Use Technical Academic English for code strings.

  📄 scripts/deepseek/generate-batch-final.ts
    ⚠️ Ln 145:100 — Non-English (Turkish) characters in string: ""İnşaat & Saha"". Use Technical Academic English for code strings.
    ⚠️ Ln 146:19 — Non-English (Turkish) characters in string: ""Üretim & İmalat"". Use Technical Academic English for code strings.
    ⚠️ Ln 197:15 — Non-English (Turkish) characters in string: ""You are a TÜV-qualified, ISO 9001-certified industrial engi". Use Technical Academic English for code strings.
    ⚠️ Ln 229:19 — Non-English (Turkish) characters in string: "`   ❌ ${toolName} başarısız: ${message}`". Use Technical Academic English for code strings.
    ⚠️ Ln 259:9 — Non-English (Turkish) characters in string: "`${range.startIndex} → son (${allTools.length} araç)`". Use Technical Academic English for code strings.
    ⚠️ Ln 260:9 — Non-English (Turkish) characters in string: "`${range.startIndex} → ${range.endIndex} (${allTools.length}". Use Technical Academic English for code strings.
    ⚠️ Ln 262:15 — Non-English (Turkish) characters in string: ""\n🏭 TÜV-CERTIFIABLE BATCH GENERATION"". Use Technical Academic English for code strings.
    ⚠️ Ln 263:15 — Non-English (Turkish) characters in string: ""   Model: deepseek-v4-pro (EN ÜST)"". Use Technical Academic English for code strings.
    ⚠️ Ln 264:15 — Non-English (Turkish) characters in string: "`   Aralık: ${rangeLabel}`". Use Technical Academic English for code strings.
    ⚠️ Ln 269:17 — Non-English (Turkish) characters in string: ""   Mod: --retry-failed (başarısız araçlar yeniden denenir)"". Use Technical Academic English for code strings.
    ⚠️ Ln 273:15 — Non-English (Turkish) characters in string: "`📖 Bu parçada ${allTools.length} araç (liste toplam: ${full". Use Technical Academic English for code strings.
    ⚠️ Ln 278:17 — Non-English (Turkish) characters in string: "`🔁 ${failed.length} başarısız araç yeniden kuyruğa alınıyor". Use Technical Academic English for code strings.
    ⚠️ Ln 284:5 — Non-English (Turkish) characters in string: "`📊 Kalan: ${pending.length}, Tamamlanan: ${completed.length". Use Technical Academic English for code strings.
    ⚠️ Ln 288:17 — Non-English (Turkish) characters in string: ""✅ Bu aralıktaki tüm araçlar işlendi."". Use Technical Academic English for code strings.
    ⚠️ Ln 318:21 — Non-English (Turkish) characters in string: "`   ❌ ${toolName} başarısız (${failed.length} hata)`". Use Technical Academic English for code strings.
    ⚠️ Ln 326:15 — Non-English (Turkish) characters in string: "`\n✅ TAMAMLANDI. Başarılı: ${completed.length}, Başarısız: $". Use Technical Academic English for code strings.

  📄 scripts/deepseek/generate-diagram.ts
    ⚠️ Ln 108:121 — Non-English (Turkish) characters in string: ""(Tolerans içinde)"". Use Technical Academic English for code strings.

  📄 scripts/deepseek/generate-english-slugs.ts
    ⚠️ Ln 223:15 — Non-English (Turkish) characters in string: "`\n=== SONUÇ ===`". Use Technical Academic English for code strings.

  📄 scripts/deepseek/generate-from-schema-all.ts
    ⚠️ Ln 91:5 — Non-English (Turkish) characters in string: "'üretim'". Use Technical Academic English for code strings.
    ⚠️ Ln 93:5 — Non-English (Turkish) characters in string: "'inşaat'". Use Technical Academic English for code strings.
    ⚠️ Ln 94:5 — Non-English (Turkish) characters in string: "'gıda'". Use Technical Academic English for code strings.
    ⚠️ Ln 95:5 — Non-English (Turkish) characters in string: "'tarım'". Use Technical Academic English for code strings.
    ⚠️ Ln 232:17 — Non-English (Turkish) characters in string: "'❌ generated/schemas/ klasörü bulunamadı. Önce npm run scan:". Use Technical Academic English for code strings.
    ⚠️ Ln 238:13 — Non-English (Turkish) characters in string: "`🔍 ${schemaFiles.length} JSON şeması bulundu.`". Use Technical Academic English for code strings.
    ⚠️ Ln 245:16 — Non-English (Turkish) characters in string: "`   ⚠️  ${preflight.malformed}/${schemaFiles.length} şema bo". Use Technical Academic English for code strings.
    ⚠️ Ln 253:15 — Non-English (Turkish) characters in string: "`   ✓ ${preflight.ok}/${schemaFiles.length} şema sağlıklı`". Use Technical Academic English for code strings.
    ⚠️ Ln 347:13 — Non-English (Turkish) characters in string: "`✅ Tamamlandı: ${success} başarılı, ${failed} başarısız`". Use Technical Academic English for code strings.
    ⚠️ Ln 352:16 — Non-English (Turkish) characters in string: "`⚠️  ${failureSnapshot.total} formül derlenemedi:`". Use Technical Academic English for code strings.

  📄 scripts/deepseek/launch-parallel-batches.ts
    ⚠️ Ln 65:15 — Non-English (Turkish) characters in string: "`🚀 ${shardCount} shard × concurrency=3 → max ~${shardCount ". Use Technical Academic English for code strings.

  📄 scripts/deepseek/launch-resume-failed-parallel.ts
    ⚠️ Ln 68:17 — Non-English (Turkish) characters in string: ""✅ Schema eksik failed araç yok."". Use Technical Academic English for code strings.
    ⚠️ Ln 74:15 — Non-English (Turkish) characters in string: "`🚀 ${shardCount} key × concurrency=1 → max ~${shardCount} e". Use Technical Academic English for code strings.
    ⚠️ Ln 75:15 — Non-English (Turkish) characters in string: "`📦 Kalan failed araç: ${pending.length}`". Use Technical Academic English for code strings.
    ⚠️ Ln 85:17 — Non-English (Turkish) characters in string: "`   shard-${range.id}: ${slice.length} araç [${range.start},". Use Technical Academic English for code strings.
    ⚠️ Ln 89:15 — Non-English (Turkish) characters in string: ""\nİzleme: npm run watch:v4-pro-batch"". Use Technical Academic English for code strings.

  📄 scripts/deepseek/launch-retry-scan-failed.ts
    ⚠️ Ln 64:17 — Non-English (Turkish) characters in string: ""✅ Katalogda schema eksik araç yok."". Use Technical Academic English for code strings.
    ⚠️ Ln 68:15 — Non-English (Turkish) characters in string: "`🔁 Schema eksik retry: ${retryTools.length} araç`". Use Technical Academic English for code strings.
    ⚠️ Ln 69:15 — Non-English (Turkish) characters in string: "`   (yalnızca failed listesinde: ${scanFailedOnly.length})`". Use Technical Academic English for code strings.
    ⚠️ Ln 75:17 — Non-English (Turkish) characters in string: "`   … ve ${retryTools.length - preview.length} araç daha`". Use Technical Academic English for code strings.
    ⚠️ Ln 90:17 — Non-English (Turkish) characters in string: "`   shard-${range.id}: ${slice.length} araç → ${slice.join("". Use Technical Academic English for code strings.
    ⚠️ Ln 94:15 — Non-English (Turkish) characters in string: ""\nİzleme: npm run watch:resume-failed-batch"". Use Technical Academic English for code strings.

  📄 scripts/deepseek/launch-stub-formula-factory.ts
    ⚠️ Ln 94:15 — Non-English (Turkish) characters in string: "`🚀 Stub factory: ${queue.length} araç → ${shardCount} shard". Use Technical Academic English for code strings.
    ⚠️ Ln 106:17 — Non-English (Turkish) characters in string: "`   shard-${range.id}: ${slice.length} araç [${range.start},". Use Technical Academic English for code strings.
    ⚠️ Ln 110:15 — Non-English (Turkish) characters in string: ""\nİzleme: tail -f /tmp/stub-factory-*.log"". Use Technical Academic English for code strings.

  📄 scripts/deepseek/lib/359-section1.ts
    ⚠️ Ln 12:9 — Non-English (Turkish) characters in string: ""Aylık kira gelirinin mülk değerine oranını hesaplar. Gayrim". Use Technical Academic English for code strings.
    ⚠️ Ln 16:30 — Non-English (Turkish) characters in string: ""Aylık Kira (₺)"". Use Technical Academic English for code strings.
    ⚠️ Ln 17:31 — Non-English (Turkish) characters in string: ""Mülk Değeri (₺)"". Use Technical Academic English for code strings.
    ⚠️ Ln 21:18 — Non-English (Turkish) characters in string: ""Kira / Değer Oranı"". Use Technical Academic English for code strings.
    ⚠️ Ln 26:9 — Non-English (Turkish) characters in string: ""Gayrimenkul satışında 1031 takasında vergiye tabi nakit çık". Use Technical Academic English for code strings.
    ⚠️ Ln 30:32 — Non-English (Turkish) characters in string: ""Satış Fiyatı (₺)"". Use Technical Academic English for code strings.
    ⚠️ Ln 31:30 — Non-English (Turkish) characters in string: ""Kalan Borç (₺)"". Use Technical Academic English for code strings.
    ⚠️ Ln 32:32 — Non-English (Turkish) characters in string: ""Yeni Yatırım (₺)"". Use Technical Academic English for code strings.
    ⚠️ Ln 36:52 — Non-English (Turkish) characters in string: ""Toplam Nakit Çıkış"". Use Technical Academic English for code strings.
    ⚠️ Ln 41:25 — Non-English (Turkish) characters in string: "'sini ihtiyaçlara, %30'". Use Technical Academic English for code strings.
    ⚠️ Ln 45:94 — Non-English (Turkish) characters in string: ""Vergi sonrası aylık net gelir."". Use Technical Academic English for code strings.
    ⚠️ Ln 49:20 — Non-English (Turkish) characters in string: ""İhtiyaçlar (%50)"". Use Technical Academic English for code strings.
    ⚠️ Ln 54:9 — Non-English (Turkish) characters in string: ""Varlıkların yıllık amortisman giderini doğrusal, azalan bak". Use Technical Academic English for code strings.
    ⚠️ Ln 58:26 — Non-English (Turkish) characters in string: ""Varlık Bedeli (₺)"". Use Technical Academic English for code strings.
    ⚠️ Ln 59:28 — Non-English (Turkish) characters in string: ""Kalıntı Değer (₺)"". Use Technical Academic English for code strings.
    ⚠️ Ln 60:25 — Non-English (Turkish) characters in string: ""Ekonomik Ömür (Yıl)"". Use Technical Academic English for code strings.
    ⚠️ Ln 64:18 — Non-English (Turkish) characters in string: ""Yıllık Amortisman"". Use Technical Academic English for code strings.
    ⚠️ Ln 69:9 — Non-English (Turkish) characters in string: ""Birikmiş anaparanın belirli faiz oranında düzenli çekilebil". Use Technical Academic English for code strings.
    ⚠️ Ln 73:91 — Non-English (Turkish) characters in string: ""Anüiteye yatırılan toplam ana para."". Use Technical Academic English for code strings.
    ⚠️ Ln 74:25 — Non-English (Turkish) characters in string: ""Yıllık Faiz (%)"". Use Technical Academic English for code strings.
    ⚠️ Ln 75:26 — Non-English (Turkish) characters in string: ""Dönem (Ay)"". Use Technical Academic English for code strings.
    ⚠️ Ln 79:18 — Non-English (Turkish) characters in string: ""Aylık Anüite Geliri"". Use Technical Academic English for code strings.
    ⚠️ Ln 84:9 — Non-English (Turkish) characters in string: ""Emeklilik birikiminin yıllık dağıtım tutarını hesaplar."". Use Technical Academic English for code strings.
    ⚠️ Ln 89:25 — Non-English (Turkish) characters in string: ""Yıllık Faiz (%)"". Use Technical Academic English for code strings.
    ⚠️ Ln 90:25 — Non-English (Turkish) characters in string: ""Ödeme Süresi (Yıl)"". Use Technical Academic English for code strings.
    ⚠️ Ln 94:18 — Non-English (Turkish) characters in string: ""Yıllık Emeklilik Geliri"". Use Technical Academic English for code strings.
    ⚠️ Ln 99:9 — Non-English (Turkish) characters in string: ""Masraflar dahil kredinin gerçek yıllık maliyet oranını hesa". Use Technical Academic English for code strings.
    ⚠️ Ln 103:26 — Non-English (Turkish) characters in string: ""Kredi Tutarı (₺)"". Use Technical Academic English for code strings.
    ⚠️ Ln 104:92 — Non-English (Turkish) characters in string: ""Kredinin yıllık nominal faiz oranı."". Use Technical Academic English for code strings.
    ⚠️ Ln 106:95 — Non-English (Turkish) characters in string: ""Dosya, ekspertiz ve sigorta masrafları."". Use Technical Academic English for code strings.
    ⚠️ Ln 110:18 — Non-English (Turkish) characters in string: ""APR (Yıllık Maliyet Oranı)"". Use Technical Academic English for code strings.
    ⚠️ Ln 115:9 — Non-English (Turkish) characters in string: ""Portföyün hedeflenen varlık sınıflarına bölünmesini hesapla". Use Technical Academic English for code strings.
    ⚠️ Ln 119:28 — Non-English (Turkish) characters in string: ""Toplam Portföy (₺)"". Use Technical Academic English for code strings.
    ⚠️ Ln 120:99 — Non-English (Turkish) characters in string: ""Portföydeki hisse senedi hedef oranı."". Use Technical Academic English for code strings.
    ⚠️ Ln 121:98 — Non-English (Turkish) characters in string: ""Portföydeki tahvil hedef oranı."". Use Technical Academic English for code strings.
    ⚠️ Ln 122:90 — Non-English (Turkish) characters in string: ""Portföydeki nakit hedef oranı."". Use Technical Academic English for code strings.
    ⚠️ Ln 126:23 — Non-English (Turkish) characters in string: ""Hisse Senedi Tutarı"". Use Technical Academic English for code strings.
    ⚠️ Ln 131:9 — Non-English (Turkish) characters in string: ""Mali tabloda maddi hata bulunamama olasılığını (denetim ris". Use Technical Academic English for code strings.
    ⚠️ Ln 135:29 — Non-English (Turkish) characters in string: ""Doğuştan Risk (%)"". Use Technical Academic English for code strings.
    ⚠️ Ln 136:108 — Non-English (Turkish) characters in string: ""İç kontrollerin hatayı önleyememe riski."". Use Technical Academic English for code strings.
    ⚠️ Ln 137:108 — Non-English (Turkish) characters in string: ""Denetçinin hatayı bulamama riski."". Use Technical Academic English for code strings.
    ⚠️ Ln 146:9 — Non-English (Turkish) characters in string: ""Sadece anapara üzerinden hesaplanan basit faiz gelirini hes". Use Technical Academic English for code strings.
    ⚠️ Ln 151:25 — Non-English (Turkish) characters in string: ""Faiz Oranı (%)"". Use Technical Academic English for code strings.
    ⚠️ Ln 152:25 — Non-English (Turkish) characters in string: ""Süre (Yıl)"". Use Technical Academic English for code strings.
    ⚠️ Ln 156:18 — Non-English (Turkish) characters in string: ""Basit Faiz Tutarı"". Use Technical Academic English for code strings.
    ⚠️ Ln 161:9 — Non-English (Turkish) characters in string: ""Faizin anaparaya eklendiği bileşik faizin vade sonu değerin". Use Technical Academic English for code strings.
    ⚠️ Ln 165:90 — Non-English (Turkish) characters in string: ""Başlangıç yatırım tutarı."". Use Technical Academic English for code strings.
    ⚠️ Ln 166:25 — Non-English (Turkish) characters in string: ""Yıllık Faiz (%)"". Use Technical Academic English for code strings.
    ⚠️ Ln 167:24 — Non-English (Turkish) characters in string: ""Vade (Yıl)"". Use Technical Academic English for code strings.
    ⚠️ Ln 168:27 — Non-English (Turkish) characters in string: ""Bileşim Sıklığı (Adet/Yıl)"". Use Technical Academic English for code strings.
    ⚠️ Ln 172:18 — Non-English (Turkish) characters in string: ""Vade Sonu Değer"". Use Technical Academic English for code strings.
    ⚠️ Ln 177:9 — Non-English (Turkish) characters in string: ""Günlük bazda bileşik getirinin vade sonu değerini hesaplar.". Use Technical Academic English for code strings.
    ⚠️ Ln 181:90 — Non-English (Turkish) characters in string: ""Başlangıç yatırım tutarı."". Use Technical Academic English for code strings.
    ⚠️ Ln 182:25 — Non-English (Turkish) characters in string: ""Yıllık Faiz (%)"". Use Technical Academic English for code strings.
    ⚠️ Ln 183:24 — Non-English (Turkish) characters in string: ""Gün Sayısı"". Use Technical Academic English for code strings.
    ⚠️ Ln 187:18 — Non-English (Turkish) characters in string: ""Günlük Bileşik Değer"". Use Technical Academic English for code strings.
    ⚠️ Ln 192:9 — Non-English (Turkish) characters in string: ""Sonsuz frekansta bileşikleşen teorik maksimum vade sonu değ". Use Technical Academic English for code strings.
    ⚠️ Ln 196:90 — Non-English (Turkish) characters in string: ""Başlangıç yatırım tutarı."". Use Technical Academic English for code strings.
    ⚠️ Ln 197:25 — Non-English (Turkish) characters in string: ""Yıllık Faiz (%)"". Use Technical Academic English for code strings.
    ⚠️ Ln 198:24 — Non-English (Turkish) characters in string: ""Vade (Yıl)"". Use Technical Academic English for code strings.
    ⚠️ Ln 202:18 — Non-English (Turkish) characters in string: ""Sürekli Bileşik Değer"". Use Technical Academic English for code strings.
    ⚠️ Ln 207:9 — Non-English (Turkish) characters in string: ""Bileşim sıklığının etkisiyle oluşan gerçek yıllık getiriyi ". Use Technical Academic English for code strings.
    ⚠️ Ln 211:91 — Non-English (Turkish) characters in string: ""Belirtilen yıllık nominal faiz."". Use Technical Academic English for code strings.
    ⚠️ Ln 212:27 — Non-English (Turkish) characters in string: ""Bileşim Sıklığı (Adet/Yıl)"". Use Technical Academic English for code strings.
    ⚠️ Ln 216:18 — Non-English (Turkish) characters in string: ""Efektif Yıllık Faiz"". Use Technical Academic English for code strings.
    ⚠️ Ln 221:9 — Non-English (Turkish) characters in string: ""Tahvilin piyasa faizine göre bugünkü adil fiyatını hesaplar". Use Technical Academic English for code strings.
    ⚠️ Ln 225:28 — Non-English (Turkish) characters in string: ""Nominal Değer (₺)"". Use Technical Academic English for code strings.
    ⚠️ Ln 226:26 — Non-English (Turkish) characters in string: ""Kupon Oranı (%)"". Use Technical Academic English for code strings.
    ⚠️ Ln 228:25 — Non-English (Turkish) characters in string: ""Vade (Yıl)"". Use Technical Academic English for code strings.
    ⚠️ Ln 232:18 — Non-English (Turkish) characters in string: ""Tahvil Fiyatı (Bugünkü Değer)"". Use Technical Academic English for code strings.
    ⚠️ Ln 237:9 — Non-English (Turkish) characters in string: ""Stopaj kesintisi sonrası ele geçen net temettü tutarını hes". Use Technical Academic English for code strings.
    ⚠️ Ln 241:28 — Non-English (Turkish) characters in string: ""Brüt Temettü (₺)"". Use Technical Academic English for code strings.
    ⚠️ Ln 242:27 — Non-English (Turkish) characters in string: ""Stopaj Oranı (%)"". Use Technical Academic English for code strings.
    ⚠️ Ln 246:18 — Non-English (Turkish) characters in string: ""Net Temettü"". Use Technical Academic English for code strings.
    ⚠️ Ln 251:9 — Non-English (Turkish) characters in string: ""Temettülerin hisseye dönüşmesiyle oluşan kartopu etkisini h". Use Technical Academic English for code strings.
    ⚠️ Ln 256:28 — Non-English (Turkish) characters in string: ""Hisse Başı Temettü (₺)"". Use Technical Academic English for code strings.
    ⚠️ Ln 257:26 — Non-English (Turkish) characters in string: ""Hisse Fiyatı (₺)"". Use Technical Academic English for code strings.
    ⚠️ Ln 258:24 — Non-English (Turkish) characters in string: ""Yıl Sayısı"". Use Technical Academic English for code strings.
    ⚠️ Ln 259:27 — Non-English (Turkish) characters in string: ""Beklenen Yıllık Getiri (%)"". Use Technical Academic English for code strings.
    ⚠️ Ln 263:18 — Non-English (Turkish) characters in string: ""DRIP Portföy Değeri"". Use Technical Academic English for code strings.
    ⚠️ Ln 268:9 — Non-English (Turkish) characters in string: ""Sermaye kazancı ve temettü dahil toplam hisse getirisini he". Use Technical Academic English for code strings.
    ⚠️ Ln 272:25 — Non-English (Turkish) characters in string: ""Alış Fiyatı (₺)"". Use Technical Academic English for code strings.
    ⚠️ Ln 273:26 — Non-English (Turkish) characters in string: ""Satış Fiyatı (₺)"". Use Technical Academic English for code strings.
    ⚠️ Ln 274:28 — Non-English (Turkish) characters in string: ""Alınan Temettü (₺)"". Use Technical Academic English for code strings.
    ⚠️ Ln 283:9 — Non-English (Turkish) characters in string: ""Yatırımın yıllıklandırılmış ortalama büyüme hızını hesaplar". Use Technical Academic English for code strings.
    ⚠️ Ln 287:30 — Non-English (Turkish) characters in string: ""Başlangıç Değeri (₺)"". Use Technical Academic English for code strings.
    ⚠️ Ln 288:26 — Non-English (Turkish) characters in string: ""Bitiş Değeri (₺)"". Use Technical Academic English for code strings.
    ⚠️ Ln 289:24 — Non-English (Turkish) characters in string: ""Süre (Yıl)"". Use Technical Academic English for code strings.
    ⚠️ Ln 293:18 — Non-English (Turkish) characters in string: ""Yıllıklandırılmış Getiri"". Use Technical Academic English for code strings.
    ⚠️ Ln 298:9 — Non-English (Turkish) characters in string: ""Zaman içindeki pürüzsüz yıllık bileşik büyüme oranını (CAGR". Use Technical Academic English for code strings.
    ⚠️ Ln 302:29 — Non-English (Turkish) characters in string: ""İlk Değer (₺)"". Use Technical Academic English for code strings.
    ⚠️ Ln 303:29 — Non-English (Turkish) characters in string: ""Son Değer (₺)"". Use Technical Academic English for code strings.
    ⚠️ Ln 304:24 — Non-English (Turkish) characters in string: ""Dönem (Yıl)"". Use Technical Academic English for code strings.
    ⚠️ Ln 308:18 — Non-English (Turkish) characters in string: ""CAGR (Bileşik Yıllık Büyüme)"". Use Technical Academic English for code strings.
    ⚠️ Ln 313:9 — Non-English (Turkish) characters in string: ""Yatırımın maliyetine göre ürettiği net verimi (ROI) hesapla". Use Technical Academic English for code strings.
    ⚠️ Ln 317:90 — Non-English (Turkish) characters in string: ""Yatırımdan elde edilen toplam net kâr."". Use Technical Academic English for code strings.
    ⚠️ Ln 318:99 — Non-English (Turkish) characters in string: ""Yatırım için yapılan toplam harcama."". Use Technical Academic English for code strings.
    ⚠️ Ln 322:18 — Non-English (Turkish) characters in string: ""ROI (Yatırım Getirisi)"". Use Technical Academic English for code strings.
    ⚠️ Ln 327:9 — Non-English (Turkish) characters in string: ""Projenin bugünkü değer cinsinden net kârlılığını (NPV) hesa". Use Technical Academic English for code strings.
    ⚠️ Ln 331:27 — Non-English (Turkish) characters in string: ""1. Yıl Nakit Akışı (₺)"". Use Technical Academic English for code strings.
    ⚠️ Ln 332:27 — Non-English (Turkish) characters in string: ""2. Yıl Nakit Akışı (₺)"". Use Technical Academic English for code strings.
    ⚠️ Ln 333:27 — Non-English (Turkish) characters in string: ""3. Yıl Nakit Akışı (₺)"". Use Technical Academic English for code strings.
    ⚠️ Ln 334:27 — Non-English (Turkish) characters in string: ""4. Yıl Nakit Akışı (₺)"". Use Technical Academic English for code strings.
    ⚠️ Ln 335:27 — Non-English (Turkish) characters in string: ""5. Yıl Nakit Akışı (₺)"". Use Technical Academic English for code strings.
    ⚠️ Ln 336:28 — Non-English (Turkish) characters in string: ""İskonto Oranı (%)"". Use Technical Academic English for code strings.
    ⚠️ Ln 337:28 — Non-English (Turkish) characters in string: ""Başlangıç Yatırımı (₺)"". Use Technical Academic English for code strings.
    ⚠️ Ln 341:18 — Non-English (Turkish) characters in string: ""Net Bugünkü Değer (NPV)"". Use Technical Academic English for code strings.
    ⚠️ Ln 346:13 — Non-English (Turkish) characters in string: "'yi sıfıra eşitleyen proje iç getiri oranını (IRR) tahmin ed". Use Technical Academic English for code strings.
    ⚠️ Ln 350:28 — Non-English (Turkish) characters in string: ""Başlangıç Yatırımı (₺)"". Use Technical Academic English for code strings.
    ⚠️ Ln 351:34 — Non-English (Turkish) characters in string: ""Ortalama Yıllık Nakit Akışı (₺)"". Use Technical Academic English for code strings.
    ⚠️ Ln 352:24 — Non-English (Turkish) characters in string: ""Proje Süresi (Yıl)"". Use Technical Academic English for code strings.
    ⚠️ Ln 356:18 — Non-English (Turkish) characters in string: ""IRR (İç Verim Oranı - Yaklaşık)"". Use Technical Academic English for code strings.
    ⚠️ Ln 361:9 — Non-English (Turkish) characters in string: ""Yatırımın paranın zaman değeriyle geri kazanılma süresini h". Use Technical Academic English for code strings.
    ⚠️ Ln 365:28 — Non-English (Turkish) characters in string: ""Başlangıç Yatırımı (₺)"". Use Technical Academic English for code strings.
    ⚠️ Ln 366:27 — Non-English (Turkish) characters in string: ""1. Yıl Nakit (₺)"". Use Technical Academic English for code strings.
    ⚠️ Ln 367:27 — Non-English (Turkish) characters in string: ""2. Yıl Nakit (₺)"". Use Technical Academic English for code strings.
    ⚠️ Ln 368:27 — Non-English (Turkish) characters in string: ""3. Yıl Nakit (₺)"". Use Technical Academic English for code strings.
    ⚠️ Ln 369:28 — Non-English (Turkish) characters in string: ""İskonto Oranı (%)"". Use Technical Academic English for code strings.
    ⚠️ Ln 373:18 — Non-English (Turkish) characters in string: ""İskontolu Geri Ödeme Süresi"". Use Technical Academic English for code strings.
    ⚠️ Ln 378:9 — Non-English (Turkish) characters in string: ""1 birim yatırımın yarattığı bugünkü değeri (Kârlılık Endeks". Use Technical Academic English for code strings.
    ⚠️ Ln 382:118 — Non-English (Turkish) characters in string: ""Tüm gelecek nakit akışlarının bugünkü değeri."". Use Technical Academic English for code strings.
    ⚠️ Ln 383:28 — Non-English (Turkish) characters in string: ""Başlangıç Yatırımı (₺)"". Use Technical Academic English for code strings.
    ⚠️ Ln 387:18 — Non-English (Turkish) characters in string: ""PI (Kârlılık Endeksi)"". Use Technical Academic English for code strings.
    ⚠️ Ln 392:9 — Non-English (Turkish) characters in string: ""Şirketin borç ve özsermaye ağırlıklı ortalama fon maliyetin". Use Technical Academic English for code strings.
    ⚠️ Ln 396:22 — Non-English (Turkish) characters in string: ""Özsermaye (₺)"". Use Technical Academic English for code strings.
    ⚠️ Ln 397:22 — Non-English (Turkish) characters in string: ""Borç (₺)"". Use Technical Academic English for code strings.
    ⚠️ Ln 398:23 — Non-English (Turkish) characters in string: ""Özsermaye Maliyeti (%)"". Use Technical Academic English for code strings.
    ⚠️ Ln 399:23 — Non-English (Turkish) characters in string: ""Borç Maliyeti (%)"". Use Technical Academic English for code strings.
    ⚠️ Ln 400:26 — Non-English (Turkish) characters in string: ""Vergi Oranı (%)"". Use Technical Academic English for code strings.
    ⚠️ Ln 404:18 — Non-English (Turkish) characters in string: ""WACC (Ağırlıklı Ortalama Sermaye Maliyeti)"". Use Technical Academic English for code strings.
    ⚠️ Ln 409:9 — Non-English (Turkish) characters in string: ""Hissedarların risk profiline göre beklediği minimum getiriy". Use Technical Academic English for code strings.
    ⚠️ Ln 413:96 — Non-English (Turkish) characters in string: ""Devlet tahvili gibi risksiz yatırım getirisi."". Use Technical Academic English for code strings.
    ⚠️ Ln 414:25 — Non-English (Turkish) characters in string: ""Beta (Sayı)"". Use Technical Academic English for code strings.
    ⚠️ Ln 415:106 — Non-English (Turkish) characters in string: ""Piyasanın risksiz faiz üzerindeki getiri fazlası."". Use Technical Academic English for code strings.
    ⚠️ Ln 419:18 — Non-English (Turkish) characters in string: ""Özsermaye Maliyeti (CAPM)"". Use Technical Academic English for code strings.
    ⚠️ Ln 424:9 — Non-English (Turkish) characters in string: ""Şirketin nakit üretme kapasitesine dayalı işletme değerini ". Use Technical Academic English for code strings.
    ⚠️ Ln 428:25 — Non-English (Turkish) characters in string: ""1. Yıl FCF (₺)"". Use Technical Academic English for code strings.
    ⚠️ Ln 429:25 — Non-English (Turkish) characters in string: ""2. Yıl FCF (₺)"". Use Technical Academic English for code strings.
    ⚠️ Ln 430:25 — Non-English (Turkish) characters in string: ""3. Yıl FCF (₺)"". Use Technical Academic English for code strings.
    ⚠️ Ln 431:25 — Non-English (Turkish) characters in string: ""4. Yıl FCF (₺)"". Use Technical Academic English for code strings.
    ⚠️ Ln 432:25 — Non-English (Turkish) characters in string: ""5. Yıl FCF (₺)"". Use Technical Academic English for code strings.
    ⚠️ Ln 433:72 — Non-English (Turkish) characters in string: ""Ağırlıklı ortalama sermaye maliyeti."". Use Technical Academic English for code strings.
    ⚠️ Ln 434:35 — Non-English (Turkish) characters in string: ""Terminal Büyüme (%)"". Use Technical Academic English for code strings.
    ⚠️ Ln 438:18 — Non-English (Turkish) characters in string: ""İşletme Değeri (DCF)"". Use Technical Academic English for code strings.
    ⚠️ Ln 443:9 — Non-English (Turkish) characters in string: ""Firma ve hissedar serbest nakit akışlarını (FCFF/FCFE) hesa". Use Technical Academic English for code strings.
    ⚠️ Ln 447:91 — Non-English (Turkish) characters in string: ""Dönem net kârı."". Use Technical Academic English for code strings.
    ⚠️ Ln 448:99 — Non-English (Turkish) characters in string: ""Dönem amortisman gideri."". Use Technical Academic English for code strings.
    ⚠️ Ln 449:37 — Non-English (Turkish) characters in string: ""İşletme Sermayesi Değişimi (₺)"". Use Technical Academic English for code strings.
    ⚠️ Ln 450:26 — Non-English (Turkish) characters in string: ""Sermaye Harcaması (₺)"". Use Technical Academic English for code strings.
    ⚠️ Ln 451:25 — Non-English (Turkish) characters in string: ""Net Borç Değişimi (₺)"". Use Technical Academic English for code strings.
    ⚠️ Ln 460:9 — Non-English (Turkish) characters in string: ""Finansman ve vergi öncesi operasyonel nakit kârı (EBITDA) h". Use Technical Academic English for code strings.
    ⚠️ Ln 464:91 — Non-English (Turkish) characters in string: ""Dönem net kârı."". Use Technical Academic English for code strings.
    ⚠️ Ln 465:98 — Non-English (Turkish) characters in string: ""Dönem faiz giderleri."". Use Technical Academic English for code strings.
    ⚠️ Ln 466:95 — Non-English (Turkish) characters in string: ""Dönem vergi gideri."". Use Technical Academic English for code strings.
    ⚠️ Ln 467:99 — Non-English (Turkish) characters in string: ""Dönem amortisman gideri."". Use Technical Academic English for code strings.
    ⚠️ Ln 476:9 — Non-English (Turkish) characters in string: ""Yatırımın kâr üzerinden kendini amorti etme süresini (F/K) ". Use Technical Academic English for code strings.
    ⚠️ Ln 480:32 — Non-English (Turkish) characters in string: ""Hisse Fiyatı (₺)"". Use Technical Academic English for code strings.
    ⚠️ Ln 481:33 — Non-English (Turkish) characters in string: ""Hisse Başı Kâr (₺)"". Use Technical Academic English for code strings.
    ⚠️ Ln 485:18 — Non-English (Turkish) characters in string: ""F/K (P/E) Oranı"". Use Technical Academic English for code strings.
    ⚠️ Ln 490:9 — Non-English (Turkish) characters in string: ""Piyasanın şirketin defter değerine biçtiği primi (PD/DD) he". Use Technical Academic English for code strings.
    ⚠️ Ln 494:33 — Non-English (Turkish) characters in string: ""Piyasa Değeri (₺)"". Use Technical Academic English for code strings.
    ⚠️ Ln 495:30 — Non-English (Turkish) characters in string: ""Özsermaye (₺)"". Use Technical Academic English for code strings.
    ⚠️ Ln 499:18 — Non-English (Turkish) characters in string: ""PD/DD (P/B) Oranı"". Use Technical Academic English for code strings.
    ⚠️ Ln 504:9 — Non-English (Turkish) characters in string: ""1 birimlik satış için ödenen piyasa bedelini (F/S) hesaplar". Use Technical Academic English for code strings.
    ⚠️ Ln 508:33 — Non-English (Turkish) characters in string: ""Piyasa Değeri (₺)"". Use Technical Academic English for code strings.
    ⚠️ Ln 509:35 — Non-English (Turkish) characters in string: ""Toplam Satışlar (₺)"". Use Technical Academic English for code strings.
    ⚠️ Ln 513:18 — Non-English (Turkish) characters in string: ""F/S (P/S) Oranı"". Use Technical Academic English for code strings.
    ⚠️ Ln 518:9 — Non-English (Turkish) characters in string: ""Kârlılık, verimlilik ve kaldıracın özsermaye getirisine etk". Use Technical Academic English for code strings.
    ⚠️ Ln 522:91 — Non-English (Turkish) characters in string: ""Dönem net kârı."". Use Technical Academic English for code strings.
    ⚠️ Ln 523:29 — Non-English (Turkish) characters in string: ""Satışlar (₺)"". Use Technical Academic English for code strings.
    ⚠️ Ln 524:30 — Non-English (Turkish) characters in string: ""Toplam Varlıklar (₺)"". Use Technical Academic English for code strings.
    ⚠️ Ln 525:30 — Non-English (Turkish) characters in string: ""Özsermaye (₺)"". Use Technical Academic English for code strings.
    ⚠️ Ln 527:101 — Non-English (Turkish) characters in string: "", kaldırac: "". Use Technical Academic English for code strings.
    ⚠️ Ln 534:9 — Non-English (Turkish) characters in string: ""Şirketin yatırdığı sermayeden ürettiği vergi sonrası verimi". Use Technical Academic English for code strings.
    ⚠️ Ln 538:83 — Non-English (Turkish) characters in string: ""Vergi sonrası net faaliyet kârı."". Use Technical Academic English for code strings.
    ⚠️ Ln 539:37 — Non-English (Turkish) characters in string: ""Yatırılan Sermaye (₺)"". Use Technical Academic English for code strings.
    ⚠️ Ln 543:18 — Non-English (Turkish) characters in string: ""ROIC (Yatırılan Sermaye Getirisi)"". Use Technical Academic English for code strings.
    ⚠️ Ln 548:9 — Non-English (Turkish) characters in string: ""Sermaye maliyeti düşüldükten sonra kalan reel ekonomik kârı". Use Technical Academic English for code strings.
    ⚠️ Ln 552:83 — Non-English (Turkish) characters in string: ""Vergi sonrası net faaliyet kârı."". Use Technical Academic English for code strings.
    ⚠️ Ln 553:28 — Non-English (Turkish) characters in string: ""Yatırılan Sermaye (₺)"". Use Technical Academic English for code strings.
    ⚠️ Ln 554:72 — Non-English (Turkish) characters in string: ""Ağırlıklı ortalama sermaye maliyeti."". Use Technical Academic English for code strings.
    ⚠️ Ln 558:18 — Non-English (Turkish) characters in string: ""EVA (Ekonomik Katma Değer)"". Use Technical Academic English for code strings.
    ⚠️ Ln 563:9 — Non-English (Turkish) characters in string: ""Toplam risk (volatilite) başına üretilen fazla getiriyi (Sh". Use Technical Academic English for code strings.
    ⚠️ Ln 567:36 — Non-English (Turkish) characters in string: ""Portföy Getirisi (%)"". Use Technical Academic English for code strings.
    ⚠️ Ln 568:96 — Non-English (Turkish) characters in string: ""Risksiz varlık getirisi."". Use Technical Academic English for code strings.
    ⚠️ Ln 569:90 — Non-English (Turkish) characters in string: ""Portföyün standart sapması."". Use Technical Academic English for code strings.
    ⚠️ Ln 573:18 — Non-English (Turkish) characters in string: ""Sharpe Oranı"". Use Technical Academic English for code strings.
    ⚠️ Ln 578:9 — Non-English (Turkish) characters in string: ""Sadece aşağı yönlü (zarar) risk başına üretilen getiriyi (S". Use Technical Academic English for code strings.
    ⚠️ Ln 582:36 — Non-English (Turkish) characters in string: ""Portföy Getirisi (%)"". Use Technical Academic English for code strings.
    ⚠️ Ln 583:96 — Non-English (Turkish) characters in string: ""Risksiz varlık getirisi."". Use Technical Academic English for code strings.
    ⚠️ Ln 584:31 — Non-English (Turkish) characters in string: ""Aşağı Yönlü Sapma (%)"". Use Technical Academic English for code strings.
    ⚠️ Ln 588:18 — Non-English (Turkish) characters in string: ""Sortino Oranı"". Use Technical Academic English for code strings.
    ⚠️ Ln 593:9 — Non-English (Turkish) characters in string: ""Sistematik risk (Beta) başına üretilen fazla getiriyi (Trey". Use Technical Academic English for code strings.
    ⚠️ Ln 597:36 — Non-English (Turkish) characters in string: ""Portföy Getirisi (%)"". Use Technical Academic English for code strings.
    ⚠️ Ln 598:96 — Non-English (Turkish) characters in string: ""Risksiz varlık getirisi."". Use Technical Academic English for code strings.
    ⚠️ Ln 599:25 — Non-English (Turkish) characters in string: ""Beta (Sayı)"". Use Technical Academic English for code strings.
    ⚠️ Ln 603:18 — Non-English (Turkish) characters in string: ""Treynor Oranı"". Use Technical Academic English for code strings.
    ⚠️ Ln 608:9 — Non-English (Turkish) characters in string: ""Portföyün zirveden dibe yaşadığı en büyük yüzde kaybını (MD". Use Technical Academic English for code strings.
    ⚠️ Ln 612:31 — Non-English (Turkish) characters in string: ""Zirve Değer (₺)"". Use Technical Academic English for code strings.
    ⚠️ Ln 613:29 — Non-English (Turkish) characters in string: ""Dip Değer (₺)"". Use Technical Academic English for code strings.
    ⚠️ Ln 617:18 — Non-English (Turkish) characters in string: ""Maksimum Düşüş (MDD)"". Use Technical Academic English for code strings.
    ⚠️ Ln 622:9 — Non-English (Turkish) characters in string: ""Verimli sınır üzerinde basit portföy optimizasyonu yapar."". Use Technical Academic English for code strings.
    ⚠️ Ln 626:104 — Non-English (Turkish) characters in string: ""Portföyün hedef getiri beklentisi."". Use Technical Academic English for code strings.
    ⚠️ Ln 627:98 — Non-English (Turkish) characters in string: ""Portföyün tahmini volatilitesi."". Use Technical Academic English for code strings.
    ⚠️ Ln 631:18 — Non-English (Turkish) characters in string: ""Getiri/Risk Oranı"". Use Technical Academic English for code strings.
    ⚠️ Ln 636:9 — Non-English (Turkish) characters in string: ""Fonun dönemsel toplam yatırımcı getirisini hesaplar."". Use Technical Academic English for code strings.
    ⚠️ Ln 640:33 — Non-English (Turkish) characters in string: ""Dönem Başı NAV (₺)"". Use Technical Academic English for code strings.
    ⚠️ Ln 641:29 — Non-English (Turkish) characters in string: ""Dönem Sonu NAV (₺)"". Use Technical Academic English for code strings.
    ⚠️ Ln 642:28 — Non-English (Turkish) characters in string: ""Dağıtım (₺)"". Use Technical Academic English for code strings.
    ⚠️ Ln 651:9 — Non-English (Turkish) characters in string: ""Yönetim ücreti düşülmüş net ETF getirisini hesaplar."". Use Technical Academic English for code strings.
    ⚠️ Ln 655:31 — Non-English (Turkish) characters in string: ""Alış Fiyatı (₺)"". Use Technical Academic English for code strings.
    ⚠️ Ln 656:32 — Non-English (Turkish) characters in string: ""Satış Fiyatı (₺)"". Use Technical Academic English for code strings.
    ⚠️ Ln 657:28 — Non-English (Turkish) characters in string: ""Temettü (₺)"". Use Technical Academic English for code strings.
    ⚠️ Ln 658:31 — Non-English (Turkish) characters in string: ""Gider Oranı (%)"". Use Technical Academic English for code strings.
    ⚠️ Ln 667:9 — Non-English (Turkish) characters in string: ""Vadeli kontratın fiyat hareketinden doğan nakit kâr/zararın". Use Technical Academic English for code strings.
    ⚠️ Ln 671:32 — Non-English (Turkish) characters in string: ""Giriş Fiyatı (₺)"". Use Technical Academic English for code strings.
    ⚠️ Ln 672:32 — Non-English (Turkish) characters in string: ""Çıkış Fiyatı (₺)"". Use Technical Academic English for code strings.
    ⚠️ Ln 673:27 — Non-English (Turkish) characters in string: ""Kontrat Çarpanı"". Use Technical Academic English for code strings.
    ⚠️ Ln 674:86 — Non-English (Turkish) characters in string: ""İşlem miktarı."". Use Technical Academic English for code strings.
    ⚠️ Ln 683:9 — Non-English (Turkish) characters in string: ""Avrupa tipi alım opsiyonunun teorik prim değerini (Black-Sc". Use Technical Academic English for code strings.
    ⚠️ Ln 687:86 — Non-English (Turkish) characters in string: ""Dayanak varlığın güncel fiyatı."". Use Technical Academic English for code strings.
    ⚠️ Ln 688:22 — Non-English (Turkish) characters in string: ""Kullanım Fiyatı (₺)"". Use Technical Academic English for code strings.
    ⚠️ Ln 689:86 — Non-English (Turkish) characters in string: ""Risksiz faiz oranı."". Use Technical Academic English for code strings.
    ⚠️ Ln 690:22 — Non-English (Turkish) characters in string: ""Vade (Yıl)"". Use Technical Academic English for code strings.
    ⚠️ Ln 691:81 — Non-English (Turkish) characters in string: ""Yıllık volatilite."". Use Technical Academic English for code strings.
    ⚠️ Ln 700:9 — Non-English (Turkish) characters in string: ""Parite hareketinin hesap para birimindeki kâr/zarar karşılı". Use Technical Academic English for code strings.
    ⚠️ Ln 704:89 — Non-English (Turkish) characters in string: ""İşlem büyüklüğü."". Use Technical Academic English for code strings.
    ⚠️ Ln 705:30 — Non-English (Turkish) characters in string: ""Pip Değeri (₺)"". Use Technical Academic English for code strings.
    ⚠️ Ln 706:90 — Non-English (Turkish) characters in string: ""Fiyatın hareket ettiği pip sayısı."". Use Technical Academic English for code strings.
    ⚠️ Ln 715:9 — Non-English (Turkish) characters in string: ""Borsa kesintileri sonrası net kripto kârını hesaplar."". Use Technical Academic English for code strings.
    ⚠️ Ln 719:25 — Non-English (Turkish) characters in string: ""Alış Fiyatı (₺)"". Use Technical Academic English for code strings.
    ⚠️ Ln 720:26 — Non-English (Turkish) characters in string: ""Satış Fiyatı (₺)"". Use Technical Academic English for code strings.
    ⚠️ Ln 721:90 — Non-English (Turkish) characters in string: ""Alınıp satılan miktar."". Use Technical Academic English for code strings.
    ⚠️ Ln 722:29 — Non-English (Turkish) characters in string: ""Komisyon Oranı (%)"". Use Technical Academic English for code strings.
    ⚠️ Ln 726:18 — Non-English (Turkish) characters in string: ""Net Kripto Kârı"". Use Technical Academic English for code strings.
    ⚠️ Ln 731:9 — Non-English (Turkish) characters in string: ""Gas ve royalty kesintileri sonrası net NFT kârını hesaplar.". Use Technical Academic English for code strings.
    ⚠️ Ln 735:25 — Non-English (Turkish) characters in string: ""Alış Fiyatı (ETH)"". Use Technical Academic English for code strings.
    ⚠️ Ln 736:26 — Non-English (Turkish) characters in string: ""Satış Fiyatı (ETH)"". Use Technical Academic English for code strings.
    ⚠️ Ln 737:24 — Non-English (Turkish) characters in string: ""Gas Ücreti (ETH)"". Use Technical Academic English for code strings.
    ⚠️ Ln 738:28 — Non-English (Turkish) characters in string: ""Royalty Oranı (%)"". Use Technical Academic English for code strings.
    ⚠️ Ln 742:18 — Non-English (Turkish) characters in string: ""Net NFT Kârı"". Use Technical Academic English for code strings.
    ⚠️ Ln 747:9 — Non-English (Turkish) characters in string: ""Paranın enflasyondan arındırılmış bugünkü alım gücünü hesap". Use Technical Academic English for code strings.
    ⚠️ Ln 751:33 — Non-English (Turkish) characters in string: ""Nominal Değer (₺)"". Use Technical Academic English for code strings.
    ⚠️ Ln 752:30 — Non-English (Turkish) characters in string: ""Yıllık Enflasyon (%)"". Use Technical Academic English for code strings.
    ⚠️ Ln 753:24 — Non-English (Turkish) characters in string: ""Yıl Sayısı"". Use Technical Academic English for code strings.
    ⚠️ Ln 757:18 — Non-English (Turkish) characters in string: ""Enflasyon Düzeltilmiş Değer"". Use Technical Academic English for code strings.
    ⚠️ Ln 762:9 — Non-English (Turkish) characters in string: ""Enflasyon etkisi çıkarılmış net satın alma gücü artışını (r". Use Technical Academic English for code strings.
    ⚠️ Ln 766:101 — Non-English (Turkish) characters in string: ""Yatırımın nominal getirisi."". Use Technical Academic English for code strings.
    ⚠️ Ln 767:87 — Non-English (Turkish) characters in string: ""Dönem enflasyon oranı."". Use Technical Academic English for code strings.
    ⚠️ Ln 776:9 — Non-English (Turkish) characters in string: ""Alternatif yatırımın kaçırılan net getirisini (fırsat maliy". Use Technical Academic English for code strings.
    ⚠️ Ln 780:118 — Non-English (Turkish) characters in string: ""Seçilen yatırımın getirisi."". Use Technical Academic English for code strings.
    ⚠️ Ln 781:37 — Non-English (Turkish) characters in string: ""Vazgeçilen Getiri (₺)"". Use Technical Academic English for code strings.
    ⚠️ Ln 785:18 — Non-English (Turkish) characters in string: ""Fırsat Maliyeti"". Use Technical Academic English for code strings.
    ⚠️ Ln 790:9 — Non-English (Turkish) characters in string: ""Varlık satışından doğan yasal vergi yükümlülüğünü hesaplar.". Use Technical Academic English for code strings.
    ⚠️ Ln 794:26 — Non-English (Turkish) characters in string: ""Satış Bedeli (₺)"". Use Technical Academic English for code strings.
    ⚠️ Ln 795:25 — Non-English (Turkish) characters in string: ""Alış Bedeli (₺)"". Use Technical Academic English for code strings.
    ⚠️ Ln 796:31 — Non-English (Turkish) characters in string: ""Vergi Oranı (%)"". Use Technical Academic English for code strings.
    ⚠️ Ln 797:28 — Non-English (Turkish) characters in string: ""İstisna Tutarı (₺)"". Use Technical Academic English for code strings.
    ⚠️ Ln 801:18 — Non-English (Turkish) characters in string: ""Ödenecek Sermaye Kazancı Vergisi"". Use Technical Academic English for code strings.
    ⚠️ Ln 806:9 — Non-English (Turkish) characters in string: ""Belediyeye ödenmesi gereken yıllık emlak vergisini hesaplar". Use Technical Academic English for code strings.
    ⚠️ Ln 810:31 — Non-English (Turkish) characters in string: ""Rayiç Bedel (₺)"". Use Technical Academic English for code strings.
    ⚠️ Ln 811:31 — Non-English (Turkish) characters in string: ""Vergi Oranı (Binde)"". Use Technical Academic English for code strings.
    ⚠️ Ln 815:18 — Non-English (Turkish) characters in string: ""Yıllık Emlak Vergisi"". Use Technical Academic English for code strings.

  📄 scripts/deepseek/lib/359-section10.ts
    ⚠️ Ln 2:50 — Non-English (Turkish) characters in string: ""Sağlık ve Fitness"". Use Technical Academic English for code strings.
    ⚠️ Ln 6:46 — Non-English (Turkish) characters in string: ""Vücut kitle endeksini (BMI) ve obezite risk sınıflandırması". Use Technical Academic English for code strings.
    ⚠️ Ln 7:35 — Non-English (Turkish) characters in string: ""Ağırlık (kg)"". Use Technical Academic English for code strings.
    ⚠️ Ln 8:116 — Non-English (Turkish) characters in string: ""VKİ (BMI)"". Use Technical Academic English for code strings.
    ⚠️ Ln 9:61 — Non-English (Turkish) characters in string: ""Vücuttaki yağ kütlesinin toplam ağırlığa oranını (vücut yağ". Use Technical Academic English for code strings.
    ⚠️ Ln 10:83 — Non-English (Turkish) characters in string: ""Boy uzunluğu."". Use Technical Academic English for code strings.
    ⚠️ Ln 11:227 — Non-English (Turkish) characters in string: ""Vücut Yağ Yüzdesi"". Use Technical Academic English for code strings.
    ⚠️ Ln 12:66 — Non-English (Turkish) characters in string: ""Vücudun dinlenme halindeyken yaktığı minimum günlük enerjiy". Use Technical Academic English for code strings.
    ⚠️ Ln 13:35 — Non-English (Turkish) characters in string: ""Ağırlık (kg)"". Use Technical Academic English for code strings.
    ⚠️ Ln 14:180 — Non-English (Turkish) characters in string: ""BMR (Bazal Metabolizma Hızı)"". Use Technical Academic English for code strings.
    ⚠️ Ln 15:60 — Non-English (Turkish) characters in string: ""Mevcut kiloyu korumak için günlük alınması gereken toplam k". Use Technical Academic English for code strings.
    ⚠️ Ln 16:87 — Non-English (Turkish) characters in string: ""Bazal metabolizma hızı."". Use Technical Academic English for code strings.
    ⚠️ Ln 17:98 — Non-English (Turkish) characters in string: ""TDEE (Günlük Kalori İhtiyacı)"". Use Technical Academic English for code strings.
    ⚠️ Ln 18:56 — Non-English (Turkish) characters in string: ""Karvonen formülüne göre ideal antrenman nabız aralığını hes". Use Technical Academic English for code strings.
    ⚠️ Ln 19:31 — Non-English (Turkish) characters in string: ""Yaş"". Use Technical Academic English for code strings.
    ⚠️ Ln 20:160 — Non-English (Turkish) characters in string: ""Hedef Kalp Atış Hızı"". Use Technical Academic English for code strings.
    ⚠️ Ln 21:49 — Non-English (Turkish) characters in string: ""Cooper testine göre maksimum oksijen tüketim kapasitesini (". Use Technical Academic English for code strings.
    ⚠️ Ln 22:40 — Non-English (Turkish) characters in string: ""12 Dk Koşu Mesafesi (m)"". Use Technical Academic English for code strings.
    ⚠️ Ln 24:57 — Non-English (Turkish) characters in string: ""Günlük kalori hedefinin gramaj bazlı besin dağılımını (prot". Use Technical Academic English for code strings.
    ⚠️ Ln 25:32 — Non-English (Turkish) characters in string: ""Günlük Kalori (kcal)"". Use Technical Academic English for code strings.
    ⚠️ Ln 27:103 — Non-English (Turkish) characters in string: ""Yağ (g)"". Use Technical Academic English for code strings.
    ⚠️ Ln 28:48 — Non-English (Turkish) characters in string: ""Günlük baz ve aktivite kaynaklı su kaybını telafi eden mini". Use Technical Academic English for code strings.
    ⚠️ Ln 29:35 — Non-English (Turkish) characters in string: ""Ağırlık (kg)"". Use Technical Academic English for code strings.
    ⚠️ Ln 30:124 — Non-English (Turkish) characters in string: ""Günlük Su İhtiyacı"". Use Technical Academic English for code strings.

  📄 scripts/deepseek/lib/359-section11.ts
    ⚠️ Ln 2:52 — Non-English (Turkish) characters in string: ""Makine Mühendisliği"". Use Technical Academic English for code strings.
    ⚠️ Ln 6:54 — Non-English (Turkish) characters in string: ""Lineer elastik bölgedeki normal gerilmeyi Hooke Yasası ile ". Use Technical Academic English for code strings.
    ⚠️ Ln 7:44 — Non-English (Turkish) characters in string: ""Elastisite Modülü (Pa)"". Use Technical Academic English for code strings.
    ⚠️ Ln 9:63 — Non-English (Turkish) characters in string: ""Sıkı geçme bağlantısındaki yüzey temas basıncını hesaplar."". Use Technical Academic English for code strings.
    ⚠️ Ln 10:35 — Non-English (Turkish) characters in string: ""Girişim Miktarı (m)"". Use Technical Academic English for code strings.
    ⚠️ Ln 11:163 — Non-English (Turkish) characters in string: ""Temas Basıncı"". Use Technical Academic English for code strings.
    ⚠️ Ln 12:69 — Non-English (Turkish) characters in string: ""Silindirik ince cidarlı kaptaki çevresel (teğetsel) membran". Use Technical Academic English for code strings.
    ⚠️ Ln 13:34 — Non-English (Turkish) characters in string: ""İç Basınç (Pa)"". Use Technical Academic English for code strings.
    ⚠️ Ln 14:123 — Non-English (Turkish) characters in string: ""Çevresel Gerilme"". Use Technical Academic English for code strings.
    ⚠️ Ln 15:59 — Non-English (Turkish) characters in string: ""Çalışma yükünü taşıyacak minimum kaynak boğaz kalınlığını h". Use Technical Academic English for code strings.
    ⚠️ Ln 16:31 — Non-English (Turkish) characters in string: ""Uygulanan Yük (N)"". Use Technical Academic English for code strings.
    ⚠️ Ln 17:127 — Non-English (Turkish) characters in string: ""Min. Kaynak Boğaz Kalınlığı"". Use Technical Academic English for code strings.
    ⚠️ Ln 18:62 — Non-English (Turkish) characters in string: ""Yayılı yük altındaki basit kirişin maksimum çökmesini (sehi". Use Technical Academic English for code strings.
    ⚠️ Ln 19:31 — Non-English (Turkish) characters in string: ""Yayılı Yük (N/m)"". Use Technical Academic English for code strings.
    ⚠️ Ln 21:61 — Non-English (Turkish) characters in string: ""Lazer kesimde malzeme yüzeyine uygulanan net termal enerji ". Use Technical Academic English for code strings.
    ⚠️ Ln 22:36 — Non-English (Turkish) characters in string: ""Lazer Gücü (W)"". Use Technical Academic English for code strings.
    ⚠️ Ln 23:133 — Non-English (Turkish) characters in string: ""Enerji Yoğunluğu"". Use Technical Academic English for code strings.
    ⚠️ Ln 24:56 — Non-English (Turkish) characters in string: ""Lento kesitindeki maksimum eğilme gerilmesini hesaplar."". Use Technical Academic English for code strings.
    ⚠️ Ln 25:31 — Non-English (Turkish) characters in string: ""Yayılı Yük (N/m)"". Use Technical Academic English for code strings.
    ⚠️ Ln 26:205 — Non-English (Turkish) characters in string: ""Maks. Eğilme Gerilmesi"". Use Technical Academic English for code strings.
    ⚠️ Ln 27:59 — Non-English (Turkish) characters in string: ""Asal gerilmeler ve maksimum kayma gerilmesi için Mohr çembe". Use Technical Academic English for code strings.
    ⚠️ Ln 28:83 — Non-English (Turkish) characters in string: ""X yönündeki normal gerilme."". Use Technical Academic English for code strings.
    ⚠️ Ln 29:197 — Non-English (Turkish) characters in string: ""Çember Merkezi"". Use Technical Academic English for code strings.
    ⚠️ Ln 30:67 — Non-English (Turkish) characters in string: ""Dikdörtgen kesitin eğilmeye karşı gösterdiği geometrik dire". Use Technical Academic English for code strings.
    ⚠️ Ln 31:36 — Non-English (Turkish) characters in string: ""Kesit Genişliği (m)"". Use Technical Academic English for code strings.
    ⚠️ Ln 33:61 — Non-English (Turkish) characters in string: ""Normal şok dalgası sonrası statik basınç sıçramasını hesapl". Use Technical Academic English for code strings.
    ⚠️ Ln 34:32 — Non-English (Turkish) characters in string: ""Mach Sayısı"". Use Technical Academic English for code strings.
    ⚠️ Ln 35:133 — Non-English (Turkish) characters in string: ""Şok Sonrası Basınç (P₂)"". Use Technical Academic English for code strings.
    ⚠️ Ln 36:65 — Non-English (Turkish) characters in string: ""Kavitasyonu önlemek için pompa girişindeki net pozitif emme". Use Technical Academic English for code strings.
    ⚠️ Ln 37:34 — Non-English (Turkish) characters in string: ""Sıvı Yüzey Basıncı (Pa)"". Use Technical Academic English for code strings.
    ⚠️ Ln 38:154 — Non-English (Turkish) characters in string: ""NPSH (Net Pozitif Emme Yüksekliği)"". Use Technical Academic English for code strings.
    ⚠️ Ln 39:67 — Non-English (Turkish) characters in string: ""Sıcaklık değişiminin sabit boruda yarattığı eksenel termal ". Use Technical Academic English for code strings.
    ⚠️ Ln 40:44 — Non-English (Turkish) characters in string: ""Elastisite Modülü (Pa)"". Use Technical Academic English for code strings.
    ⚠️ Ln 42:61 — Non-English (Turkish) characters in string: ""Kayışın gevşek kolundaki minimum gerilme kuvvetini hesaplar". Use Technical Academic English for code strings.
    ⚠️ Ln 43:31 — Non-English (Turkish) characters in string: ""İletilen Güç (W)"". Use Technical Academic English for code strings.
    ⚠️ Ln 44:186 — Non-English (Turkish) characters in string: ""Gevşek Kol Gerilimi (F₂)"". Use Technical Academic English for code strings.
    ⚠️ Ln 45:60 — Non-English (Turkish) characters in string: ""Sistemin genliğinin maksimuma ulaştığı doğal titreşim freka". Use Technical Academic English for code strings.
    ⚠️ Ln 46:33 — Non-English (Turkish) characters in string: ""Kütle (kg)"". Use Technical Academic English for code strings.
    ⚠️ Ln 47:161 — Non-English (Turkish) characters in string: ""Doğal Frekans"". Use Technical Academic English for code strings.
    ⚠️ Ln 48:65 — Non-English (Turkish) characters in string: ""Eğilme ve burulma altındaki milin minimum çapını ASME formü". Use Technical Academic English for code strings.
    ⚠️ Ln 49:34 — Non-English (Turkish) characters in string: ""Eğilme Momenti (N.m)"". Use Technical Academic English for code strings.
    ⚠️ Ln 50:177 — Non-English (Turkish) characters in string: ""Min. Mil Çapı"". Use Technical Academic English for code strings.
    ⚠️ Ln 52:168 — Non-English (Turkish) characters in string: ""Kesit Yarıçapı (m)"". Use Technical Academic English for code strings.
    ⚠️ Ln 54:53 — Non-English (Turkish) characters in string: ""Yayda depolanan elastik potansiyel kuvveti Hooke yasası ile". Use Technical Academic English for code strings.
    ⚠️ Ln 55:111 — Non-English (Turkish) characters in string: ""Yayın rijitliği."". Use Technical Academic English for code strings.
    ⚠️ Ln 57:68 — Non-English (Turkish) characters in string: ""Sönümsüz yay-kütle sisteminin doğal açısal frekansını (ω) h". Use Technical Academic English for code strings.
    ⚠️ Ln 58:33 — Non-English (Turkish) characters in string: ""Kütle (kg)"". Use Technical Academic English for code strings.
    ⚠️ Ln 59:139 — Non-English (Turkish) characters in string: ""Açısal Frekans (ω)"". Use Technical Academic English for code strings.
    ⚠️ Ln 60:60 — Non-English (Turkish) characters in string: ""Dişli kökündeki maksimum eğilme gerilmesini Lewis formülü i". Use Technical Academic English for code strings.
    ⚠️ Ln 61:31 — Non-English (Turkish) characters in string: ""Teğetsel Kuvvet (N)"". Use Technical Academic English for code strings.
    ⚠️ Ln 62:130 — Non-English (Turkish) characters in string: ""Diş Kökü Gerilmesi"". Use Technical Academic English for code strings.
    ⚠️ Ln 63:63 — Non-English (Turkish) characters in string: ""Akışkan sütununun tabanında oluşturduğu hidrostatik basıncı". Use Technical Academic English for code strings.
    ⚠️ Ln 64:36 — Non-English (Turkish) characters in string: ""Akışkan Yoğunluğu (kg/m³)"". Use Technical Academic English for code strings.
    ⚠️ Ln 65:100 — Non-English (Turkish) characters in string: ""Hidrostatik Basınç"". Use Technical Academic English for code strings.
    ⚠️ Ln 66:63 — Non-English (Turkish) characters in string: ""Çelik profilin dış liflerindeki maksimum eğilme (normal) ge". Use Technical Academic English for code strings.
    ⚠️ Ln 67:34 — Non-English (Turkish) characters in string: ""Eğilme Momenti (N.m)"". Use Technical Academic English for code strings.
    ⚠️ Ln 68:112 — Non-English (Turkish) characters in string: ""Maks. Eğilme Gerilmesi"". Use Technical Academic English for code strings.
    ⚠️ Ln 69:48 — Non-English (Turkish) characters in string: ""Malzemenin boyundaki oransal uzama/kısalma miktarını (birim". Use Technical Academic English for code strings.
    ⚠️ Ln 70:34 — Non-English (Turkish) characters in string: ""İlk Boy (m)"". Use Technical Academic English for code strings.
    ⚠️ Ln 71:122 — Non-English (Turkish) characters in string: ""Birim Şekil Değiştirme (ε)"". Use Technical Academic English for code strings.
    ⚠️ Ln 72:54 — Non-English (Turkish) characters in string: ""Birim alana etkiyen iç kuvvet yoğunluğunu (gerilme/Stress) ". Use Technical Academic English for code strings.
    ⚠️ Ln 73:189 — Non-English (Turkish) characters in string: ""Kesit Alanı (m²)"". Use Technical Academic English for code strings.
    ⚠️ Ln 75:52 — Non-English (Turkish) characters in string: ""Delik ve mil arasındaki boşluk/geçme miktarını hesaplar."". Use Technical Academic English for code strings.
    ⚠️ Ln 76:36 — Non-English (Turkish) characters in string: ""Delik Çapı (m)"". Use Technical Academic English for code strings.
    ⚠️ Ln 77:90 — Non-English (Turkish) characters in string: ""Geçme/Boşluk Miktarı"". Use Technical Academic English for code strings.
    ⚠️ Ln 78:51 — Non-English (Turkish) characters in string: ""Zeminin göçmeden taşıyabileceği maksimum basıncı (taşıma ka". Use Technical Academic English for code strings.
    ⚠️ Ln 79:167 — Non-English (Turkish) characters in string: ""Temel Genişliği (m)"". Use Technical Academic English for code strings.
    ⚠️ Ln 80:172 — Non-English (Turkish) characters in string: ""Nihai Taşıma Kapasitesi (q)"". Use Technical Academic English for code strings.
    ⚠️ Ln 81:46 — Non-English (Turkish) characters in string: ""Farklı birimlerdeki tork değerini standart N.m birimine dön". Use Technical Academic English for code strings.
    ⚠️ Ln 82:33 — Non-English (Turkish) characters in string: ""Tork Değeri"". Use Technical Academic English for code strings.
    ⚠️ Ln 83:144 — Non-English (Turkish) characters in string: ""N.m Karşılığı"". Use Technical Academic English for code strings.
    ⚠️ Ln 84:44 — Non-English (Turkish) characters in string: ""Milin boyunda oluşan toplam burulma (dönme) miktarını hesap". Use Technical Academic English for code strings.
    ⚠️ Ln 85:226 — Non-English (Turkish) characters in string: ""Burulmaya maruz mil uzunluğu."". Use Technical Academic English for code strings.
    ⚠️ Ln 86:142 — Non-English (Turkish) characters in string: ""Burulma Açısı (θ)"". Use Technical Academic English for code strings.
    ⚠️ Ln 87:44 — Non-English (Turkish) characters in string: ""Burulma yayında oluşan açısal deplasmanı hesaplar."". Use Technical Academic English for code strings.
    ⚠️ Ln 88:276 — Non-English (Turkish) characters in string: ""Burulma yayının rijitliği."". Use Technical Academic English for code strings.
    ⚠️ Ln 89:114 — Non-English (Turkish) characters in string: ""Açısal Deplasman"". Use Technical Academic English for code strings.
    ⚠️ Ln 90:46 — Non-English (Turkish) characters in string: ""Çok eksenli yüklemedeki eşdeğer akma gerilmesini (Von Mises". Use Technical Academic English for code strings.
    ⚠️ Ln 91:83 — Non-English (Turkish) characters in string: ""X yönü normal gerilme."". Use Technical Academic English for code strings.
    ⚠️ Ln 93:45 — Non-English (Turkish) characters in string: ""Kaynak dikişine aktarılan birim enerji miktarını (ısı girdi". Use Technical Academic English for code strings.
    ⚠️ Ln 94:32 — Non-English (Turkish) characters in string: ""Kaynak Akımı (A)"". Use Technical Academic English for code strings.
    ⚠️ Ln 95:132 — Non-English (Turkish) characters in string: ""Isı Girdisi"". Use Technical Academic English for code strings.
    ⚠️ Ln 96:47 — Non-English (Turkish) characters in string: ""Dikdörtgen ahşap kesitteki maksimum kayma gerilmesini hesap". Use Technical Academic English for code strings.
    ⚠️ Ln 97:106 — Non-English (Turkish) characters in string: ""Kirişe etkiyen kesme kuvveti."". Use Technical Academic English for code strings.
    ⚠️ Ln 99:50 — Non-English (Turkish) characters in string: ""Sonsuz vida mekanizmasının mekanik verimini hesaplar."". Use Technical Academic English for code strings.
    ⚠️ Ln 100:38 — Non-English (Turkish) characters in string: ""Helis Açısı (Rad)"". Use Technical Academic English for code strings.
    ⚠️ Ln 102:49 — Non-English (Turkish) characters in string: ""Duvar kesitindeki ortalama eksenel basınç gerilmesini hesap". Use Technical Academic English for code strings.
    ⚠️ Ln 103:31 — Non-English (Turkish) characters in string: ""Düşey Yük (N)"". Use Technical Academic English for code strings.
    ⚠️ Ln 104:108 — Non-English (Turkish) characters in string: ""Duvar Basınç Gerilmesi"". Use Technical Academic English for code strings.
    ⚠️ Ln 105:47 — Non-English (Turkish) characters in string: ""Tornalama işlemindeki teorik yüzey pürüzlülüğünü (Ra) hesap". Use Technical Academic English for code strings.
    ⚠️ Ln 106:36 — Non-English (Turkish) characters in string: ""İlerleme (mm/dev)"". Use Technical Academic English for code strings.
    ⚠️ Ln 107:134 — Non-English (Turkish) characters in string: ""Yüzey Pürüzlülüğü (Ra)"". Use Technical Academic English for code strings.
    ⚠️ Ln 108:45 — Non-English (Turkish) characters in string: ""Tekil yük altındaki basit kirişin orta nokta çökmesini (seh". Use Technical Academic English for code strings.
    ⚠️ Ln 109:31 — Non-English (Turkish) characters in string: ""Tekil Yük (N)"". Use Technical Academic English for code strings.
    ⚠️ Ln 111:47 — Non-English (Turkish) characters in string: ""Lamine ahşap (LVL) kirişin taşıyabileceği maksimum eğilme m". Use Technical Academic English for code strings.
    ⚠️ Ln 112:39 — Non-English (Turkish) characters in string: ""Kesit Modülü (m³)"". Use Technical Academic English for code strings.
    ⚠️ Ln 113:103 — Non-English (Turkish) characters in string: ""Maks. Eğilme Momenti"". Use Technical Academic English for code strings.
    ⚠️ Ln 114:40 — Non-English (Turkish) characters in string: ""Çatı mahyasındaki maksimum eğilme momentini hesaplar."". Use Technical Academic English for code strings.
    ⚠️ Ln 115:35 — Non-English (Turkish) characters in string: ""Çatı Yayılı Yükü (N/m)"". Use Technical Academic English for code strings.
    ⚠️ Ln 116:111 — Non-English (Turkish) characters in string: ""Maks. Eğilme Momenti"". Use Technical Academic English for code strings.
    ⚠️ Ln 117:49 — Non-English (Turkish) characters in string: ""Kiriş kesitindeki anlık kesme kuvvetini konuma bağlı olarak". Use Technical Academic English for code strings.
    ⚠️ Ln 118:31 — Non-English (Turkish) characters in string: ""Toplam Yük (N)"". Use Technical Academic English for code strings.

  📄 scripts/deepseek/lib/359-section12.ts
    ⚠️ Ln 6:43 — Non-English (Turkish) characters in string: ""Akışkanın cisme uyguladığı yukarı yönlü kaldırma kuvvetini ". Use Technical Academic English for code strings.
    ⚠️ Ln 7:36 — Non-English (Turkish) characters in string: ""Akışkan Yoğunluğu (kg/m³)"". Use Technical Academic English for code strings.
    ⚠️ Ln 8:96 — Non-English (Turkish) characters in string: ""Kaldırma Kuvveti"". Use Technical Academic English for code strings.
    ⚠️ Ln 9:48 — Non-English (Turkish) characters in string: ""Akışkanın bir noktadaki statik basıncını Bernoulli prensibi". Use Technical Academic English for code strings.
    ⚠️ Ln 10:30 — Non-English (Turkish) characters in string: ""1. Nokta Basıncı (Pa)"". Use Technical Academic English for code strings.
    ⚠️ Ln 11:145 — Non-English (Turkish) characters in string: ""2. Nokta Basıncı (P₂)"". Use Technical Academic English for code strings.
    ⚠️ Ln 12:49 — Non-English (Turkish) characters in string: ""Brinell sertlik değerini (HB) yaklaşık Rockwell C (HRC) değ". Use Technical Academic English for code strings.
    ⚠️ Ln 13:120 — Non-English (Turkish) characters in string: ""Brinell sertlik değeri."". Use Technical Academic English for code strings.
    ⚠️ Ln 15:44 — Non-English (Turkish) characters in string: ""Sıvının dar bir boruda kılcal yükselme yüksekliğini hesapla". Use Technical Academic English for code strings.
    ⚠️ Ln 16:41 — Non-English (Turkish) characters in string: ""Yüzey Gerilimi (N/m)"". Use Technical Academic English for code strings.
    ⚠️ Ln 17:179 — Non-English (Turkish) characters in string: ""Kılcal Yükselme"". Use Technical Academic English for code strings.
    ⚠️ Ln 18:48 — Non-English (Turkish) characters in string: ""Düzlem duvardan geçen ısı transfer hızını Fourier yasası il". Use Technical Academic English for code strings.
    ⚠️ Ln 19:82 — Non-English (Turkish) characters in string: ""Isı transfer yüzey alanı."". Use Technical Academic English for code strings.
    ⚠️ Ln 20:128 — Non-English (Turkish) characters in string: ""Isı Transfer Hızı"". Use Technical Academic English for code strings.
    ⚠️ Ln 21:44 — Non-English (Turkish) characters in string: ""Birim hacimdeki depolanan enerji miktarını (enerji yoğunluğ". Use Technical Academic English for code strings.
    ⚠️ Ln 23:108 — Non-English (Turkish) characters in string: ""Enerji Yoğunluğu"". Use Technical Academic English for code strings.
    ⚠️ Ln 24:40 — Non-English (Turkish) characters in string: ""Faz diyagramında katı fazın kütle oranını (lever kuralı) he". Use Technical Academic English for code strings.
    ⚠️ Ln 25:30 — Non-English (Turkish) characters in string: ""Toplam Bileşim (%)"". Use Technical Academic English for code strings.
    ⚠️ Ln 26:119 — Non-English (Turkish) characters in string: ""Katı Faz Oranı"". Use Technical Academic English for code strings.
    ⚠️ Ln 27:50 — Non-English (Turkish) characters in string: ""Fotonun metal yüzeyden kopardığı elektronun maksimum kineti". Use Technical Academic English for code strings.
    ⚠️ Ln 28:35 — Non-English (Turkish) characters in string: ""Foton Frekansı (Hz)"". Use Technical Academic English for code strings.
    ⚠️ Ln 30:38 — Non-English (Turkish) characters in string: ""Malzemedeki boşluk oranını (porozite/gözeneklilik) hesaplar". Use Technical Academic English for code strings.
    ⚠️ Ln 31:39 — Non-English (Turkish) characters in string: ""Boşluk Hacmi (m³)"". Use Technical Academic English for code strings.
    ⚠️ Ln 33:40 — Non-English (Turkish) characters in string: ""Küresel cismin viskoz akışkandaki çökelme hızını Stokes yas". Use Technical Academic English for code strings.
    ⚠️ Ln 34:35 — Non-English (Turkish) characters in string: ""Parçacık Yarıçapı (m)"". Use Technical Academic English for code strings.
    ⚠️ Ln 35:183 — Non-English (Turkish) characters in string: ""Çökelme Hızı"". Use Technical Academic English for code strings.
    ⚠️ Ln 36:47 — Non-English (Turkish) characters in string: ""Hava direnci ile yerçekiminin dengelendiği sabit terminal h". Use Technical Academic English for code strings.
    ⚠️ Ln 37:33 — Non-English (Turkish) characters in string: ""Kütle (kg)"". Use Technical Academic English for code strings.
    ⚠️ Ln 38:173 — Non-English (Turkish) characters in string: ""Terminal Hız"". Use Technical Academic English for code strings.
    ⚠️ Ln 39:40 — Non-English (Turkish) characters in string: ""Dalganın hız ve frekansından dalga boyunu hesaplar."". Use Technical Academic English for code strings.
    ⚠️ Ln 40:31 — Non-English (Turkish) characters in string: ""Dalga Hızı (m/s)"". Use Technical Academic English for code strings.
    ⚠️ Ln 42:47 — Non-English (Turkish) characters in string: ""Farklı birimlerdeki yoğunluk değerini kg/m³ SI birimine dön". Use Technical Academic English for code strings.
    ⚠️ Ln 43:33 — Non-English (Turkish) characters in string: ""Yoğunluk Değeri"". Use Technical Academic English for code strings.
    ⚠️ Ln 44:144 — Non-English (Turkish) characters in string: ""Yoğunluk (kg/m³)"". Use Technical Academic English for code strings.
    ⚠️ Ln 45:45 — Non-English (Turkish) characters in string: ""Sıvı yüzeyindeki birim uzunluğa etkiyen çekme kuvvetini (yü". Use Technical Academic English for code strings.
    ⚠️ Ln 46:86 — Non-English (Turkish) characters in string: ""Yüzeye etkiyen kuvvet."". Use Technical Academic English for code strings.
    ⚠️ Ln 47:109 — Non-English (Turkish) characters in string: ""Yüzey Gerilimi"". Use Technical Academic English for code strings.
    ⚠️ Ln 48:60 — Non-English (Turkish) characters in string: ""Farklı birimlerdeki ısı iletkenlik değerini W/mK SI birimin". Use Technical Academic English for code strings.
    ⚠️ Ln 49:33 — Non-English (Turkish) characters in string: ""Isı İletkenlik Değeri"". Use Technical Academic English for code strings.
    ⚠️ Ln 50:112 — Non-English (Turkish) characters in string: ""Isı İletkenliği (W/mK)"". Use Technical Academic English for code strings.

  📄 scripts/deepseek/lib/359-section13.ts
    ⚠️ Ln 2:56 — Non-English (Turkish) characters in string: ""İnşaat ve Yapı"". Use Technical Academic English for code strings.
    ⚠️ Ln 6:47 — Non-English (Turkish) characters in string: ""Yüzeyi kaplamak için gereken net yapıştırıcı miktarını hesa". Use Technical Academic English for code strings.
    ⚠️ Ln 7:32 — Non-English (Turkish) characters in string: ""Yüzey Alanı (m²)"". Use Technical Academic English for code strings.
    ⚠️ Ln 8:89 — Non-English (Turkish) characters in string: ""Gerekli Yapıştırıcı"". Use Technical Academic English for code strings.
    ⚠️ Ln 9:40 — Non-English (Turkish) characters in string: ""Kesim payı dahil gereken deck tahtası sayısını hesaplar."". Use Technical Academic English for code strings.
    ⚠️ Ln 10:32 — Non-English (Turkish) characters in string: ""Deck Alanı (m²)"". Use Technical Academic English for code strings.
    ⚠️ Ln 11:155 — Non-English (Turkish) characters in string: ""Gerekli Deck Tahtası"". Use Technical Academic English for code strings.
    ⚠️ Ln 12:43 — Non-English (Turkish) characters in string: ""Duvarı kapatmak için gereken alçıpan levha sayısını hesapla". Use Technical Academic English for code strings.
    ⚠️ Ln 13:32 — Non-English (Turkish) characters in string: ""Duvar Alanı (m²)"". Use Technical Academic English for code strings.
    ⚠️ Ln 14:155 — Non-English (Turkish) characters in string: ""Gerekli Alçıpan Levha"". Use Technical Academic English for code strings.
    ⚠️ Ln 15:44 — Non-English (Turkish) characters in string: ""Alçıpan ek yerlerini dolduracak toz macun ağırlığını hesapl". Use Technical Academic English for code strings.
    ⚠️ Ln 16:32 — Non-English (Turkish) characters in string: ""Alçıpan Alanı (m²)"". Use Technical Academic English for code strings.
    ⚠️ Ln 18:42 — Non-English (Turkish) characters in string: ""Cepheyi kaplayacak siding panel sayısını hesaplar."". Use Technical Academic English for code strings.
    ⚠️ Ln 19:32 — Non-English (Turkish) characters in string: ""Cephe Alanı (m²)"". Use Technical Academic English for code strings.
    ⚠️ Ln 20:155 — Non-English (Turkish) characters in string: ""Gerekli Panel Sayısı"". Use Technical Academic English for code strings.
    ⚠️ Ln 21:41 — Non-English (Turkish) characters in string: ""Çatı saçak altının kaplanacak net yüzey alanını hesaplar."". Use Technical Academic English for code strings.
    ⚠️ Ln 22:33 — Non-English (Turkish) characters in string: ""Bina Çevresi (m)"". Use Technical Academic English for code strings.
    ⚠️ Ln 23:90 — Non-English (Turkish) characters in string: ""Saçak Altı Alanı"". Use Technical Academic English for code strings.
    ⚠️ Ln 24:41 — Non-English (Turkish) characters in string: ""Yüzeyi boyamak için gereken sprey boya hacmini hesaplar."". Use Technical Academic English for code strings.
    ⚠️ Ln 25:32 — Non-English (Turkish) characters in string: ""Yüzey Alanı (m²)"". Use Technical Academic English for code strings.
    ⚠️ Ln 27:40 — Non-English (Turkish) characters in string: ""Ahşabı emprenye etmek için gereken vernik/leke miktarını he". Use Technical Academic English for code strings.
    ⚠️ Ln 28:32 — Non-English (Turkish) characters in string: ""Ahşap Yüzey (m²)"". Use Technical Academic English for code strings.
    ⚠️ Ln 30:44 — Non-English (Turkish) characters in string: ""Cepheye uygulanacak kuru sıva harcı ağırlığını hesaplar."". Use Technical Academic English for code strings.
    ⚠️ Ln 31:32 — Non-English (Turkish) characters in string: ""Sıva Alanı (m²)"". Use Technical Academic English for code strings.
    ⚠️ Ln 32:108 — Non-English (Turkish) characters in string: ""Gerekli Sıva Harcı"". Use Technical Academic English for code strings.
    ⚠️ Ln 33:46 — Non-English (Turkish) characters in string: ""Duvar dibine döşenecek net süpürgelik metreajını hesaplar."". Use Technical Academic English for code strings.
    ⚠️ Ln 34:38 — Non-English (Turkish) characters in string: ""Oda Çevresi (m)"". Use Technical Academic English for code strings.
    ⚠️ Ln 35:114 — Non-English (Turkish) characters in string: ""Gerekli Süpürgelik"". Use Technical Academic English for code strings.
    ⚠️ Ln 36:40 — Non-English (Turkish) characters in string: ""Duvar ortasına monte edilecek dekoratif profil boyunu hesap". Use Technical Academic English for code strings.
    ⚠️ Ln 37:41 — Non-English (Turkish) characters in string: ""Duvar Uzunluğu (m)"". Use Technical Academic English for code strings.
    ⚠️ Ln 39:44 — Non-English (Turkish) characters in string: ""Desen eşleşme fireleri dahil gereken duvar kağıdı rulo sayı". Use Technical Academic English for code strings.
    ⚠️ Ln 40:32 — Non-English (Turkish) characters in string: ""Duvar Alanı (m²)"". Use Technical Academic English for code strings.
    ⚠️ Ln 41:180 — Non-English (Turkish) characters in string: ""Gerekli Duvar Kağıdı Rulosu"". Use Technical Academic English for code strings.
    ⚠️ Ln 42:40 — Non-English (Turkish) characters in string: ""Kenarlarda oluşacak fayans kesim fire optimizasyon oranını ". Use Technical Academic English for code strings.
    ⚠️ Ln 43:34 — Non-English (Turkish) characters in string: ""Alan Genişliği (m)"". Use Technical Academic English for code strings.
    ⚠️ Ln 44:127 — Non-English (Turkish) characters in string: ""Kesim Fire Oranı"". Use Technical Academic English for code strings.
    ⚠️ Ln 45:45 — Non-English (Turkish) characters in string: ""Rulodan kesilecek net linolyum/vinil boy uzunluğunu hesapla". Use Technical Academic English for code strings.
    ⚠️ Ln 46:32 — Non-English (Turkish) characters in string: ""Döşeme Alanı (m²)"". Use Technical Academic English for code strings.
    ⚠️ Ln 48:41 — Non-English (Turkish) characters in string: ""Üst üste binme payları düşülmüş toplam kaplama uzunluğunu h". Use Technical Academic English for code strings.
    ⚠️ Ln 49:32 — Non-English (Turkish) characters in string: ""Kaplama Alanı (m²)"". Use Technical Academic English for code strings.
    ⚠️ Ln 51:42 — Non-English (Turkish) characters in string: ""Kaldırım döşemesi için gereken kilit taşı sayısını hesaplar". Use Technical Academic English for code strings.
    ⚠️ Ln 52:32 — Non-English (Turkish) characters in string: ""Döşeme Alanı (m²)"". Use Technical Academic English for code strings.
    ⚠️ Ln 53:151 — Non-English (Turkish) characters in string: ""Gerekli Kilit Taşı"". Use Technical Academic English for code strings.
    ⚠️ Ln 54:43 — Non-English (Turkish) characters in string: ""Alt temel için gereken agrega (çakıl/kum) ağırlığını hesapl". Use Technical Academic English for code strings.
    ⚠️ Ln 55:146 — Non-English (Turkish) characters in string: ""Tabaka Kalınlığı (cm)"". Use Technical Academic English for code strings.
    ⚠️ Ln 57:47 — Non-English (Turkish) characters in string: ""Yılda biriktirilebilecek net yağmur suyu miktarını hesaplar". Use Technical Academic English for code strings.
    ⚠️ Ln 58:37 — Non-English (Turkish) characters in string: ""Çatı Alanı (m²)"". Use Technical Academic English for code strings.
    ⚠️ Ln 59:124 — Non-English (Turkish) characters in string: ""Yıllık Toplanan Su"". Use Technical Academic English for code strings.
    ⚠️ Ln 60:40 — Non-English (Turkish) characters in string: ""Suyu yüzeye basacak pompanın minimum mil gücünü hesaplar."". Use Technical Academic English for code strings.
    ⚠️ Ln 61:167 — Non-English (Turkish) characters in string: ""Toplam Yükseklik (m)"". Use Technical Academic English for code strings.
    ⚠️ Ln 62:142 — Non-English (Turkish) characters in string: ""Min. Pompa Gücü"". Use Technical Academic English for code strings.
    ⚠️ Ln 63:50 — Non-English (Turkish) characters in string: ""Binanın trafo kapasitesini anlık kullanma oranını (yük fakt". Use Technical Academic English for code strings.
    ⚠️ Ln 64:105 — Non-English (Turkish) characters in string: ""Ölçülen en yüksek güç talebi."". Use Technical Academic English for code strings.
    ⚠️ Ln 65:120 — Non-English (Turkish) characters in string: ""Yük Faktörü"". Use Technical Academic English for code strings.

  📄 scripts/deepseek/lib/359-section14.ts
    ⚠️ Ln 2:52 — Non-English (Turkish) characters in string: ""Çevre ve Sürdürülebilirlik"". Use Technical Academic English for code strings.
    ⚠️ Ln 7:47 — Non-English (Turkish) characters in string: ""Binanın sürdürülebilirlik sertifikası (BREEAM/LEED) tahmini". Use Technical Academic English for code strings.
    ⚠️ Ln 8:34 — Non-English (Turkish) characters in string: ""Enerji Kriter Puanı (0-100)"". Use Technical Academic English for code strings.
    ⚠️ Ln 9:122 — Non-English (Turkish) characters in string: ""Tahmini Sertifika Puanı"". Use Technical Academic English for code strings.
    ⚠️ Ln 10:46 — Non-English (Turkish) characters in string: ""Kurumun toplam sera gazı emisyonunu (karbon ayak izi) hesap". Use Technical Academic English for code strings.
    ⚠️ Ln 11:33 — Non-English (Turkish) characters in string: ""Yakıt Tüketimi (L)"". Use Technical Academic English for code strings.
    ⚠️ Ln 12:172 — Non-English (Turkish) characters in string: ""Toplam Karbon Ayak İzi"". Use Technical Academic English for code strings.
    ⚠️ Ln 13:39 — Non-English (Turkish) characters in string: ""Kurumun finansal olmayan sürdürülebilirlik notunu (ESG skor". Use Technical Academic English for code strings.
    ⚠️ Ln 14:33 — Non-English (Turkish) characters in string: ""Çevre Puanı (0-100)"". Use Technical Academic English for code strings.
    ⚠️ Ln 16:52 — Non-English (Turkish) characters in string: ""Üretimde kullanılan ikincil hammadde oranını (döngüsel ekon". Use Technical Academic English for code strings.
    ⚠️ Ln 17:41 — Non-English (Turkish) characters in string: ""Geri Kazanılan Malzeme (ton)"". Use Technical Academic English for code strings.
    ⚠️ Ln 18:126 — Non-English (Turkish) characters in string: ""Döngüsel Ekonomi Oranı"". Use Technical Academic English for code strings.
    ⚠️ Ln 19:45 — Non-English (Turkish) characters in string: ""Birim ürün başına harcanan tatlı su miktarını (su ayak izi)". Use Technical Academic English for code strings.
    ⚠️ Ln 20:39 — Non-English (Turkish) characters in string: ""Üretim Hacmi (Ton)"". Use Technical Academic English for code strings.
    ⚠️ Ln 21:121 — Non-English (Turkish) characters in string: ""Su Ayak İzi"". Use Technical Academic English for code strings.
    ⚠️ Ln 22:43 — Non-English (Turkish) characters in string: ""Atığı depolamak için gereken minimum deponi sahası yüzey al". Use Technical Academic English for code strings.
    ⚠️ Ln 23:37 — Non-English (Turkish) characters in string: ""Atık Hacmi (m³)"". Use Technical Academic English for code strings.
    ⚠️ Ln 24:139 — Non-English (Turkish) characters in string: ""Gerekli Deponi Alanı"". Use Technical Academic English for code strings.
    ⚠️ Ln 25:44 — Non-English (Turkish) characters in string: ""Atık yönetimindeki başarı ve kazanım yüzdesini (geri dönüşü". Use Technical Academic English for code strings.
    ⚠️ Ln 26:39 — Non-English (Turkish) characters in string: ""Geri Dönüştürülen (ton)"". Use Technical Academic English for code strings.
    ⚠️ Ln 27:123 — Non-English (Turkish) characters in string: ""Geri Dönüşüm Oranı"". Use Technical Academic English for code strings.
    ⚠️ Ln 28:46 — Non-English (Turkish) characters in string: ""Yağış sonrası havzadan çıkacak yüzey akış suyu miktarını he". Use Technical Academic English for code strings.
    ⚠️ Ln 29:38 — Non-English (Turkish) characters in string: ""Havza Alanı (km²)"". Use Technical Academic English for code strings.
    ⚠️ Ln 30:127 — Non-English (Turkish) characters in string: ""Toplam Yüzey Akış Hacmi"". Use Technical Academic English for code strings.
    ⚠️ Ln 31:47 — Non-English (Turkish) characters in string: ""Gri su sisteminin yıllık net finansal kazancını hesaplar."". Use Technical Academic English for code strings.
    ⚠️ Ln 32:38 — Non-English (Turkish) characters in string: ""Günlük Gri Su Hacmi (m³/gün)"". Use Technical Academic English for code strings.
    ⚠️ Ln 33:127 — Non-English (Turkish) characters in string: ""Yıllık Net Tasarruf"". Use Technical Academic English for code strings.

  📄 scripts/deepseek/lib/359-section15.ts
    ⚠️ Ln 2:30 — Non-English (Turkish) characters in string: ""İleri Fizik ve Kuantum"". Use Technical Academic English for code strings.
    ⚠️ Ln 6:59 — Non-English (Turkish) characters in string: ""Parçacığın klasik fizikte aşamayacağı engeli geçme olasılığ". Use Technical Academic English for code strings.
    ⚠️ Ln 7:42 — Non-English (Turkish) characters in string: ""Engel Genişliği (m)"". Use Technical Academic English for code strings.
    ⚠️ Ln 8:204 — Non-English (Turkish) characters in string: ""Tünelleme Olasılığı"". Use Technical Academic English for code strings.
    ⚠️ Ln 9:50 — Non-English (Turkish) characters in string: ""Sonsuz potansiyel kuyusundaki parçacığın izin verilen enerj". Use Technical Academic English for code strings.
    ⚠️ Ln 10:41 — Non-English (Turkish) characters in string: ""Kuyu Genişliği (m)"". Use Technical Academic English for code strings.
    ⚠️ Ln 12:43 — Non-English (Turkish) characters in string: ""Fotonun saçılma sonrası dalga boyundaki değişimi (Compton k". Use Technical Academic English for code strings.
    ⚠️ Ln 13:40 — Non-English (Turkish) characters in string: ""Saçılma Açısı (Derece)"". Use Technical Academic English for code strings.
    ⚠️ Ln 14:129 — Non-English (Turkish) characters in string: ""Compton Kayması"". Use Technical Academic English for code strings.
    ⚠️ Ln 15:49 — Non-English (Turkish) characters in string: ""Beyaz cücenin çökmeden önceki maksimum kütle sınırını (Chan". Use Technical Academic English for code strings.
    ⚠️ Ln 16:40 — Non-English (Turkish) characters in string: ""Yıldız Kütlesi (Güneş Kütlesi)"". Use Technical Academic English for code strings.
    ⚠️ Ln 18:41 — Non-English (Turkish) characters in string: ""Tüketicinin enerjiyi ne kadar dengeli kullandığının gösterg". Use Technical Academic English for code strings.
    ⚠️ Ln 19:39 — Non-English (Turkish) characters in string: ""Ortalama Güç (kW)"". Use Technical Academic English for code strings.
    ⚠️ Ln 20:119 — Non-English (Turkish) characters in string: ""Yük Faktörü"". Use Technical Academic English for code strings.
    ⚠️ Ln 21:46 — Non-English (Turkish) characters in string: ""Işık sinyalinin hat sonundaki toplam güç kaybını (fiber opt". Use Technical Academic English for code strings.
    ⚠️ Ln 22:35 — Non-English (Turkish) characters in string: ""Fiber Uzunluğu (km)"". Use Technical Academic English for code strings.
    ⚠️ Ln 23:106 — Non-English (Turkish) characters in string: ""Toplam Zayıflama"". Use Technical Academic English for code strings.
    ⚠️ Ln 24:44 — Non-English (Turkish) characters in string: ""Rezonans için gereken fiziksel anten eleman boyunu hesaplar". Use Technical Academic English for code strings.
    ⚠️ Ln 25:97 — Non-English (Turkish) characters in string: ""Çalışma frekansı."". Use Technical Academic English for code strings.
    ⚠️ Ln 26:207 — Non-English (Turkish) characters in string: ""Anten Uzunluğu"". Use Technical Academic English for code strings.
    ⚠️ Ln 27:43 — Non-English (Turkish) characters in string: ""Basit kiriş mesnetlerindeki düşey tepki kuvvetlerini hesapl". Use Technical Academic English for code strings.
    ⚠️ Ln 28:31 — Non-English (Turkish) characters in string: ""Tekil Yük (N)"". Use Technical Academic English for code strings.

  📄 scripts/deepseek/lib/359-section16.ts
    ⚠️ Ln 2:50 — Non-English (Turkish) characters in string: ""Tarım, Denizcilik ve Sondaj"". Use Technical Academic English for code strings.
    ⚠️ Ln 7:39 — Non-English (Turkish) characters in string: ""Dekara düşen net tohumluk ihtiyacını hesaplar."". Use Technical Academic English for code strings.
    ⚠️ Ln 8:39 — Non-English (Turkish) characters in string: ""Sıra Aralığı (m)"". Use Technical Academic English for code strings.
    ⚠️ Ln 9:195 — Non-English (Turkish) characters in string: ""Tohum İhtiyacı"". Use Technical Academic English for code strings.
    ⚠️ Ln 10:50 — Non-English (Turkish) characters in string: ""Basınç kaybını önleyen minimum damla sulama ana boru iç çap". Use Technical Academic English for code strings.
    ⚠️ Ln 11:40 — Non-English (Turkish) characters in string: ""Damlatıcı Debi (L/h)"". Use Technical Academic English for code strings.
    ⚠️ Ln 12:217 — Non-English (Turkish) characters in string: ""Min. Boru İç Çapı"". Use Technical Academic English for code strings.
    ⚠️ Ln 13:41 — Non-English (Turkish) characters in string: ""Ürünün hedef neme ulaşması için gereken teorik kurutma süre". Use Technical Academic English for code strings.
    ⚠️ Ln 14:39 — Non-English (Turkish) characters in string: ""Ürün Kütlesi (kg)"". Use Technical Academic English for code strings.
    ⚠️ Ln 15:229 — Non-English (Turkish) characters in string: ""Kurutma Süresi"". Use Technical Academic English for code strings.
    ⚠️ Ln 16:43 — Non-English (Turkish) characters in string: ""Siloya depolanan net kuru madde ağırlığını hesaplar."". Use Technical Academic English for code strings.
    ⚠️ Ln 17:186 — Non-English (Turkish) characters in string: ""Sıkıştırma Yoğunluğu (kg/m³)"". Use Technical Academic English for code strings.
    ⚠️ Ln 19:46 — Non-English (Turkish) characters in string: ""Ahırdan atılması gereken kirli hava debisini hesaplar."". Use Technical Academic English for code strings.
    ⚠️ Ln 20:32 — Non-English (Turkish) characters in string: ""Ahır Alanı (m²)"". Use Technical Academic English for code strings.
    ⚠️ Ln 21:121 — Non-English (Turkish) characters in string: ""Havalandırma Debisi"". Use Technical Academic English for code strings.
    ⚠️ Ln 22:40 — Non-English (Turkish) characters in string: ""Geminin su altında kalan dikey derinliğini (draft/su çekimi". Use Technical Academic English for code strings.
    ⚠️ Ln 23:107 — Non-English (Turkish) characters in string: ""Geminin toplam ağırlığı."". Use Technical Academic English for code strings.
    ⚠️ Ln 24:141 — Non-English (Turkish) characters in string: ""Su Çekimi (Draft)"". Use Technical Academic English for code strings.
    ⚠️ Ln 25:48 — Non-English (Turkish) characters in string: ""Metasentrik yüksekliği (GM) hesaplar - pozitif ise gemi den". Use Technical Academic English for code strings.
    ⚠️ Ln 26:30 — Non-English (Turkish) characters in string: ""KB (m) - Basınç Merkezi"". Use Technical Academic English for code strings.
    ⚠️ Ln 27:85 — Non-English (Turkish) characters in string: ""GM (Metasentrik Yükseklik)"". Use Technical Academic English for code strings.
    ⚠️ Ln 28:47 — Non-English (Turkish) characters in string: ""Halatın kopmadan taşıyabileceği maksimum emniyetli yükü hes". Use Technical Academic English for code strings.
    ⚠️ Ln 29:37 — Non-English (Turkish) characters in string: ""Halat Çapı (mm)"". Use Technical Academic English for code strings.
    ⚠️ Ln 30:198 — Non-English (Turkish) characters in string: ""Emniyetli Yük"". Use Technical Academic English for code strings.
    ⚠️ Ln 31:49 — Non-English (Turkish) characters in string: ""Demirin taramasını önlemek için gereken minimum zincir boyu". Use Technical Academic English for code strings.
    ⚠️ Ln 32:39 — Non-English (Turkish) characters in string: ""Su Derinliği (m)"". Use Technical Academic English for code strings.
    ⚠️ Ln 34:50 — Non-English (Turkish) characters in string: ""Sintine suyunun tahliyesi için gereken süreyi hesaplar."". Use Technical Academic English for code strings.
    ⚠️ Ln 35:273 — Non-English (Turkish) characters in string: ""Sintine pompasının debisi."". Use Technical Academic English for code strings.
    ⚠️ Ln 36:116 — Non-English (Turkish) characters in string: ""Tahliye Süresi"". Use Technical Academic English for code strings.
    ⚠️ Ln 37:50 — Non-English (Turkish) characters in string: ""Kuyu tabanındaki hidrostatik çamur basıncını hesaplar."". Use Technical Academic English for code strings.
    ⚠️ Ln 38:42 — Non-English (Turkish) characters in string: ""Çamur Yoğunluğu (kg/m³)"". Use Technical Academic English for code strings.
    ⚠️ Ln 39:119 — Non-English (Turkish) characters in string: ""Kuyu Taban Basıncı"". Use Technical Academic English for code strings.
    ⚠️ Ln 40:49 — Non-English (Turkish) characters in string: ""Kayacı kırmak için matkap miline uygulanması gereken minimu". Use Technical Academic English for code strings.
    ⚠️ Ln 41:38 — Non-English (Turkish) characters in string: ""Matkap Ucu Çapı (m)"". Use Technical Academic English for code strings.
    ⚠️ Ln 43:50 — Non-English (Turkish) characters in string: ""Kuyu-matkap arası halkasal kesitte çamurun yükselme hızını ". Use Technical Academic English for code strings.
    ⚠️ Ln 44:37 — Non-English (Turkish) characters in string: ""Çamur Debisi (m³/s)"". Use Technical Academic English for code strings.
    ⚠️ Ln 45:170 — Non-English (Turkish) characters in string: ""Halkasal Hız"". Use Technical Academic English for code strings.
    ⚠️ Ln 46:51 — Non-English (Turkish) characters in string: ""Kazığın göçmeden taşıyabileceği maksimum eksenel yükü hesap". Use Technical Academic English for code strings.
    ⚠️ Ln 47:31 — Non-English (Turkish) characters in string: ""Kazık Çapı (m)"". Use Technical Academic English for code strings.
    ⚠️ Ln 48:273 — Non-English (Turkish) characters in string: ""Nihai Taşıma Gücü"". Use Technical Academic English for code strings.
    ⚠️ Ln 49:52 — Non-English (Turkish) characters in string: ""Şevin kaymaya karşı emniyet katsayısını (FS) hesaplar."". Use Technical Academic English for code strings.
    ⚠️ Ln 50:240 — Non-English (Turkish) characters in string: ""Kayma düzlemine dik gerilme."". Use Technical Academic English for code strings.
    ⚠️ Ln 51:266 — Non-English (Turkish) characters in string: ""Emniyet Faktörü (FS)"". Use Technical Academic English for code strings.

  📄 scripts/deepseek/lib/359-section17.ts
    ⚠️ Ln 2:42 — Non-English (Turkish) characters in string: ""Tekstil, Gıda ve Plastik"". Use Technical Academic English for code strings.
    ⚠️ Ln 7:43 — Non-English (Turkish) characters in string: ""1 metre kumaşın ağırlığını gramaj ve en bilgisine göre hesa". Use Technical Academic English for code strings.
    ⚠️ Ln 8:30 — Non-English (Turkish) characters in string: ""Kumaş Eni (m)"". Use Technical Academic English for code strings.
    ⚠️ Ln 9:96 — Non-English (Turkish) characters in string: ""Metre Ağırlığı"". Use Technical Academic English for code strings.
    ⚠️ Ln 10:47 — Non-English (Turkish) characters in string: ""Bir dikiş operasyonunun saf makine süresini hesaplar."". Use Technical Academic English for code strings.
    ⚠️ Ln 11:40 — Non-English (Turkish) characters in string: ""Dikiş Uzunluğu (mm)"". Use Technical Academic English for code strings.
    ⚠️ Ln 12:141 — Non-English (Turkish) characters in string: ""Dikiş Süresi"". Use Technical Academic English for code strings.
    ⚠️ Ln 13:48 — Non-English (Turkish) characters in string: ""Bobine sarılı toplam iplik metreajını hesaplar."". Use Technical Academic English for code strings.
    ⚠️ Ln 14:40 — Non-English (Turkish) characters in string: ""Bobin Ağırlığı (g)"". Use Technical Academic English for code strings.
    ⚠️ Ln 15:115 — Non-English (Turkish) characters in string: ""İplik Uzunluğu"". Use Technical Academic English for code strings.
    ⚠️ Ln 16:46 — Non-English (Turkish) characters in string: ""Proses sonrası kumaştaki boyutsal daralma oranını (çekme) h". Use Technical Academic English for code strings.
    ⚠️ Ln 17:35 — Non-English (Turkish) characters in string: ""Ham Ölçü (cm)"". Use Technical Academic English for code strings.
    ⚠️ Ln 18:131 — Non-English (Turkish) characters in string: ""Çekme Oranı"". Use Technical Academic English for code strings.
    ⚠️ Ln 19:45 — Non-English (Turkish) characters in string: ""Tezgahın bir vardiyada ürettiği net kumaş uzunluğunu hesapl". Use Technical Academic English for code strings.
    ⚠️ Ln 20:38 — Non-English (Turkish) characters in string: ""Atım Sayısı (atım/dk)"". Use Technical Academic English for code strings.
    ⚠️ Ln 21:194 — Non-English (Turkish) characters in string: ""Net Kumaş Üretimi"". Use Technical Academic English for code strings.
    ⚠️ Ln 22:52 — Non-English (Turkish) characters in string: ""Soğuk depo yalıtımından sızan ve soğutma sistemi tarafından". Use Technical Academic English for code strings.
    ⚠️ Ln 23:32 — Non-English (Turkish) characters in string: ""Toplam Yüzey Alanı (m²)"". Use Technical Academic English for code strings.
    ⚠️ Ln 24:118 — Non-English (Turkish) characters in string: ""Soğutma Isı Yükü"". Use Technical Academic English for code strings.
    ⚠️ Ln 25:48 — Non-English (Turkish) characters in string: ""Viskoz sıvıyı boruda ilerletmek için gereken pompa mil gücü". Use Technical Academic English for code strings.
    ⚠️ Ln 26:96 — Non-English (Turkish) characters in string: ""Sıvının akış debisi."". Use Technical Academic English for code strings.
    ⚠️ Ln 27:133 — Non-English (Turkish) characters in string: ""Gereken Pompa Gücü"". Use Technical Academic English for code strings.
    ⚠️ Ln 28:49 — Non-English (Turkish) characters in string: ""Sıvının pastörizasyon sıcaklığında kalması gereken minimum ". Use Technical Academic English for code strings.
    ⚠️ Ln 29:33 — Non-English (Turkish) characters in string: ""Pastörizasyon Hacmi (m³)"". Use Technical Academic English for code strings.
    ⚠️ Ln 30:103 — Non-English (Turkish) characters in string: ""Alıkonma Süresi"". Use Technical Academic English for code strings.
    ⚠️ Ln 31:46 — Non-English (Turkish) characters in string: ""İstenen vakum seviyesine ulaşmak için gereken pompa çalışma". Use Technical Academic English for code strings.
    ⚠️ Ln 32:38 — Non-English (Turkish) characters in string: ""Poşet Hacmi (m³)"". Use Technical Academic English for code strings.
    ⚠️ Ln 33:193 — Non-English (Turkish) characters in string: ""Vakum Süresi"". Use Technical Academic English for code strings.
    ⚠️ Ln 34:43 — Non-English (Turkish) characters in string: ""Fırının saatlik net pişirme çıktısını (kapasite) hesaplar."". Use Technical Academic English for code strings.
    ⚠️ Ln 35:38 — Non-English (Turkish) characters in string: ""Tava Sayısı (Adet/lot)"". Use Technical Academic English for code strings.
    ⚠️ Ln 36:138 — Non-English (Turkish) characters in string: ""Fırın Kapasitesi"". Use Technical Academic English for code strings.
    ⚠️ Ln 37:44 — Non-English (Turkish) characters in string: ""Kalıbın açılmasını önlemek için gereken minimum pres bağlam". Use Technical Academic English for code strings.
    ⚠️ Ln 38:44 — Non-English (Turkish) characters in string: ""Projeksiyon Alanı (cm²)"". Use Technical Academic English for code strings.
    ⚠️ Ln 39:117 — Non-English (Turkish) characters in string: ""Gerekli Kilit Tonajı"". Use Technical Academic English for code strings.
    ⚠️ Ln 40:50 — Non-English (Turkish) characters in string: ""Parçanın kalıptan çıkarılabilir sıcaklığa inme süresini hes". Use Technical Academic English for code strings.
    ⚠️ Ln 41:38 — Non-English (Turkish) characters in string: ""Et Kalınlığı (mm)"". Use Technical Academic English for code strings.
    ⚠️ Ln 42:277 — Non-English (Turkish) characters in string: ""Soğutma Süresi"". Use Technical Academic English for code strings.
    ⚠️ Ln 43:49 — Non-English (Turkish) characters in string: ""Higroskopik polimerin işlenebilir neme düşme süresini hesap". Use Technical Academic English for code strings.
    ⚠️ Ln 44:40 — Non-English (Turkish) characters in string: ""Malzeme Kütlesi (kg)"". Use Technical Academic English for code strings.
    ⚠️ Ln 45:155 — Non-English (Turkish) characters in string: ""Kurutma Süresi"". Use Technical Academic English for code strings.
    ⚠️ Ln 46:45 — Non-English (Turkish) characters in string: ""Ekstrüderin saatlik net polimer eriyik çıktısını (kapasite)". Use Technical Academic English for code strings.
    ⚠️ Ln 47:260 — Non-English (Turkish) characters in string: ""Vida dönüş hızı."". Use Technical Academic English for code strings.
    ⚠️ Ln 48:140 — Non-English (Turkish) characters in string: ""Ekstrüder Kapasitesi"". Use Technical Academic English for code strings.
    ⚠️ Ln 49:41 — Non-English (Turkish) characters in string: ""Parçanın kalıptan sıyrılması için gereken minimum koniklik/". Use Technical Academic English for code strings.
    ⚠️ Ln 50:41 — Non-English (Turkish) characters in string: ""Parça Derinliği (mm)"". Use Technical Academic English for code strings.
    ⚠️ Ln 51:182 — Non-English (Turkish) characters in string: ""Gerekli Draft Açısı"". Use Technical Academic English for code strings.

  📄 scripts/deepseek/lib/359-section18.ts
    ⚠️ Ln 2:49 — Non-English (Turkish) characters in string: ""Yangın, Elektrik ve Elektronik"". Use Technical Academic English for code strings.
    ⚠️ Ln 7:45 — Non-English (Turkish) characters in string: ""Hidrant sistemini besleyecek pompanın minimum motor gücünü ". Use Technical Academic English for code strings.
    ⚠️ Ln 8:161 — Non-English (Turkish) characters in string: ""Basınç (bar)"". Use Technical Academic English for code strings.
    ⚠️ Ln 9:148 — Non-English (Turkish) characters in string: ""Pompa Motor Gücü"". Use Technical Academic English for code strings.
    ⚠️ Ln 10:39 — Non-English (Turkish) characters in string: ""Yangın anında açığa çıkacak birim alandaki toplam ısı enerj". Use Technical Academic English for code strings.
    ⚠️ Ln 11:39 — Non-English (Turkish) characters in string: ""Yanıcı Malzeme Kütlesi (kg)"". Use Technical Academic English for code strings.
    ⚠️ Ln 12:131 — Non-English (Turkish) characters in string: ""Yangın Yükü"". Use Technical Academic English for code strings.
    ⚠️ Ln 13:49 — Non-English (Turkish) characters in string: ""Tek bir sprinkler başlığından akacak su debisini hesaplar."". Use Technical Academic English for code strings.
    ⚠️ Ln 14:37 — Non-English (Turkish) characters in string: ""K Faktörü (L/dk/bar^0.5)"". Use Technical Academic English for code strings.
    ⚠️ Ln 16:48 — Non-English (Turkish) characters in string: "'nin en küçük algılayabildiği voltaj adımını ve dinamik aral". Use Technical Academic English for code strings.
    ⚠️ Ln 17:37 — Non-English (Turkish) characters in string: ""Bit Sayısı (N)"". Use Technical Academic English for code strings.
    ⚠️ Ln 18:210 — Non-English (Turkish) characters in string: ""Dinamik Aralık (dB)"". Use Technical Academic English for code strings.
    ⚠️ Ln 19:49 — Non-English (Turkish) characters in string: ""Sonsuz telin belirli mesafesindeki manyetik akı yoğunluğunu". Use Technical Academic English for code strings.
    ⚠️ Ln 20:32 — Non-English (Turkish) characters in string: ""Telden Geçen Akım (A)"". Use Technical Academic English for code strings.
    ⚠️ Ln 22:47 — Non-English (Turkish) characters in string: ""Küçük tel elemanının oluşturduğu diferansiyel manyetik alan". Use Technical Academic English for code strings.
    ⚠️ Ln 23:32 — Non-English (Turkish) characters in string: ""Akım (A)"". Use Technical Academic English for code strings.
    ⚠️ Ln 25:50 — Non-English (Turkish) characters in string: ""Kapasitörün alternatif akıma gösterdiği direnci (kapasitif ". Use Technical Academic English for code strings.
    ⚠️ Ln 26:93 — Non-English (Turkish) characters in string: ""AC sinyal frekansı."". Use Technical Academic English for code strings.
    ⚠️ Ln 28:49 — Non-English (Turkish) characters in string: ""Bobinin alternatif akıma gösterdiği direnci (endüktif reakt". Use Technical Academic English for code strings.
    ⚠️ Ln 29:93 — Non-English (Turkish) characters in string: ""AC sinyal frekansı."". Use Technical Academic English for code strings.
    ⚠️ Ln 30:109 — Non-English (Turkish) characters in string: ""Endüktif Reaktans (Xl)"". Use Technical Academic English for code strings.
    ⚠️ Ln 31:46 — Non-English (Turkish) characters in string: ""Kapasitörün %63,2 şarj/deşarj olması için geçen süreyi (RC ". Use Technical Academic English for code strings.
    ⚠️ Ln 32:29 — Non-English (Turkish) characters in string: ""Direnç (Ω)"". Use Technical Academic English for code strings.
    ⚠️ Ln 34:52 — Non-English (Turkish) characters in string: ""RLC devresinin maksimum genlikte titreştiği frekansı (rezon". Use Technical Academic English for code strings.
    ⚠️ Ln 35:29 — Non-English (Turkish) characters in string: ""İndüktans (H)"". Use Technical Academic English for code strings.
    ⚠️ Ln 36:236 — Non-English (Turkish) characters in string: ""Rezonans Frekansı (Hz)"". Use Technical Academic English for code strings.
    ⚠️ Ln 37:34 — Non-English (Turkish) characters in string: ""İletim hattındaki empedans uyumsuzluk oranını (VSWR) hesapl". Use Technical Academic English for code strings.
    ⚠️ Ln 38:39 — Non-English (Turkish) characters in string: ""Yük Empedansı (Ω)"". Use Technical Academic English for code strings.
    ⚠️ Ln 40:51 — Non-English (Turkish) characters in string: ""İstenen sinyalin arka plan gürültüsüne baskınlığını (SNR) d". Use Technical Academic English for code strings.
    ⚠️ Ln 41:37 — Non-English (Turkish) characters in string: ""Sinyal Gücü (W)"". Use Technical Academic English for code strings.

  📄 scripts/deepseek/lib/359-section19.ts
    ⚠️ Ln 2:45 — Non-English (Turkish) characters in string: ""Mekanik, Otomotiv ve Havacılık"". Use Technical Academic English for code strings.
    ⚠️ Ln 7:52 — Non-English (Turkish) characters in string: ""Aracın durgun halden 100 km/h hıza ulaşma süresini hesaplar". Use Technical Academic English for code strings.
    ⚠️ Ln 8:33 — Non-English (Turkish) characters in string: ""Araç Kütlesi (kg)"". Use Technical Academic English for code strings.
    ⚠️ Ln 9:16 — Non-English (Turkish) characters in string: ""((tork * cekişKatsayisi) - havaDirenci) / Math.max(0.0001, ". Use Technical Academic English for code strings.
    ⚠️ Ln 10:41 — Non-English (Turkish) characters in string: ""Zincir tahrik mekanizmasının toplam zincir boyunu ve dişli ". Use Technical Academic English for code strings.
    ⚠️ Ln 11:30 — Non-English (Turkish) characters in string: ""Küçük Dişli Diş Sayısı (Z1)"". Use Technical Academic English for code strings.
    ⚠️ Ln 13:46 — Non-English (Turkish) characters in string: ""Elektrikli araç bataryasının %0'". Use Technical Academic English for code strings.
    ⚠️ Ln 14:201 — Non-English (Turkish) characters in string: ""Şarj Gücü (kW)"". Use Technical Academic English for code strings.
    ⚠️ Ln 15:138 — Non-English (Turkish) characters in string: ""Şarj Süresi"". Use Technical Academic English for code strings.
    ⚠️ Ln 16:38 — Non-English (Turkish) characters in string: ""Elektrikli aracın tam şarjla gidebileceği teorik maksimum m". Use Technical Academic English for code strings.
    ⚠️ Ln 17:116 — Non-English (Turkish) characters in string: ""Kullanılabilir batarya kapasitesi."". Use Technical Academic English for code strings.
    ⚠️ Ln 19:50 — Non-English (Turkish) characters in string: ""Farklı birimlerdeki güç değerini standart kW birimine dönüş". Use Technical Academic English for code strings.
    ⚠️ Ln 20:33 — Non-English (Turkish) characters in string: ""Güç Değeri"". Use Technical Academic English for code strings.
    ⚠️ Ln 21:143 — Non-English (Turkish) characters in string: ""kW Karşılığı"". Use Technical Academic English for code strings.
    ⚠️ Ln 22:50 — Non-English (Turkish) characters in string: ""Motor silindirleri içinde üretilen brüt teorik gücü (IHP) h". Use Technical Academic English for code strings.
    ⚠️ Ln 23:34 — Non-English (Turkish) characters in string: ""Ortalama İndike Basınc (Pa)"". Use Technical Academic English for code strings.
    ⚠️ Ln 24:113 — Non-English (Turkish) characters in string: ""İndike Beygir Gücü (IHP)"". Use Technical Academic English for code strings.
    ⚠️ Ln 25:43 — Non-English (Turkish) characters in string: ""Motorun belirli bir devirde ürettiği döndürme momentini (to". Use Technical Academic English for code strings.
    ⚠️ Ln 26:31 — Non-English (Turkish) characters in string: ""Motor Gücü (kW)"". Use Technical Academic English for code strings.
    ⚠️ Ln 28:46 — Non-English (Turkish) characters in string: ""Elektrik enerjisinin mekanik enerjiye dönüşüm başarısını (m". Use Technical Academic English for code strings.
    ⚠️ Ln 29:36 — Non-English (Turkish) characters in string: ""Çıkış Gücü (W)"". Use Technical Academic English for code strings.
    ⚠️ Ln 31:47 — Non-English (Turkish) characters in string: ""Motor gücünün direnç kuvvetlerini yendiği denge hızını (mak". Use Technical Academic English for code strings.
    ⚠️ Ln 32:31 — Non-English (Turkish) characters in string: ""Motor Gücü (W)"". Use Technical Academic English for code strings.
    ⚠️ Ln 33:112 — Non-English (Turkish) characters in string: ""Maksimum Hız"". Use Technical Academic English for code strings.
    ⚠️ Ln 34:43 — Non-English (Turkish) characters in string: ""Uçağın havalanması için gereken minimum pist mesafesini hes". Use Technical Academic English for code strings.
    ⚠️ Ln 35:37 — Non-English (Turkish) characters in string: ""Kalkış Hızı (m/s)"". Use Technical Academic English for code strings.
    ⚠️ Ln 36:163 — Non-English (Turkish) characters in string: ""Gerekli Pist Uzunluğu"". Use Technical Academic English for code strings.

  📄 scripts/deepseek/lib/359-section2.ts
    ⚠️ Ln 12:9 — Non-English (Turkish) characters in string: ""Eşit taksitli konut kredisinin aylık ödeme tutarını hesapla". Use Technical Academic English for code strings.
    ⚠️ Ln 16:26 — Non-English (Turkish) characters in string: ""Kredi Tutarı (₺)"". Use Technical Academic English for code strings.
    ⚠️ Ln 17:25 — Non-English (Turkish) characters in string: ""Yıllık Faiz (%)"". Use Technical Academic English for code strings.
    ⚠️ Ln 22:18 — Non-English (Turkish) characters in string: ""Aylık Mortgage Taksiti"". Use Technical Academic English for code strings.
    ⚠️ Ln 27:9 — Non-English (Turkish) characters in string: ""İki kredi teklifinin aylık taksit farkını hesaplar."". Use Technical Academic English for code strings.
    ⚠️ Ln 31:27 — Non-English (Turkish) characters in string: ""1. Kredi Tutarı (₺)"". Use Technical Academic English for code strings.
    ⚠️ Ln 32:87 — Non-English (Turkish) characters in string: ""Birinci kredinin faiz oranı."". Use Technical Academic English for code strings.
    ⚠️ Ln 33:27 — Non-English (Turkish) characters in string: ""2. Kredi Tutarı (₺)"". Use Technical Academic English for code strings.
    ⚠️ Ln 34:87 — Non-English (Turkish) characters in string: ""İkinci kredinin faiz oranı."". Use Technical Academic English for code strings.
    ⚠️ Ln 39:18 — Non-English (Turkish) characters in string: ""Aylık Taksit Farkı"". Use Technical Academic English for code strings.
    ⚠️ Ln 44:9 — Non-English (Turkish) characters in string: ""Belirli bir aydaki taksitin anapara/faiz dağılımını hesapla". Use Technical Academic English for code strings.
    ⚠️ Ln 48:26 — Non-English (Turkish) characters in string: ""Kredi Tutarı (₺)"". Use Technical Academic English for code strings.
    ⚠️ Ln 49:25 — Non-English (Turkish) characters in string: ""Yıllık Faiz (%)"". Use Technical Academic English for code strings.
    ⚠️ Ln 51:95 — Non-English (Turkish) characters in string: ""Detayı görüntülenecek ay."". Use Technical Academic English for code strings.
    ⚠️ Ln 60:9 — Non-English (Turkish) characters in string: ""Peşin ödenen puan maliyetinin faiz indirimiyle amorti süres". Use Technical Academic English for code strings.
    ⚠️ Ln 64:26 — Non-English (Turkish) characters in string: ""Kredi Tutarı (₺)"". Use Technical Academic English for code strings.
    ⚠️ Ln 65:30 — Non-English (Turkish) characters in string: ""Puan Oranı (%)"". Use Technical Academic English for code strings.
    ⚠️ Ln 66:34 — Non-English (Turkish) characters in string: ""Aylık Faiz Tasarrufu (₺)"". Use Technical Academic English for code strings.
    ⚠️ Ln 70:18 — Non-English (Turkish) characters in string: ""Başabaş Noktası (Ay)"". Use Technical Academic English for code strings.
    ⚠️ Ln 75:9 — Non-English (Turkish) characters in string: ""Refinansman masrafının aylık tasarrufla geri kazanılma süre". Use Technical Academic English for code strings.
    ⚠️ Ln 79:31 — Non-English (Turkish) characters in string: ""Eski Aylık Taksit (₺)"". Use Technical Academic English for code strings.
    ⚠️ Ln 80:31 — Non-English (Turkish) characters in string: ""Yeni Aylık Taksit (₺)"". Use Technical Academic English for code strings.
    ⚠️ Ln 81:35 — Non-English (Turkish) characters in string: ""Kapatma Masrafı (₺)"". Use Technical Academic English for code strings.
    ⚠️ Ln 85:18 — Non-English (Turkish) characters in string: ""Başabaş Noktası (Ay)"". Use Technical Academic English for code strings.
    ⚠️ Ln 90:9 — Non-English (Turkish) characters in string: ""Ev sermayesinin nakde çevrilerek ele geçen net tutarı hesap". Use Technical Academic English for code strings.
    ⚠️ Ln 94:31 — Non-English (Turkish) characters in string: ""Mülk Değeri (₺)"". Use Technical Academic English for code strings.
    ⚠️ Ln 95:30 — Non-English (Turkish) characters in string: ""Kalan Borç (₺)"". Use Technical Academic English for code strings.
    ⚠️ Ln 96:30 — Non-English (Turkish) characters in string: ""Yeni Kredi Tutarı (₺)"". Use Technical Academic English for code strings.
    ⚠️ Ln 97:95 — Non-English (Turkish) characters in string: ""Kapatma ve işlem masrafları."". Use Technical Academic English for code strings.
    ⚠️ Ln 101:16 — Non-English (Turkish) characters in string: ""LTV Oranı (%)"". Use Technical Academic English for code strings.
    ⚠️ Ln 106:9 — Non-English (Turkish) characters in string: ""Gelire göre bankadan çekilebilecek maksimum kredi tutarını ". Use Technical Academic English for code strings.
    ⚠️ Ln 110:31 — Non-English (Turkish) characters in string: ""Aylık Gelir (₺)"". Use Technical Academic English for code strings.
    ⚠️ Ln 111:27 — Non-English (Turkish) characters in string: ""Maks DTI Oranı (%)"". Use Technical Academic English for code strings.
    ⚠️ Ln 112:30 — Non-English (Turkish) characters in string: ""Mevcut Aylık Borç (₺)"". Use Technical Academic English for code strings.
    ⚠️ Ln 113:94 — Non-English (Turkish) characters in string: ""Kredi faiz oranı."". Use Technical Academic English for code strings.
    ⚠️ Ln 118:18 — Non-English (Turkish) characters in string: ""Maksimum Kredi Tutarı"". Use Technical Academic English for code strings.
    ⚠️ Ln 123:9 — Non-English (Turkish) characters in string: ""Fiyat/Kira oranına göre optimal barınma stratejisini hesapl". Use Technical Academic English for code strings.
    ⚠️ Ln 127:29 — Non-English (Turkish) characters in string: ""Ev Fiyatı (₺)"". Use Technical Academic English for code strings.
    ⚠️ Ln 128:31 — Non-English (Turkish) characters in string: ""Yıllık Kira (₺)"". Use Technical Academic English for code strings.
    ⚠️ Ln 132:18 — Non-English (Turkish) characters in string: ""Fiyat/Kira Oranı"". Use Technical Academic English for code strings.
    ⚠️ Ln 137:9 — Non-English (Turkish) characters in string: ""Mülkün kredi kaldıracı hariç yıllık net getiri oranını (Cap". Use Technical Academic English for code strings.
    ⚠️ Ln 141:35 — Non-English (Turkish) characters in string: ""Yıllık Net Kira Geliri (₺)"". Use Technical Academic English for code strings.
    ⚠️ Ln 142:31 — Non-English (Turkish) characters in string: ""Mülk Değeri (₺)"". Use Technical Academic English for code strings.
    ⚠️ Ln 146:18 — Non-English (Turkish) characters in string: ""Cap Rate (Getiri Oranı)"". Use Technical Academic English for code strings.
    ⚠️ Ln 151:9 — Non-English (Turkish) characters in string: ""Yatırılan özsermayenin yıllık nakit dönüş oranını (CoC) hes". Use Technical Academic English for code strings.
    ⚠️ Ln 155:35 — Non-English (Turkish) characters in string: ""Yıllık Nakit Akışı (₺)"". Use Technical Academic English for code strings.
    ⚠️ Ln 156:39 — Non-English (Turkish) characters in string: ""Toplam Nakit Yatırım (₺)"". Use Technical Academic English for code strings.
    ⚠️ Ln 169:25 — Non-English (Turkish) characters in string: ""Alım Fiyatı (₺)"". Use Technical Academic English for code strings.
    ⚠️ Ln 171:26 — Non-English (Turkish) characters in string: ""Yenilenmiş Değer (₺)"". Use Technical Academic English for code strings.
    ⚠️ Ln 172:26 — Non-English (Turkish) characters in string: ""Kredi Tutarı (₺)"". Use Technical Academic English for code strings.
    ⚠️ Ln 173:25 — Non-English (Turkish) characters in string: ""Aylık Kira (₺)"". Use Technical Academic English for code strings.
    ⚠️ Ln 182:9 — Non-English (Turkish) characters in string: ""Tüm giderler ve kredi sonrası aylık net nakit akışını hesap". Use Technical Academic English for code strings.
    ⚠️ Ln 186:29 — Non-English (Turkish) characters in string: ""Brüt Aylık Kira (₺)"". Use Technical Academic English for code strings.
    ⚠️ Ln 187:27 — Non-English (Turkish) characters in string: ""Boşluk Oranı (%)"". Use Technical Academic English for code strings.
    ⚠️ Ln 188:28 — Non-English (Turkish) characters in string: ""Aylık İşletme Gideri (₺)"". Use Technical Academic English for code strings.
    ⚠️ Ln 189:26 — Non-English (Turkish) characters in string: ""Aylık Kredi Taksiti (₺)"". Use Technical Academic English for code strings.
    ⚠️ Ln 193:18 — Non-English (Turkish) characters in string: ""Aylık Net Nakit Akışı"". Use Technical Academic English for code strings.
    ⚠️ Ln 198:9 — Non-English (Turkish) characters in string: ""Emlakçıya ödenecek aracılık hizmet bedelini hesaplar."". Use Technical Academic English for code strings.
    ⚠️ Ln 202:32 — Non-English (Turkish) characters in string: ""Satış Bedeli (₺)"". Use Technical Academic English for code strings.
    ⚠️ Ln 203:34 — Non-English (Turkish) characters in string: ""Komisyon Oranı (%)"". Use Technical Academic English for code strings.
    ⚠️ Ln 212:9 — Non-English (Turkish) characters in string: ""Tapu, ekspertiz ve dosya masrafları toplamını hesaplar."". Use Technical Academic English for code strings.
    ⚠️ Ln 216:32 — Non-English (Turkish) characters in string: ""Kredi Tutarı (₺)"". Use Technical Academic English for code strings.
    ⚠️ Ln 217:25 — Non-English (Turkish) characters in string: ""Oran Bazlı Masraf (%)"". Use Technical Academic English for code strings.
    ⚠️ Ln 218:34 — Non-English (Turkish) characters in string: ""Sabit Ücretler (₺)"". Use Technical Academic English for code strings.
    ⚠️ Ln 222:18 — Non-English (Turkish) characters in string: ""Toplam Kapanış Maliyeti"". Use Technical Academic English for code strings.
    ⚠️ Ln 227:9 — Non-English (Turkish) characters in string: ""Evin mevcut değerine göre çekilebilecek ek kredi limitini (". Use Technical Academic English for code strings.
    ⚠️ Ln 231:29 — Non-English (Turkish) characters in string: ""Ev Değeri (₺)"". Use Technical Academic English for code strings.
    ⚠️ Ln 232:30 — Non-English (Turkish) characters in string: ""Kalan Borç (₺)"". Use Technical Academic English for code strings.
    ⚠️ Ln 233:29 — Non-English (Turkish) characters in string: ""Maks Kredi/Değer Oranı (%)"". Use Technical Academic English for code strings.
    ⚠️ Ln 242:9 — Non-English (Turkish) characters in string: ""Düşük peşinatlarda bankayı koruyan aylık özel mortgage sigo". Use Technical Academic English for code strings.
    ⚠️ Ln 246:32 — Non-English (Turkish) characters in string: ""Kredi Tutarı (₺)"". Use Technical Academic English for code strings.
    ⚠️ Ln 247:29 — Non-English (Turkish) characters in string: ""Yıllık PMI Oranı (%)"". Use Technical Academic English for code strings.
    ⚠️ Ln 251:18 — Non-English (Turkish) characters in string: ""Aylık PMI Primi"". Use Technical Academic English for code strings.
    ⚠️ Ln 256:9 — Non-English (Turkish) characters in string: ""Devlet destekli FHA kredisinin başlangıç ve aylık sigorta m". Use Technical Academic English for code strings.
    ⚠️ Ln 260:26 — Non-English (Turkish) characters in string: ""Kredi Tutarı (₺)"". Use Technical Academic English for code strings.
    ⚠️ Ln 261:30 — Non-English (Turkish) characters in string: ""Peşin Sigorta Primi (%)"". Use Technical Academic English for code strings.
    ⚠️ Ln 262:31 — Non-English (Turkish) characters in string: ""Yıllık Sigorta Primi (%)"". Use Technical Academic English for code strings.
    ⚠️ Ln 266:18 — Non-English (Turkish) characters in string: ""Peşin Sigorta Primi"". Use Technical Academic English for code strings.
    ⚠️ Ln 271:9 — Non-English (Turkish) characters in string: ""Gaziler için peşinatsız kredinin faize eklenen fon maliyeti". Use Technical Academic English for code strings.
    ⚠️ Ln 275:26 — Non-English (Turkish) characters in string: ""Kredi Tutarı (₺)"". Use Technical Academic English for code strings.
    ⚠️ Ln 276:36 — Non-English (Turkish) characters in string: ""Fonlama Ücreti (%)"". Use Technical Academic English for code strings.

  📄 scripts/deepseek/lib/359-section20.ts
    ⚠️ Ln 2:30 — Non-English (Turkish) characters in string: ""İleri Fizik, Kuantum ve Enerji"". Use Technical Academic English for code strings.
    ⚠️ Ln 7:51 — Non-English (Turkish) characters in string: ""Hareketli parçacığın madde dalgası boyunu (De Broglie dalga". Use Technical Academic English for code strings.
    ⚠️ Ln 8:33 — Non-English (Turkish) characters in string: ""Parçacık Kütlesi (kg)"". Use Technical Academic English for code strings.
    ⚠️ Ln 10:47 — Non-English (Turkish) characters in string: ""İki sinyal arası oranının logaritmik ifadesini (desibel) he". Use Technical Academic English for code strings.
    ⚠️ Ln 11:32 — Non-English (Turkish) characters in string: ""Oran (Sayı)"". Use Technical Academic English for code strings.
    ⚠️ Ln 13:40 — Non-English (Turkish) characters in string: ""Merceğin ışığı kırma gücünü (diyoptri) odak uzaklığından he". Use Technical Academic English for code strings.
    ⚠️ Ln 14:39 — Non-English (Turkish) characters in string: ""Odak Uzaklığı (m)"". Use Technical Academic English for code strings.
    ⚠️ Ln 16:50 — Non-English (Turkish) characters in string: ""Elektrotta biriken veya çözünen madde miktarını Faraday ele". Use Technical Academic English for code strings.
    ⚠️ Ln 17:32 — Non-English (Turkish) characters in string: ""Akım (A)"". Use Technical Academic English for code strings.
    ⚠️ Ln 19:53 — Non-English (Turkish) characters in string: ""Bobin içindeki homojen manyetik akı yoğunluğunu (solenoid) ". Use Technical Academic English for code strings.
    ⚠️ Ln 20:32 — Non-English (Turkish) characters in string: ""Sargı Akımı (A)"". Use Technical Academic English for code strings.
    ⚠️ Ln 22:50 — Non-English (Turkish) characters in string: ""İletim hattındaki zayıflama ve faz değişim katsayısını (yay". Use Technical Academic English for code strings.
    ⚠️ Ln 23:34 — Non-English (Turkish) characters in string: ""Birim Direnç (Ω/m)"". Use Technical Academic English for code strings.
    ⚠️ Ln 24:221 — Non-English (Turkish) characters in string: ""Zayıflama Sabiti (α)"". Use Technical Academic English for code strings.
    ⚠️ Ln 25:44 — Non-English (Turkish) characters in string: ""Rezonans devresinin frekans seçiciliğini (Q faktörü) hesapl". Use Technical Academic English for code strings.
    ⚠️ Ln 26:43 — Non-English (Turkish) characters in string: ""Rezonans Frekansı (Hz)"". Use Technical Academic English for code strings.
    ⚠️ Ln 27:121 — Non-English (Turkish) characters in string: ""Kalite Faktörü (Q)"". Use Technical Academic English for code strings.
    ⚠️ Ln 28:34 — Non-English (Turkish) characters in string: ""ADC dönüşümündeki teorik sinyal/gürültü oranını (SQNR) hesa". Use Technical Academic English for code strings.
    ⚠️ Ln 29:37 — Non-English (Turkish) characters in string: ""Bit Sayısı (N)"". Use Technical Academic English for code strings.
    ⚠️ Ln 31:50 — Non-English (Turkish) characters in string: ""Farklı birimlerdeki manyetik alan değerini standart Tesla (". Use Technical Academic English for code strings.
    ⚠️ Ln 32:33 — Non-English (Turkish) characters in string: ""Manyetik Alan Değeri"". Use Technical Academic English for code strings.
    ⚠️ Ln 34:49 — Non-English (Turkish) characters in string: ""Akünün yükü besleyebileceği maksimum kesintisiz süreyi hesa". Use Technical Academic English for code strings.
    ⚠️ Ln 35:39 — Non-English (Turkish) characters in string: ""Akü Kapasitesi (Ah)"". Use Technical Academic English for code strings.
    ⚠️ Ln 36:155 — Non-English (Turkish) characters in string: ""Yedekleme Süresi"". Use Technical Academic English for code strings.
    ⚠️ Ln 37:49 — Non-English (Turkish) characters in string: ""Suyun potansiyel enerjisinden üretilen elektrik gücünü hesa". Use Technical Academic English for code strings.
    ⚠️ Ln 38:93 — Non-English (Turkish) characters in string: ""Türbine giren su debisi."". Use Technical Academic English for code strings.
    ⚠️ Ln 39:130 — Non-English (Turkish) characters in string: ""Hidroelektrik Güç"". Use Technical Academic English for code strings.
    ⚠️ Ln 40:48 — Non-English (Turkish) characters in string: ""Rüzgar türbininin rüzgardan mekanik güce dönüştürdüğü anlık". Use Technical Academic English for code strings.
    ⚠️ Ln 41:37 — Non-English (Turkish) characters in string: ""Rotor Çapı (m)"". Use Technical Academic English for code strings.
    ⚠️ Ln 42:210 — Non-English (Turkish) characters in string: ""Türbin Gücü"". Use Technical Academic English for code strings.
    ⚠️ Ln 43:47 — Non-English (Turkish) characters in string: ""İki sıcaklık rezervuarı arasında çalışan ideal ısı makinesi". Use Technical Academic English for code strings.
    ⚠️ Ln 44:39 — Non-English (Turkish) characters in string: ""Sıcak Rezervuar (K)"". Use Technical Academic English for code strings.
    ⚠️ Ln 46:43 — Non-English (Turkish) characters in string: ""Gazın durum denklemindeki (PV=nRT) bilinmeyen parametreyi h". Use Technical Academic English for code strings.
    ⚠️ Ln 47:34 — Non-English (Turkish) characters in string: ""Basınç (Pa)"". Use Technical Academic English for code strings.
    ⚠️ Ln 48:128 — Non-English (Turkish) characters in string: ""Sıcaklık (T)"". Use Technical Academic English for code strings.
    ⚠️ Ln 49:49 — Non-English (Turkish) characters in string: ""Salınan karbonu nötralize etmek için dikilmesi gereken ağaç". Use Technical Academic English for code strings.
    ⚠️ Ln 50:119 — Non-English (Turkish) characters in string: ""Nötrelenmek istenen karbon."". Use Technical Academic English for code strings.
    ⚠️ Ln 51:129 — Non-English (Turkish) characters in string: ""Gerekli Ağaç Sayısı"". Use Technical Academic English for code strings.

  📄 scripts/deepseek/lib/359-section21.ts
    ⚠️ Ln 2:50 — Non-English (Turkish) characters in string: ""Bilişim, Biyomedikal ve Maden"". Use Technical Academic English for code strings.
    ⚠️ Ln 7:46 — Non-English (Turkish) characters in string: ""Sıkıştırma ve ağ hızına göre veri yedekleme için gereken sü". Use Technical Academic English for code strings.
    ⚠️ Ln 8:191 — Non-English (Turkish) characters in string: ""Sıkıştırma Oranı"". Use Technical Academic English for code strings.
    ⚠️ Ln 9:238 — Non-English (Turkish) characters in string: ""Sıkıştırılmış Boyut (TB)"". Use Technical Academic English for code strings.
    ⚠️ Ln 10:46 — Non-English (Turkish) characters in string: ""RSA anahtar uzunluğunun sağladığı teorik simetrik şifreleme". Use Technical Academic English for code strings.
    ⚠️ Ln 11:46 — Non-English (Turkish) characters in string: ""RSA Anahtar Uzunluğu (bit)"". Use Technical Academic English for code strings.
    ⚠️ Ln 12:253 — Non-English (Turkish) characters in string: ""Simetrik Eşdeğer"". Use Technical Academic English for code strings.
    ⚠️ Ln 13:45 — Non-English (Turkish) characters in string: ""API servisinin yanıt hızını (ortalama gecikme) ve başarıyla". Use Technical Academic English for code strings.
    ⚠️ Ln 14:39 — Non-English (Turkish) characters in string: ""Toplam İstek Sayısı"". Use Technical Academic English for code strings.
    ⚠️ Ln 16:44 — Non-English (Turkish) characters in string: ""Kararlı durumda ilacın vücutta birikim faktörünü yarılanma ". Use Technical Academic English for code strings.
    ⚠️ Ln 17:41 — Non-English (Turkish) characters in string: ""Yarılanma Ömrü (Saat)"". Use Technical Academic English for code strings.
    ⚠️ Ln 18:217 — Non-English (Turkish) characters in string: ""Birikim Faktörü"". Use Technical Academic English for code strings.
    ⚠️ Ln 19:54 — Non-English (Turkish) characters in string: ""Biyolojik hasar riskini yansıtan toplam eşdeğer radyasyon d". Use Technical Academic English for code strings.
    ⚠️ Ln 20:40 — Non-English (Turkish) characters in string: ""Soğurulan Doz (mGy)"". Use Technical Academic English for code strings.
    ⚠️ Ln 22:56 — Non-English (Turkish) characters in string: ""Sinyalde örtüşmeyi (aliasing) önleyen minimum ADC örnekleme". Use Technical Academic English for code strings.
    ⚠️ Ln 23:46 — Non-English (Turkish) characters in string: ""Maks. Sinyal Frekansı (Hz)"". Use Technical Academic English for code strings.
    ⚠️ Ln 24:96 — Non-English (Turkish) characters in string: ""Min. Örnekleme Hızı"". Use Technical Academic English for code strings.
    ⚠️ Ln 25:48 — Non-English (Turkish) characters in string: ""Sahadaki net cevher ve saf metal ağırlığını (rezerv hacim) ". Use Technical Academic English for code strings.
    ⚠️ Ln 26:115 — Non-English (Turkish) characters in string: ""Cevher kütlesinin hacmi."". Use Technical Academic English for code strings.
    ⚠️ Ln 27:198 — Non-English (Turkish) characters in string: ""Metal Miktarı (ton)"". Use Technical Academic English for code strings.
    ⚠️ Ln 28:47 — Non-English (Turkish) characters in string: ""Kuyu tabanındaki çamur sütununun oluşturduğu hidrostatik ba". Use Technical Academic English for code strings.
    ⚠️ Ln 29:190 — Non-English (Turkish) characters in string: ""Sondaj Çamuru Yoğunluğu (kg/m³)"". Use Technical Academic English for code strings.
    ⚠️ Ln 30:124 — Non-English (Turkish) characters in string: ""Hidrostatik Basınç"". Use Technical Academic English for code strings.
    ⚠️ Ln 31:44 — Non-English (Turkish) characters in string: ""Belirli bir deprem büyüklüğü ve mesafe için yüzeyde beklene". Use Technical Academic English for code strings.
    ⚠️ Ln 32:43 — Non-English (Turkish) characters in string: ""Deprem Büyüklüğü (Mw)"". Use Technical Academic English for code strings.

  📄 scripts/deepseek/lib/359-section22.ts
    ⚠️ Ln 7:42 — Non-English (Turkish) characters in string: ""Bir robot ekleminin etrafında üretilen net döndürme momenti". Use Technical Academic English for code strings.
    ⚠️ Ln 8:131 — Non-English (Turkish) characters in string: ""Eklem etrafındaki atalet."". Use Technical Academic English for code strings.
    ⚠️ Ln 10:46 — Non-English (Turkish) characters in string: ""Banister modeline göre antrenmanın fizyolojik stres yükünü ". Use Technical Academic English for code strings.
    ⚠️ Ln 11:32 — Non-English (Turkish) characters in string: ""Antrenman Süresi (Dk)"". Use Technical Academic English for code strings.
    ⚠️ Ln 12:310 — Non-English (Turkish) characters in string: ""TRIMP Değeri"". Use Technical Academic English for code strings.
    ⚠️ Ln 13:51 — Non-English (Turkish) characters in string: ""Ekstremiteler arası güç asimetrisini hesaplar (%15 üstü yük". Use Technical Academic English for code strings.
    ⚠️ Ln 14:37 — Non-English (Turkish) characters in string: ""Sağ Ekstremite Kuvveti (N)"". Use Technical Academic English for code strings.
    ⚠️ Ln 15:163 — Non-English (Turkish) characters in string: ""Asimetri Oranı"". Use Technical Academic English for code strings.
    ⚠️ Ln 16:54 — Non-English (Turkish) characters in string: ""Engel nedeniyle cephenin güneşsiz kaldığı toplam süreyi (gü". Use Technical Academic English for code strings.
    ⚠️ Ln 17:98 — Non-English (Turkish) characters in string: ""Binanın bulunduğu enlem."". Use Technical Academic English for code strings.
    ⚠️ Ln 18:224 — Non-English (Turkish) characters in string: ""Tahmini Gölge Süresi"". Use Technical Academic English for code strings.
    ⚠️ Ln 19:50 — Non-English (Turkish) characters in string: ""Kavşaktaki ortalama araç bekleme süresini (trafik sinyal ge". Use Technical Academic English for code strings.
    ⚠️ Ln 20:39 — Non-English (Turkish) characters in string: ""Sinyal Döngü Süresi (s)"". Use Technical Academic English for code strings.
    ⚠️ Ln 22:47 — Non-English (Turkish) characters in string: ""Kaynaktan belirli mesafedeki tahmini ses basınç seviyesini ". Use Technical Academic English for code strings.
    ⚠️ Ln 23:35 — Non-English (Turkish) characters in string: ""Ses Gücü Seviyesi (dB)"". Use Technical Academic English for code strings.
    ⚠️ Ln 24:159 — Non-English (Turkish) characters in string: ""Ses Basınç Seviyesi"". Use Technical Academic English for code strings.
    ⚠️ Ln 25:51 — Non-English (Turkish) characters in string: ""2D robot kolun uc noktaya ulaşması için gereken eklem açıla". Use Technical Academic English for code strings.
    ⚠️ Ln 26:89 — Non-English (Turkish) characters in string: ""Uç noktanın x koordinatı."". Use Technical Academic English for code strings.
    ⚠️ Ln 28:52 — Non-English (Turkish) characters in string: ""Ziegler-Nichols yöntemine göre PID kontrolör katsayılarını ". Use Technical Academic English for code strings.
    ⚠️ Ln 29:40 — Non-English (Turkish) characters in string: ""Kritik Kazanç (Ku)"". Use Technical Academic English for code strings.
    ⚠️ Ln 30:235 — Non-English (Turkish) characters in string: ""İntegral (Ki)"". Use Technical Academic English for code strings.
    ⚠️ Ln 31:54 — Non-English (Turkish) characters in string: ""Gürültülü sensör verileriyle filtrelenmiş tahmini konumu Ka". Use Technical Academic English for code strings.
    ⚠️ Ln 32:39 — Non-English (Turkish) characters in string: ""Önceki Konum (m)"". Use Technical Academic English for code strings.
    ⚠️ Ln 34:37 — Non-English (Turkish) characters in string: ""Akademisyenin h kadar makalesinin en az h atıf aldığı etki ". Use Technical Academic English for code strings.
    ⚠️ Ln 35:31 — Non-English (Turkish) characters in string: ""Atıf Sayısı 1"". Use Technical Academic English for code strings.
    ⚠️ Ln 36:305 — Non-English (Turkish) characters in string: ""H-İndeksi"". Use Technical Academic English for code strings.
    ⚠️ Ln 37:60 — Non-English (Turkish) characters in string: ""Test sorusunun zorluk (p) ve ayırt edicilik (r) değerlerini". Use Technical Academic English for code strings.
    ⚠️ Ln 38:38 — Non-English (Turkish) characters in string: ""Doğru Cevap Sayısı"". Use Technical Academic English for code strings.
    ⚠️ Ln 39:181 — Non-English (Turkish) characters in string: ""Madde Güçlüğü (p)"". Use Technical Academic English for code strings.
    ⚠️ Ln 40:45 — Non-English (Turkish) characters in string: ""Tabakalı örneklemede her tabakanın ağırlıklandırma katsayıs". Use Technical Academic English for code strings.
    ⚠️ Ln 41:44 — Non-English (Turkish) characters in string: ""Tabaka Popülasyonu (N_h)"". Use Technical Academic English for code strings.
    ⚠️ Ln 42:195 — Non-English (Turkish) characters in string: ""Ağırlık Katsayısı"". Use Technical Academic English for code strings.
    ⚠️ Ln 43:47 — Non-English (Turkish) characters in string: ""Riski, operasyonu ve kârı karşılayan nihai sigorta poliçe b". Use Technical Academic English for code strings.
    ⚠️ Ln 44:112 — Non-English (Turkish) characters in string: ""Yıllık ortalama hasar miktarı."". Use Technical Academic English for code strings.
    ⚠️ Ln 45:155 — Non-English (Turkish) characters in string: ""Brüt Prim"". Use Technical Academic English for code strings.
    ⚠️ Ln 46:52 — Non-English (Turkish) characters in string: ""Temerrüt faizinin anaparaya eklendiği yasal toplam borç tut". Use Technical Academic English for code strings.
    ⚠️ Ln 47:96 — Non-English (Turkish) characters in string: ""Ana borç tutarı."". Use Technical Academic English for code strings.
    ⚠️ Ln 48:185 — Non-English (Turkish) characters in string: ""Toplam Borç"". Use Technical Academic English for code strings.
    ⚠️ Ln 49:52 — Non-English (Turkish) characters in string: ""Dava açma hakkının düştüğü son yasal günü (zamanaşımı süres". Use Technical Academic English for code strings.
    ⚠️ Ln 50:38 — Non-English (Turkish) characters in string: ""Olay Tarihi (Yıl)"". Use Technical Academic English for code strings.
    ⚠️ Ln 51:133 — Non-English (Turkish) characters in string: ""Zamanaşımı Bitiş Yılı"". Use Technical Academic English for code strings.

  📄 scripts/deepseek/lib/359-section3.ts
    ⚠️ Ln 4:12 — Non-English (Turkish) characters in string: ""Kredi ve Borç"". Use Technical Academic English for code strings.
    ⚠️ Ln 10:43 — Non-English (Turkish) characters in string: ""İhtiyaç kredisinin aylık ödemesini ve toplam faiz yükünü he". Use Technical Academic English for code strings.
    ⚠️ Ln 12:26 — Non-English (Turkish) characters in string: ""Kredi Tutarı (₺)"". Use Technical Academic English for code strings.
    ⚠️ Ln 13:25 — Non-English (Turkish) characters in string: ""Yıllık Faiz (%)"". Use Technical Academic English for code strings.
    ⚠️ Ln 15:84 — Non-English (Turkish) characters in string: ""Dosya masrafı ve diğer ücretler."". Use Technical Academic English for code strings.
    ⚠️ Ln 19:19 — Non-English (Turkish) characters in string: ""Aylık Taksit"". Use Technical Academic English for code strings.
    ⚠️ Ln 22:38 — Non-English (Turkish) characters in string: ""Taşıt kredisinin peşinat düşülmüş aylık taksitini hesaplar.". Use Technical Academic English for code strings.
    ⚠️ Ln 24:26 — Non-English (Turkish) characters in string: ""Araç Fiyatı (₺)"". Use Technical Academic English for code strings.
    ⚠️ Ln 25:26 — Non-English (Turkish) characters in string: ""Peşinat (₺)"". Use Technical Academic English for code strings.
    ⚠️ Ln 26:25 — Non-English (Turkish) characters in string: ""Yıllık Faiz (%)"". Use Technical Academic English for code strings.
    ⚠️ Ln 31:18 — Non-English (Turkish) characters in string: ""Aylık Araba Kredisi Taksiti"". Use Technical Academic English for code strings.
    ⚠️ Ln 34:39 — Non-English (Turkish) characters in string: ""Deniz aracı finansmanının aylık ödeme planını hesaplar."". Use Technical Academic English for code strings.
    ⚠️ Ln 36:26 — Non-English (Turkish) characters in string: ""Tekne Fiyatı (₺)"". Use Technical Academic English for code strings.
    ⚠️ Ln 37:26 — Non-English (Turkish) characters in string: ""Peşinat (₺)"". Use Technical Academic English for code strings.
    ⚠️ Ln 38:25 — Non-English (Turkish) characters in string: ""Yıllık Faiz (%)"". Use Technical Academic English for code strings.
    ⚠️ Ln 43:18 — Non-English (Turkish) characters in string: ""Aylık Tekne Kredisi Taksiti"". Use Technical Academic English for code strings.
    ⚠️ Ln 46:45 — Non-English (Turkish) characters in string: ""Motosiklet alımının aylık taksit tutarını hesaplar."". Use Technical Academic English for code strings.
    ⚠️ Ln 48:26 — Non-English (Turkish) characters in string: ""Motosiklet Fiyatı (₺)"". Use Technical Academic English for code strings.
    ⚠️ Ln 49:26 — Non-English (Turkish) characters in string: ""Peşinat (₺)"". Use Technical Academic English for code strings.
    ⚠️ Ln 50:25 — Non-English (Turkish) characters in string: ""Yıllık Faiz (%)"". Use Technical Academic English for code strings.
    ⚠️ Ln 55:18 — Non-English (Turkish) characters in string: ""Aylık Motosiklet Kredisi Taksiti"". Use Technical Academic English for code strings.
    ⚠️ Ln 58:37 — Non-English (Turkish) characters in string: ""Karavan finansmanının uzun vadeli aylık ödemesini hesaplar.". Use Technical Academic English for code strings.
    ⚠️ Ln 60:26 — Non-English (Turkish) characters in string: ""Karavan Fiyatı (₺)"". Use Technical Academic English for code strings.
    ⚠️ Ln 61:26 — Non-English (Turkish) characters in string: ""Peşinat (₺)"". Use Technical Academic English for code strings.
    ⚠️ Ln 62:25 — Non-English (Turkish) characters in string: ""Yıllık Faiz (%)"". Use Technical Academic English for code strings.
    ⚠️ Ln 67:18 — Non-English (Turkish) characters in string: ""Aylık RV Kredisi Taksiti"". Use Technical Academic English for code strings.
    ⚠️ Ln 70:42 — Non-English (Turkish) characters in string: ""Mezuniyet sonrası erteleme süresi bitince başlayan aylık ta". Use Technical Academic English for code strings.
    ⚠️ Ln 72:26 — Non-English (Turkish) characters in string: ""Kredi Tutarı (₺)"". Use Technical Academic English for code strings.
    ⚠️ Ln 73:25 — Non-English (Turkish) characters in string: ""Yıllık Faiz (%)"". Use Technical Academic English for code strings.
    ⚠️ Ln 74:90 — Non-English (Turkish) characters in string: ""Ödeme vadesi."". Use Technical Academic English for code strings.
    ⚠️ Ln 75:32 — Non-English (Turkish) characters in string: ""Erteleme Süresi (Ay)"". Use Technical Academic English for code strings.
    ⚠️ Ln 79:18 — Non-English (Turkish) characters in string: ""Erteleme Sonrası Aylık Taksit"". Use Technical Academic English for code strings.
    ⚠️ Ln 82:52 — Non-English (Turkish) characters in string: ""Faiz düşüşüyle vade sonuna kadar sağlanan net kazancı hesap". Use Technical Academic English for code strings.
    ⚠️ Ln 86:88 — Non-English (Turkish) characters in string: ""Refinansman sonrası faiz."". Use Technical Academic English for code strings.
    ⚠️ Ln 87:106 — Non-English (Turkish) characters in string: ""Kalan ödeme süresi."". Use Technical Academic English for code strings.
    ⚠️ Ln 94:50 — Non-English (Turkish) characters in string: ""Ekstre kesiminden ödeme gününe kadar işleyen günlük faizi h". Use Technical Academic English for code strings.
    ⚠️ Ln 96:27 — Non-English (Turkish) characters in string: ""Dönem Borcu (₺)"". Use Technical Academic English for code strings.
    ⚠️ Ln 97:31 — Non-English (Turkish) characters in string: ""Yıllık Faiz (%)"". Use Technical Academic English for code strings.
    ⚠️ Ln 98:24 — Non-English (Turkish) characters in string: ""Gecikme Günü"". Use Technical Academic English for code strings.
    ⚠️ Ln 102:18 — Non-English (Turkish) characters in string: ""İşlemiş Faiz"". Use Technical Academic English for code strings.
    ⚠️ Ln 105:57 — Non-English (Turkish) characters in string: ""Yasal olarak ödenmesi gereken asgari kredi kartı ödeme tuta". Use Technical Academic English for code strings.
    ⚠️ Ln 107:27 — Non-English (Turkish) characters in string: ""Toplam Borç (₺)"". Use Technical Academic English for code strings.
    ⚠️ Ln 108:31 — Non-English (Turkish) characters in string: ""Asgari Ödeme Oranı (%)"". Use Technical Academic English for code strings.
    ⚠️ Ln 112:18 — Non-English (Turkish) characters in string: ""Asgari Ödeme Tutarı"". Use Technical Academic English for code strings.
    ⚠️ Ln 115:56 — Non-English (Turkish) characters in string: ""POS cihazı veya sanal ödeme altyapısı kesintisini hesaplar.". Use Technical Academic English for code strings.
    ⚠️ Ln 117:26 — Non-English (Turkish) characters in string: ""Satış Tutarı (₺)"". Use Technical Academic English for code strings.
    ⚠️ Ln 118:26 — Non-English (Turkish) characters in string: ""Yüzde Komisyon (%)"". Use Technical Academic English for code strings.
    ⚠️ Ln 119:26 — Non-English (Turkish) characters in string: ""Sabit Ücret (₺)"". Use Technical Academic English for code strings.
    ⚠️ Ln 123:18 — Non-English (Turkish) characters in string: ""İşlem Ücreti"". Use Technical Academic English for code strings.
    ⚠️ Ln 126:41 — Non-English (Turkish) characters in string: ""Ek ödemeyle kredinin kapanacağı kısaltılmış süreyi hesaplar". Use Technical Academic English for code strings.
    ⚠️ Ln 128:28 — Non-English (Turkish) characters in string: ""Kredi Anaparası (₺)"". Use Technical Academic English for code strings.
    ⚠️ Ln 129:25 — Non-English (Turkish) characters in string: ""Yıllık Faiz (%)"". Use Technical Academic English for code strings.
    ⚠️ Ln 130:26 — Non-English (Turkish) characters in string: ""Normal Aylık Taksit (₺)"". Use Technical Academic English for code strings.
    ⚠️ Ln 131:28 — Non-English (Turkish) characters in string: ""Ek Aylık Ödeme (₺)"". Use Technical Academic English for code strings.
    ⚠️ Ln 135:18 — Non-English (Turkish) characters in string: ""Kalan Ay (Ek Ödemeyle)"". Use Technical Academic English for code strings.
    ⚠️ Ln 138:48 — Non-English (Turkish) characters in string: ""Tüm borçların tek bir düşük faizli kredide birleştirilmiş t". Use Technical Academic English for code strings.
    ⚠️ Ln 140:31 — Non-English (Turkish) characters in string: ""Toplam Borç (₺)"". Use Technical Academic English for code strings.
    ⚠️ Ln 146:18 — Non-English (Turkish) characters in string: ""Birleştirilmiş Aylık Taksit"". Use Technical Academic English for code strings.
    ⚠️ Ln 149:50 — Non-English (Turkish) characters in string: ""Gelirin borç ödemelerine ayrılan yüzdesini (DTI) hesaplar."". Use Technical Academic English for code strings.
    ⚠️ Ln 151:30 — Non-English (Turkish) characters in string: ""Toplam Aylık Borç (₺)"". Use Technical Academic English for code strings.
    ⚠️ Ln 152:30 — Non-English (Turkish) characters in string: ""Brüt Aylık Gelir (₺)"". Use Technical Academic English for code strings.
    ⚠️ Ln 156:18 — Non-English (Turkish) characters in string: ""Borç/Gelir Oranı (DTI)"". Use Technical Academic English for code strings.
    ⚠️ Ln 159:57 — Non-English (Turkish) characters in string: ""İşletmenin borç taksitlerini ödeme kapasitesini (DSCR) hesa". Use Technical Academic English for code strings.
    ⚠️ Ln 161:37 — Non-English (Turkish) characters in string: ""Net İşletme Geliri (₺)"". Use Technical Academic English for code strings.
    ⚠️ Ln 162:38 — Non-English (Turkish) characters in string: ""Yıllık Borç Ödemesi (₺)"". Use Technical Academic English for code strings.
    ⚠️ Ln 166:18 — Non-English (Turkish) characters in string: ""DSCR Oranı"". Use Technical Academic English for code strings.
    ⚠️ Ln 169:48 — Non-English (Turkish) characters in string: ""Bütçeyi sarsmadan ödenebilecek maksimum kredi taksitini hes". Use Technical Academic English for code strings.
    ⚠️ Ln 171:29 — Non-English (Turkish) characters in string: ""Net Aylık Gelir (₺)"". Use Technical Academic English for code strings.
    ⚠️ Ln 172:32 — Non-English (Turkish) characters in string: ""Aylık Yaşam Gideri (₺)"". Use Technical Academic English for code strings.
    ⚠️ Ln 173:35 — Non-English (Turkish) characters in string: ""Maks Taksit Oranı (%)"". Use Technical Academic English for code strings.
    ⚠️ Ln 180:43 — Non-English (Turkish) characters in string: ""Döviz kredisinin kur riskiyle artırılmış tahmini TL maliyet". Use Technical Academic English for code strings.
    ⚠️ Ln 182:26 — Non-English (Turkish) characters in string: ""Kredi Tutarı (USD)"". Use Technical Academic English for code strings.
    ⚠️ Ln 183:25 — Non-English (Turkish) characters in string: ""Yıllık Faiz (%)"". Use Technical Academic English for code strings.
    ⚠️ Ln 185:105 — Non-English (Turkish) characters in string: ""Kurun yıllık artış beklentisi."". Use Technical Academic English for code strings.
    ⚠️ Ln 186:104 — Non-English (Turkish) characters in string: ""Güncel dolar kuru."". Use Technical Academic English for code strings.
    ⚠️ Ln 190:18 — Non-English (Turkish) characters in string: ""Tahmini TL Aylık Taksit"". Use Technical Academic English for code strings.

  📄 scripts/deepseek/lib/359-section4.ts
    ⚠️ Ln 2:54 — Non-English (Turkish) characters in string: ""İşletme"". Use Technical Academic English for code strings.
    ⚠️ Ln 3:195 — Non-English (Turkish) characters in string: ""Yüzde"". Use Technical Academic English for code strings.
    ⚠️ Ln 7:57 — Non-English (Turkish) characters in string: ""Piyasa emsallerine göre tahmini satış değerini hesaplar."". Use Technical Academic English for code strings.
    ⚠️ Ln 8:33 — Non-English (Turkish) characters in string: ""FAVÖK (TL)"". Use Technical Academic English for code strings.
    ⚠️ Ln 9:89 — Non-English (Turkish) characters in string: ""Tahmini İşletme Değeri"". Use Technical Academic English for code strings.
    ⚠️ Ln 11:47 — Non-English (Turkish) characters in string: ""Yatırım öncesi ve sonrası girişim değerini hesaplar."". Use Technical Academic English for code strings.
    ⚠️ Ln 12:35 — Non-English (Turkish) characters in string: ""Yatırım Tutarı (TL)"". Use Technical Academic English for code strings.
    ⚠️ Ln 14:57 — Non-English (Turkish) characters in string: ""Yatırım Öncesi Değerleme"". Use Technical Academic English for code strings.
    ⚠️ Ln 16:34 — Non-English (Turkish) characters in string: ""İndirimli fiyatla alınabilecek hisse adedini hesaplar."". Use Technical Academic English for code strings.
    ⚠️ Ln 17:40 — Non-English (Turkish) characters in string: ""Piyasa Fiyatı (TL)"". Use Technical Academic English for code strings.
    ⚠️ Ln 19:60 — Non-English (Turkish) characters in string: ""Alınabilecek Hisse"". Use Technical Academic English for code strings.
    ⚠️ Ln 21:33 — Non-English (Turkish) characters in string: ""Vergi kesintisi sonrası ele geçen net hisse sayısını hesapl". Use Technical Academic English for code strings.
    ⚠️ Ln 22:115 — Non-English (Turkish) characters in string: ""Hak kazanılan RSU hisse adedi."". Use Technical Academic English for code strings.
    ⚠️ Ln 26:46 — Non-English (Turkish) characters in string: ""Borç senedinin hisseye dönüşmesiyle alınan hisse adedini he". Use Technical Academic English for code strings.
    ⚠️ Ln 27:35 — Non-English (Turkish) characters in string: ""Yatırım Tutarı (TL)"". Use Technical Academic English for code strings.
    ⚠️ Ln 29:60 — Non-English (Turkish) characters in string: ""Dönüşüm Sonrası Hisse"". Use Technical Academic English for code strings.
    ⚠️ Ln 31:44 — Non-English (Turkish) characters in string: ""SAFE anlaşmasıyla yatırımcıya verilecek hisse adedini hesap". Use Technical Academic English for code strings.
    ⚠️ Ln 32:35 — Non-English (Turkish) characters in string: ""Yatırım (TL)"". Use Technical Academic English for code strings.
    ⚠️ Ln 36:45 — Non-English (Turkish) characters in string: ""Mevcut hissedarların mülkiyet oranındaki azalmayı (sulandır". Use Technical Academic English for code strings.
    ⚠️ Ln 37:257 — Non-English (Turkish) characters in string: ""Yeni ihraç edilen hisse."". Use Technical Academic English for code strings.
    ⚠️ Ln 39:55 — Non-English (Turkish) characters in string: ""Sulandırma Oranı"". Use Technical Academic English for code strings.
    ⚠️ Ln 41:39 — Non-English (Turkish) characters in string: ""Her paydaşın güncel mülkiyet oranını hesaplar."". Use Technical Academic English for code strings.
    ⚠️ Ln 42:177 — Non-English (Turkish) characters in string: ""Yatırımcı Hisse (Adet)"". Use Technical Academic English for code strings.
    ⚠️ Ln 44:55 — Non-English (Turkish) characters in string: ""Kurucu Oranı"". Use Technical Academic English for code strings.
    ⚠️ Ln 46:55 — Non-English (Turkish) characters in string: ""Bir yeni müşteriyi kazanmanın ortalama maliyetini (CAC) hes". Use Technical Academic English for code strings.
    ⚠️ Ln 47:115 — Non-English (Turkish) characters in string: ""Dönem pazarlama harcaması."". Use Technical Academic English for code strings.
    ⚠️ Ln 49:57 — Non-English (Turkish) characters in string: ""Müşteri Edinim Maliyeti (CAC)"". Use Technical Academic English for code strings.
    ⚠️ Ln 51:53 — Non-English (Turkish) characters in string: ""Müşterinin ömrü boyunca kazandırdığı net kârı (CLV) hesapla". Use Technical Academic English for code strings.
    ⚠️ Ln 52:38 — Non-English (Turkish) characters in string: ""Ortalama Sipariş (TL)"". Use Technical Academic English for code strings.
    ⚠️ Ln 54:57 — Non-English (Turkish) characters in string: ""Müşteri Yaşam Boyu Değeri (CLV)"". Use Technical Academic English for code strings.
    ⚠️ Ln 56:46 — Non-English (Turkish) characters in string: ""Müşteri edinim verimliliğini (CAC/CLV oranı) hesaplar."". Use Technical Academic English for code strings.
    ⚠️ Ln 57:83 — Non-English (Turkish) characters in string: ""Müşteri yaşam boyu değeri."". Use Technical Academic English for code strings.
    ⚠️ Ln 59:59 — Non-English (Turkish) characters in string: ""CLV/CAC Oranı"". Use Technical Academic English for code strings.
    ⚠️ Ln 61:43 — Non-English (Turkish) characters in string: ""Pazarlama harcamasının getirdiği net kâr oranını hesaplar."". Use Technical Academic English for code strings.
    ⚠️ Ln 62:289 — Non-English (Turkish) characters in string: ""Toplam kampanya harcaması."". Use Technical Academic English for code strings.
    ⚠️ Ln 66:45 — Non-English (Turkish) characters in string: ""Siteye girenlerin hedeflenen eylemi gerçekleştirme yüzdesin". Use Technical Academic English for code strings.
    ⚠️ Ln 67:37 — Non-English (Turkish) characters in string: ""Ziyaretçi (Adet)"". Use Technical Academic English for code strings.
    ⚠️ Ln 69:55 — Non-English (Turkish) characters in string: ""Dönüşüm Oranı (CRO)"". Use Technical Academic English for code strings.
    ⚠️ Ln 71:48 — Non-English (Turkish) characters in string: ""Reklamın ne kadar ilgi çektiğini gösteren tıklama oranını h". Use Technical Academic English for code strings.
    ⚠️ Ln 72:35 — Non-English (Turkish) characters in string: ""Tıklama (Adet)"". Use Technical Academic English for code strings.
    ⚠️ Ln 74:55 — Non-English (Turkish) characters in string: ""Tıklama Oranı (CTR)"". Use Technical Academic English for code strings.
    ⚠️ Ln 76:44 — Non-English (Turkish) characters in string: ""Her bir reklam tıklaması için ödenen ortalama bedeli (CPC) ". Use Technical Academic English for code strings.
    ⚠️ Ln 77:113 — Non-English (Turkish) characters in string: ""Reklam bütçesi."". Use Technical Academic English for code strings.
    ⚠️ Ln 79:57 — Non-English (Turkish) characters in string: ""Tıklama Başı Maliyet (CPC)"". Use Technical Academic English for code strings.
    ⚠️ Ln 81:44 — Non-English (Turkish) characters in string: ""Reklamın 1000 kişiye ulaşmasının maliyetini (CPM) hesaplar.". Use Technical Academic English for code strings.
    ⚠️ Ln 82:111 — Non-English (Turkish) characters in string: ""Toplam reklam harcaması."". Use Technical Academic English for code strings.
    ⚠️ Ln 84:57 — Non-English (Turkish) characters in string: ""Bin Gösterim Maliyeti (CPM)"". Use Technical Academic English for code strings.
    ⚠️ Ln 86:49 — Non-English (Turkish) characters in string: ""Aboneliğini iptal eden müşteri oranını (churn) hesaplar."". Use Technical Academic English for code strings.
    ⚠️ Ln 87:37 — Non-English (Turkish) characters in string: ""Dönem Başı Müşteri"". Use Technical Academic English for code strings.
    ⚠️ Ln 89:55 — Non-English (Turkish) characters in string: ""Müşteri Kaybı (Churn)"". Use Technical Academic English for code strings.
    ⚠️ Ln 91:39 — Non-English (Turkish) characters in string: ""Şirketin iflas etmeden önce yaşayabileceği tahmini süreyi h". Use Technical Academic English for code strings.
    ⚠️ Ln 92:42 — Non-English (Turkish) characters in string: ""Dönem Başı Nakit (TL)"". Use Technical Academic English for code strings.
    ⚠️ Ln 94:60 — Non-English (Turkish) characters in string: ""Kalan Süre (Runway)"". Use Technical Academic English for code strings.
    ⚠️ Ln 96:45 — Non-English (Turkish) characters in string: ""Şirketin kısa vadeli likidite gücünü (çalışma sermayesi) he". Use Technical Academic English for code strings.
    ⚠️ Ln 97:42 — Non-English (Turkish) characters in string: ""Dönen Varlıklar (TL)"". Use Technical Academic English for code strings.
    ⚠️ Ln 99:57 — Non-English (Turkish) characters in string: ""Net Çalışma Sermayesi"". Use Technical Academic English for code strings.
    ⚠️ Ln 101:58 — Non-English (Turkish) characters in string: ""Alacakların nakde dönüşme ortalama süresini (gün) hesaplar.". Use Technical Academic English for code strings.
    ⚠️ Ln 102:39 — Non-English (Turkish) characters in string: ""Yıllık Satış (TL)"". Use Technical Academic English for code strings.
    ⚠️ Ln 104:58 — Non-English (Turkish) characters in string: ""Ortalama Tahsilat Süresi"". Use Technical Academic English for code strings.
    ⚠️ Ln 106:55 — Non-English (Turkish) characters in string: ""Tedarikçilere borçların ödenme ortalama süresini hesaplar."". Use Technical Academic English for code strings.
    ⚠️ Ln 107:38 — Non-English (Turkish) characters in string: ""Yıllık SMM (TL)"". Use Technical Academic English for code strings.
    ⚠️ Ln 109:58 — Non-English (Turkish) characters in string: ""Ortalama Ödeme Süresi"". Use Technical Academic English for code strings.
    ⚠️ Ln 111:48 — Non-English (Turkish) characters in string: ""Stokların satılıp yenilenme ortalama süresini (gün) hesapla". Use Technical Academic English for code strings.
    ⚠️ Ln 112:38 — Non-English (Turkish) characters in string: ""Yıllık SMM (TL)"". Use Technical Academic English for code strings.
    ⚠️ Ln 114:58 — Non-English (Turkish) characters in string: ""Stokta Kalma Süresi"". Use Technical Academic English for code strings.
    ⚠️ Ln 116:51 — Non-English (Turkish) characters in string: ""Nakit çıkışı ile tahsilat arasındaki geçen süreyi (CCC) hes". Use Technical Academic English for code strings.
    ⚠️ Ln 117:35 — Non-English (Turkish) characters in string: ""Stok Gün"". Use Technical Academic English for code strings.
    ⚠️ Ln 119:58 — Non-English (Turkish) characters in string: ""Nakit Dönüşüm Döngüsü (CCC)"". Use Technical Academic English for code strings.
    ⚠️ Ln 121:49 — Non-English (Turkish) characters in string: ""Sabit giderleri karşılayan birim başına katkı payını hesapl". Use Technical Academic English for code strings.
    ⚠️ Ln 122:39 — Non-English (Turkish) characters in string: ""Satış Fiyatı (TL)"". Use Technical Academic English for code strings.
    ⚠️ Ln 124:55 — Non-English (Turkish) characters in string: ""Katkı Marjı Oranı"". Use Technical Academic English for code strings.
    ⚠️ Ln 126:46 — Non-English (Turkish) characters in string: ""Üretim ve tüm giderler sonrası brüt ve net kârı hesaplar."". Use Technical Academic English for code strings.
    ⚠️ Ln 127:92 — Non-English (Turkish) characters in string: ""Toplam satış geliri."". Use Technical Academic English for code strings.
    ⚠️ Ln 129:64 — Non-English (Turkish) characters in string: ""Brüt Kâr"". Use Technical Academic English for code strings.
    ⚠️ Ln 131:46 — Non-English (Turkish) characters in string: ""Ana faaliyetlerden elde edilen kârlılık oranını (FAVÖK marj". Use Technical Academic English for code strings.
    ⚠️ Ln 132:33 — Non-English (Turkish) characters in string: ""FAVÖK (TL)"". Use Technical Academic English for code strings.
    ⚠️ Ln 134:55 — Non-English (Turkish) characters in string: ""İşletme Marjı"". Use Technical Academic English for code strings.
    ⚠️ Ln 136:52 — Non-English (Turkish) characters in string: ""Giderleri ve kârı karşılayan minimum saatlik danışmanlık be". Use Technical Academic English for code strings.
    ⚠️ Ln 137:38 — Non-English (Turkish) characters in string: ""Hedef Yıllık Gelir (TL)"". Use Technical Academic English for code strings.
    ⚠️ Ln 139:62 — Non-English (Turkish) characters in string: ""Saatlik Danışmanlık Ücreti"". Use Technical Academic English for code strings.
    ⚠️ Ln 141:52 — Non-English (Turkish) characters in string: ""Vergi ve giderler dahil edilmesi gereken saatlik serbest ça". Use Technical Academic English for code strings.
    ⚠️ Ln 142:116 — Non-English (Turkish) characters in string: ""Vergi sonrası hedef gelir."". Use Technical Academic English for code strings.
    ⚠️ Ln 144:62 — Non-English (Turkish) characters in string: ""Saatlik Serbest Çalışan Ücreti"". Use Technical Academic English for code strings.

  📄 scripts/deepseek/lib/359-section5.ts
    ⚠️ Ln 5:47 — Non-English (Turkish) characters in string: ""Amazon kesintileri sonrası birim ürün kârını hesaplar."". Use Technical Academic English for code strings.
    ⚠️ Ln 6:33 — Non-English (Turkish) characters in string: ""Satış Fiyatı (TL)"". Use Technical Academic English for code strings.
    ⚠️ Ln 8:44 — Non-English (Turkish) characters in string: ""Shopify kesintileri sonrası net e-ticaret kârını hesaplar."". Use Technical Academic English for code strings.
    ⚠️ Ln 9:33 — Non-English (Turkish) characters in string: ""Satış (TL)"". Use Technical Academic English for code strings.
    ⚠️ Ln 11:38 — Non-English (Turkish) characters in string: ""Etsy platformuna ödenen toplam komisyon ve kesintileri hesa". Use Technical Academic English for code strings.
    ⚠️ Ln 12:33 — Non-English (Turkish) characters in string: ""Satış Tutarı (TL)"". Use Technical Academic English for code strings.
    ⚠️ Ln 14:38 — Non-English (Turkish) characters in string: ""eBay nihai değer ücreti ve sabit kesintileri hesaplar."". Use Technical Academic English for code strings.
    ⚠️ Ln 15:33 — Non-English (Turkish) characters in string: ""Satış Tutarı (TL)"". Use Technical Academic English for code strings.
    ⚠️ Ln 17:49 — Non-English (Turkish) characters in string: ""Stoksuz ticarette tüm giderler sonrası net kârı hesaplar."". Use Technical Academic English for code strings.
    ⚠️ Ln 18:33 — Non-English (Turkish) characters in string: ""Satış Fiyatı (TL)"". Use Technical Academic English for code strings.
    ⚠️ Ln 19:107 — Non-English (Turkish) characters in string: ""Net Dropshipping Kârı"". Use Technical Academic English for code strings.
    ⚠️ Ln 20:46 — Non-English (Turkish) characters in string: ""Genel e-ticaret operasyonunun nihai net kârını hesaplar."". Use Technical Academic English for code strings.
    ⚠️ Ln 21:91 — Non-English (Turkish) characters in string: ""Toplam satış geliri."". Use Technical Academic English for code strings.
    ⚠️ Ln 22:110 — Non-English (Turkish) characters in string: ""Net E-Ticaret Kârı"". Use Technical Academic English for code strings.
    ⚠️ Ln 23:43 — Non-English (Turkish) characters in string: ""Desi ve ağırlık karşılaştırmalı toplam taşıma bedelini hesa". Use Technical Academic English for code strings.
    ⚠️ Ln 24:35 — Non-English (Turkish) characters in string: ""Gerçek Ağırlık (kg)"". Use Technical Academic English for code strings.
    ⚠️ Ln 26:47 — Non-English (Turkish) characters in string: ""Kargonun kapladığı hacmin ağırlık karşılığını (desi) hesapl". Use Technical Academic English for code strings.
    ⚠️ Ln 27:250 — Non-English (Turkish) characters in string: ""Yükseklik (cm)"". Use Technical Academic English for code strings.
    ⚠️ Ln 28:117 — Non-English (Turkish) characters in string: ""Hacimsel Ağırlık (Desi)"". Use Technical Academic English for code strings.
    ⚠️ Ln 29:42 — Non-English (Turkish) characters in string: ""İthalatta hesaplanan gümrük vergisini hesaplar."". Use Technical Academic English for code strings.
    ⚠️ Ln 30:222 — Non-English (Turkish) characters in string: ""Gümrük Oranı (%)"". Use Technical Academic English for code strings.
    ⚠️ Ln 31:105 — Non-English (Turkish) characters in string: ""Gümrük Vergisi"". Use Technical Academic English for code strings.
    ⚠️ Ln 32:47 — Non-English (Turkish) characters in string: ""Belirli menşeili ürünlere uygulanan ek gümrük vergisini hes". Use Technical Academic English for code strings.
    ⚠️ Ln 33:38 — Non-English (Turkish) characters in string: ""Ürün Bedeli (TL)"". Use Technical Academic English for code strings.
    ⚠️ Ln 34:103 — Non-English (Turkish) characters in string: ""Ek Gümrük Vergisi"". Use Technical Academic English for code strings.
    ⚠️ Ln 35:43 — Non-English (Turkish) characters in string: ""AB ithalatında alıcı ülkeye ödenen KDV'". Use Technical Academic English for code strings.
    ⚠️ Ln 36:100 — Non-English (Turkish) characters in string: ""Ürünün net fiyatı."". Use Technical Academic English for code strings.
    ⚠️ Ln 37:111 — Non-English (Turkish) characters in string: ""Ödenecek KDV (IOSS)"". Use Technical Academic English for code strings.
    ⚠️ Ln 38:51 — Non-English (Turkish) characters in string: ""Stripe/PayPal kesintisi sonrası hesaba geçen net tutarı hes". Use Technical Academic English for code strings.
    ⚠️ Ln 39:33 — Non-English (Turkish) characters in string: ""Satış Tutarı (TL)"". Use Technical Academic English for code strings.
    ⚠️ Ln 40:156 — Non-English (Turkish) characters in string: ""Net Hesaba Geçen Tutar"". Use Technical Academic English for code strings.

  📄 scripts/deepseek/lib/359-section6.ts
    ⚠️ Ln 6:53 — Non-English (Turkish) characters in string: ""Toplam envanter maliyetini minimize eden optimum sipariş mi". Use Technical Academic English for code strings.
    ⚠️ Ln 7:39 — Non-English (Turkish) characters in string: ""Yıllık Talep (Adet)"". Use Technical Academic English for code strings.
    ⚠️ Ln 8:171 — Non-English (Turkish) characters in string: ""EOQ (Optimum Sipariş Miktarı)"". Use Technical Academic English for code strings.
    ⚠️ Ln 9:43 — Non-English (Turkish) characters in string: ""Stoksuz kalmayı önleyen yeniden sipariş seviyesini (ROP) he". Use Technical Academic English for code strings.
    ⚠️ Ln 10:36 — Non-English (Turkish) characters in string: ""Ortalama Günlük Talep"". Use Technical Academic English for code strings.
    ⚠️ Ln 11:214 — Non-English (Turkish) characters in string: ""ROP (Yeniden Sipariş Seviyesi)"". Use Technical Academic English for code strings.
    ⚠️ Ln 12:53 — Non-English (Turkish) characters in string: ""Stokların bir yılda kaç kez satılıp yenilendiğini hesaplar.". Use Technical Academic English for code strings.
    ⚠️ Ln 13:38 — Non-English (Turkish) characters in string: ""Yıllık SMM (TL)"". Use Technical Academic English for code strings.
    ⚠️ Ln 14:115 — Non-English (Turkish) characters in string: ""Envanter Devir Hızı"". Use Technical Academic English for code strings.
    ⚠️ Ln 15:48 — Non-English (Turkish) characters in string: ""Stok kalemlerini finansal önemine göre A/B/C sınıflarına ay". Use Technical Academic English for code strings.
    ⚠️ Ln 16:39 — Non-English (Turkish) characters in string: ""Yıllık Talep (Adet)"". Use Technical Academic English for code strings.
    ⚠️ Ln 17:144 — Non-English (Turkish) characters in string: ""Yıllık Stok Değeri"". Use Technical Academic English for code strings.
    ⚠️ Ln 18:47 — Non-English (Turkish) characters in string: ""Konteynere sığabilecek maksimum kutu sayısını hesaplar."". Use Technical Academic English for code strings.
    ⚠️ Ln 19:115 — Non-English (Turkish) characters in string: ""Konteynerin iç hacmi."". Use Technical Academic English for code strings.
    ⚠️ Ln 20:155 — Non-English (Turkish) characters in string: ""Maksimum Kutu Sayısı"". Use Technical Academic English for code strings.
    ⚠️ Ln 21:48 — Non-English (Turkish) characters in string: ""Depoda barındırılabilecek maksimum palet sayısını hesaplar.". Use Technical Academic English for code strings.
    ⚠️ Ln 22:38 — Non-English (Turkish) characters in string: ""Toplam Depo Alanı (m²)"". Use Technical Academic English for code strings.
    ⚠️ Ln 24:42 — Non-English (Turkish) characters in string: ""Karayolu taşımacılığının toplam navlun bedelini hesaplar."". Use Technical Academic English for code strings.
    ⚠️ Ln 25:91 — Non-English (Turkish) characters in string: ""Taşıma mesafesi."". Use Technical Academic English for code strings.
    ⚠️ Ln 27:39 — Non-English (Turkish) characters in string: ""Gidilen yol için gereken toplam yakıt giderini hesaplar."". Use Technical Academic English for code strings.
    ⚠️ Ln 28:154 — Non-English (Turkish) characters in string: ""Yakıt Tüketimi (L/100km)"". Use Technical Academic English for code strings.
    ⚠️ Ln 29:113 — Non-English (Turkish) characters in string: ""Toplam Yakıt Maliyeti"". Use Technical Academic English for code strings.
    ⚠️ Ln 30:41 — Non-English (Turkish) characters in string: ""Havayolunda yolcu başına düşen operasyonel maliyeti hesapla". Use Technical Academic English for code strings.
    ⚠️ Ln 31:34 — Non-English (Turkish) characters in string: ""Uçuş Mesafesi (km)"". Use Technical Academic English for code strings.
    ⚠️ Ln 32:162 — Non-English (Turkish) characters in string: ""Yolcu Başı Maliyet"". Use Technical Academic English for code strings.
    ⚠️ Ln 33:39 — Non-English (Turkish) characters in string: ""Mesafe ve süreye bağlı tahmini taksi/Über yolculuk maliyeti". Use Technical Academic English for code strings.
    ⚠️ Ln 34:34 — Non-English (Turkish) characters in string: ""Açılış Ücreti (TL)"". Use Technical Academic English for code strings.
    ⚠️ Ln 35:127 — Non-English (Turkish) characters in string: ""Tahmini Yolculuk Ücreti"". Use Technical Academic English for code strings.

  📄 scripts/deepseek/lib/359-section7.ts
    ⚠️ Ln 2:40 — Non-English (Turkish) characters in string: ""Endüstri Mühendisliği"". Use Technical Academic English for code strings.
    ⚠️ Ln 6:61 — Non-English (Turkish) characters in string: ""Üretim hattının toplam verimlilik skorunu (OEE) hesaplar."". Use Technical Academic English for code strings.
    ⚠️ Ln 7:45 — Non-English (Turkish) characters in string: ""Kullanılabilirlik (%)"". Use Technical Academic English for code strings.
    ⚠️ Ln 9:45 — Non-English (Turkish) characters in string: ""İç ayarların dış ayara çevrilmesiyle kısaltılmış setup süre". Use Technical Academic English for code strings.
    ⚠️ Ln 10:34 — Non-English (Turkish) characters in string: ""İç Ayar Süresi (Dk)"". Use Technical Academic English for code strings.
    ⚠️ Ln 11:156 — Non-English (Turkish) characters in string: ""Yeni Setup Süresi"". Use Technical Academic English for code strings.
    ⚠️ Ln 12:44 — Non-English (Turkish) characters in string: ""Tecrübe arttıkça azalan birim başı üretim süresini hesaplar". Use Technical Academic English for code strings.
    ⚠️ Ln 13:35 — Non-English (Turkish) characters in string: ""İlk Birim Süresi (Dk)"". Use Technical Academic English for code strings.
    ⚠️ Ln 14:243 — Non-English (Turkish) characters in string: ""Son Birim Süresi"". Use Technical Academic English for code strings.
    ⚠️ Ln 15:43 — Non-English (Turkish) characters in string: ""Yorgunluk payı eklenmiş hedef standart üretim süresini hesa". Use Technical Academic English for code strings.
    ⚠️ Ln 16:40 — Non-English (Turkish) characters in string: ""Gözlenen Süre (Dk)"". Use Technical Academic English for code strings.
    ⚠️ Ln 17:176 — Non-English (Turkish) characters in string: ""Standart Süre"". Use Technical Academic English for code strings.
    ⚠️ Ln 18:44 — Non-English (Turkish) characters in string: ""İş yükü dağılımının dengelilik oranını (bant dengeleme veri". Use Technical Academic English for code strings.
    ⚠️ Ln 19:36 — Non-English (Turkish) characters in string: ""Toplam İş İçeriği (Dk)"". Use Technical Academic English for code strings.
    ⚠️ Ln 20:137 — Non-English (Turkish) characters in string: ""Bant Dengeleme Verimliliği"". Use Technical Academic English for code strings.
    ⚠️ Ln 21:49 — Non-English (Turkish) characters in string: ""Hattın en yavaş istasyonuna göre maksimum üretim hızını hes". Use Technical Academic English for code strings.
    ⚠️ Ln 22:37 — Non-English (Turkish) characters in string: ""1. İstasyon Süresi (Dk)"". Use Technical Academic English for code strings.
    ⚠️ Ln 23:201 — Non-English (Turkish) characters in string: ""Maksimum Üretim Hızı"". Use Technical Academic English for code strings.
    ⚠️ Ln 24:53 — Non-English (Turkish) characters in string: ""Hatalı üretimden kaynaklanan toplam finansal kaybı hesaplar". Use Technical Academic English for code strings.
    ⚠️ Ln 25:34 — Non-English (Turkish) characters in string: ""Toplam Üretim (Adet)"". Use Technical Academic English for code strings.
    ⚠️ Ln 26:140 — Non-English (Turkish) characters in string: ""Hurda Kaybı"". Use Technical Academic English for code strings.
    ⚠️ Ln 27:47 — Non-English (Turkish) characters in string: ""Ölçüm cihazının zamanla bozulma hızını (sapma) hesaplar."". Use Technical Academic English for code strings.
    ⚠️ Ln 28:35 — Non-English (Turkish) characters in string: ""Son Kalibrasyon Hatası (Birim)"". Use Technical Academic English for code strings.
    ⚠️ Ln 29:127 — Non-English (Turkish) characters in string: ""Sapma Hızı"". Use Technical Academic English for code strings.
    ⚠️ Ln 30:50 — Non-English (Turkish) characters in string: ""Üretilen her bir ürüne yüklenen yıpranma payını (birim amor". Use Technical Academic English for code strings.
    ⚠️ Ln 31:106 — Non-English (Turkish) characters in string: ""Makinenin satın alma bedeli."". Use Technical Academic English for code strings.
    ⚠️ Ln 33:54 — Non-English (Turkish) characters in string: ""Enerji santralinin ömrü boyunca ürettiği elektriğin birim m". Use Technical Academic English for code strings.
    ⚠️ Ln 34:41 — Non-English (Turkish) characters in string: ""Toplam Yatırım (TL)"". Use Technical Academic English for code strings.
    ⚠️ Ln 36:51 — Non-English (Turkish) characters in string: ""Konfeksiyon dikim hattının operatör bazlı verimliliğini hes". Use Technical Academic English for code strings.
    ⚠️ Ln 37:101 — Non-English (Turkish) characters in string: ""Ürünün toplam standart dakikası."". Use Technical Academic English for code strings.
    ⚠️ Ln 38:132 — Non-English (Turkish) characters in string: ""Dikiş Hattı Verimliliği"". Use Technical Academic English for code strings.
    ⚠️ Ln 39:42 — Non-English (Turkish) characters in string: ""Ölçüm sisteminden kaynaklanan hatanın toplam varyansa oranı". Use Technical Academic English for code strings.
    ⚠️ Ln 40:40 — Non-English (Turkish) characters in string: ""Parça Varyansı (VP)"". Use Technical Academic English for code strings.
    ⚠️ Ln 41:189 — Non-English (Turkish) characters in string: ""Gage R&R Oranı"". Use Technical Academic English for code strings.

  📄 scripts/deepseek/lib/359-section8.ts
    ⚠️ Ln 6:50 — Non-English (Turkish) characters in string: ""Ailenin geleceğini güvenceye almak için gerekli hayat sigor". Use Technical Academic English for code strings.
    ⚠️ Ln 7:39 — Non-English (Turkish) characters in string: ""Yıllık Aile Geliri (TL)"". Use Technical Academic English for code strings.
    ⚠️ Ln 8:142 — Non-English (Turkish) characters in string: ""Önerilen Hayat Sigortası Teminatı"". Use Technical Academic English for code strings.
    ⚠️ Ln 9:61 — Non-English (Turkish) characters in string: ""Poliçenin zamanla biriken nakit değerini hesaplar."". Use Technical Academic English for code strings.
    ⚠️ Ln 10:38 — Non-English (Turkish) characters in string: ""Yıllık Prim (TL)"". Use Technical Academic English for code strings.
    ⚠️ Ln 11:160 — Non-English (Turkish) characters in string: ""Poliçe Nakit Değeri"". Use Technical Academic English for code strings.
    ⚠️ Ln 12:64 — Non-English (Turkish) characters in string: ""Ödenmesi gereken yıllık vadeli hayat sigortası primini hesa". Use Technical Academic English for code strings.
    ⚠️ Ln 13:35 — Non-English (Turkish) characters in string: ""Teminat Tutarı (TL)"". Use Technical Academic English for code strings.
    ⚠️ Ln 14:195 — Non-English (Turkish) characters in string: ""Yıllık Brüt Prim"". Use Technical Academic English for code strings.
    ⚠️ Ln 15:66 — Non-English (Turkish) characters in string: ""İş göremezlik durumunda sigortadan alınacak aylık geliri he". Use Technical Academic English for code strings.
    ⚠️ Ln 16:38 — Non-English (Turkish) characters in string: ""Aylık Gelir (TL)"". Use Technical Academic English for code strings.
    ⚠️ Ln 17:108 — Non-English (Turkish) characters in string: ""Aylık Engellilik Ödemesi"". Use Technical Academic English for code strings.
    ⚠️ Ln 18:45 — Non-English (Turkish) characters in string: ""Sağlık tasarruf hesabından (HSA) sağlanan vergi avantajını ". Use Technical Academic English for code strings.
    ⚠️ Ln 19:39 — Non-English (Turkish) characters in string: ""Yıllık Katkı (TL)"". Use Technical Academic English for code strings.
    ⚠️ Ln 20:110 — Non-English (Turkish) characters in string: ""Yıllık Vergi Avantajı"". Use Technical Academic English for code strings.
    ⚠️ Ln 21:62 — Non-English (Turkish) characters in string: ""Gelire göre ayarlanmış aylık Medicare sağlık sigortası prim". Use Technical Academic English for code strings.
    ⚠️ Ln 22:39 — Non-English (Turkish) characters in string: ""Yıllık Gelir (TL)"". Use Technical Academic English for code strings.
    ⚠️ Ln 23:151 — Non-English (Turkish) characters in string: ""Aylık Medicare Primi"". Use Technical Academic English for code strings.
    ⚠️ Ln 24:62 — Non-English (Turkish) characters in string: ""Yüksek muafiyetli plan seçmenin yıllık net avantajını hesap". Use Technical Academic English for code strings.
    ⚠️ Ln 25:37 — Non-English (Turkish) characters in string: ""Düşük Primli Plan (TL)"". Use Technical Academic English for code strings.
    ⚠️ Ln 26:120 — Non-English (Turkish) characters in string: ""Yıllık Net Tasarruf"". Use Technical Academic English for code strings.
    ⚠️ Ln 27:56 — Non-English (Turkish) characters in string: ""Emeklilik tarihinde ulaşılacak tahmini portföy değerini hes". Use Technical Academic English for code strings.
    ⚠️ Ln 28:118 — Non-English (Turkish) characters in string: ""Bugüne kadar biriken tasarruf."". Use Technical Academic English for code strings.
    ⚠️ Ln 29:217 — Non-English (Turkish) characters in string: ""Emeklilik Portföy Değeri"". Use Technical Academic English for code strings.
    ⚠️ Ln 30:58 — Non-English (Turkish) characters in string: ""Hedeflenen emeklilik sermayesine ulaşmak için gereken sürey". Use Technical Academic English for code strings.
    ⚠️ Ln 31:40 — Non-English (Turkish) characters in string: ""Hedef Portföy (TL)"". Use Technical Academic English for code strings.
    ⚠️ Ln 32:245 — Non-English (Turkish) characters in string: ""Gereken Süre"". Use Technical Academic English for code strings.
    ⚠️ Ln 33:62 — Non-English (Turkish) characters in string: ""İşveren katkısı dahil 401k emeklilik hesabının vade sonu de". Use Technical Academic English for code strings.
    ⚠️ Ln 34:32 — Non-English (Turkish) characters in string: ""Yıllık Maaş (TL)"". Use Technical Academic English for code strings.
    ⚠️ Ln 35:255 — Non-English (Turkish) characters in string: ""401k Vade Sonu Değeri"". Use Technical Academic English for code strings.
    ⚠️ Ln 36:64 — Non-English (Turkish) characters in string: ""Geleneksel ve Roth IRA arasında karşılaştırmalı net emeklil". Use Technical Academic English for code strings.
    ⚠️ Ln 37:33 — Non-English (Turkish) characters in string: ""Yıllık Katkı (TL)"". Use Technical Academic English for code strings.
    ⚠️ Ln 40:58 — Non-English (Turkish) characters in string: ""Dolaylı Roth IRA dönüşümü sonrası net bakiyeyi hesaplar."". Use Technical Academic English for code strings.
    ⚠️ Ln 41:137 — Non-English (Turkish) characters in string: ""Dönüştürülecek IRA bakiyesi."". Use Technical Academic English for code strings.
    ⚠️ Ln 43:63 — Non-English (Turkish) characters in string: ""72 yaş sonrası yasal olarak çekilmesi zorunlu minimum yıllı". Use Technical Academic English for code strings.
    ⚠️ Ln 44:106 — Non-English (Turkish) characters in string: ""Yıl sonu IRA bakiyesi."". Use Technical Academic English for code strings.
    ⚠️ Ln 45:112 — Non-English (Turkish) characters in string: ""Yıllık RMD (Zorunlu Dağıtım)"". Use Technical Academic English for code strings.
    ⚠️ Ln 46:64 — Non-English (Turkish) characters in string: ""Erken veya geç emekliliğe göre ayarlanmış aylık sosyal güve". Use Technical Academic English for code strings.
    ⚠️ Ln 47:45 — Non-English (Turkish) characters in string: ""Ortalama İndeksli Kazanç (TL)"". Use Technical Academic English for code strings.
    ⚠️ Ln 49:57 — Non-English (Turkish) characters in string: ""Aylık Sosyal Güvenlik Maaşı"". Use Technical Academic English for code strings.

  📄 scripts/deepseek/lib/359-section9.ts
    ⚠️ Ln 2:47 — Non-English (Turkish) characters in string: ""Veri ve İstatistik"". Use Technical Academic English for code strings.
    ⚠️ Ln 6:46 — Non-English (Turkish) characters in string: ""Veri setinin merkezi eğilim ölçülerini (ortalama, medyan, m". Use Technical Academic English for code strings.
    ⚠️ Ln 7:34 — Non-English (Turkish) characters in string: ""Değer 1"". Use Technical Academic English for code strings.
    ⚠️ Ln 9:57 — Non-English (Turkish) characters in string: ""Verilerin ortalamaya göre yayılım derecesini (standart sapm". Use Technical Academic English for code strings.
    ⚠️ Ln 10:34 — Non-English (Turkish) characters in string: ""Değer 1"". Use Technical Academic English for code strings.
    ⚠️ Ln 12:49 — Non-English (Turkish) characters in string: ""Popülasyon parametresinin bulunma olasılığı yüksek aralığı ". Use Technical Academic English for code strings.
    ⚠️ Ln 13:36 — Non-English (Turkish) characters in string: ""Örneklem Ortalaması"". Use Technical Academic English for code strings.
    ⚠️ Ln 15:65 — Non-English (Turkish) characters in string: ""Alt Sınır"". Use Technical Academic English for code strings.
    ⚠️ Ln 16:49 — Non-English (Turkish) characters in string: ""İstatistiksel anlamlılık için gereken minimum örneklem sayı". Use Technical Academic English for code strings.
    ⚠️ Ln 17:29 — Non-English (Turkish) characters in string: ""Z Değeri"". Use Technical Academic English for code strings.
    ⚠️ Ln 18:146 — Non-English (Turkish) characters in string: ""Gereken Minimum Örneklem"". Use Technical Academic English for code strings.
    ⚠️ Ln 19:52 — Non-English (Turkish) characters in string: ""İki değişken arası ilişki gücünü (korelasyon) ve doğrusal r". Use Technical Academic English for code strings.
    ⚠️ Ln 20:63 — Non-English (Turkish) characters in string: ""X değişkeni."". Use Technical Academic English for code strings.
    ⚠️ Ln 23:47 — Non-English (Turkish) characters in string: ""Grup ortalamaları arası farkın istatistiksel anlamlılığını ". Use Technical Academic English for code strings.
    ⚠️ Ln 24:33 — Non-English (Turkish) characters in string: ""Grup 1 Ortalaması"". Use Technical Academic English for code strings.
    ⚠️ Ln 26:61 — Non-English (Turkish) characters in string: ""F-İstatistiği"". Use Technical Academic English for code strings.

  📄 scripts/deepseek/migrate-batch-progress.ts
    ⚠️ Ln 62:56 — Non-English (Turkish) characters in string: "'a migrate edildi (${total} araç).`". Use Technical Academic English for code strings.

  📄 scripts/deepseek/prompts.ts
    ⚠️ Ln 15:54 — Non-English (Turkish) characters in string: ""Eğer mode='". Use Technical Academic English for code strings.
    ⚠️ Ln 16:75 — Non-English (Turkish) characters in string: "'KRITIK uyarısı'". Use Technical Academic English for code strings.
    ⚠️ Ln 78:21 — Non-English (Turkish) characters in string: "`Ek bağlam: ${existingContext}`". Use Technical Academic English for code strings.
    ⚠️ Ln 91:62 — Non-English (Turkish) characters in string: ""Eğer mode='". Use Technical Academic English for code strings.
    ⚠️ Ln 92:54 — Non-English (Turkish) characters in string: ""defectRate > 0.05 → KRITIK uyarısı"". Use Technical Academic English for code strings.

  📄 scripts/deepseek/resume-failed-batch.ts
    ⚠️ Ln 264:100 — Non-English (Turkish) characters in string: ""İnşaat & Saha"". Use Technical Academic English for code strings.
    ⚠️ Ln 265:19 — Non-English (Turkish) characters in string: ""Üretim & İmalat"". Use Technical Academic English for code strings.
    ⚠️ Ln 320:15 — Non-English (Turkish) characters in string: ""You are a TÜV-qualified, ISO 9001-certified industrial engi". Use Technical Academic English for code strings.
    ⚠️ Ln 349:19 — Non-English (Turkish) characters in string: "`   ↪ ${toolName} → ${nextModel} (boş yanıt)`". Use Technical Academic English for code strings.
    ⚠️ Ln 361:19 — Non-English (Turkish) characters in string: "`   ↪ ${toolName} → ${nextModel} modeline geçiliyor`". Use Technical Academic English for code strings.
    ⚠️ Ln 366:19 — Non-English (Turkish) characters in string: "`   ❌ ${toolName} başarısız: ${message}`". Use Technical Academic English for code strings.
    ⚠️ Ln 381:21 — Non-English (Turkish) characters in string: "`⚠️  Shard ${shardId} zaten çalışıyor (pid ${existingPid}). ". Use Technical Academic English for code strings.
    ⚠️ Ln 432:21 — Non-English (Turkish) characters in string: "`❌ Geçersiz shard: ${shardId}/${shardCount}`". Use Technical Academic English for code strings.
    ⚠️ Ln 443:82 — Non-English (Turkish) characters in string: ""tek süreç"". Use Technical Academic English for code strings.
    ⚠️ Ln 447:15 — Non-English (Turkish) characters in string: "`   Toplam failed kayıt: ${loadAllFailed().length}`". Use Technical Academic English for code strings.
    ⚠️ Ln 450:15 — Non-English (Turkish) characters in string: "`   Bu parçada kuyruk: ${pending.length}`". Use Technical Academic English for code strings.
    ⚠️ Ln 454:17 — Non-English (Turkish) characters in string: ""✅ Bu parçadaki tüm araçların schema dosyası mevcut."". Use Technical Academic English for code strings.
    ⚠️ Ln 503:15 — Non-English (Turkish) characters in string: "`\n✅ RESUME TAMAMLANDI (${shardLabel}). Başarılı: ${complete". Use Technical Academic English for code strings.

  📄 scripts/deepseek/scan-muda-hunter.ts
    ⚠️ Ln 47:15 — Non-English (Turkish) characters in string: ""Analiz dönemi uzunluğu"". Use Technical Academic English for code strings.
    ⚠️ Ln 61:15 — Non-English (Turkish) characters in string: ""Kullanıcının analiz yapmak istediği dönem. Atık hesaplamala". Use Technical Academic English for code strings.
    ⚠️ Ln 62:15 — Non-English (Turkish) characters in string: ""Der Zeitraum, den der Nutzer analysieren möchte. Verschwend". Use Technical Academic English for code strings.
    ⚠️ Ln 72:7 — Non-English (Turkish) characters in string: ""Eğer Waiting opportunity cost mode '". Use Technical Academic English for code strings.
    ⚠️ Ln 73:7 — Non-English (Turkish) characters in string: ""Data confidence 0-100 arasında"". Use Technical Academic English for code strings.
    ⚠️ Ln 74:7 — Non-English (Turkish) characters in string: ""Implementation difficulty 1-5 arasında tamsayı"". Use Technical Academic English for code strings.
    ⚠️ Ln 77:68 — Non-English (Turkish) characters in string: "' uyarısı"". Use Technical Academic English for code strings.
    ⚠️ Ln 78:32 — Non-English (Turkish) characters in string: ""excessInventoryValue * (inventoryCarryingRate/100) > revenu". Use Technical Academic English for code strings.
    ⚠️ Ln 98:34 — Non-English (Turkish) characters in string: ""], // hangi atık türleri threshold'". Use Technical Academic English for code strings.
    ⚠️ Ln 115:15 — Non-English (Turkish) characters in string: "'🔍 Muda Hunter aracı taranıyor...'". Use Technical Academic English for code strings.
    ⚠️ Ln 117:15 — Non-English (Turkish) characters in string: "'✅ Sonuç:\n'". Use Technical Academic English for code strings.

  📄 scripts/deepseek/scan-premium.ts
    ⚠️ Ln 17:17 — Non-English (Turkish) characters in string: "`\n📡 Taranıyor: ${tool.slug}`". Use Technical Academic English for code strings.
    ⚠️ Ln 25:19 — Non-English (Turkish) characters in string: "`📤 JSON Çıktısı:\n${response}\n`". Use Technical Academic English for code strings.

  📄 scripts/deepseek/smoke-preview.ts
    ⚠️ Ln 12:15 — Non-English (Turkish) characters in string: ""🚦 Smoke Test Başlıyor..."". Use Technical Academic English for code strings.
    ⚠️ Ln 16:17 — Non-English (Turkish) characters in string: ""✅ TypeScript derleme başarılı."". Use Technical Academic English for code strings.
    ⚠️ Ln 18:19 — Non-English (Turkish) characters in string: ""❌ TypeScript derleme hatası!"". Use Technical Academic English for code strings.
    ⚠️ Ln 29:21 — Non-English (Turkish) characters in string: "`❌ ${file} import hatası:`". Use Technical Academic English for code strings.
    ⚠️ Ln 34:15 — Non-English (Turkish) characters in string: ""🎉 Smoke test başarılı."". Use Technical Academic English for code strings.

  📄 scripts/deepseek/stub-formula-industrial-factory.ts
    ⚠️ Ln 193:21 — Non-English (Turkish) characters in string: "`BLOKER: geçersiz shard ${args.shardId}/${args.shardCount}`". Use Technical Academic English for code strings.

  📄 scripts/deepseek/test-generated-tools.ts
    ⚠️ Ln 12:17 — Non-English (Turkish) characters in string: ""🧪 generated/ yok — 0 tool dosyası (clean slate OK)\n"". Use Technical Academic English for code strings.
    ⚠️ Ln 14:17 — Non-English (Turkish) characters in string: ""Toplam: 0, Başarılı: 0, Başarısız: 0"". Use Technical Academic English for code strings.
    ⚠️ Ln 15:17 — Non-English (Turkish) characters in string: ""🎉 Tüm dosyalar geçti."". Use Technical Academic English for code strings.
    ⚠️ Ln 24:15 — Non-English (Turkish) characters in string: "`🧪 Test ediliyor: ${toolFiles.length} tool dosyası\n`". Use Technical Academic English for code strings.
    ⚠️ Ln 43:5 — Non-English (Turkish) characters in string: "`Toplam: ${testResults.length}, Başarılı: ${testResults.filt". Use Technical Academic English for code strings.
    ⚠️ Ln 46:17 — Non-English (Turkish) characters in string: ""Başarısız dosyalar:"". Use Technical Academic English for code strings.
    ⚠️ Ln 54:15 — Non-English (Turkish) characters in string: ""🎉 Tüm dosyalar geçti."". Use Technical Academic English for code strings.

  📄 scripts/deepseek/watch-master-batch.ts
    ⚠️ Ln 119:5 — Non-English (Turkish) characters in string: "`  Batch süreci: ${isBatchRunning() ? "". Use Technical Academic English for code strings.
    ⚠️ Ln 143:13 — Non-English (Turkish) characters in string: ""hesaplanıyor…"". Use Technical Academic English for code strings.
    ⚠️ Ln 163:15 — Non-English (Turkish) characters in string: ""  Çıkış: Ctrl+C  │  Tek ölçüm: npm run watch:master-batch -". Use Technical Academic English for code strings.

  📄 scripts/deepseek/watch-omni-batch.ts
    ⚠️ Ln 135:13 — Non-English (Turkish) characters in string: ""hesaplanıyor…"". Use Technical Academic English for code strings.
    ⚠️ Ln 143:13 — Non-English (Turkish) characters in string: ""tamamlandı"". Use Technical Academic English for code strings.
    ⚠️ Ln 160:63 — Non-English (Turkish) characters in string: ""🟢 çalışıyor"". Use Technical Academic English for code strings.
    ⚠️ Ln 161:15 — Non-English (Turkish) characters in string: "`  İzleme süresi : ${elapsedTotal}   │   Hız: ~${ratePerMin}". Use Technical Academic English for code strings.
    ⚠️ Ln 163:15 — Non-English (Turkish) characters in string: "`  Gerçek şema   : ${snap.real.toLocaleString("". Use Technical Academic English for code strings.
    ⚠️ Ln 166:15 — Non-English (Turkish) characters in string: "`  İlerleme      : ${pct.toFixed(1)}%  [${bar(pct / 100)}]`". Use Technical Academic English for code strings.
    ⚠️ Ln 168:15 — Non-English (Turkish) characters in string: "`  Bu oturum OK  : ${snap.completed}   │   Başarısız: ${snap". Use Technical Academic English for code strings.
    ⚠️ Ln 176:17 — Non-English (Turkish) characters in string: "`  Son üretilen  : ${recent}`". Use Technical Academic English for code strings.
    ⚠️ Ln 184:15 — Non-English (Turkish) characters in string: ""  Çıkış: Ctrl+C  │  Tek ölçüm: npm run watch:omni-batch -- ". Use Technical Academic English for code strings.
    ⚠️ Ln 204:17 — Non-English (Turkish) characters in string: ""\nİzleme durduruldu."". Use Technical Academic English for code strings.

  📄 scripts/deepseek/watch-resume-failed-batch.ts
    ⚠️ Ln 225:5 — Non-English (Turkish) characters in string: "`  Süreç      : ${batchDone ? "". Use Technical Academic English for code strings.
    ⚠️ Ln 247:13 — Non-English (Turkish) characters in string: ""hesaplanıyor…"". Use Technical Academic English for code strings.
    ⚠️ Ln 254:49 — Non-English (Turkish) characters in string: ""tamamlandı"". Use Technical Academic English for code strings.
    ⚠️ Ln 256:11 — Non-English (Turkish) characters in string: ""tamamlandı"". Use Technical Academic English for code strings.
    ⚠️ Ln 261:5 — Non-English (Turkish) characters in string: "`  TOPLAM     : ✅ ${totalOk}  ❌ ${totalFail}  │  ${overallPc". Use Technical Academic English for code strings.
    ⚠️ Ln 264:5 — Non-English (Turkish) characters in string: "`  Kuyruk     : ${queueTotal} araç  │  Schema eksik: ${pendi". Use Technical Academic English for code strings.
    ⚠️ Ln 267:15 — Non-English (Turkish) characters in string: ""  ── Son log satırı (shard başına) ──"". Use Technical Academic English for code strings.
    ⚠️ Ln 272:15 — Non-English (Turkish) characters in string: ""  Çıkış: Ctrl+C  │  Tek ölçüm: npm run watch:resume-failed-". Use Technical Academic English for code strings.
    ⚠️ Ln 273:15 — Non-English (Turkish) characters in string: ""  Başlat   : npm run start:resume-failed-batch"". Use Technical Academic English for code strings.

  📄 scripts/deepseek/watch-v4-pro-batch.ts
    ⚠️ Ln 285:79 — Non-English (Turkish) characters in string: "")} araç)`". Use Technical Academic English for code strings.
    ⚠️ Ln 287:55 — Non-English (Turkish) characters in string: "")} araç)`". Use Technical Academic English for code strings.
    ⚠️ Ln 288:53 — Non-English (Turkish) characters in string: "")} araç)`". Use Technical Academic English for code strings.
    ⚠️ Ln 290:13 — Non-English (Turkish) characters in string: ""hesaplanıyor…"". Use Technical Academic English for code strings.
    ⚠️ Ln 298:13 — Non-English (Turkish) characters in string: ""tamamlandı"". Use Technical Academic English for code strings.
    ⚠️ Ln 320:5 — Non-English (Turkish) characters in string: "`  Batch süreci  : ${snap.batchAlive ? "". Use Technical Academic English for code strings.
    ⚠️ Ln 323:5 — Non-English (Turkish) characters in string: "`  İzleme süresi : ${formatDuration((Date.now() - startedAt)". Use Technical Academic English for code strings.
    ⚠️ Ln 327:5 — Non-English (Turkish) characters in string: "`  Sıra          : ${snap.progressLine ?? "". Use Technical Academic English for code strings.
    ⚠️ Ln 330:15 — Non-English (Turkish) characters in string: "`  Başarısız     : ${snap.failed.toLocaleString("". Use Technical Academic English for code strings.
    ⚠️ Ln 331:15 — Non-English (Turkish) characters in string: "`  Şema dosyası  : ${snap.schemas.toLocaleString("". Use Technical Academic English for code strings.
    ⚠️ Ln 333:15 — Non-English (Turkish) characters in string: "`  İlerleme      : ${pct.toFixed(1)}%  [${bar(pct / 100)}]`". Use Technical Academic English for code strings.
    ⚠️ Ln 343:17 — Non-English (Turkish) characters in string: "`  Son başarılı  : ${recent}`". Use Technical Academic English for code strings.
    ⚠️ Ln 347:15 — Non-English (Turkish) characters in string: ""  ── Son log satırları (resume-shard / v4-pro-batch) ──"". Use Technical Academic English for code strings.
    ⚠️ Ln 352:15 — Non-English (Turkish) characters in string: ""  Çıkış: Ctrl+C  │  Tek ölçüm: npm run watch:v4-pro-batch -". Use Technical Academic English for code strings.
    ⚠️ Ln 372:17 — Non-English (Turkish) characters in string: ""\nİzleme durduruldu."". Use Technical Academic English for code strings.

  📄 scripts/detect-build-errors.ts
    ⚠️ Ln 3:13 — Non-English (Turkish) characters in string: ""🔍 Build hatalarını tespit ediyorum..."". Use Technical Academic English for code strings.
    ⚠️ Ln 11:15 — Non-English (Turkish) characters in string: ""✅ Build başarılı!"". Use Technical Academic English for code strings.
    ⚠️ Ln 26:15 — Non-English (Turkish) characters in string: ""❌ Hata içeren satırlar:"". Use Technical Academic English for code strings.
    ⚠️ Ln 32:15 — Non-English (Turkish) characters in string: ""\n📄 Sayfa bazlı hatalar:"". Use Technical Academic English for code strings.

  📄 scripts/fix-raw-schema-fields.ts
    ⚠️ Ln 55:52 — Non-English (Turkish) characters in string: "'Şu anki saat dilimi.'". Use Technical Academic English for code strings.

  📄 scripts/generate-free-tool-calculators.ts
    ⚠️ Ln 15:8 — Non-English (Turkish) characters in string: "", Ğ: "". Use Technical Academic English for code strings.
    ⚠️ Ln 16:8 — Non-English (Turkish) characters in string: "", İ: "". Use Technical Academic English for code strings.

  📄 scripts/generate-free-tools-batch.ts
    ⚠️ Ln 8:43 — Non-English (Turkish) characters in string: ""ü"". Use Technical Academic English for code strings.
    ⚠️ Ln 17:339 — Non-English (Turkish) characters in string: ""Enerji & Sürdürülebilirlik"". Use Technical Academic English for code strings.
    ⚠️ Ln 18:93 — Non-English (Turkish) characters in string: ""borç"". Use Technical Academic English for code strings.
    ⚠️ Ln 20:19 — Non-English (Turkish) characters in string: ""bütçe"". Use Technical Academic English for code strings.
    ⚠️ Ln 21:19 — Non-English (Turkish) characters in string: ""yatırım"". Use Technical Academic English for code strings.
    ⚠️ Ln 26:146 — Non-English (Turkish) characters in string: ""gıda"". Use Technical Academic English for code strings.
    ⚠️ Ln 30:19 — Non-English (Turkish) characters in string: ""dönüştürücü"". Use Technical Academic English for code strings.
    ⚠️ Ln 31:19 — Non-English (Turkish) characters in string: ""sağlık"". Use Technical Academic English for code strings.
    ⚠️ Ln 32:19 — Non-English (Turkish) characters in string: ""eğitim"". Use Technical Academic English for code strings.
    ⚠️ Ln 34:426 — Non-English (Turkish) characters in string: ""güç"". Use Technical Academic English for code strings.
    ⚠️ Ln 35:1204 — Non-English (Turkish) characters in string: ""Ev & Bahçe"". Use Technical Academic English for code strings.
    ⚠️ Ln 36:19 — Non-English (Turkish) characters in string: ""inşaat"". Use Technical Academic English for code strings.
    ⚠️ Ln 40:19 — Non-English (Turkish) characters in string: ""gök"". Use Technical Academic English for code strings.
    ⚠️ Ln 41:19 — Non-English (Turkish) characters in string: ""düğün"". Use Technical Academic English for code strings.
    ⚠️ Ln 43:19 — Non-English (Turkish) characters in string: ""müzik"". Use Technical Academic English for code strings.
    ⚠️ Ln 44:19 — Non-English (Turkish) characters in string: ""fotoğraf"". Use Technical Academic English for code strings.
    ⚠️ Ln 45:19 — Non-English (Turkish) characters in string: ""çevre"". Use Technical Academic English for code strings.
    ⚠️ Ln 57:173 — Non-English (Turkish) characters in string: ""Yıllık Gelir"". Use Technical Academic English for code strings.
    ⚠️ Ln 59:303 — Non-English (Turkish) characters in string: ""güç"". Use Technical Academic English for code strings.
    ⚠️ Ln 60:37 — Non-English (Turkish) characters in string: ""Kullanım / Usage"". Use Technical Academic English for code strings.
    ⚠️ Ln 62:26 — Non-English (Turkish) characters in string: ""yatırım"". Use Technical Academic English for code strings.
    ⚠️ Ln 63:42 — Non-English (Turkish) characters in string: ""Yatırım / Investment"". Use Technical Academic English for code strings.
    ⚠️ Ln 64:178 — Non-English (Turkish) characters in string: ""Getiri Oranı"". Use Technical Academic English for code strings.
    ⚠️ Ln 65:26 — Non-English (Turkish) characters in string: ""ağırlık"". Use Technical Academic English for code strings.
    ⚠️ Ln 66:38 — Non-English (Turkish) characters in string: ""Ağırlık / Weight"". Use Technical Academic English for code strings.
    ⚠️ Ln 72:172 — Non-English (Turkish) characters in string: ""Kredi Tutarı"". Use Technical Academic English for code strings.
    ⚠️ Ln 73:171 — Non-English (Turkish) characters in string: ""Faiz Oranı"". Use Technical Academic English for code strings.
    ⚠️ Ln 74:26 — Non-English (Turkish) characters in string: ""ölçüm"". Use Technical Academic English for code strings.
    ⚠️ Ln 75:37 — Non-English (Turkish) characters in string: ""Değer / Value"". Use Technical Academic English for code strings.
    ⚠️ Ln 78:26 — Non-English (Turkish) characters in string: ""süre"". Use Technical Academic English for code strings.
    ⚠️ Ln 79:41 — Non-English (Turkish) characters in string: ""Başlangıç / Start"". Use Technical Academic English for code strings.
    ⚠️ Ln 80:29 — Non-English (Turkish) characters in string: ""Bitiş / End"". Use Technical Academic English for code strings.
    ⚠️ Ln 81:26 — Non-English (Turkish) characters in string: ""iş"". Use Technical Academic English for code strings.
    ⚠️ Ln 85:38 — Non-English (Turkish) characters in string: ""Değer 1 / Value 1"". Use Technical Academic English for code strings.
    ⚠️ Ln 86:28 — Non-English (Turkish) characters in string: ""Değer 2 / Value 2"". Use Technical Academic English for code strings.
    ⚠️ Ln 111:53 — Non-English (Turkish) characters in string: ""Sonuç"". Use Technical Academic English for code strings.

  📄 scripts/generate-taxonomy-display-labels.ts
    ⚠️ Ln 24:9 — Non-English (Turkish) characters in string: ""Otomotiv & Taşıt"". Use Technical Academic English for code strings.
    ⚠️ Ln 32:9 — Non-English (Turkish) characters in string: ""Havacılık & Uzay"". Use Technical Academic English for code strings.
    ⚠️ Ln 40:9 — Non-English (Turkish) characters in string: ""Makine & Üretim"". Use Technical Academic English for code strings.
    ⚠️ Ln 64:9 — Non-English (Turkish) characters in string: ""Gıda & İçecek"". Use Technical Academic English for code strings.
    ⚠️ Ln 72:9 — Non-English (Turkish) characters in string: ""Kimya & İlaç"". Use Technical Academic English for code strings.
    ⚠️ Ln 88:9 — Non-English (Turkish) characters in string: ""İnşaat & Yapı"". Use Technical Academic English for code strings.
    ⚠️ Ln 104:9 — Non-English (Turkish) characters in string: ""Perakende & Tüketici"". Use Technical Academic English for code strings.
    ⚠️ Ln 120:9 — Non-English (Turkish) characters in string: ""Bilişim & Yazılım"". Use Technical Academic English for code strings.
    ⚠️ Ln 136:9 — Non-English (Turkish) characters in string: ""Sağlık & Medikal"". Use Technical Academic English for code strings.
    ⚠️ Ln 144:9 — Non-English (Turkish) characters in string: ""Tarım & Gıda Üretimi"". Use Technical Academic English for code strings.
    ⚠️ Ln 152:9 — Non-English (Turkish) characters in string: ""Savunma & Güvenlik"". Use Technical Academic English for code strings.
    ⚠️ Ln 168:9 — Non-English (Turkish) characters in string: ""Madencilik & Doğal Kaynaklar"". Use Technical Academic English for code strings.
    ⚠️ Ln 176:9 — Non-English (Turkish) characters in string: ""Telekomünikasyon"". Use Technical Academic English for code strings.
    ⚠️ Ln 200:9 — Non-English (Turkish) characters in string: ""Kargo & Taşımacılık"". Use Technical Academic English for code strings.
    ⚠️ Ln 216:9 — Non-English (Turkish) characters in string: ""İstatistik & Olasılık"". Use Technical Academic English for code strings.
    ⚠️ Ln 232:9 — Non-English (Turkish) characters in string: ""Birim & Dönüşüm"". Use Technical Academic English for code strings.
    ⚠️ Ln 248:9 — Non-English (Turkish) characters in string: ""Ev & Yaşam"". Use Technical Academic English for code strings.
    ⚠️ Ln 256:9 — Non-English (Turkish) characters in string: ""Eğitim & Akademi"". Use Technical Academic English for code strings.
    ⚠️ Ln 280:9 — Non-English (Turkish) characters in string: ""Çevre & Ekoloji"". Use Technical Academic English for code strings.
    ⚠️ Ln 281:9 — Non-English (Turkish) characters in string: ""Umwelt & Ökologie"". Use Technical Academic English for code strings.
    ⚠️ Ln 296:9 — Non-English (Turkish) characters in string: ""Ambalaj & Baskı"". Use Technical Academic English for code strings.
    ⚠️ Ln 304:9 — Non-English (Turkish) characters in string: ""Mobilya & Ahşap"". Use Technical Academic English for code strings.
    ⚠️ Ln 305:9 — Non-English (Turkish) characters in string: ""Möbel & Holzverarbeitung"". Use Technical Academic English for code strings.
    ⚠️ Ln 320:9 — Non-English (Turkish) characters in string: ""Veteriner & Hayvan Sağlığı"". Use Technical Academic English for code strings.
    ⚠️ Ln 328:9 — Non-English (Turkish) characters in string: ""Hidrolik & Pnömatik"". Use Technical Academic English for code strings.
    ⚠️ Ln 336:9 — Non-English (Turkish) characters in string: ""Yapısal Mühendislik"". Use Technical Academic English for code strings.
    ⚠️ Ln 344:9 — Non-English (Turkish) characters in string: ""Su Yönetimi"". Use Technical Academic English for code strings.
    ⚠️ Ln 360:9 — Non-English (Turkish) characters in string: ""Görsel Medya & Tasarım"". Use Technical Academic English for code strings.
    ⚠️ Ln 368:9 — Non-English (Turkish) characters in string: ""Demiryolu & Raylı Sistem"". Use Technical Academic English for code strings.
    ⚠️ Ln 384:9 — Non-English (Turkish) characters in string: ""İSG & İş Güvenliği"". Use Technical Academic English for code strings.
    ⚠️ Ln 392:9 — Non-English (Turkish) characters in string: ""Diğer"". Use Technical Academic English for code strings.
    ⚠️ Ln 400:9 — Non-English (Turkish) characters in string: ""Tümü"". Use Technical Academic English for code strings.
    ⚠️ Ln 411:9 — Non-English (Turkish) characters in string: ""Maliyet & Bütçeleme"". Use Technical Academic English for code strings.
    ⚠️ Ln 427:9 — Non-English (Turkish) characters in string: ""Kalite & Süreç Kontrol"". Use Technical Academic English for code strings.
    ⚠️ Ln 451:9 — Non-English (Turkish) characters in string: ""Finans & Yatırım"". Use Technical Academic English for code strings.
    ⚠️ Ln 459:9 — Non-English (Turkish) characters in string: ""İK & Personel"". Use Technical Academic English for code strings.
    ⚠️ Ln 467:9 — Non-English (Turkish) characters in string: ""Teknik & Mühendislik"". Use Technical Academic English for code strings.
    ⚠️ Ln 475:9 — Non-English (Turkish) characters in string: ""İSG & Risk"". Use Technical Academic English for code strings.
    ⚠️ Ln 483:9 — Non-English (Turkish) characters in string: ""Sürdürülebilirlik"". Use Technical Academic English for code strings.
    ⚠️ Ln 491:9 — Non-English (Turkish) characters in string: ""Dönüşüm & Ölçüm"". Use Technical Academic English for code strings.
    ⚠️ Ln 507:9 — Non-English (Turkish) characters in string: ""Diğer"". Use Technical Academic English for code strings.

  📄 scripts/generated-premium/absenteeism-cost-analyzer.ts
    ⚠️ Ln 10:9 — Non-English (Turkish) characters in string: ""DEVAMSIZLIK MALİYETİ"". Use Technical Academic English for code strings.
    ⚠️ Ln 13:18 — Non-English (Turkish) characters in string: ""DEVAMSIZLIK MALİYETİ — premium analysis tool."". Use Technical Academic English for code strings.
    ⚠️ Ln 15:32 — Non-English (Turkish) characters in string: ""Kayıp Saat"". Use Technical Academic English for code strings.
    ⚠️ Ln 16:27 — Non-English (Turkish) characters in string: ""Ücret"". Use Technical Academic English for code strings.
    ⚠️ Ln 18:35 — Non-English (Turkish) characters in string: ""Olay Sayısı S"". Use Technical Academic English for code strings.
    ⚠️ Ln 20:33 — Non-English (Turkish) characters in string: ""Geçici İşçi"". Use Technical Academic English for code strings.
    ⚠️ Ln 21:33 — Non-English (Turkish) characters in string: ""Verim Düşüş"". Use Technical Academic English for code strings.
    ⚠️ Ln 43:12 — Non-English (Turkish) characters in string: ""DEVAMSIZLIK MALİYETİ Report"". Use Technical Academic English for code strings.

  📄 scripts/generated-premium/ai-token-cost-analyzer.ts
    ⚠️ Ln 10:9 — Non-English (Turkish) characters in string: ""AI TOKEN MALİYET"". Use Technical Academic English for code strings.
    ⚠️ Ln 13:18 — Non-English (Turkish) characters in string: ""AI TOKEN MALİYET — premium analysis tool."". Use Technical Academic English for code strings.
    ⚠️ Ln 15:36 — Non-English (Turkish) characters in string: ""Günlük Request"". Use Technical Academic English for code strings.
    ⚠️ Ln 20:34 — Non-English (Turkish) characters in string: ""Büyüme Oranı"". Use Technical Academic English for code strings.
    ⚠️ Ln 21:35 — Non-English (Turkish) characters in string: ""Güven Tamponu"". Use Technical Academic English for code strings.
    ⚠️ Ln 39:12 — Non-English (Turkish) characters in string: ""AI TOKEN MALİYET Report"". Use Technical Academic English for code strings.

  📄 scripts/generated-premium/aql-sampling-risk-analyzer.ts
    ⚠️ Ln 10:9 — Non-English (Turkish) characters in string: ""AQL SAMPLING RİSK & MALİYET"". Use Technical Academic English for code strings.
    ⚠️ Ln 13:18 — Non-English (Turkish) characters in string: ""AQL SAMPLING RİSK & MALİYET — premium analysis tool."". Use Technical Academic English for code strings.
    ⚠️ Ln 15:39 — Non-English (Turkish) characters in string: ""Parti Büyüklüğü N"". Use Technical Academic English for code strings.
    ⚠️ Ln 20:41 — Non-English (Turkish) characters in string: ""Kaçan Hata Maliyeti"". Use Technical Academic English for code strings.
    ⚠️ Ln 46:12 — Non-English (Turkish) characters in string: ""AQL SAMPLING RİSK & MALİYET Report"". Use Technical Academic English for code strings.

  📄 scripts/generated-premium/asme-pressure-vessel-analyzer.ts
    ⚠️ Ln 10:9 — Non-English (Turkish) characters in string: ""BASINÇ VESSEL KALINLIK"". Use Technical Academic English for code strings.
    ⚠️ Ln 13:18 — Non-English (Turkish) characters in string: ""BASINÇ VESSEL KALINLIK — premium analysis tool."". Use Technical Academic English for code strings.
    ⚠️ Ln 15:33 — Non-English (Turkish) characters in string: ""İç Basınç P"". Use Technical Academic English for code strings.
    ⚠️ Ln 16:34 — Non-English (Turkish) characters in string: ""İç Yarıçap R"". Use Technical Academic English for code strings.
    ⚠️ Ln 19:39 — Non-English (Turkish) characters in string: ""Tasarım Sıcaklığı"". Use Technical Academic English for code strings.
    ⚠️ Ln 22:38 — Non-English (Turkish) characters in string: ""Korozyon Payı C_A"". Use Technical Academic English for code strings.
    ⚠️ Ln 42:12 — Non-English (Turkish) characters in string: ""BASINÇ VESSEL KALINLIK Report"". Use Technical Academic English for code strings.

  📄 scripts/generated-premium/auto-repair-comeback-analyzer.ts
    ⚠️ Ln 16:35 — Non-English (Turkish) characters in string: ""Geri Dönüş RO"". Use Technical Academic English for code strings.
    ⚠️ Ln 17:35 — Non-English (Turkish) characters in string: ""Teşhis Süresi"". Use Technical Academic English for code strings.
    ⚠️ Ln 18:40 — Non-English (Turkish) characters in string: ""İsraf Parça Değeri"". Use Technical Academic English for code strings.
    ⚠️ Ln 19:43 — Non-English (Turkish) characters in string: ""Körfez Doluluk Süresi"". Use Technical Academic English for code strings.
    ⚠️ Ln 20:37 — Non-English (Turkish) characters in string: ""Churn Olasılığı"". Use Technical Academic English for code strings.

  📄 scripts/generated-premium/auto-repair-quote-consistency-analyzer.ts
    ⚠️ Ln 16:47 — Non-English (Turkish) characters in string: ""Parça Teklif/Piyasa Fiyatı"". Use Technical Academic English for code strings.
    ⚠️ Ln 18:50 — Non-English (Turkish) characters in string: ""Teklif/Standart İşçilik Saati"". Use Technical Academic English for code strings.

  📄 scripts/generated-premium/auto-shop-margin-leak-analyzer.ts
    ⚠️ Ln 10:9 — Non-English (Turkish) characters in string: ""AUTO SHOP MARJ KAÇAK"". Use Technical Academic English for code strings.
    ⚠️ Ln 13:18 — Non-English (Turkish) characters in string: ""AUTO SHOP MARJ KAÇAK — premium analysis tool."". Use Technical Academic English for code strings.
    ⚠️ Ln 15:41 — Non-English (Turkish) characters in string: ""Parça/İşçilik Geliri"". Use Technical Academic English for code strings.
    ⚠️ Ln 41:12 — Non-English (Turkish) characters in string: ""AUTO SHOP MARJ KAÇAK Report"". Use Technical Academic English for code strings.

  📄 scripts/generated-premium/beam-weight-analyzer.ts
    ⚠️ Ln 10:9 — Non-English (Turkish) characters in string: ""Kiriş Ağırlığı"". Use Technical Academic English for code strings.
    ⚠️ Ln 13:18 — Non-English (Turkish) characters in string: ""Kiriş Ağırlığı — premium analysis tool."". Use Technical Academic English for code strings.
    ⚠️ Ln 18:37 — Non-English (Turkish) characters in string: ""Çelik Yoğunluğu"". Use Technical Academic English for code strings.
    ⚠️ Ln 19:41 — Non-English (Turkish) characters in string: ""Elastisite Modülü E"". Use Technical Academic English for code strings.
    ⚠️ Ln 20:32 — Non-English (Turkish) characters in string: ""Ton Fiyatı"". Use Technical Academic English for code strings.
    ⚠️ Ln 21:45 — Non-English (Turkish) characters in string: ""Boya/Yalıtım m2 Maliyeti"". Use Technical Academic English for code strings.
    ⚠️ Ln 45:12 — Non-English (Turkish) characters in string: ""Kiriş Ağırlığı Report"". Use Technical Academic English for code strings.

  📄 scripts/generated-premium/bid-risk-analyzer.ts
    ⚠️ Ln 10:9 — Non-English (Turkish) characters in string: ""Teklif Risk Analizörü"". Use Technical Academic English for code strings.
    ⚠️ Ln 13:18 — Non-English (Turkish) characters in string: ""Teklif Risk Analizörü — premium analysis tool."". Use Technical Academic English for code strings.
    ⚠️ Ln 15:41 — Non-English (Turkish) characters in string: ""Doğrudan Maliyetler"". Use Technical Academic English for code strings.
    ⚠️ Ln 17:35 — Non-English (Turkish) characters in string: ""Teklif Fiyatı"". Use Technical Academic English for code strings.
    ⚠️ Ln 18:35 — Non-English (Turkish) characters in string: ""Rakip İndeksi"". Use Technical Academic English for code strings.
    ⚠️ Ln 19:44 — Non-English (Turkish) characters in string: ""Tarihsel Kazanma Oranı"". Use Technical Academic English for code strings.
    ⚠️ Ln 20:34 — Non-English (Turkish) characters in string: ""Risk Faktörü"". Use Technical Academic English for code strings.
    ⚠️ Ln 42:12 — Non-English (Turkish) characters in string: ""Teklif Risk Analizörü Report"". Use Technical Academic English for code strings.

  📄 scripts/generated-premium/bolt-torque-preload-analyzer.ts
    ⚠️ Ln 15:35 — Non-English (Turkish) characters in string: ""Nominal Çap d"". Use Technical Academic English for code strings.
    ⚠️ Ln 17:32 — Non-English (Turkish) characters in string: ""Sürtünme K"". Use Technical Academic English for code strings.
    ⚠️ Ln 18:36 — Non-English (Turkish) characters in string: ""Malzeme Sınıfı"". Use Technical Academic English for code strings.
    ⚠️ Ln 19:35 — Non-English (Turkish) characters in string: ""Akma Dayanımı"". Use Technical Academic English for code strings.
    ⚠️ Ln 20:37 — Non-English (Turkish) characters in string: ""Hedef Öngerilme"". Use Technical Academic English for code strings.

  📄 scripts/generated-premium/bottleneck-investment-analyzer.ts
    ⚠️ Ln 10:9 — Non-English (Turkish) characters in string: ""DARBOĞAZ YATIRIM"". Use Technical Academic English for code strings.
    ⚠️ Ln 13:18 — Non-English (Turkish) characters in string: ""DARBOĞAZ YATIRIM — premium analysis tool."". Use Technical Academic English for code strings.
    ⚠️ Ln 15:44 — Non-English (Turkish) characters in string: ""Tasarım/Gerçek Kapasite"". Use Technical Academic English for code strings.
    ⚠️ Ln 17:37 — Non-English (Turkish) characters in string: ""Darboğaz Süresi"". Use Technical Academic English for code strings.
    ⚠️ Ln 20:36 — Non-English (Turkish) characters in string: ""Yatırım Bedeli"". Use Technical Academic English for code strings.
    ⚠️ Ln 43:12 — Non-English (Turkish) characters in string: ""DARBOĞAZ YATIRIM Report"". Use Technical Academic English for code strings.

  📄 scripts/generated-premium/break-even-margin-of-safety-analyzer.ts
    ⚠️ Ln 10:9 — Non-English (Turkish) characters in string: ""BAŞABAŞ NOKTASI"". Use Technical Academic English for code strings.
    ⚠️ Ln 13:18 — Non-English (Turkish) characters in string: ""BAŞABAŞ NOKTASI — premium analysis tool."". Use Technical Academic English for code strings.
    ⚠️ Ln 16:44 — Non-English (Turkish) characters in string: ""Birim Değişken Maliyet"". Use Technical Academic English for code strings.
    ⚠️ Ln 18:34 — Non-English (Turkish) characters in string: ""Güncel Hacim"". Use Technical Academic English for code strings.
    ⚠️ Ln 19:34 — Non-English (Turkish) characters in string: ""Güncel Gelir"". Use Technical Academic English for code strings.
    ⚠️ Ln 40:12 — Non-English (Turkish) characters in string: ""BAŞABAŞ NOKTASI Report"". Use Technical Academic English for code strings.

  📄 scripts/generated-premium/calibration-drift-risk-analyzer.ts
    ⚠️ Ln 15:36 — Non-English (Turkish) characters in string: ""Son/Önceki Hata"". Use Technical Academic English for code strings.
    ⚠️ Ln 16:47 — Non-English (Turkish) characters in string: ""Kalibrasyonlar Arası Süre"". Use Technical Academic English for code strings.
    ⚠️ Ln 19:32 — Non-English (Turkish) characters in string: ""Baz Aralık"". Use Technical Academic English for code strings.

  📄 scripts/generated-premium/carbon-footprint-check-analyzer.ts
    ⚠️ Ln 15:39 — Non-English (Turkish) characters in string: ""Yakıt Tüketimleri"". Use Technical Academic English for code strings.
    ⚠️ Ln 16:35 — Non-English (Turkish) characters in string: ""Kaçak Emisyon"". Use Technical Academic English for code strings.
    ⚠️ Ln 17:39 — Non-English (Turkish) characters in string: ""Elektrik Tüketimi"". Use Technical Academic English for code strings.
    ⚠️ Ln 18:46 — Non-English (Turkish) characters in string: ""Malzeme Miktarları ve EF"". Use Technical Academic English for code strings.
    ⚠️ Ln 19:45 — Non-English (Turkish) characters in string: ""Taşıma Mesafesi ve Modu"". Use Technical Academic English for code strings.
    ⚠️ Ln 20:43 — Non-English (Turkish) characters in string: ""Gelecek Karbon Fiyatı"". Use Technical Academic English for code strings.
    ⚠️ Ln 21:34 — Non-English (Turkish) characters in string: ""Üretim Hacmi"". Use Technical Academic English for code strings.

  📄 scripts/generated-premium/cash-flow-gap-analyzer.ts
    ⚠️ Ln 10:9 — Non-English (Turkish) characters in string: ""Nakit Akışı Açığı"". Use Technical Academic English for code strings.
    ⚠️ Ln 13:18 — Non-English (Turkish) characters in string: ""Nakit Akışı Açığı — premium analysis tool."". Use Technical Academic English for code strings.
    ⚠️ Ln 15:44 — Non-English (Turkish) characters in string: ""Aylık Nakit Giriş/Çıkış"". Use Technical Academic English for code strings.
    ⚠️ Ln 16:48 — Non-English (Turkish) characters in string: ""Alacak/Borç Stok Bakiyeleri"". Use Technical Academic English for code strings.
    ⚠️ Ln 17:36 — Non-English (Turkish) characters in string: ""Kredi Satışlar"". Use Technical Academic English for code strings.
    ⚠️ Ln 18:30 — Non-English (Turkish) characters in string: ""Vade gün"". Use Technical Academic English for code strings.
    ⚠️ Ln 19:35 — Non-English (Turkish) characters in string: ""Kredi Alımlar"". Use Technical Academic English for code strings.
    ⚠️ Ln 20:30 — Non-English (Turkish) characters in string: ""Vade gün"". Use Technical Academic English for code strings.
    ⚠️ Ln 21:39 — Non-English (Turkish) characters in string: ""Günlük Faiz Oranı"". Use Technical Academic English for code strings.
    ⚠️ Ln 49:12 — Non-English (Turkish) characters in string: ""Nakit Akışı Açığı Report"". Use Technical Academic English for code strings.

  📄 scripts/generated-premium/cbam-compliance-verdict-analyzer.ts
    ⚠️ Ln 15:34 — Non-English (Turkish) characters in string: ""Toplam Kütle"". Use Technical Academic English for code strings.
    ⚠️ Ln 16:32 — Non-English (Turkish) characters in string: ""Menşe Ülke"". Use Technical Academic English for code strings.
    ⚠️ Ln 18:42 — Non-English (Turkish) characters in string: ""Menşe Karbon Vergisi"". Use Technical Academic English for code strings.
    ⚠️ Ln 19:36 — Non-English (Turkish) characters in string: ""Kâr Marjı Eşiği"". Use Technical Academic English for code strings.

  📄 scripts/generated-premium/cbam-exposure-analyzer.ts
    ⚠️ Ln 10:9 — Non-English (Turkish) characters in string: ""CBAM MARUZİYET"". Use Technical Academic English for code strings.
    ⚠️ Ln 13:18 — Non-English (Turkish) characters in string: ""CBAM MARUZİYET — premium analysis tool."". Use Technical Academic English for code strings.
    ⚠️ Ln 15:34 — Non-English (Turkish) characters in string: ""Üretim Hacmi"". Use Technical Academic English for code strings.
    ⚠️ Ln 16:47 — Non-English (Turkish) characters in string: ""Gaz/Kömür/Elektrik Tüketimi"". Use Technical Academic English for code strings.
    ⚠️ Ln 18:41 — Non-English (Turkish) characters in string: ""Yenilenebilir Oranı"". Use Technical Academic English for code strings.
    ⚠️ Ln 19:35 — Non-English (Turkish) characters in string: ""EU ETS Fiyatı"". Use Technical Academic English for code strings.
    ⚠️ Ln 39:12 — Non-English (Turkish) characters in string: ""CBAM MARUZİYET Report"". Use Technical Academic English for code strings.

  📄 scripts/generated-premium/chatter-surface-quality-analyzer.ts
    ⚠️ Ln 10:9 — Non-English (Turkish) characters in string: ""CHATTER YÜZEY KALİTE"". Use Technical Academic English for code strings.
    ⚠️ Ln 13:18 — Non-English (Turkish) characters in string: ""CHATTER YÜZEY KALİTE — premium analysis tool."". Use Technical Academic English for code strings.
    ⚠️ Ln 15:35 — Non-English (Turkish) characters in string: ""Kesme Hızı V_c"". Use Technical Academic English for code strings.
    ⚠️ Ln 17:33 — Non-English (Turkish) characters in string: ""İlerleme V_f"". Use Technical Academic English for code strings.
    ⚠️ Ln 18:34 — Non-English (Turkish) characters in string: ""Diş Sayısı z"". Use Technical Academic English for code strings.
    ⚠️ Ln 19:39 — Non-English (Turkish) characters in string: ""Takım Ucu Radyusu"". Use Technical Academic English for code strings.
    ⚠️ Ln 20:38 — Non-English (Turkish) characters in string: ""Titreşim Genliği"". Use Technical Academic English for code strings.
    ⚠️ Ln 41:12 — Non-English (Turkish) characters in string: ""CHATTER YÜZEY KALİTE Report"". Use Technical Academic English for code strings.

  📄 scripts/generated-premium/cleaning-bid-optimizer-analyzer.ts
    ⚠️ Ln 16:40 — Non-English (Turkish) characters in string: ""Üretim Hızı m2/saat"". Use Technical Academic English for code strings.
    ⚠️ Ln 17:49 — Non-English (Turkish) characters in string: ""Saatlik Ücret ve Yan Haklar"". Use Technical Academic English for code strings.
    ⚠️ Ln 20:36 — Non-English (Turkish) characters in string: ""Overhead Oranı"". Use Technical Academic English for code strings.

  📄 scripts/generated-premium/cloud-api-overrun-analyzer.ts
    ⚠️ Ln 15:45 — Non-English (Turkish) characters in string: ""Aylık Toplam/Dahil İstek"". Use Technical Academic English for code strings.
    ⚠️ Ln 16:33 — Non-English (Turkish) characters in string: ""Aşım Ücreti"". Use Technical Academic English for code strings.
    ⚠️ Ln 17:36 — Non-English (Turkish) characters in string: ""Veri Çıkışı GB"". Use Technical Academic English for code strings.
    ⚠️ Ln 19:46 — Non-English (Turkish) characters in string: ""SLA Taahhüt/Gerçek Uptime"". Use Technical Academic English for code strings.

  📄 scripts/generated-premium/cloud-waste-elimination-analyzer.ts
    ⚠️ Ln 15:48 — Non-English (Turkish) characters in string: ""Bağımsız Disk/Atıl Snapshot"". Use Technical Academic English for code strings.
    ⚠️ Ln 17:32 — Non-English (Turkish) characters in string: ""Spot Oranı"". Use Technical Academic English for code strings.
    ⚠️ Ln 18:39 — Non-English (Turkish) characters in string: ""Mesai Dışı Sunucu"". Use Technical Academic English for code strings.

  📄 scripts/generated-premium/clv-cac-ratio-analyzer.ts
    ⚠️ Ln 15:27 — Non-English (Turkish) characters in string: ""Bütçe"". Use Technical Academic English for code strings.
    ⚠️ Ln 16:34 — Non-English (Turkish) characters in string: ""Yeni Müşteri"". Use Technical Academic English for code strings.
    ⚠️ Ln 17:36 — Non-English (Turkish) characters in string: ""Sipariş Değeri"". Use Technical Academic English for code strings.
    ⚠️ Ln 18:28 — Non-English (Turkish) characters in string: ""Sıklık"". Use Technical Academic English for code strings.
    ⚠️ Ln 19:34 — Non-English (Turkish) characters in string: ""Yaşam Süresi"". Use Technical Academic English for code strings.
    ⚠️ Ln 21:31 — Non-English (Turkish) characters in string: ""Brüt Marj"". Use Technical Academic English for code strings.

  📄 scripts/generated-premium/cnc-cycle-time-analyzer.ts
    ⚠️ Ln 10:9 — Non-English (Turkish) characters in string: ""CNC ÇEVRİM SÜRESİ"". Use Technical Academic English for code strings.
    ⚠️ Ln 13:18 — Non-English (Turkish) characters in string: ""CNC ÇEVRİM SÜRESİ — premium analysis tool."". Use Technical Academic English for code strings.
    ⚠️ Ln 21:35 — Non-English (Turkish) characters in string: ""Takım Değişim"". Use Technical Academic English for code strings.
    ⚠️ Ln 22:37 — Non-English (Turkish) characters in string: ""Yükleme/Boşaltma"". Use Technical Academic English for code strings.
    ⚠️ Ln 44:12 — Non-English (Turkish) characters in string: ""CNC ÇEVRİM SÜRESİ Report"". Use Technical Academic English for code strings.

  📄 scripts/generated-premium/cnc-machining-cost-analyzer.ts
    ⚠️ Ln 10:9 — Non-English (Turkish) characters in string: ""CNC İŞLEME MALİYETİ"". Use Technical Academic English for code strings.
    ⚠️ Ln 13:18 — Non-English (Turkish) characters in string: ""CNC İŞLEME MALİYETİ — premium analysis tool."". Use Technical Academic English for code strings.
    ⚠️ Ln 16:30 — Non-English (Turkish) characters in string: ""Yoğunluk"". Use Technical Academic English for code strings.
    ⚠️ Ln 17:35 — Non-English (Turkish) characters in string: ""Makine Ücreti"". Use Technical Academic English for code strings.
    ⚠️ Ln 18:32 — Non-English (Turkish) characters in string: ""Takım Ömrü"". Use Technical Academic English for code strings.
    ⚠️ Ln 19:36 — Non-English (Turkish) characters in string: ""Takım Maliyeti"". Use Technical Academic English for code strings.
    ⚠️ Ln 21:35 — Non-English (Turkish) characters in string: ""Gider Çarpanı"". Use Technical Academic English for code strings.
    ⚠️ Ln 41:12 — Non-English (Turkish) characters in string: ""CNC İŞLEME MALİYETİ Report"". Use Technical Academic English for code strings.

  📄 scripts/generated-premium/compressed-air-energy-cost-analyzer.ts
    ⚠️ Ln 10:9 — Non-English (Turkish) characters in string: ""BASINÇLI HAVA ENERJİ"". Use Technical Academic English for code strings.
    ⚠️ Ln 13:18 — Non-English (Turkish) characters in string: ""BASINÇLI HAVA ENERJİ — premium analysis tool."". Use Technical Academic English for code strings.
    ⚠️ Ln 15:36 — Non-English (Turkish) characters in string: ""Kompresör Gücü"". Use Technical Academic English for code strings.
    ⚠️ Ln 16:35 — Non-English (Turkish) characters in string: ""Çalışma Saati"". Use Technical Academic English for code strings.
    ⚠️ Ln 17:31 — Non-English (Turkish) characters in string: ""Yük Oranı"". Use Technical Academic English for code strings.
    ⚠️ Ln 18:43 — Non-English (Turkish) characters in string: ""İzotermal/Motor Verimi"". Use Technical Academic English for code strings.
    ⚠️ Ln 20:41 — Non-English (Turkish) characters in string: ""Aşırı Basınç Düşümü"". Use Technical Academic English for code strings.
    ⚠️ Ln 38:12 — Non-English (Turkish) characters in string: ""BASINÇLI HAVA ENERJİ Report"". Use Technical Academic English for code strings.

  📄 scripts/generated-premium/compressed-air-leak-analyzer.ts
    ⚠️ Ln 10:9 — Non-English (Turkish) characters in string: ""Kompresör Kaçağı Maliyet"". Use Technical Academic English for code strings.
    ⚠️ Ln 13:18 — Non-English (Turkish) characters in string: ""Kompresör Kaçağı Maliyet — premium analysis tool."". Use Technical Academic English for code strings.
    ⚠️ Ln 15:34 — Non-English (Turkish) characters in string: ""Kaçak Çapı d"". Use Technical Academic English for code strings.
    ⚠️ Ln 16:33 — Non-English (Turkish) characters in string: ""Hat Basıncı"". Use Technical Academic English for code strings.
    ⚠️ Ln 17:34 — Non-English (Turkish) characters in string: ""Kaçak Sayısı"". Use Technical Academic English for code strings.
    ⚠️ Ln 18:38 — Non-English (Turkish) characters in string: ""Kompresör Verimi"". Use Technical Academic English for code strings.
    ⚠️ Ln 19:42 — Non-English (Turkish) characters in string: ""Yıllık Çalışma Saati"". Use Technical Academic English for code strings.
    ⚠️ Ln 22:37 — Non-English (Turkish) characters in string: ""Emisyon Faktörü"". Use Technical Academic English for code strings.
    ⚠️ Ln 44:12 — Non-English (Turkish) characters in string: ""Kompresör Kaçağı Maliyet Report"". Use Technical Academic English for code strings.

  📄 scripts/generated-premium/compressor-tank-sizing-analyzer.ts
    ⚠️ Ln 10:9 — Non-English (Turkish) characters in string: ""Kompresör Tankı Boyutlandırma"". Use Technical Academic English for code strings.
    ⚠️ Ln 13:18 — Non-English (Turkish) characters in string: ""Kompresör Tankı Boyutlandırma — premium analysis tool."". Use Technical Academic English for code strings.
    ⚠️ Ln 15:46 — Non-English (Turkish) characters in string: ""Kompresör Debisi Q m3/min"". Use Technical Academic English for code strings.
    ⚠️ Ln 16:39 — Non-English (Turkish) characters in string: ""Max/Min Basınç bar"". Use Technical Academic English for code strings.
    ⚠️ Ln 17:43 — Non-English (Turkish) characters in string: ""Hedef Dolum Süresi sn"". Use Technical Academic English for code strings.
    ⚠️ Ln 18:48 — Non-English (Turkish) characters in string: ""İzin Verilen Max Start/Saat"". Use Technical Academic English for code strings.
    ⚠️ Ln 19:39 — Non-English (Turkish) characters in string: ""Tank Litre Fiyatı"". Use Technical Academic English for code strings.
    ⚠️ Ln 46:12 — Non-English (Turkish) characters in string: ""Kompresör Tankı Boyutlandırma Report"". Use Technical Academic English for code strings.

  📄 scripts/generated-premium/concrete-volume-cost-analyzer.ts
    ⚠️ Ln 10:9 — Non-English (Turkish) characters in string: ""BETON HACMİ"". Use Technical Academic English for code strings.
    ⚠️ Ln 13:18 — Non-English (Turkish) characters in string: ""BETON HACMİ — premium analysis tool."". Use Technical Academic English for code strings.
    ⚠️ Ln 15:52 — Non-English (Turkish) characters in string: ""Döşeme Uzunluk/Genişlik/Kalınlık"". Use Technical Academic English for code strings.
    ⚠️ Ln 16:39 — Non-English (Turkish) characters in string: ""Temel/Kolon Sayısı"". Use Technical Academic English for code strings.
    ⚠️ Ln 17:34 — Non-English (Turkish) characters in string: ""Beton Sınıfı"". Use Technical Academic English for code strings.
    ⚠️ Ln 18:30 — Non-English (Turkish) characters in string: ""Yoğunluk"". Use Technical Academic English for code strings.
    ⚠️ Ln 19:32 — Non-English (Turkish) characters in string: ""Fire Oranı"". Use Technical Academic English for code strings.
    ⚠️ Ln 44:12 — Non-English (Turkish) characters in string: ""BETON HACMİ Report"". Use Technical Academic English for code strings.

  📄 scripts/generated-premium/container-load-analyzer.ts
    ⚠️ Ln 10:9 — Non-English (Turkish) characters in string: ""Konteyner Yükü"". Use Technical Academic English for code strings.
    ⚠️ Ln 13:18 — Non-English (Turkish) characters in string: ""Konteyner Yükü — premium analysis tool."". Use Technical Academic English for code strings.
    ⚠️ Ln 16:37 — Non-English (Turkish) characters in string: ""İç Hacim/Payload"". Use Technical Academic English for code strings.
    ⚠️ Ln 17:40 — Non-English (Turkish) characters in string: ""Palet/Koli Ölçüleri"". Use Technical Academic English for code strings.
    ⚠️ Ln 18:34 — Non-English (Turkish) characters in string: ""Brüt Ağırlık"". Use Technical Academic English for code strings.
    ⚠️ Ln 19:45 — Non-English (Turkish) characters in string: ""Konteyner Taşıma Bedeli"". Use Technical Academic English for code strings.
    ⚠️ Ln 20:38 — Non-English (Turkish) characters in string: ""İstifleme Kısıtı"". Use Technical Academic English for code strings.
    ⚠️ Ln 42:12 — Non-English (Turkish) characters in string: ""Konteyner Yükü Report"". Use Technical Academic English for code strings.

  📄 scripts/generated-premium/contract-incentive-analyzer.ts
    ⚠️ Ln 10:9 — Non-English (Turkish) characters in string: ""Sözleşme Teşvik"". Use Technical Academic English for code strings.
    ⚠️ Ln 13:18 — Non-English (Turkish) characters in string: ""Sözleşme Teşvik — premium analysis tool."". Use Technical Academic English for code strings.
    ⚠️ Ln 17:36 — Non-English (Turkish) characters in string: ""Paylaşım Oranı"". Use Technical Academic English for code strings.
    ⚠️ Ln 18:41 — Non-English (Turkish) characters in string: ""Gerçekleşen Maliyet"". Use Technical Academic English for code strings.
    ⚠️ Ln 19:48 — Non-English (Turkish) characters in string: ""Metrik Ağırlıkları/Skorları"". Use Technical Academic English for code strings.
    ⚠️ Ln 20:43 — Non-English (Turkish) characters in string: ""Min/Max Kar Çarpanları"". Use Technical Academic English for code strings.
    ⚠️ Ln 46:12 — Non-English (Turkish) characters in string: ""Sözleşme Teşvik Report"". Use Technical Academic English for code strings.

  📄 scripts/generated-premium/cpk-ppm-converter-analyzer.ts
    ⚠️ Ln 20:34 — Non-English (Turkish) characters in string: ""Günlük Hacim"". Use Technical Academic English for code strings.

  📄 scripts/generated-premium/cpm-delay-penalty-analyzer.ts
    ⚠️ Ln 10:9 — Non-English (Turkish) characters in string: ""CPM GECİKME CEZASI"". Use Technical Academic English for code strings.
    ⚠️ Ln 13:18 — Non-English (Turkish) characters in string: ""CPM GECİKME CEZASI — premium analysis tool."". Use Technical Academic English for code strings.
    ⚠️ Ln 15:42 — Non-English (Turkish) characters in string: ""Planlanan/Gerçek Süre"". Use Technical Academic English for code strings.
    ⚠️ Ln 17:33 — Non-English (Turkish) characters in string: ""Günlük Ceza"". Use Technical Academic English for code strings.
    ⚠️ Ln 18:34 — Non-English (Turkish) characters in string: ""Mücbir Sebep"". Use Technical Academic English for code strings.
    ⚠️ Ln 44:12 — Non-English (Turkish) characters in string: ""CPM GECİKME CEZASI Report"". Use Technical Academic English for code strings.

  📄 scripts/generated-premium/crop-yield-loss-analyzer.ts
    ⚠️ Ln 10:9 — Non-English (Turkish) characters in string: ""Mahsul Verim Kaybı Analizörü"". Use Technical Academic English for code strings.
    ⚠️ Ln 13:18 — Non-English (Turkish) characters in string: ""Mahsul Verim Kaybı Analizörü — premium analysis tool."". Use Technical Academic English for code strings.
    ⚠️ Ln 16:35 — Non-English (Turkish) characters in string: ""Çevre Faktörü"". Use Technical Academic English for code strings.
    ⚠️ Ln 18:53 — Non-English (Turkish) characters in string: ""Zararlı/Hava/Besin Kayıp Oranları"". Use Technical Academic English for code strings.
    ⚠️ Ln 19:46 — Non-English (Turkish) characters in string: ""Piyasa Fiyatı currency/kg"". Use Technical Academic English for code strings.
    ⚠️ Ln 20:39 — Non-English (Turkish) characters in string: ""Müdahale Maliyeti"". Use Technical Academic English for code strings.
    ⚠️ Ln 44:12 — Non-English (Turkish) characters in string: ""Mahsul Verim Kaybı Analizörü Report"". Use Technical Academic English for code strings.

  📄 scripts/generated-premium/currency-risk-analyzer.ts
    ⚠️ Ln 15:38 — Non-English (Turkish) characters in string: ""Döviz Gelir/Gider"". Use Technical Academic English for code strings.
    ⚠️ Ln 17:33 — Non-English (Turkish) characters in string: ""Döviz Çifti"". Use Technical Academic English for code strings.
    ⚠️ Ln 21:33 — Non-English (Turkish) characters in string: ""Hedge Oranı"". Use Technical Academic English for code strings.
    ⚠️ Ln 22:35 — Non-English (Turkish) characters in string: ""Forward Puanı"". Use Technical Academic English for code strings.

  📄 scripts/generated-premium/cut-fill-balance-analyzer.ts
    ⚠️ Ln 15:49 — Non-English (Turkish) characters in string: ""Enkesit Alanları Kesim/Dolgu"". Use Technical Academic English for code strings.
    ⚠️ Ln 16:41 — Non-English (Turkish) characters in string: ""İstasyon Mesafeleri"". Use Technical Academic English for code strings.
    ⚠️ Ln 17:45 — Non-English (Turkish) characters in string: ""Şişme/Küçülme Faktörleri"". Use Technical Academic English for code strings.
    ⚠️ Ln 18:42 — Non-English (Turkish) characters in string: ""Nakliye Birim Fiyatı"". Use Technical Academic English for code strings.
    ⚠️ Ln 19:46 — Non-English (Turkish) characters in string: ""Ödünç/Depo Alanı Mesafesi"". Use Technical Academic English for code strings.

  📄 scripts/generated-premium/cutting-tool-life-analyzer.ts
    ⚠️ Ln 10:9 — Non-English (Turkish) characters in string: ""Kesim Parameters Takım ömrü"". Use Technical Academic English for code strings.
    ⚠️ Ln 13:18 — Non-English (Turkish) characters in string: ""Kesim Parameters Takım ömrü — premium analysis tool."". Use Technical Academic English for code strings.
    ⚠️ Ln 15:35 — Non-English (Turkish) characters in string: ""Kesme Hızı V_c"". Use Technical Academic English for code strings.
    ⚠️ Ln 16:32 — Non-English (Turkish) characters in string: ""İlerleme f"". Use Technical Academic English for code strings.
    ⚠️ Ln 19:40 — Non-English (Turkish) characters in string: ""Takım Ucu Maliyeti"". Use Technical Academic English for code strings.
    ⚠️ Ln 20:34 — Non-English (Turkish) characters in string: ""Kenar Sayısı"". Use Technical Academic English for code strings.
    ⚠️ Ln 21:42 — Non-English (Turkish) characters in string: ""Takım Değişim Süresi"". Use Technical Academic English for code strings.
    ⚠️ Ln 22:35 — Non-English (Turkish) characters in string: ""Makine Ücreti"". Use Technical Academic English for code strings.
    ⚠️ Ln 42:12 — Non-English (Turkish) characters in string: ""Kesim Parameters Takım ömrü Report"". Use Technical Academic English for code strings.

  📄 scripts/generated-premium/dairy-profit-detector-analyzer.ts
    ⚠️ Ln 10:9 — Non-English (Turkish) characters in string: ""Süt Kâr Dedektörü"". Use Technical Academic English for code strings.
    ⚠️ Ln 13:18 — Non-English (Turkish) characters in string: ""Süt Kâr Dedektörü — premium analysis tool."". Use Technical Academic English for code strings.
    ⚠️ Ln 15:42 — Non-English (Turkish) characters in string: ""Günlük Süt Verimi kg"". Use Technical Academic English for code strings.
    ⚠️ Ln 16:38 — Non-English (Turkish) characters in string: ""Yağ/Protein Oranı"". Use Technical Academic English for code strings.
    ⚠️ Ln 17:37 — Non-English (Turkish) characters in string: ""Yem Tüketimi kg"". Use Technical Academic English for code strings.
    ⚠️ Ln 19:39 — Non-English (Turkish) characters in string: ""SCC Somatik Hücre"". Use Technical Academic English for code strings.
    ⚠️ Ln 20:42 — Non-English (Turkish) characters in string: ""Sağlık/Üreme Maliyeti"". Use Technical Academic English for code strings.
    ⚠️ Ln 21:48 — Non-English (Turkish) characters in string: ""Süt Alım Fiyatı currency/kg"". Use Technical Academic English for code strings.
    ⚠️ Ln 22:32 — Non-English (Turkish) characters in string: ""Ceza Eşiği"". Use Technical Academic English for code strings.
    ⚠️ Ln 44:12 — Non-English (Turkish) characters in string: ""Süt Kâr Dedektörü Report"". Use Technical Academic English for code strings.

  📄 scripts/generated-premium/delivery-cost-analyzer.ts
    ⚠️ Ln 16:34 — Non-English (Turkish) characters in string: ""Durak Sayısı"". Use Technical Academic English for code strings.
    ⚠️ Ln 18:47 — Non-English (Turkish) characters in string: ""Başarısız Teslimat Sayısı"". Use Technical Academic English for code strings.
    ⚠️ Ln 19:49 — Non-English (Turkish) characters in string: ""İade Navlun/İstoklama Ücreti"". Use Technical Academic English for code strings.
    ⚠️ Ln 20:35 — Non-English (Turkish) characters in string: ""Yakıt Endeksi"". Use Technical Academic English for code strings.

  📄 scripts/generated-premium/demand-forecast-stock-analyzer.ts
    ⚠️ Ln 15:46 — Non-English (Turkish) characters in string: ""Tahmin/Gerçek Talep array"". Use Technical Academic English for code strings.
    ⚠️ Ln 16:35 — Non-English (Turkish) characters in string: ""Lead Time gün"". Use Technical Academic English for code strings.
    ⚠️ Ln 20:34 — Non-English (Turkish) characters in string: ""Taşıma Oranı"". Use Technical Academic English for code strings.
    ⚠️ Ln 21:42 — Non-English (Turkish) characters in string: ""Stoksuz Kalma Cezası"". Use Technical Academic English for code strings.

  📄 scripts/generated-premium/digital-twin-cost-analyzer.ts
    ⚠️ Ln 10:9 — Non-English (Turkish) characters in string: ""DIGITAL TWIN MALİYET"". Use Technical Academic English for code strings.
    ⚠️ Ln 13:18 — Non-English (Turkish) characters in string: ""DIGITAL TWIN MALİYET — premium analysis tool."". Use Technical Academic English for code strings.
    ⚠️ Ln 16:39 — Non-English (Turkish) characters in string: ""Modelleme İşçilik"". Use Technical Academic English for code strings.
    ⚠️ Ln 18:36 — Non-English (Turkish) characters in string: ""Garanti Düşüşü"". Use Technical Academic English for code strings.
    ⚠️ Ln 19:40 — Non-English (Turkish) characters in string: ""Erken Çıkış Geliri"". Use Technical Academic English for code strings.
    ⚠️ Ln 39:12 — Non-English (Turkish) characters in string: ""DIGITAL TWIN MALİYET Report"". Use Technical Academic English for code strings.

  📄 scripts/generated-premium/downtime-cost-analyzer.ts
    ⚠️ Ln 10:9 — Non-English (Turkish) characters in string: ""ARIZA SÜRESİ MALİYETİ"". Use Technical Academic English for code strings.
    ⚠️ Ln 13:18 — Non-English (Turkish) characters in string: ""ARIZA SÜRESİ MALİYETİ — premium analysis tool."". Use Technical Academic English for code strings.
    ⚠️ Ln 15:34 — Non-English (Turkish) characters in string: ""Arıza Süresi"". Use Technical Academic English for code strings.
    ⚠️ Ln 16:36 — Non-English (Turkish) characters in string: ""Etkilenen İşçi"". Use Technical Academic English for code strings.
    ⚠️ Ln 17:35 — Non-English (Turkish) characters in string: ""Saatlik Ücret"". Use Technical Academic English for code strings.
    ⚠️ Ln 20:31 — Non-English (Turkish) characters in string: ""Boşta Güç"". Use Technical Academic English for code strings.
    ⚠️ Ln 21:41 — Non-English (Turkish) characters in string: ""Marka Hasar Çarpanı"". Use Technical Academic English for code strings.
    ⚠️ Ln 39:12 — Non-English (Turkish) characters in string: ""ARIZA SÜRESİ MALİYETİ Report"". Use Technical Academic English for code strings.

  📄 scripts/generated-premium/dye-recipe-cost-analyzer.ts
    ⚠️ Ln 10:9 — Non-English (Turkish) characters in string: ""DYE REÇETE MALİYET"". Use Technical Academic English for code strings.
    ⚠️ Ln 13:18 — Non-English (Turkish) characters in string: ""DYE REÇETE MALİYET — premium analysis tool."". Use Technical Academic English for code strings.
    ⚠️ Ln 15:34 — Non-English (Turkish) characters in string: ""Flotte Oranı"". Use Technical Academic English for code strings.
    ⚠️ Ln 16:35 — Non-English (Turkish) characters in string: ""Kumaş Ağırlık"". Use Technical Academic English for code strings.
    ⚠️ Ln 19:28 — Non-English (Turkish) characters in string: ""Isıtma"". Use Technical Academic English for code strings.
    ⚠️ Ln 20:30 — Non-English (Turkish) characters in string: ""KOI Eşik"". Use Technical Academic English for code strings.
    ⚠️ Ln 45:12 — Non-English (Turkish) characters in string: ""DYE REÇETE MALİYET Report"". Use Technical Academic English for code strings.

  📄 scripts/generated-premium/employee-turnover-cost-analyzer.ts
    ⚠️ Ln 10:9 — Non-English (Turkish) characters in string: ""CİRO MALİYETİ"". Use Technical Academic English for code strings.
    ⚠️ Ln 13:18 — Non-English (Turkish) characters in string: ""CİRO MALİYETİ — premium analysis tool."". Use Technical Academic English for code strings.
    ⚠️ Ln 15:36 — Non-English (Turkish) characters in string: ""Ayrılan Sayısı"". Use Technical Academic English for code strings.
    ⚠️ Ln 17:37 — Non-English (Turkish) characters in string: ""İşe Alım Süresi"". Use Technical Academic English for code strings.
    ⚠️ Ln 18:42 — Non-English (Turkish) characters in string: ""Mülakat/Eğitim Süresi"". Use Technical Academic English for code strings.
    ⚠️ Ln 19:38 — Non-English (Turkish) characters in string: ""Tam Verim Süresi"". Use Technical Academic English for code strings.
    ⚠️ Ln 20:33 — Non-English (Turkish) characters in string: ""Günlük Ciro"". Use Technical Academic English for code strings.
    ⚠️ Ln 40:12 — Non-English (Turkish) characters in string: ""CİRO MALİYETİ Report"". Use Technical Academic English for code strings.

  📄 scripts/generated-premium/energy-consumption-report-analyzer.ts
    ⚠️ Ln 10:9 — Non-English (Turkish) characters in string: ""ENERJİ TÜKETİM RAPORU"". Use Technical Academic English for code strings.
    ⚠️ Ln 13:18 — Non-English (Turkish) characters in string: ""ENERJİ TÜKETİM RAPORU — premium analysis tool."". Use Technical Academic English for code strings.
    ⚠️ Ln 19:31 — Non-English (Turkish) characters in string: ""Ceza Eşik"". Use Technical Academic English for code strings.
    ⚠️ Ln 20:44 — Non-English (Turkish) characters in string: ""Aktif/Reaktif/Güç Bedeli"". Use Technical Academic English for code strings.
    ⚠️ Ln 45:12 — Non-English (Turkish) characters in string: ""ENERJİ TÜKETİM RAPORU Report"". Use Technical Academic English for code strings.

  📄 scripts/generated-premium/environmental-waste-cost-analyzer.ts
    ⚠️ Ln 15:53 — Non-English (Turkish) characters in string: ""Tehlikesiz/Tehlikeli/Geri Dönüşüm"". Use Technical Academic English for code strings.

  📄 scripts/generated-premium/eoq-inventory-optimizer-analyzer.ts
    ⚠️ Ln 15:34 — Non-English (Turkish) characters in string: ""Yıllık Talep"". Use Technical Academic English for code strings.
    ⚠️ Ln 16:37 — Non-English (Turkish) characters in string: ""Sipariş Maliyet"". Use Technical Academic English for code strings.
    ⚠️ Ln 18:36 — Non-English (Turkish) characters in string: ""Taşıma Maliyet"". Use Technical Academic English for code strings.

  📄 scripts/generated-premium/evm-cost-forecast-analyzer.ts
    ⚠️ Ln 10:9 — Non-English (Turkish) characters in string: ""EVM MALİYET FORECAST"". Use Technical Academic English for code strings.
    ⚠️ Ln 13:18 — Non-English (Turkish) characters in string: ""EVM MALİYET FORECAST — premium analysis tool."". Use Technical Academic English for code strings.
    ⚠️ Ln 21:37 — Non-English (Turkish) characters in string: ""Yönetim Rezervi"". Use Technical Academic English for code strings.
    ⚠️ Ln 47:12 — Non-English (Turkish) characters in string: ""EVM MALİYET FORECAST Report"". Use Technical Academic English for code strings.

  📄 scripts/generated-premium/fabric-cutting-optimizer-analyzer.ts
    ⚠️ Ln 10:9 — Non-English (Turkish) characters in string: ""Kumaş Kesim Optimize Edici"". Use Technical Academic English for code strings.
    ⚠️ Ln 13:18 — Non-English (Turkish) characters in string: ""Kumaş Kesim Optimize Edici — premium analysis tool."". Use Technical Academic English for code strings.
    ⚠️ Ln 15:31 — Non-English (Turkish) characters in string: ""Kumaş Eni"". Use Technical Academic English for code strings.
    ⚠️ Ln 18:36 — Non-English (Turkish) characters in string: ""Parça Alanları"". Use Technical Academic English for code strings.
    ⚠️ Ln 20:37 — Non-English (Turkish) characters in string: ""Metretül Fiyatı"". Use Technical Academic English for code strings.
    ⚠️ Ln 21:44 — Non-English (Turkish) characters in string: ""Ortalama Bindirme Payı"". Use Technical Academic English for code strings.
    ⚠️ Ln 41:12 — Non-English (Turkish) characters in string: ""Kumaş Kesim Optimize Edici Report"". Use Technical Academic English for code strings.

  📄 scripts/generated-premium/factory-layout-distance-analyzer.ts
    ⚠️ Ln 10:9 — Non-English (Turkish) characters in string: ""FABRİKA YERLEŞİM MESAFE"". Use Technical Academic English for code strings.
    ⚠️ Ln 13:18 — Non-English (Turkish) characters in string: ""FABRİKA YERLEŞİM MESAFE — premium analysis tool."". Use Technical Academic English for code strings.
    ⚠️ Ln 15:34 — Non-English (Turkish) characters in string: ""Akış Matrisi"". Use Technical Academic English for code strings.
    ⚠️ Ln 18:36 — Non-English (Turkish) characters in string: ""Taşıma Maliyet"". Use Technical Academic English for code strings.
    ⚠️ Ln 21:32 — Non-English (Turkish) characters in string: ""Bitişiklik"". Use Technical Academic English for code strings.
    ⚠️ Ln 43:12 — Non-English (Turkish) characters in string: ""FABRİKA YERLEŞİM MESAFE Report"". Use Technical Academic English for code strings.

  📄 scripts/generated-premium/feed-cost-formulation-analyzer.ts
    ⚠️ Ln 10:9 — Non-English (Turkish) characters in string: ""İLERLEME YEM MALİYET"". Use Technical Academic English for code strings.
    ⚠️ Ln 13:18 — Non-English (Turkish) characters in string: ""İLERLEME YEM MALİYET — premium analysis tool."". Use Technical Academic English for code strings.
    ⚠️ Ln 15:30 — Non-English (Turkish) characters in string: ""Kısıtlar"". Use Technical Academic English for code strings.
    ⚠️ Ln 18:28 — Non-English (Turkish) characters in string: ""Öğütme"". Use Technical Academic English for code strings.
    ⚠️ Ln 21:28 — Non-English (Turkish) characters in string: ""Kazanç"". Use Technical Academic English for code strings.
    ⚠️ Ln 45:12 — Non-English (Turkish) characters in string: ""İLERLEME YEM MALİYET Report"". Use Technical Academic English for code strings.

  📄 scripts/generated-premium/fertilizer-dosage-analyzer.ts
    ⚠️ Ln 10:9 — Non-English (Turkish) characters in string: ""GÜBRE DOZAJ"". Use Technical Academic English for code strings.
    ⚠️ Ln 13:18 — Non-English (Turkish) characters in string: ""GÜBRE DOZAJ — premium analysis tool."". Use Technical Academic English for code strings.
    ⚠️ Ln 17:29 — Non-English (Turkish) characters in string: ""İhtiyaç"". Use Technical Academic English for code strings.
    ⚠️ Ln 20:28 — Non-English (Turkish) characters in string: ""İçerik"". Use Technical Academic English for code strings.
    ⚠️ Ln 45:12 — Non-English (Turkish) characters in string: ""GÜBRE DOZAJ Report"". Use Technical Academic English for code strings.

  📄 scripts/generated-premium/filament-recycling-analyzer.ts
    ⚠️ Ln 19:37 — Non-English (Turkish) characters in string: ""Mukavemet Kayıp"". Use Technical Academic English for code strings.

  📄 scripts/generated-premium/fire-hydrant-flow-analyzer.ts
    ⚠️ Ln 10:9 — Non-English (Turkish) characters in string: ""Yangın Hidrantı Akış"". Use Technical Academic English for code strings.
    ⚠️ Ln 13:18 — Non-English (Turkish) characters in string: ""Yangın Hidrantı Akış — premium analysis tool."". Use Technical Academic English for code strings.
    ⚠️ Ln 15:37 — Non-English (Turkish) characters in string: ""Hidrant Çapı mm"". Use Technical Academic English for code strings.
    ⚠️ Ln 16:44 — Non-English (Turkish) characters in string: ""Statik/Pitot Basınç bar"". Use Technical Academic English for code strings.
    ⚠️ Ln 17:39 — Non-English (Turkish) characters in string: ""Akış Katsayısı c_d"". Use Technical Academic English for code strings.
    ⚠️ Ln 18:39 — Non-English (Turkish) characters in string: ""Boru Uzunluğu/Çapı"". Use Technical Academic English for code strings.
    ⚠️ Ln 19:42 — Non-English (Turkish) characters in string: ""Sürtünme Katsayısı f"". Use Technical Academic English for code strings.
    ⚠️ Ln 20:39 — Non-English (Turkish) characters in string: ""Gerekli Akış L/min"". Use Technical Academic English for code strings.
    ⚠️ Ln 21:40 — Non-English (Turkish) characters in string: ""Gerekli Basınç bar"". Use Technical Academic English for code strings.
    ⚠️ Ln 41:12 — Non-English (Turkish) characters in string: ""Yangın Hidrantı Akış Report"". Use Technical Academic English for code strings.

  📄 scripts/generated-premium/flexible-manufacturing-roi-analyzer.ts
    ⚠️ Ln 16:34 — Non-English (Turkish) characters in string: ""Setup Sayısı"". Use Technical Academic English for code strings.
    ⚠️ Ln 18:32 — Non-English (Turkish) characters in string: ""TTM Kazanç"". Use Technical Academic English for code strings.
    ⚠️ Ln 20:28 — Non-English (Turkish) characters in string: ""Taşıma"". Use Technical Academic English for code strings.

  📄 scripts/generated-premium/food-waste-margin-analyzer.ts
    ⚠️ Ln 10:9 — Non-English (Turkish) characters in string: ""GIDA FİRE MARJ"". Use Technical Academic English for code strings.
    ⚠️ Ln 13:18 — Non-English (Turkish) characters in string: ""GIDA FİRE MARJ — premium analysis tool."". Use Technical Academic English for code strings.
    ⚠️ Ln 15:40 — Non-English (Turkish) characters in string: ""Giren/Çıkan Ağırlık"". Use Technical Academic English for code strings.
    ⚠️ Ln 16:34 — Non-English (Turkish) characters in string: ""Bozulma/Aşırı"". Use Technical Academic English for code strings.
    ⚠️ Ln 17:37 — Non-English (Turkish) characters in string: ""Teorik Kullanım"". Use Technical Academic English for code strings.
    ⚠️ Ln 20:31 — Non-English (Turkish) characters in string: ""İndirimli"". Use Technical Academic English for code strings.
    ⚠️ Ln 46:12 — Non-English (Turkish) characters in string: ""GIDA FİRE MARJ Report"". Use Technical Academic English for code strings.

  📄 scripts/generated-premium/formula-definitions-v2.ts
    ⚠️ Ln 12:12 — Non-English (Turkish) characters in string: ""AI TOKEN MALİYET — BasePromptCost"". Use Technical Academic English for code strings.
    ⚠️ Ln 22:12 — Non-English (Turkish) characters in string: ""AI TOKEN MALİYET — BaseCompletionCost"". Use Technical Academic English for code strings.
    ⚠️ Ln 32:12 — Non-English (Turkish) characters in string: ""AI TOKEN MALİYET — CacheReadCost"". Use Technical Academic English for code strings.
    ⚠️ Ln 42:12 — Non-English (Turkish) characters in string: ""AI TOKEN MALİYET — MonthlyProjection"". Use Technical Academic English for code strings.
    ⚠️ Ln 52:12 — Non-English (Turkish) characters in string: ""AI TOKEN MALİYET — TCO"". Use Technical Academic English for code strings.
    ⚠️ Ln 65:12 — Non-English (Turkish) characters in string: ""ALTI SİGMA PROJE ÖNCELİKLENDİRİCİ — DPMO"". Use Technical Academic English for code strings.
    ⚠️ Ln 76:12 — Non-English (Turkish) characters in string: ""ALTI SİGMA PROJE ÖNCELİKLENDİRİCİ — Yield"". Use Technical Academic English for code strings.
    ⚠️ Ln 87:12 — Non-English (Turkish) characters in string: ""ALTI SİGMA PROJE ÖNCELİKLENDİRİCİ — Z_bench"". Use Technical Academic English for code strings.
    ⚠️ Ln 97:12 — Non-English (Turkish) characters in string: ""ALTI SİGMA PROJE ÖNCELİKLENDİRİCİ — SigmaLevel"". Use Technical Academic English for code strings.
    ⚠️ Ln 107:12 — Non-English (Turkish) characters in string: ""ALTI SİGMA PROJE ÖNCELİKLENDİRİCİ — COPQ"". Use Technical Academic English for code strings.
    ⚠️ Ln 119:12 — Non-English (Turkish) characters in string: ""ALTI SİGMA PROJE ÖNCELİKLENDİRİCİ — ProjectScore"". Use Technical Academic English for code strings.
    ⚠️ Ln 134:12 — Non-English (Turkish) characters in string: ""AQL SAMPLING RİSK & MALİYET — CodeLetter"". Use Technical Academic English for code strings.
    ⚠️ Ln 145:12 — Non-English (Turkish) characters in string: ""AQL SAMPLING RİSK & MALİYET — n"". Use Technical Academic English for code strings.
    ⚠️ Ln 156:12 — Non-English (Turkish) characters in string: ""AQL SAMPLING RİSK & MALİYET — Ac"". Use Technical Academic English for code strings.
    ⚠️ Ln 167:12 — Non-English (Turkish) characters in string: ""AQL SAMPLING RİSK & MALİYET — Pa_producer"". Use Technical Academic English for code strings.
    ⚠️ Ln 177:12 — Non-English (Turkish) characters in string: ""AQL SAMPLING RİSK & MALİYET — Alpha"". Use Technical Academic English for code strings.
    ⚠️ Ln 187:12 — Non-English (Turkish) characters in string: ""AQL SAMPLING RİSK & MALİYET — Pa_consumer"". Use Technical Academic English for code strings.
    ⚠️ Ln 197:12 — Non-English (Turkish) characters in string: ""AQL SAMPLING RİSK & MALİYET — Beta"". Use Technical Academic English for code strings.
    ⚠️ Ln 207:12 — Non-English (Turkish) characters in string: ""AQL SAMPLING RİSK & MALİYET — ATI"". Use Technical Academic English for code strings.
    ⚠️ Ln 217:12 — Non-English (Turkish) characters in string: ""AQL SAMPLING RİSK & MALİYET — TotalRiskCost"". Use Technical Academic English for code strings.
    ⚠️ Ln 232:12 — Non-English (Turkish) characters in string: ""ARAÇ AMORTİSMANI — SL_Annual"". Use Technical Academic English for code strings.
    ⚠️ Ln 243:12 — Non-English (Turkish) characters in string: ""ARAÇ AMORTİSMANI — DB_Rate"". Use Technical Academic English for code strings.
    ⚠️ Ln 252:12 — Non-English (Turkish) characters in string: ""ARAÇ AMORTİSMANI — DB_Year_t"". Use Technical Academic English for code strings.
    ⚠️ Ln 264:12 — Non-English (Turkish) characters in string: ""ARAÇ AMORTİSMANI — MACRS_Year_t"". Use Technical Academic English for code strings.
    ⚠️ Ln 277:12 — Non-English (Turkish) characters in string: ""ARAÇ AMORTİSMANI — UoP_PerUnit"". Use Technical Academic English for code strings.
    ⚠️ Ln 288:12 — Non-English (Turkish) characters in string: ""ARAÇ AMORTİSMANI — TCO"". Use Technical Academic English for code strings.
    ⚠️ Ln 302:12 — Non-English (Turkish) characters in string: ""ARAÇ AMORTİSMANI — TaxShield"". Use Technical Academic English for code strings.
    ⚠️ Ln 314:12 — Non-English (Turkish) characters in string: ""ARIZA SÜRESİ MALİYETİ — DirectLaborLoss"". Use Technical Academic English for code strings.
    ⚠️ Ln 326:12 — Non-English (Turkish) characters in string: ""ARIZA SÜRESİ MALİYETİ — ProductionLoss"". Use Technical Academic English for code strings.
    ⚠️ Ln 337:12 — Non-English (Turkish) characters in string: ""ARIZA SÜRESİ MALİYETİ — EnergyWaste"". Use Technical Academic English for code strings.
    ⚠️ Ln 348:12 — Non-English (Turkish) characters in string: ""ARIZA SÜRESİ MALİYETİ — RecoveryCost"". Use Technical Academic English for code strings.
    ⚠️ Ln 359:12 — Non-English (Turkish) characters in string: ""ARIZA SÜRESİ MALİYETİ — TotalDowntimeCost"". Use Technical Academic English for code strings.
    ⚠️ Ln 496:12 — Non-English (Turkish) characters in string: ""AUTO SHOP MARJ KAÇAK — GrossMargin_Parts"". Use Technical Academic English for code strings.
    ⚠️ Ln 506:12 — Non-English (Turkish) characters in string: ""AUTO SHOP MARJ KAÇAK — EffectiveLaborRate"". Use Technical Academic English for code strings.
    ⚠️ Ln 516:12 — Non-English (Turkish) characters in string: ""AUTO SHOP MARJ KAÇAK — ProductivityRate"". Use Technical Academic English for code strings.
    ⚠️ Ln 526:12 — Non-English (Turkish) characters in string: ""AUTO SHOP MARJ KAÇAK — MarginLeak_Discount"". Use Technical Academic English for code strings.
    ⚠️ Ln 536:12 — Non-English (Turkish) characters in string: ""AUTO SHOP MARJ KAÇAK — MarginLeak_Shrinkage"". Use Technical Academic English for code strings.
    ⚠️ Ln 546:12 — Non-English (Turkish) characters in string: ""AUTO SHOP MARJ KAÇAK — NetMargin"". Use Technical Academic English for code strings.
    ⚠️ Ln 557:12 — Non-English (Turkish) characters in string: ""AUTO SHOP MARJ KAÇAK — AnnualLeakage"". Use Technical Academic English for code strings.
    ⚠️ Ln 570:12 — Non-English (Turkish) characters in string: ""BASINÇ VESSEL KALINLIK — t_shell"". Use Technical Academic English for code strings.
    ⚠️ Ln 583:12 — Non-English (Turkish) characters in string: ""BASINÇ VESSEL KALINLIK — t_sphere"". Use Technical Academic English for code strings.
    ⚠️ Ln 596:12 — Non-English (Turkish) characters in string: ""BASINÇ VESSEL KALINLIK — t_head_ellip"". Use Technical Academic English for code strings.
    ⚠️ Ln 609:12 — Non-English (Turkish) characters in string: ""BASINÇ VESSEL KALINLIK — M"". Use Technical Academic English for code strings.
    ⚠️ Ln 619:12 — Non-English (Turkish) characters in string: ""BASINÇ VESSEL KALINLIK — t_head_tori"". Use Technical Academic English for code strings.
    ⚠️ Ln 633:12 — Non-English (Turkish) characters in string: ""BASINÇ VESSEL KALINLIK — MAWP"". Use Technical Academic English for code strings.
    ⚠️ Ln 648:12 — Non-English (Turkish) characters in string: ""BASINÇLI HAVA ENERJİ — CompressorPower"". Use Technical Academic English for code strings.
    ⚠️ Ln 662:12 — Non-English (Turkish) characters in string: ""BASINÇLI HAVA ENERJİ — SpecificPower"". Use Technical Academic English for code strings.
    ⚠️ Ln 673:12 — Non-English (Turkish) characters in string: ""BASINÇLI HAVA ENERJİ — AnnualEnergyCost"". Use Technical Academic English for code strings.
    ⚠️ Ln 685:12 — Non-English (Turkish) characters in string: ""BASINÇLI HAVA ENERJİ — LeakageCost"". Use Technical Academic English for code strings.
    ⚠️ Ln 697:12 — Non-English (Turkish) characters in string: ""BASINÇLI HAVA ENERJİ — TotalAnnualCost"". Use Technical Academic English for code strings.
    ⚠️ Ln 712:12 — Non-English (Turkish) characters in string: ""BAŞABAŞ NOKTASI — BEP_Units"". Use Technical Academic English for code strings.
    ⚠️ Ln 723:12 — Non-English (Turkish) characters in string: ""BAŞABAŞ NOKTASI — BEP_Revenue"". Use Technical Academic English for code strings.
    ⚠️ Ln 733:12 — Non-English (Turkish) characters in string: ""BAŞABAŞ NOKTASI — CMR"". Use Technical Academic English for code strings.
    ⚠️ Ln 743:12 — Non-English (Turkish) characters in string: ""BAŞABAŞ NOKTASI — MarginOfSafety_Percent"". Use Technical Academic English for code strings.
    ⚠️ Ln 754:12 — Non-English (Turkish) characters in string: ""BAŞABAŞ NOKTASI — OperatingLeverage"". Use Technical Academic English for code strings.
    ⚠️ Ln 764:12 — Non-English (Turkish) characters in string: ""BAŞABAŞ NOKTASI — TargetProfit_Units"". Use Technical Academic English for code strings.
    ⚠️ Ln 777:12 — Non-English (Turkish) characters in string: ""BETON HACMİ — V_slab"". Use Technical Academic English for code strings.
    ⚠️ Ln 788:12 — Non-English (Turkish) characters in string: ""BETON HACMİ — V_footing"". Use Technical Academic English for code strings.
    ⚠️ Ln 800:12 — Non-English (Turkish) characters in string: ""BETON HACMİ — V_column"". Use Technical Academic English for code strings.
    ⚠️ Ln 811:12 — Non-English (Turkish) characters in string: ""BETON HACMİ — V_wall"". Use Technical Academic English for code strings.
    ⚠️ Ln 822:12 — Non-English (Turkish) characters in string: ""BETON HACMİ — V_total"". Use Technical Academic English for code strings.
    ⚠️ Ln 833:12 — Non-English (Turkish) characters in string: ""BETON HACMİ — Weight"". Use Technical Academic English for code strings.
    ⚠️ Ln 844:12 — Non-English (Turkish) characters in string: ""BETON HACMİ — TruckLoads"". Use Technical Academic English for code strings.
    ⚠️ Ln 855:12 — Non-English (Turkish) characters in string: ""BETON HACMİ — TotalCost"". Use Technical Academic English for code strings.
    ⚠️ Ln 936:12 — Non-English (Turkish) characters in string: ""CBAM MARUZİYET — DirectEmissions"". Use Technical Academic English for code strings.
    ⚠️ Ln 946:12 — Non-English (Turkish) characters in string: ""CBAM MARUZİYET — IndirectEmissions"". Use Technical Academic English for code strings.
    ⚠️ Ln 956:12 — Non-English (Turkish) characters in string: ""CBAM MARUZİYET — CarbonIntensity"". Use Technical Academic English for code strings.
    ⚠️ Ln 967:12 — Non-English (Turkish) characters in string: ""CBAM MARUZİYET — CBAMCertificateCost"". Use Technical Academic English for code strings.
    ⚠️ Ln 979:12 — Non-English (Turkish) characters in string: ""CBAM MARUZİYET — FreeAllowance"". Use Technical Academic English for code strings.
    ⚠️ Ln 990:12 — Non-English (Turkish) characters in string: ""CBAM MARUZİYET — ComplianceScore"". Use Technical Academic English for code strings.
    ⚠️ Ln 1070:12 — Non-English (Turkish) characters in string: ""CHATTER YÜZEY KALİTE — V_c"". Use Technical Academic English for code strings.
    ⚠️ Ln 1080:12 — Non-English (Turkish) characters in string: ""CHATTER YÜZEY KALİTE — f_z"". Use Technical Academic English for code strings.
    ⚠️ Ln 1092:12 — Non-English (Turkish) characters in string: ""CHATTER YÜZEY KALİTE — SurfaceRoughness_Theo"". Use Technical Academic English for code strings.
    ⚠️ Ln 1104:12 — Non-English (Turkish) characters in string: ""CHATTER YÜZEY KALİTE — SurfaceRoughness_Actual"". Use Technical Academic English for code strings.
    ⚠️ Ln 1114:12 — Non-English (Turkish) characters in string: ""CHATTER YÜZEY KALİTE — QualityLossCost"". Use Technical Academic English for code strings.
    ⚠️ Ln 1125:12 — Non-English (Turkish) characters in string: ""CHATTER YÜZEY KALİTE — ScrapRate"". Use Technical Academic English for code strings.
    ⚠️ Ln 1216:12 — Non-English (Turkish) characters in string: ""CİRO MALİYETİ — SeparationCost"". Use Technical Academic English for code strings.
    ⚠️ Ln 1228:12 — Non-English (Turkish) characters in string: ""CİRO MALİYETİ — VacancyCost"". Use Technical Academic English for code strings.
    ⚠️ Ln 1239:12 — Non-English (Turkish) characters in string: ""CİRO MALİYETİ — ReplacementCost"". Use Technical Academic English for code strings.
    ⚠️ Ln 1251:12 — Non-English (Turkish) characters in string: ""CİRO MALİYETİ — TrainingCost"". Use Technical Academic English for code strings.
    ⚠️ Ln 1263:12 — Non-English (Turkish) characters in string: ""CİRO MALİYETİ — ProductivityLoss"". Use Technical Academic English for code strings.
    ⚠️ Ln 1275:12 — Non-English (Turkish) characters in string: ""CİRO MALİYETİ — TotalTurnoverCost"". Use Technical Academic English for code strings.
    ⚠️ Ln 1496:12 — Non-English (Turkish) characters in string: ""CNC ÇEVRİM SÜRESİ — T_cut"". Use Technical Academic English for code strings.
    ⚠️ Ln 1510:12 — Non-English (Turkish) characters in string: ""CNC ÇEVRİM SÜRESİ — V_f"". Use Technical Academic English for code strings.
    ⚠️ Ln 1521:12 — Non-English (Turkish) characters in string: ""CNC ÇEVRİM SÜRESİ — n"". Use Technical Academic English for code strings.
    ⚠️ Ln 1533:12 — Non-English (Turkish) characters in string: ""CNC ÇEVRİM SÜRESİ — T_rapid"". Use Technical Academic English for code strings.
    ⚠️ Ln 1544:12 — Non-English (Turkish) characters in string: ""CNC ÇEVRİM SÜRESİ — T_toolchange"". Use Technical Academic English for code strings.
    ⚠️ Ln 1554:12 — Non-English (Turkish) characters in string: ""CNC ÇEVRİM SÜRESİ — T_total"". Use Technical Academic English for code strings.
    ⚠️ Ln 1569:12 — Non-English (Turkish) characters in string: ""CNC ÇEVRİM SÜRESİ — OEE_Availability"". Use Technical Academic English for code strings.
    ⚠️ Ln 1581:12 — Non-English (Turkish) characters in string: ""CNC İŞLEME MALİYETİ — Cost_Material"". Use Technical Academic English for code strings.
    ⚠️ Ln 1594:12 — Non-English (Turkish) characters in string: ""CNC İŞLEME MALİYETİ — Cost_Machining"". Use Technical Academic English for code strings.
    ⚠️ Ln 1605:12 — Non-English (Turkish) characters in string: ""CNC İŞLEME MALİYETİ — Cost_Tooling"". Use Technical Academic English for code strings.
    ⚠️ Ln 1617:12 — Non-English (Turkish) characters in string: ""CNC İŞLEME MALİYETİ — Cost_Energy"". Use Technical Academic English for code strings.
    ⚠️ Ln 1629:12 — Non-English (Turkish) characters in string: ""CNC İŞLEME MALİYETİ — Cost_Overhead"". Use Technical Academic English for code strings.
    ⚠️ Ln 1640:12 — Non-English (Turkish) characters in string: ""CNC İŞLEME MALİYETİ — TotalUnitCost"". Use Technical Academic English for code strings.
    ⚠️ Ln 1745:12 — Non-English (Turkish) characters in string: ""CPM GECİKME CEZASI — TotalFloat"". Use Technical Academic English for code strings.
    ⚠️ Ln 1755:12 — Non-English (Turkish) characters in string: ""CPM GECİKME CEZASI — CriticalDelay"". Use Technical Academic English for code strings.
    ⚠️ Ln 1766:12 — Non-English (Turkish) characters in string: ""CPM GECİKME CEZASI — ExcusableDelay"". Use Technical Academic English for code strings.
    ⚠️ Ln 1776:12 — Non-English (Turkish) characters in string: ""CPM GECİKME CEZASI — NonExcusable"". Use Technical Academic English for code strings.
    ⚠️ Ln 1786:12 — Non-English (Turkish) characters in string: ""CPM GECİKME CEZASI — LiquidatedDamages"". Use Technical Academic English for code strings.
    ⚠️ Ln 1796:12 — Non-English (Turkish) characters in string: ""CPM GECİKME CEZASI — AccelerationCost"". Use Technical Academic English for code strings.
    ⚠️ Ln 1806:12 — Non-English (Turkish) characters in string: ""CPM GECİKME CEZASI — NetPenalty"". Use Technical Academic English for code strings.
    ⚠️ Ln 1816:12 — Non-English (Turkish) characters in string: ""CPM GECİKME CEZASI — EOT_Claim"". Use Technical Academic English for code strings.
    ⚠️ Ln 1828:12 — Non-English (Turkish) characters in string: ""ÇATI ALANI — Area_Footprint"". Use Technical Academic English for code strings.
    ⚠️ Ln 1838:12 — Non-English (Turkish) characters in string: ""ÇATI ALANI — Area_Gable"". Use Technical Academic English for code strings.
    ⚠️ Ln 1848:12 — Non-English (Turkish) characters in string: ""ÇATI ALANI — OverhangArea"". Use Technical Academic English for code strings.
    ⚠️ Ln 1858:12 — Non-English (Turkish) characters in string: ""ÇATI ALANI — TotalMaterialArea"". Use Technical Academic English for code strings.
    ⚠️ Ln 1869:12 — Non-English (Turkish) characters in string: ""ÇATI ALANI — RidgeLength"". Use Technical Academic English for code strings.
    ⚠️ Ln 1879:12 — Non-English (Turkish) characters in string: ""ÇATI ALANI — Load_Dead"". Use Technical Academic English for code strings.
    ⚠️ Ln 1889:12 — Non-English (Turkish) characters in string: ""ÇATI ALANI — Load_Snow"". Use Technical Academic English for code strings.
    ⚠️ Ln 1903:12 — Non-English (Turkish) characters in string: ""DARBOĞAZ YATIRIM — Utilization"". Use Technical Academic English for code strings.
    ⚠️ Ln 1913:12 — Non-English (Turkish) characters in string: ""DARBOĞAZ YATIRIM — Throughput"". Use Technical Academic English for code strings.
    ⚠️ Ln 1923:12 — Non-English (Turkish) characters in string: ""DARBOĞAZ YATIRIM — TaktTime"". Use Technical Academic English for code strings.
    ⚠️ Ln 1933:12 — Non-English (Turkish) characters in string: ""DARBOĞAZ YATIRIM — CycleTime_Gap"". Use Technical Academic English for code strings.
    ⚠️ Ln 1943:12 — Non-English (Turkish) characters in string: ""DARBOĞAZ YATIRIM — CostOfConstraint"". Use Technical Academic English for code strings.
    ⚠️ Ln 1955:12 — Non-English (Turkish) characters in string: ""DARBOĞAZ YATIRIM — ROI"". Use Technical Academic English for code strings.
    ⚠️ Ln 1967:12 — Non-English (Turkish) characters in string: ""DARBOĞAZ YATIRIM — Payback"". Use Technical Academic English for code strings.
    ⚠️ Ln 1979:12 — Non-English (Turkish) characters in string: ""DEĞİŞİM MATRİSİ SMED — T_internal"". Use Technical Academic English for code strings.
    ⚠️ Ln 1988:12 — Non-English (Turkish) characters in string: ""DEĞİŞİM MATRİSİ SMED — T_external"". Use Technical Academic English for code strings.
    ⚠️ Ln 1997:12 — Non-English (Turkish) characters in string: ""DEĞİŞİM MATRİSİ SMED — T_total"". Use Technical Academic English for code strings.
    ⚠️ Ln 2008:12 — Non-English (Turkish) characters in string: ""DEĞİŞİM MATRİSİ SMED — T_target"". Use Technical Academic English for code strings.
    ⚠️ Ln 2020:12 — Non-English (Turkish) characters in string: ""DEĞİŞİM MATRİSİ SMED — EBQ"". Use Technical Academic English for code strings.
    ⚠️ Ln 2031:12 — Non-English (Turkish) characters in string: ""DEĞİŞİM MATRİSİ SMED — SetupCost"". Use Technical Academic English for code strings.
    ⚠️ Ln 2043:12 — Non-English (Turkish) characters in string: ""DEĞİŞİM MATRİSİ SMED — AnnualSavings"". Use Technical Academic English for code strings.
    ⚠️ Ln 2056:12 — Non-English (Turkish) characters in string: ""DEĞİŞİM MATRİSİ SMED — CapacityGain"". Use Technical Academic English for code strings.
    ⚠️ Ln 2071:12 — Non-English (Turkish) characters in string: ""DEPO YERLEŞİMİ — StorageArea"". Use Technical Academic English for code strings.
    ⚠️ Ln 2081:12 — Non-English (Turkish) characters in string: ""DEPO YERLEŞİMİ — PalletPositions"". Use Technical Academic English for code strings.
    ⚠️ Ln 2092:12 — Non-English (Turkish) characters in string: ""DEPO YERLEŞİMİ — VerticalCap"". Use Technical Academic English for code strings.
    ⚠️ Ln 2102:12 — Non-English (Turkish) characters in string: ""DEPO YERLEŞİMİ — ThroughputCap"". Use Technical Academic English for code strings.
    ⚠️ Ln 2114:12 — Non-English (Turkish) characters in string: ""DEPO YERLEŞİMİ — TravelDist"". Use Technical Academic English for code strings.
    ⚠️ Ln 2124:12 — Non-English (Turkish) characters in string: ""DEPO YERLEŞİMİ — PickEfficiency"". Use Technical Academic English for code strings.
    ⚠️ Ln 2134:12 — Non-English (Turkish) characters in string: ""DEPO YERLEŞİMİ — CubeUtil"". Use Technical Academic English for code strings.
    ⚠️ Ln 2144:12 — Non-English (Turkish) characters in string: ""DEPO YERLEŞİMİ — CostPerPos"". Use Technical Academic English for code strings.
    ⚠️ Ln 2156:12 — Non-English (Turkish) characters in string: ""DEVAMSIZLIK MALİYETİ — DirectCost"". Use Technical Academic English for code strings.
    ⚠️ Ln 2167:12 — Non-English (Turkish) characters in string: ""DEVAMSIZLIK MALİYETİ — OvertimePremium"". Use Technical Academic English for code strings.
    ⚠️ Ln 2178:12 — Non-English (Turkish) characters in string: ""DEVAMSIZLIK MALİYETİ — TempCost"". Use Technical Academic English for code strings.
    ⚠️ Ln 2189:12 — Non-English (Turkish) characters in string: ""DEVAMSIZLIK MALİYETİ — ProdLoss"". Use Technical Academic English for code strings.
    ⚠️ Ln 2201:12 — Non-English (Turkish) characters in string: ""DEVAMSIZLIK MALİYETİ — AdminCost"". Use Technical Academic English for code strings.
    ⚠️ Ln 2213:12 — Non-English (Turkish) characters in string: ""DEVAMSIZLIK MALİYETİ — BradfordFactor"". Use Technical Academic English for code strings.
    ⚠️ Ln 2223:12 — Non-English (Turkish) characters in string: ""DEVAMSIZLIK MALİYETİ — TotalCost"". Use Technical Academic English for code strings.
    ⚠️ Ln 2238:12 — Non-English (Turkish) characters in string: ""DIGITAL TWIN MALİYET — Cost_Trad"". Use Technical Academic English for code strings.
    ⚠️ Ln 2250:12 — Non-English (Turkish) characters in string: ""DIGITAL TWIN MALİYET — Cost_DT"". Use Technical Academic English for code strings.
    ⚠️ Ln 2262:12 — Non-English (Turkish) characters in string: ""DIGITAL TWIN MALİYET — TimeGain"". Use Technical Academic English for code strings.
    ⚠️ Ln 2273:12 — Non-English (Turkish) characters in string: ""DIGITAL TWIN MALİYET — RevenueGain"". Use Technical Academic English for code strings.
    ⚠️ Ln 2283:12 — Non-English (Turkish) characters in string: ""DIGITAL TWIN MALİYET — QualitySavings"". Use Technical Academic English for code strings.
    ⚠️ Ln 2294:12 — Non-English (Turkish) characters in string: ""DIGITAL TWIN MALİYET — ROI"". Use Technical Academic English for code strings.
    ⚠️ Ln 2308:12 — Non-English (Turkish) characters in string: ""DİKİŞ HATTI DENGELEYİCİ — TaktTime"". Use Technical Academic English for code strings.
    ⚠️ Ln 2318:12 — Non-English (Turkish) characters in string: ""DİKİŞ HATTI DENGELEYİCİ — CycleTotal"". Use Technical Academic English for code strings.
    ⚠️ Ln 2327:12 — Non-English (Turkish) characters in string: ""DİKİŞ HATTI DENGELEYİCİ — TheoOperators"". Use Technical Academic English for code strings.
    ⚠️ Ln 2337:12 — Non-English (Turkish) characters in string: ""DİKİŞ HATTI DENGELEYİCİ — ActOperators"". Use Technical Academic English for code strings.
    ⚠️ Ln 2346:12 — Non-English (Turkish) characters in string: ""DİKİŞ HATTI DENGELEYİCİ — LineEff"". Use Technical Academic English for code strings.
    ⚠️ Ln 2357:12 — Non-English (Turkish) characters in string: ""DİKİŞ HATTI DENGELEYİCİ — BalanceDelay"". Use Technical Academic English for code strings.
    ⚠️ Ln 2366:12 — Non-English (Turkish) characters in string: ""DİKİŞ HATTI DENGELEYİCİ — Smoothness"". Use Technical Academic English for code strings.
    ⚠️ Ln 2378:12 — Non-English (Turkish) characters in string: ""DİKİŞ HATTI DENGELEYİCİ — WIP"". Use Technical Academic English for code strings.
    ⚠️ Ln 2391:12 — Non-English (Turkish) characters in string: ""DYE REÇETE MALİYET — Cost_Dye"". Use Technical Academic English for code strings.
    ⚠️ Ln 2402:12 — Non-English (Turkish) characters in string: ""DYE REÇETE MALİYET — Cost_Chem"". Use Technical Academic English for code strings.
    ⚠️ Ln 2412:12 — Non-English (Turkish) characters in string: ""DYE REÇETE MALİYET — Cost_Water"". Use Technical Academic English for code strings.
    ⚠️ Ln 2423:12 — Non-English (Turkish) characters in string: ""DYE REÇETE MALİYET — Cost_Energy"". Use Technical Academic English for code strings.
    ⚠️ Ln 2434:12 — Non-English (Turkish) characters in string: ""DYE REÇETE MALİYET — Cost_Waste"". Use Technical Academic English for code strings.
    ⚠️ Ln 2445:12 — Non-English (Turkish) characters in string: ""DYE REÇETE MALİYET — TotalBatch"". Use Technical Academic English for code strings.
    ⚠️ Ln 2458:12 — Non-English (Turkish) characters in string: ""DYE REÇETE MALİYET — RFT_Savings"". Use Technical Academic English for code strings.
    ⚠️ Ln 2468:12 — Non-English (Turkish) characters in string: ""DYE REÇETE MALİYET — CostPerKg"". Use Technical Academic English for code strings.
    ⚠️ Ln 2482:12 — Non-English (Turkish) characters in string: ""ENERJİ TÜKETİM RAPORU — Active"". Use Technical Academic English for code strings.
    ⚠️ Ln 2491:12 — Non-English (Turkish) characters in string: ""ENERJİ TÜKETİM RAPORU — Reactive"". Use Technical Academic English for code strings.
    ⚠️ Ln 2500:12 — Non-English (Turkish) characters in string: ""ENERJİ TÜKETİM RAPORU — PF"". Use Technical Academic English for code strings.
    ⚠️ Ln 2510:12 — Non-English (Turkish) characters in string: ""ENERJİ TÜKETİM RAPORU — ReactivePenalty"". Use Technical Academic English for code strings.
    ⚠️ Ln 2523:12 — Non-English (Turkish) characters in string: ""ENERJİ TÜKETİM RAPORU — DemandCharge"". Use Technical Academic English for code strings.
    ⚠️ Ln 2534:12 — Non-English (Turkish) characters in string: ""ENERJİ TÜKETİM RAPORU — TOU"". Use Technical Academic English for code strings.
    ⚠️ Ln 2545:12 — Non-English (Turkish) characters in string: ""ENERJİ TÜKETİM RAPORU — Total"". Use Technical Academic English for code strings.
    ⚠️ Ln 2558:12 — Non-English (Turkish) characters in string: ""ENERJİ TÜKETİM RAPORU — Carbon"". Use Technical Academic English for code strings.
    ⚠️ Ln 2826:12 — Non-English (Turkish) characters in string: ""EVM MALİYET FORECAST — SV"". Use Technical Academic English for code strings.
    ⚠️ Ln 2836:12 — Non-English (Turkish) characters in string: ""EVM MALİYET FORECAST — CV"". Use Technical Academic English for code strings.
    ⚠️ Ln 2846:12 — Non-English (Turkish) characters in string: ""EVM MALİYET FORECAST — SPI"". Use Technical Academic English for code strings.
    ⚠️ Ln 2856:12 — Non-English (Turkish) characters in string: ""EVM MALİYET FORECAST — CPI"". Use Technical Academic English for code strings.
    ⚠️ Ln 2866:12 — Non-English (Turkish) characters in string: ""EVM MALİYET FORECAST — EAC_CPI"". Use Technical Academic English for code strings.
    ⚠️ Ln 2876:12 — Non-English (Turkish) characters in string: ""EVM MALİYET FORECAST — EAC_CPI_SPI"". Use Technical Academic English for code strings.
    ⚠️ Ln 2889:12 — Non-English (Turkish) characters in string: ""EVM MALİYET FORECAST — ETC"". Use Technical Academic English for code strings.
    ⚠️ Ln 2899:12 — Non-English (Turkish) characters in string: ""EVM MALİYET FORECAST — VAC"". Use Technical Academic English for code strings.
    ⚠️ Ln 2909:12 — Non-English (Turkish) characters in string: ""EVM MALİYET FORECAST — TCPI"". Use Technical Academic English for code strings.
    ⚠️ Ln 2922:12 — Non-English (Turkish) characters in string: ""FABRİKA YERLEŞİM MESAFE — Dist_ij"". Use Technical Academic English for code strings.
    ⚠️ Ln 2934:12 — Non-English (Turkish) characters in string: ""FABRİKA YERLEŞİM MESAFE — FlowCost"". Use Technical Academic English for code strings.
    ⚠️ Ln 2946:12 — Non-English (Turkish) characters in string: ""FABRİKA YERLEŞİM MESAFE — AdjScore"". Use Technical Academic English for code strings.
    ⚠️ Ln 2957:12 — Non-English (Turkish) characters in string: ""FABRİKA YERLEŞİM MESAFE — SpaceUtil"". Use Technical Academic English for code strings.
    ⚠️ Ln 2967:12 — Non-English (Turkish) characters in string: ""FABRİKA YERLEŞİM MESAFE — MatHandCost"". Use Technical Academic English for code strings.
    ⚠️ Ln 2977:12 — Non-English (Turkish) characters in string: ""FABRİKA YERLEŞİM MESAFE — Congestion"". Use Technical Academic English for code strings.
    ⚠️ Ln 2987:12 — Non-English (Turkish) characters in string: ""FABRİKA YERLEŞİM MESAFE — TotalCost"". Use Technical Academic English for code strings.
    ⚠️ Ln 3000:12 — Non-English (Turkish) characters in string: ""FAİZ ORANI RİSKİ — Exposure"". Use Technical Academic English for code strings.
    ⚠️ Ln 3010:12 — Non-English (Turkish) characters in string: ""FAİZ ORANI RİSKİ — ShockImpact"". Use Technical Academic English for code strings.
    ⚠️ Ln 3020:12 — Non-English (Turkish) characters in string: ""FAİZ ORANI RİSKİ — DurGap"". Use Technical Academic English for code strings.
    ⚠️ Ln 3030:12 — Non-English (Turkish) characters in string: ""FAİZ ORANI RİSKİ — EVE_Change"". Use Technical Academic English for code strings.
    ⚠️ Ln 3041:12 — Non-English (Turkish) characters in string: ""FAİZ ORANI RİSKİ — NIM"". Use Technical Academic English for code strings.
    ⚠️ Ln 3051:12 — Non-English (Turkish) characters in string: ""FAİZ ORANI RİSKİ — VaR"". Use Technical Academic English for code strings.
    ⚠️ Ln 3062:12 — Non-English (Turkish) characters in string: ""FAİZ ORANI RİSKİ — HedgeCost"". Use Technical Academic English for code strings.
    ⚠️ Ln 3072:12 — Non-English (Turkish) characters in string: ""FAİZ ORANI RİSKİ — BreakEven"". Use Technical Academic English for code strings.
    ⚠️ Ln 3165:12 — Non-English (Turkish) characters in string: ""FİYAT ESNEKLİĞİ — Elasticity"". Use Technical Academic English for code strings.
    ⚠️ Ln 3176:12 — Non-English (Turkish) characters in string: ""FİYAT ESNEKLİĞİ — NewDem"". Use Technical Academic English for code strings.
    ⚠️ Ln 3188:12 — Non-English (Turkish) characters in string: ""FİYAT ESNEKLİĞİ — NewRev"". Use Technical Academic English for code strings.
    ⚠️ Ln 3198:12 — Non-English (Turkish) characters in string: ""FİYAT ESNEKLİĞİ — NewMargin"". Use Technical Academic English for code strings.
    ⚠️ Ln 3210:12 — Non-English (Turkish) characters in string: ""FİYAT ESNEKLİĞİ — MaxPrice"". Use Technical Academic English for code strings.
    ⚠️ Ln 3220:12 — Non-English (Turkish) characters in string: ""FİYAT ESNEKLİĞİ — Markup"". Use Technical Academic English for code strings.
    ⚠️ Ln 3229:12 — Non-English (Turkish) characters in string: ""FİYAT ESNEKLİĞİ — CannibLoss"". Use Technical Academic English for code strings.
    ⚠️ Ln 3241:12 — Non-English (Turkish) characters in string: ""FİYAT ESNEKLİĞİ — NetImpact"". Use Technical Academic English for code strings.
    ⚠️ Ln 3335:12 — Non-English (Turkish) characters in string: ""GAGE R&R MALİYET — EV"". Use Technical Academic English for code strings.
    ⚠️ Ln 3347:12 — Non-English (Turkish) characters in string: ""GAGE R&R MALİYET — AV"". Use Technical Academic English for code strings.
    ⚠️ Ln 3362:12 — Non-English (Turkish) characters in string: ""GAGE R&R MALİYET — GRR"". Use Technical Academic English for code strings.
    ⚠️ Ln 3372:12 — Non-English (Turkish) characters in string: ""GAGE R&R MALİYET — PV"". Use Technical Academic English for code strings.
    ⚠️ Ln 3384:12 — Non-English (Turkish) characters in string: ""GAGE R&R MALİYET — TV"". Use Technical Academic English for code strings.
    ⚠️ Ln 3394:12 — Non-English (Turkish) characters in string: ""GAGE R&R MALİYET — PctGRR"". Use Technical Academic English for code strings.
    ⚠️ Ln 3404:12 — Non-English (Turkish) characters in string: ""GAGE R&R MALİYET — CostError"". Use Technical Academic English for code strings.
    ⚠️ Ln 3416:12 — Non-English (Turkish) characters in string: ""GAGE R&R MALİYET — OptTol"". Use Technical Academic English for code strings.
    ⚠️ Ln 3425:12 — Non-English (Turkish) characters in string: ""GAGE R&R MALİYET — FinImpact"". Use Technical Academic English for code strings.
    ⚠️ Ln 3437:12 — Non-English (Turkish) characters in string: ""GIDA FİRE MARJ — Yield"". Use Technical Academic English for code strings.
    ⚠️ Ln 3447:12 — Non-English (Turkish) characters in string: ""GIDA FİRE MARJ — Shrinkage"". Use Technical Academic English for code strings.
    ⚠️ Ln 3457:12 — Non-English (Turkish) characters in string: ""GIDA FİRE MARJ — Cost_Shrink"". Use Technical Academic English for code strings.
    ⚠️ Ln 3467:12 — Non-English (Turkish) characters in string: ""GIDA FİRE MARJ — Cost_Spoil"". Use Technical Academic English for code strings.
    ⚠️ Ln 3477:12 — Non-English (Turkish) characters in string: ""GIDA FİRE MARJ — Cost_Over"". Use Technical Academic English for code strings.
    ⚠️ Ln 3488:12 — Non-English (Turkish) characters in string: ""GIDA FİRE MARJ — MarginLeak"". Use Technical Academic English for code strings.
    ⚠️ Ln 3499:12 — Non-English (Turkish) characters in string: ""GIDA FİRE MARJ — OEE_Food"". Use Technical Academic English for code strings.
    ⚠️ Ln 3511:12 — Non-English (Turkish) characters in string: ""GIDA FİRE MARJ — TheoUsage"". Use Technical Academic English for code strings.
    ⚠️ Ln 3521:12 — Non-English (Turkish) characters in string: ""GIDA FİRE MARJ — Variance"". Use Technical Academic English for code strings.
    ⚠️ Ln 3533:12 — Non-English (Turkish) characters in string: ""GÜBRE DOZAJ — NutReq"". Use Technical Academic English for code strings.
    ⚠️ Ln 3543:12 — Non-English (Turkish) characters in string: ""GÜBRE DOZAJ — SoilSupp"". Use Technical Academic English for code strings.
    ⚠️ Ln 3553:12 — Non-English (Turkish) characters in string: ""GÜBRE DOZAJ — FertNeed"". Use Technical Academic English for code strings.
    ⚠️ Ln 3564:12 — Non-English (Turkish) characters in string: ""GÜBRE DOZAJ — AppRate"". Use Technical Academic English for code strings.
    ⚠️ Ln 3574:12 — Non-English (Turkish) characters in string: ""GÜBRE DOZAJ — Cost"". Use Technical Academic English for code strings.
    ⚠️ Ln 3585:12 — Non-English (Turkish) characters in string: ""GÜBRE DOZAJ — EnvRisk"". Use Technical Academic English for code strings.
    ⚠️ Ln 3596:12 — Non-English (Turkish) characters in string: ""GÜBRE DOZAJ — ROI"". Use Technical Academic English for code strings.
    ⚠️ Ln 3607:12 — Non-English (Turkish) characters in string: ""GÜBRE DOZAJ — Precision"". Use Technical Academic English for code strings.
    ⚠️ Ln 3710:12 — Non-English (Turkish) characters in string: ""HACİMSEL AĞIRLIK — VolWeight_Air"". Use Technical Academic English for code strings.
    ⚠️ Ln 3721:12 — Non-English (Turkish) characters in string: ""HACİMSEL AĞIRLIK — VolWeight_Road"". Use Technical Academic English for code strings.
    ⚠️ Ln 3732:12 — Non-English (Turkish) characters in string: ""HACİMSEL AĞIRLIK — VolWeight_Sea"". Use Technical Academic English for code strings.
    ⚠️ Ln 3743:12 — Non-English (Turkish) characters in string: ""HACİMSEL AĞIRLIK — Chargeable"". Use Technical Academic English for code strings.
    ⚠️ Ln 3753:12 — Non-English (Turkish) characters in string: ""HACİMSEL AĞIRLIK — Freight"". Use Technical Academic English for code strings.
    ⚠️ Ln 3763:12 — Non-English (Turkish) characters in string: ""HACİMSEL AĞIRLIK — Density"". Use Technical Academic English for code strings.
    ⚠️ Ln 3773:12 — Non-English (Turkish) characters in string: ""HACİMSEL AĞIRLIK — StackLoss"". Use Technical Academic English for code strings.
    ⚠️ Ln 3783:12 — Non-English (Turkish) characters in string: ""HACİMSEL AĞIRLIK — Ineff"". Use Technical Academic English for code strings.
    ⚠️ Ln 3796:12 — Non-English (Turkish) characters in string: ""HAFİFLİK MALİYET TASARRUFU — WeightRed"". Use Technical Academic English for code strings.
    ⚠️ Ln 3806:12 — Non-English (Turkish) characters in string: ""HAFİFLİK MALİYET TASARRUFU — FuelSav_Auto"". Use Technical Academic English for code strings.
    ⚠️ Ln 3818:12 — Non-English (Turkish) characters in string: ""HAFİFLİK MALİYET TASARRUFU — FuelSav_Aero"". Use Technical Academic English for code strings.
    ⚠️ Ln 3830:12 — Non-English (Turkish) characters in string: ""HAFİFLİK MALİYET TASARRUFU — PayloadGain"". Use Technical Academic English for code strings.
    ⚠️ Ln 3840:12 — Non-English (Turkish) characters in string: ""HAFİFLİK MALİYET TASARRUFU — MatPrem"". Use Technical Academic English for code strings.
    ⚠️ Ln 3851:12 — Non-English (Turkish) characters in string: ""HAFİFLİK MALİYET TASARRUFU — ToolDelta"". Use Technical Academic English for code strings.
    ⚠️ Ln 3861:12 — Non-English (Turkish) characters in string: ""HAFİFLİK MALİYET TASARRUFU — NetSav"". Use Technical Academic English for code strings.
    ⚠️ Ln 3876:12 — Non-English (Turkish) characters in string: ""HURDA ORANI OPTİMİZE — ScrapRate"". Use Technical Academic English for code strings.
    ⚠️ Ln 3886:12 — Non-English (Turkish) characters in string: ""HURDA ORANI OPTİMİZE — Cost_Mat"". Use Technical Academic English for code strings.
    ⚠️ Ln 3896:12 — Non-English (Turkish) characters in string: ""HURDA ORANI OPTİMİZE — Cost_Lab"". Use Technical Academic English for code strings.
    ⚠️ Ln 3907:12 — Non-English (Turkish) characters in string: ""HURDA ORANI OPTİMİZE — Cost_OH"". Use Technical Academic English for code strings.
    ⚠️ Ln 3918:12 — Non-English (Turkish) characters in string: ""HURDA ORANI OPTİMİZE — OppCost"". Use Technical Academic English for code strings.
    ⚠️ Ln 3928:12 — Non-English (Turkish) characters in string: ""HURDA ORANI OPTİMİZE — TotalCost"". Use Technical Academic English for code strings.
    ⚠️ Ln 3941:12 — Non-English (Turkish) characters in string: ""HURDA ORANI OPTİMİZE — Pareto"". Use Technical Academic English for code strings.
    ⚠️ Ln 3951:12 — Non-English (Turkish) characters in string: ""HURDA ORANI OPTİMİZE — Target"". Use Technical Academic English for code strings.
    ⚠️ Ln 3963:12 — Non-English (Turkish) characters in string: ""HVAC KAPASİTE — Sensible"". Use Technical Academic English for code strings.
    ⚠️ Ln 3973:12 — Non-English (Turkish) characters in string: ""HVAC KAPASİTE — Latent"". Use Technical Academic English for code strings.
    ⚠️ Ln 3983:12 — Non-English (Turkish) characters in string: ""HVAC KAPASİTE — Total"". Use Technical Academic English for code strings.
    ⚠️ Ln 3993:12 — Non-English (Turkish) characters in string: ""HVAC KAPASİTE — Envelope"". Use Technical Academic English for code strings.
    ⚠️ Ln 4004:12 — Non-English (Turkish) characters in string: ""HVAC KAPASİTE — Internal"". Use Technical Academic English for code strings.
    ⚠️ Ln 4016:12 — Non-English (Turkish) characters in string: ""HVAC KAPASİTE — Vent"". Use Technical Academic English for code strings.
    ⚠️ Ln 4028:12 — Non-English (Turkish) characters in string: ""HVAC KAPASİTE — Tons"". Use Technical Academic English for code strings.
    ⚠️ Ln 4037:12 — Non-English (Turkish) characters in string: ""HVAC KAPASİTE — EER"". Use Technical Academic English for code strings.
    ⚠️ Ln 4047:12 — Non-English (Turkish) characters in string: ""HVAC KAPASİTE — AnnualCost"". Use Technical Academic English for code strings.
    ⚠️ Ln 4061:12 — Non-English (Turkish) characters in string: ""HYDRAULIC SİSTEM KAYIP — Loss_Leak"". Use Technical Academic English for code strings.
    ⚠️ Ln 4072:12 — Non-English (Turkish) characters in string: ""HYDRAULIC SİSTEM KAYIP — Loss_Fric"". Use Technical Academic English for code strings.
    ⚠️ Ln 4084:12 — Non-English (Turkish) characters in string: ""HYDRAULIC SİSTEM KAYIP — Loss_Valve"". Use Technical Academic English for code strings.
    ⚠️ Ln 4096:12 — Non-English (Turkish) characters in string: ""HYDRAULIC SİSTEM KAYIP — Heat"". Use Technical Academic English for code strings.
    ⚠️ Ln 4108:12 — Non-English (Turkish) characters in string: ""HYDRAULIC SİSTEM KAYIP — Eff"". Use Technical Academic English for code strings.
    ⚠️ Ln 4119:12 — Non-English (Turkish) characters in string: ""HYDRAULIC SİSTEM KAYIP — Cost_Loss"". Use Technical Academic English for code strings.
    ⚠️ Ln 4130:12 — Non-English (Turkish) characters in string: ""HYDRAULIC SİSTEM KAYIP — Degrade"". Use Technical Academic English for code strings.
    ⚠️ Ln 4142:12 — Non-English (Turkish) characters in string: ""HYDRAULIC SİSTEM KAYIP — Cool"". Use Technical Academic English for code strings.
    ⚠️ Ln 4334:12 — Non-English (Turkish) characters in string: ""İÇ VERİM ORANI IRR — NPV"". Use Technical Academic English for code strings.
    ⚠️ Ln 4345:12 — Non-English (Turkish) characters in string: ""İÇ VERİM ORANI IRR — IRR"". Use Technical Academic English for code strings.
    ⚠️ Ln 4356:12 — Non-English (Turkish) characters in string: ""İÇ VERİM ORANI IRR — MIRR"". Use Technical Academic English for code strings.
    ⚠️ Ln 4369:12 — Non-English (Turkish) characters in string: ""İÇ VERİM ORANI IRR — Payback"". Use Technical Academic English for code strings.
    ⚠️ Ln 4382:12 — Non-English (Turkish) characters in string: ""İÇ VERİM ORANI IRR — PI"". Use Technical Academic English for code strings.
    ⚠️ Ln 4393:12 — Non-English (Turkish) characters in string: ""İÇ VERİM ORANI IRR — Annuity"". Use Technical Academic English for code strings.
    ⚠️ Ln 4404:12 — Non-English (Turkish) characters in string: ""İÇ VERİM ORANI IRR — Sens"". Use Technical Academic English for code strings.
    ⚠️ Ln 4416:12 — Non-English (Turkish) characters in string: ""İLERLEME YEM MALİYET — Cost_Ing"". Use Technical Academic English for code strings.
    ⚠️ Ln 4426:12 — Non-English (Turkish) characters in string: ""İLERLEME YEM MALİYET — Cost_Base"". Use Technical Academic English for code strings.
    ⚠️ Ln 4436:12 — Non-English (Turkish) characters in string: ""İLERLEME YEM MALİYET — Cost_Proc"". Use Technical Academic English for code strings.
    ⚠️ Ln 4447:12 — Non-English (Turkish) characters in string: ""İLERLEME YEM MALİYET — Cost_Add"". Use Technical Academic English for code strings.
    ⚠️ Ln 4458:12 — Non-English (Turkish) characters in string: ""İLERLEME YEM MALİYET — Shrink"". Use Technical Academic English for code strings.
    ⚠️ Ln 4469:12 — Non-English (Turkish) characters in string: ""İLERLEME YEM MALİYET — FCR"". Use Technical Academic English for code strings.
    ⚠️ Ln 4479:12 — Non-English (Turkish) characters in string: ""İLERLEME YEM MALİYET — CostPerKg"". Use Technical Academic English for code strings.
    ⚠️ Ln 4492:12 — Non-English (Turkish) characters in string: ""İLERLEME YEM MALİYET — Opt"". Use Technical Academic English for code strings.
    ⚠️ Ln 4506:12 — Non-English (Turkish) characters in string: ""İSKELE KİRALAMA — Area"". Use Technical Academic English for code strings.
    ⚠️ Ln 4516:12 — Non-English (Turkish) characters in string: ""İSKELE KİRALAMA — Vol"". Use Technical Academic English for code strings.
    ⚠️ Ln 4526:12 — Non-English (Turkish) characters in string: ""İSKELE KİRALAMA — Rental"". Use Technical Academic English for code strings.
    ⚠️ Ln 4537:12 — Non-English (Turkish) characters in string: ""İSKELE KİRALAMA — Lab_Erect"". Use Technical Academic English for code strings.
    ⚠️ Ln 4547:12 — Non-English (Turkish) characters in string: ""İSKELE KİRALAMA — Lab_Dism"". Use Technical Academic English for code strings.
    ⚠️ Ln 4557:12 — Non-English (Turkish) characters in string: ""İSKELE KİRALAMA — Transp"". Use Technical Academic English for code strings.
    ⚠️ Ln 4567:12 — Non-English (Turkish) characters in string: ""İSKELE KİRALAMA — Total"". Use Technical Academic English for code strings.
    ⚠️ Ln 4580:12 — Non-English (Turkish) characters in string: ""İSKELE KİRALAMA — OptDur"". Use Technical Academic English for code strings.
    ⚠️ Ln 4591:12 — Non-English (Turkish) characters in string: ""İSKELE KİRALAMA — Overrun"". Use Technical Academic English for code strings.
    ⚠️ Ln 4604:12 — Non-English (Turkish) characters in string: ""İSTATİSTİKSEL PROSES KONTROL — X_Bar_Bar"". Use Technical Academic English for code strings.
    ⚠️ Ln 4613:12 — Non-English (Turkish) characters in string: ""İSTATİSTİKSEL PROSES KONTROL — R_Bar"". Use Technical Academic English for code strings.
    ⚠️ Ln 4622:12 — Non-English (Turkish) characters in string: ""İSTATİSTİKSEL PROSES KONTROL — S_Bar"". Use Technical Academic English for code strings.
    ⚠️ Ln 4631:12 — Non-English (Turkish) characters in string: ""İSTATİSTİKSEL PROSES KONTROL — UCL_X"". Use Technical Academic English for code strings.
    ⚠️ Ln 4643:12 — Non-English (Turkish) characters in string: ""İSTATİSTİKSEL PROSES KONTROL — LCL_X"". Use Technical Academic English for code strings.
    ⚠️ Ln 4655:12 — Non-English (Turkish) characters in string: ""İSTATİSTİKSEL PROSES KONTROL — UCL_R"". Use Technical Academic English for code strings.
    ⚠️ Ln 4666:12 — Non-English (Turkish) characters in string: ""İSTATİSTİKSEL PROSES KONTROL — LCL_R"". Use Technical Academic English for code strings.
    ⚠️ Ln 4677:12 — Non-English (Turkish) characters in string: ""İSTATİSTİKSEL PROSES KONTROL — Sigma"". Use Technical Academic English for code strings.
    ⚠️ Ln 4688:12 — Non-English (Turkish) characters in string: ""İSTATİSTİKSEL PROSES KONTROL — Cp"". Use Technical Academic English for code strings.
    ⚠️ Ln 4701:12 — Non-English (Turkish) characters in string: ""İŞLEME STRATEJİSİ SÜRE — MRR"". Use Technical Academic English for code strings.
    ⚠️ Ln 4714:12 — Non-English (Turkish) characters in string: ""İŞLEME STRATEJİSİ SÜRE — Power"". Use Technical Academic English for code strings.
    ⚠️ Ln 4724:12 — Non-English (Turkish) characters in string: ""İŞLEME STRATEJİSİ SÜRE — ToolLife"". Use Technical Academic English for code strings.
    ⚠️ Ln 4737:12 — Non-English (Turkish) characters in string: ""İŞLEME STRATEJİSİ SÜRE — Cost"". Use Technical Academic English for code strings.
    ⚠️ Ln 4748:12 — Non-English (Turkish) characters in string: ""İŞLEME STRATEJİSİ SÜRE — Opt_Vc"". Use Technical Academic English for code strings.
    ⚠️ Ln 4760:12 — Non-English (Turkish) characters in string: ""İŞLEME STRATEJİSİ SÜRE — T_opt"". Use Technical Academic English for code strings.
    ⚠️ Ln 4772:12 — Non-English (Turkish) characters in string: ""İŞLEME STRATEJİSİ SÜRE — Ra"". Use Technical Academic English for code strings.
    ⚠️ Ln 4782:12 — Non-English (Turkish) characters in string: ""İŞLEME STRATEJİSİ SÜRE — Check"". Use Technical Academic English for code strings.
    ⚠️ Ln 4797:12 — Non-English (Turkish) characters in string: ""KAIZEN TASARRUF TAKİPÇİSİ — Hard"". Use Technical Academic English for code strings.
    ⚠️ Ln 4808:12 — Non-English (Turkish) characters in string: ""KAIZEN TASARRUF TAKİPÇİSİ — Soft"". Use Technical Academic English for code strings.
    ⚠️ Ln 4819:12 — Non-English (Turkish) characters in string: ""KAIZEN TASARRUF TAKİPÇİSİ — ImpCost"". Use Technical Academic English for code strings.
    ⚠️ Ln 4830:12 — Non-English (Turkish) characters in string: ""KAIZEN TASARRUF TAKİPÇİSİ — ROI"". Use Technical Academic English for code strings.
    ⚠️ Ln 4841:12 — Non-English (Turkish) characters in string: ""KAIZEN TASARRUF TAKİPÇİSİ — Payback"". Use Technical Academic English for code strings.
    ⚠️ Ln 4851:12 — Non-English (Turkish) characters in string: ""KAIZEN TASARRUF TAKİPÇİSİ — Sust"". Use Technical Academic English for code strings.
    ⚠️ Ln 4862:12 — Non-English (Turkish) characters in string: ""KAIZEN TASARRUF TAKİPÇİSİ — Cum"". Use Technical Academic English for code strings.
    ⚠️ Ln 4871:12 — Non-English (Turkish) characters in string: ""KAIZEN TASARRUF TAKİPÇİSİ — Opp"". Use Technical Academic English for code strings.
    ⚠️ Ln 5286:12 — Non-English (Turkish) characters in string: ""Kesim Parameters Takım ömrü — ToolLife_T"". Use Technical Academic English for code strings.
    ⚠️ Ln 5302:12 — Non-English (Turkish) characters in string: ""Kesim Parameters Takım ömrü — TaylorExponent_n"". Use Technical Academic English for code strings.
    ⚠️ Ln 5314:12 — Non-English (Turkish) characters in string: ""Kesim Parameters Takım ömrü — CostPerPart_Tool"". Use Technical Academic English for code strings.
    ⚠️ Ln 5326:12 — Non-English (Turkish) characters in string: ""Kesim Parameters Takım ömrü — OptimalToolLife_Cost"". Use Technical Academic English for code strings.
    ⚠️ Ln 5339:12 — Non-English (Turkish) characters in string: ""Kesim Parameters Takım ömrü — Optimal_Vc"". Use Technical Academic English for code strings.
    ⚠️ Ln 5351:12 — Non-English (Turkish) characters in string: ""Kesim Parameters Takım ömrü — ProductionRate"". Use Technical Academic English for code strings.
    ⚠️ Ln 5458:12 — Non-English (Turkish) characters in string: ""Kiriş Ağırlığı — Area_Cross"". Use Technical Academic English for code strings.
    ⚠️ Ln 5469:12 — Non-English (Turkish) characters in string: ""Kiriş Ağırlığı — Weight_PerMeter"". Use Technical Academic English for code strings.
    ⚠️ Ln 5481:12 — Non-English (Turkish) characters in string: ""Kiriş Ağırlığı — TotalWeight"". Use Technical Academic English for code strings.
    ⚠️ Ln 5493:12 — Non-English (Turkish) characters in string: ""Kiriş Ağırlığı — Cost_Material"". Use Technical Academic English for code strings.
    ⚠️ Ln 5503:12 — Non-English (Turkish) characters in string: ""Kiriş Ağırlığı — PaintArea"". Use Technical Academic English for code strings.
    ⚠️ Ln 5513:12 — Non-English (Turkish) characters in string: ""Kiriş Ağırlığı — FireproofingArea"". Use Technical Academic English for code strings.
    ⚠️ Ln 5522:12 — Non-English (Turkish) characters in string: ""Kiriş Ağırlığı — Deflection_Max"". Use Technical Academic English for code strings.
    ⚠️ Ln 5534:12 — Non-English (Turkish) characters in string: ""Kiriş Ağırlığı — Moment_Max"". Use Technical Academic English for code strings.
    ⚠️ Ln 5546:12 — Non-English (Turkish) characters in string: ""Kompresör Kaçağı Maliyet — LeakFlow_CFM"". Use Technical Academic English for code strings.
    ⚠️ Ln 5559:12 — Non-English (Turkish) characters in string: ""Kompresör Kaçağı Maliyet — Power_Loss_kW"". Use Technical Academic English for code strings.
    ⚠️ Ln 5572:12 — Non-English (Turkish) characters in string: ""Kompresör Kaçağı Maliyet — AnnualEnergyLoss"". Use Technical Academic English for code strings.
    ⚠️ Ln 5584:12 — Non-English (Turkish) characters in string: ""Kompresör Kaçağı Maliyet — Cost_Leak"". Use Technical Academic English for code strings.
    ⚠️ Ln 5594:12 — Non-English (Turkish) characters in string: ""Kompresör Kaçağı Maliyet — TotalLeakCost"". Use Technical Academic English for code strings.
    ⚠️ Ln 5605:12 — Non-English (Turkish) characters in string: ""Kompresör Kaçağı Maliyet — CarbonEmissions"". Use Technical Academic English for code strings.
    ⚠️ Ln 5615:12 — Non-English (Turkish) characters in string: ""Kompresör Kaçağı Maliyet — Payback_Repair"". Use Technical Academic English for code strings.
    ⚠️ Ln 5628:12 — Non-English (Turkish) characters in string: ""Kompresör Tankı Boyutlandırma — V_Tank"". Use Technical Academic English for code strings.
    ⚠️ Ln 5642:12 — Non-English (Turkish) characters in string: ""Kompresör Tankı Boyutlandırma — t"". Use Technical Academic English for code strings.
    ⚠️ Ln 5651:12 — Non-English (Turkish) characters in string: ""Kompresör Tankı Boyutlandırma — Q"". Use Technical Academic English for code strings.
    ⚠️ Ln 5660:12 — Non-English (Turkish) characters in string: ""Kompresör Tankı Boyutlandırma — P_Max"". Use Technical Academic English for code strings.
    ⚠️ Ln 5669:12 — Non-English (Turkish) characters in string: ""Kompresör Tankı Boyutlandırma — P_Min"". Use Technical Academic English for code strings.
    ⚠️ Ln 5678:12 — Non-English (Turkish) characters in string: ""Kompresör Tankı Boyutlandırma — CycleTime"". Use Technical Academic English for code strings.
    ⚠️ Ln 5693:12 — Non-English (Turkish) characters in string: ""Kompresör Tankı Boyutlandırma — CyclesPerHour"". Use Technical Academic English for code strings.
    ⚠️ Ln 5702:12 — Non-English (Turkish) characters in string: ""Kompresör Tankı Boyutlandırma — MotorStartLimit"". Use Technical Academic English for code strings.
    ⚠️ Ln 5714:12 — Non-English (Turkish) characters in string: ""Kompresör Tankı Boyutlandırma — Cost_Tank"". Use Technical Academic English for code strings.
    ⚠️ Ln 5726:12 — Non-English (Turkish) characters in string: ""Konteyner Yükü — Volume_Utilization"". Use Technical Academic English for code strings.
    ⚠️ Ln 5737:12 — Non-English (Turkish) characters in string: ""Konteyner Yükü — Weight_Utilization"". Use Technical Academic English for code strings.
    ⚠️ Ln 5748:12 — Non-English (Turkish) characters in string: ""Konteyner Yükü — ChargeableWeight"". Use Technical Academic English for code strings.
    ⚠️ Ln 5758:12 — Non-English (Turkish) characters in string: ""Konteyner Yükü — LoadEfficiency"". Use Technical Academic English for code strings.
    ⚠️ Ln 5769:12 — Non-English (Turkish) characters in string: ""Konteyner Yükü — WastedSpaceCost"". Use Technical Academic English for code strings.
    ⚠️ Ln 5779:12 — Non-English (Turkish) characters in string: ""Konteyner Yükü — PalletStacking"". Use Technical Academic English for code strings.
    ⚠️ Ln 5789:12 — Non-English (Turkish) characters in string: ""Konteyner Yükü — MaxPallets"". Use Technical Academic English for code strings.
    ⚠️ Ln 5804:12 — Non-English (Turkish) characters in string: ""Kumaş Kesim Optimize Edici — MarkerEfficiency"". Use Technical Academic English for code strings.
    ⚠️ Ln 5815:12 — Non-English (Turkish) characters in string: ""Kumaş Kesim Optimize Edici — FabricRequired"". Use Technical Academic English for code strings.
    ⚠️ Ln 5826:12 — Non-English (Turkish) characters in string: ""Kumaş Kesim Optimize Edici — Cost_Fabric"". Use Technical Academic English for code strings.
    ⚠️ Ln 5836:12 — Non-English (Turkish) characters in string: ""Kumaş Kesim Optimize Edici — Utilization_Gain"". Use Technical Academic English for code strings.
    ⚠️ Ln 5848:12 — Non-English (Turkish) characters in string: ""Kumaş Kesim Optimize Edici — SplicingLoss"". Use Technical Academic English for code strings.
    ⚠️ Ln 5859:12 — Non-English (Turkish) characters in string: ""Kumaş Kesim Optimize Edici — TotalYardage"". Use Technical Academic English for code strings.
    ⚠️ Ln 6028:12 — Non-English (Turkish) characters in string: ""Lojistik Rota Kaybı — IdealDistance"". Use Technical Academic English for code strings.
    ⚠️ Ln 6038:12 — Non-English (Turkish) characters in string: ""Lojistik Rota Kaybı — ActualDistance"". Use Technical Academic English for code strings.
    ⚠️ Ln 6047:12 — Non-English (Turkish) characters in string: ""Lojistik Rota Kaybı — DriftPct"". Use Technical Academic English for code strings.
    ⚠️ Ln 6057:12 — Non-English (Turkish) characters in string: ""Lojistik Rota Kaybı — FuelWaste"". Use Technical Academic English for code strings.
    ⚠️ Ln 6069:12 — Non-English (Turkish) characters in string: ""Lojistik Rota Kaybı — TimeWaste"". Use Technical Academic English for code strings.
    ⚠️ Ln 6081:12 — Non-English (Turkish) characters in string: ""Lojistik Rota Kaybı — TotalRouteLoss"". Use Technical Academic English for code strings.
    ⚠️ Ln 6092:12 — Non-English (Turkish) characters in string: ""Lojistik Rota Kaybı — Efficiency"". Use Technical Academic English for code strings.
    ⚠️ Ln 6104:12 — Non-English (Turkish) characters in string: ""Mağaza Saatlik Ücret — DirectLabor"". Use Technical Academic English for code strings.
    ⚠️ Ln 6113:12 — Non-English (Turkish) characters in string: ""Mağaza Saatlik Ücret — IndirectLabor"". Use Technical Academic English for code strings.
    ⚠️ Ln 6123:12 — Non-English (Turkish) characters in string: ""Mağaza Saatlik Ücret — Overhead"". Use Technical Academic English for code strings.
    ⚠️ Ln 6136:12 — Non-English (Turkish) characters in string: ""Mağaza Saatlik Ücret — TotalShopCost"". Use Technical Academic English for code strings.
    ⚠️ Ln 6147:12 — Non-English (Turkish) characters in string: ""Mağaza Saatlik Ücret — BillableHours"". Use Technical Academic English for code strings.
    ⚠️ Ln 6157:12 — Non-English (Turkish) characters in string: ""Mağaza Saatlik Ücret — ShopHourlyRate"". Use Technical Academic English for code strings.
    ⚠️ Ln 6167:12 — Non-English (Turkish) characters in string: ""Mağaza Saatlik Ücret — EffectiveMargin"". Use Technical Academic English for code strings.
    ⚠️ Ln 6179:12 — Non-English (Turkish) characters in string: ""Mahsul Verim Kaybı Analizörü — PotentialYield"". Use Technical Academic English for code strings.
    ⚠️ Ln 6189:12 — Non-English (Turkish) characters in string: ""Mahsul Verim Kaybı Analizörü — ActualYield"". Use Technical Academic English for code strings.
    ⚠️ Ln 6199:12 — Non-English (Turkish) characters in string: ""Mahsul Verim Kaybı Analizörü — YieldGap"". Use Technical Academic English for code strings.
    ⚠️ Ln 6209:12 — Non-English (Turkish) characters in string: ""Mahsul Verim Kaybı Analizörü — Loss_Pest"". Use Technical Academic English for code strings.
    ⚠️ Ln 6219:12 — Non-English (Turkish) characters in string: ""Mahsul Verim Kaybı Analizörü — Loss_Weather"". Use Technical Academic English for code strings.
    ⚠️ Ln 6229:12 — Non-English (Turkish) characters in string: ""Mahsul Verim Kaybı Analizörü — Loss_Nutrient"". Use Technical Academic English for code strings.
    ⚠️ Ln 6239:12 — Non-English (Turkish) characters in string: ""Mahsul Verim Kaybı Analizörü — FinancialLoss"". Use Technical Academic English for code strings.
    ⚠️ Ln 6249:12 — Non-English (Turkish) characters in string: ""Mahsul Verim Kaybı Analizörü — ROI_Intervention"". Use Technical Academic English for code strings.
    ⚠️ Ln 6262:12 — Non-English (Turkish) characters in string: ""Makine Ekonomik Ömrü — EUAC_Capital"". Use Technical Academic English for code strings.
    ⚠️ Ln 6276:12 — Non-English (Turkish) characters in string: ""Makine Ekonomik Ömrü — EUAC_Operating"". Use Technical Academic English for code strings.
    ⚠️ Ln 6291:12 — Non-English (Turkish) characters in string: ""Makine Ekonomik Ömrü — TotalEUAC"". Use Technical Academic English for code strings.
    ⚠️ Ln 6302:12 — Non-English (Turkish) characters in string: ""Makine Ekonomik Ömrü — EconomicLife"". Use Technical Academic English for code strings.
    ⚠️ Ln 6315:12 — Non-English (Turkish) characters in string: ""Makine Ekonomik Ömrü — Defender_EUAC"". Use Technical Academic English for code strings.
    ⚠️ Ln 6330:12 — Non-English (Turkish) characters in string: ""Makine Ekonomik Ömrü — Challenger_EUAC"". Use Technical Academic English for code strings.
    ⚠️ Ln 6340:12 — Non-English (Turkish) characters in string: ""Makine Ekonomik Ömrü — ReplacementDecision"". Use Technical Academic English for code strings.
    ⚠️ Ln 6583:12 — Non-English (Turkish) characters in string: ""Muda Atık Maliyet — Overproduction"". Use Technical Academic English for code strings.
    ⚠️ Ln 6593:12 — Non-English (Turkish) characters in string: ""Muda Atık Maliyet — Waiting"". Use Technical Academic English for code strings.
    ⚠️ Ln 6604:12 — Non-English (Turkish) characters in string: ""Muda Atık Maliyet — Transport"". Use Technical Academic English for code strings.
    ⚠️ Ln 6615:12 — Non-English (Turkish) characters in string: ""Muda Atık Maliyet — Overprocessing"". Use Technical Academic English for code strings.
    ⚠️ Ln 6626:12 — Non-English (Turkish) characters in string: ""Muda Atık Maliyet — Inventory"". Use Technical Academic English for code strings.
    ⚠️ Ln 6637:12 — Non-English (Turkish) characters in string: ""Muda Atık Maliyet — Motion"". Use Technical Academic English for code strings.
    ⚠️ Ln 6647:12 — Non-English (Turkish) characters in string: ""Muda Atık Maliyet — Defects"". Use Technical Academic English for code strings.
    ⚠️ Ln 6658:12 — Non-English (Turkish) characters in string: ""Muda Atık Maliyet — TotalMudaCost"". Use Technical Academic English for code strings.
    ⚠️ Ln 6675:12 — Non-English (Turkish) characters in string: ""Nakit Akışı Açığı — CashInflow"". Use Technical Academic English for code strings.
    ⚠️ Ln 6685:12 — Non-English (Turkish) characters in string: ""Nakit Akışı Açığı — CashOutflow"". Use Technical Academic English for code strings.
    ⚠️ Ln 6695:12 — Non-English (Turkish) characters in string: ""Nakit Akışı Açığı — NetCashFlow_t"". Use Technical Academic English for code strings.
    ⚠️ Ln 6706:12 — Non-English (Turkish) characters in string: ""Nakit Akışı Açığı — CumulativeCashFlow"". Use Technical Academic English for code strings.
    ⚠️ Ln 6716:12 — Non-English (Turkish) characters in string: ""Nakit Akışı Açığı — CashGap"". Use Technical Academic English for code strings.
    ⚠️ Ln 6725:12 — Non-English (Turkish) characters in string: ""Nakit Akışı Açığı — DSO"". Use Technical Academic English for code strings.
    ⚠️ Ln 6736:12 — Non-English (Turkish) characters in string: ""Nakit Akışı Açığı — DPO"". Use Technical Academic English for code strings.
    ⚠️ Ln 6747:12 — Non-English (Turkish) characters in string: ""Nakit Akışı Açığı — DIO"". Use Technical Academic English for code strings.
    ⚠️ Ln 6758:12 — Non-English (Turkish) characters in string: ""Nakit Akışı Açığı — CashConversionCycle"". Use Technical Academic English for code strings.
    ⚠️ Ln 6769:12 — Non-English (Turkish) characters in string: ""Nakit Akışı Açığı — FinancingCost"". Use Technical Academic English for code strings.
    ⚠️ Ln 6943:12 — Non-English (Turkish) characters in string: ""OEE ve Durma Süresi — Availability"". Use Technical Academic English for code strings.
    ⚠️ Ln 6953:12 — Non-English (Turkish) characters in string: ""OEE ve Durma Süresi — Performance"". Use Technical Academic English for code strings.
    ⚠️ Ln 6964:12 — Non-English (Turkish) characters in string: ""OEE ve Durma Süresi — Quality"". Use Technical Academic English for code strings.
    ⚠️ Ln 6974:12 — Non-English (Turkish) characters in string: ""OEE ve Durma Süresi — OEE"". Use Technical Academic English for code strings.
    ⚠️ Ln 6985:12 — Non-English (Turkish) characters in string: ""OEE ve Durma Süresi — TEEP"". Use Technical Academic English for code strings.
    ⚠️ Ln 6996:12 — Non-English (Turkish) characters in string: ""OEE ve Durma Süresi — DowntimeCost"". Use Technical Academic English for code strings.
    ⚠️ Ln 7007:12 — Non-English (Turkish) characters in string: ""OEE ve Durma Süresi — SpeedLoss"". Use Technical Academic English for code strings.
    ⚠️ Ln 7019:12 — Non-English (Turkish) characters in string: ""OEE ve Durma Süresi — QualityLoss"". Use Technical Academic English for code strings.
    ⚠️ Ln 7183:12 — Non-English (Turkish) characters in string: ""Ödeme Vadesi Optimize Edici — DSO"". Use Technical Academic English for code strings.
    ⚠️ Ln 7194:12 — Non-English (Turkish) characters in string: ""Ödeme Vadesi Optimize Edici — CarryingCost_AR"". Use Technical Academic English for code strings.
    ⚠️ Ln 7204:12 — Non-English (Turkish) characters in string: ""Ödeme Vadesi Optimize Edici — BadDebtExpense"". Use Technical Academic English for code strings.
    ⚠️ Ln 7214:12 — Non-English (Turkish) characters in string: ""Ödeme Vadesi Optimize Edici — DiscountCost"". Use Technical Academic English for code strings.
    ⚠️ Ln 7225:12 — Non-English (Turkish) characters in string: ""Ödeme Vadesi Optimize Edici — OptimalTerms"". Use Technical Academic English for code strings.
    ⚠️ Ln 7240:12 — Non-English (Turkish) characters in string: ""Ödeme Vadesi Optimize Edici — CashFlowImpact"". Use Technical Academic English for code strings.
    ⚠️ Ln 7251:12 — Non-English (Turkish) characters in string: ""Ödeme Vadesi Optimize Edici — NPV_Terms"". Use Technical Academic English for code strings.
    ⚠️ Ln 7264:12 — Non-English (Turkish) characters in string: ""Öğrenme Eğrisi Süre Tahmincisi — LearningRate"". Use Technical Academic English for code strings.
    ⚠️ Ln 7273:12 — Non-English (Turkish) characters in string: ""Öğrenme Eğrisi Süre Tahmincisi — Slope_b"". Use Technical Academic English for code strings.
    ⚠️ Ln 7282:12 — Non-English (Turkish) characters in string: ""Öğrenme Eğrisi Süre Tahmincisi — Time_N"". Use Technical Academic English for code strings.
    ⚠️ Ln 7293:12 — Non-English (Turkish) characters in string: ""Öğrenme Eğrisi Süre Tahmincisi — CumulativeTime_N"". Use Technical Academic English for code strings.
    ⚠️ Ln 7304:12 — Non-English (Turkish) characters in string: ""Öğrenme Eğrisi Süre Tahmincisi — AverageTime_N"". Use Technical Academic English for code strings.
    ⚠️ Ln 7314:12 — Non-English (Turkish) characters in string: ""Öğrenme Eğrisi Süre Tahmincisi — Cost_N"". Use Technical Academic English for code strings.
    ⚠️ Ln 7324:12 — Non-English (Turkish) characters in string: ""Öğrenme Eğrisi Süre Tahmincisi — BreakevenUnit"". Use Technical Academic English for code strings.
    ⚠️ Ln 7337:12 — Non-English (Turkish) characters in string: ""Öğrenme Eğrisi Süre Tahmincisi — TotalLaborCost"". Use Technical Academic English for code strings.
    ⚠️ Ln 7767:12 — Non-English (Turkish) characters in string: ""reçete Maliyet Check — TheoreticalCost"". Use Technical Academic English for code strings.
    ⚠️ Ln 7778:12 — Non-English (Turkish) characters in string: ""reçete Maliyet Check — ActualCost"". Use Technical Academic English for code strings.
    ⚠️ Ln 7789:12 — Non-English (Turkish) characters in string: ""reçete Maliyet Check — Variance"". Use Technical Academic English for code strings.
    ⚠️ Ln 7799:12 — Non-English (Turkish) characters in string: ""reçete Maliyet Check — YieldLossCost"". Use Technical Academic English for code strings.
    ⚠️ Ln 7809:12 — Non-English (Turkish) characters in string: ""reçete Maliyet Check — EvaporationLoss"". Use Technical Academic English for code strings.
    ⚠️ Ln 7820:12 — Non-English (Turkish) characters in string: ""reçete Maliyet Check — Efficiency"". Use Technical Academic English for code strings.
    ⚠️ Ln 7830:12 — Non-English (Turkish) characters in string: ""reçete Maliyet Check — CostPerKg"". Use Technical Academic English for code strings.
    ⚠️ Ln 7842:12 — Non-English (Turkish) characters in string: ""Restaurant Menü Marj Kaçak — TheoreticalFoodCost"". Use Technical Academic English for code strings.
    ⚠️ Ln 7853:12 — Non-English (Turkish) characters in string: ""Restaurant Menü Marj Kaçak — ActualFoodCost"". Use Technical Academic English for code strings.
    ⚠️ Ln 7864:12 — Non-English (Turkish) characters in string: ""Restaurant Menü Marj Kaçak — Variance"". Use Technical Academic English for code strings.
    ⚠️ Ln 7874:12 — Non-English (Turkish) characters in string: ""Restaurant Menü Marj Kaçak — VariancePct"". Use Technical Academic English for code strings.
    ⚠️ Ln 7884:12 — Non-English (Turkish) characters in string: ""Restaurant Menü Marj Kaçak — WasteCost"". Use Technical Academic English for code strings.
    ⚠️ Ln 7894:12 — Non-English (Turkish) characters in string: ""Restaurant Menü Marj Kaçak — TheftLoss"". Use Technical Academic English for code strings.
    ⚠️ Ln 7905:12 — Non-English (Turkish) characters in string: ""Restaurant Menü Marj Kaçak — IdealMargin"". Use Technical Academic English for code strings.
    ⚠️ Ln 7915:12 — Non-English (Turkish) characters in string: ""Restaurant Menü Marj Kaçak — ActualMargin"". Use Technical Academic English for code strings.
    ⚠️ Ln 7927:12 — Non-English (Turkish) characters in string: ""Robot Kol vs. Manuel İşçi — ManualCost_Annual"". Use Technical Academic English for code strings.
    ⚠️ Ln 7939:12 — Non-English (Turkish) characters in string: ""Robot Kol vs. Manuel İşçi — RobotCost_Annual"". Use Technical Academic English for code strings.
    ⚠️ Ln 7952:12 — Non-English (Turkish) characters in string: ""Robot Kol vs. Manuel İşçi — RobotOutput"". Use Technical Academic English for code strings.
    ⚠️ Ln 7963:12 — Non-English (Turkish) characters in string: ""Robot Kol vs. Manuel İşçi — ManualOutput"". Use Technical Academic English for code strings.
    ⚠️ Ln 7974:12 — Non-English (Turkish) characters in string: ""Robot Kol vs. Manuel İşçi — CostPerUnit_Manual"". Use Technical Academic English for code strings.
    ⚠️ Ln 7985:12 — Non-English (Turkish) characters in string: ""Robot Kol vs. Manuel İşçi — CostPerUnit_Robot"". Use Technical Academic English for code strings.
    ⚠️ Ln 7996:12 — Non-English (Turkish) characters in string: ""Robot Kol vs. Manuel İşçi — ROI"". Use Technical Academic English for code strings.
    ⚠️ Ln 8007:12 — Non-English (Turkish) characters in string: ""Robot Kol vs. Manuel İşçi — Payback"". Use Technical Academic English for code strings.
    ⚠️ Ln 8109:12 — Non-English (Turkish) characters in string: ""Rota Optimizasyonu Analizörü — NearestNeighbor_Dist"". Use Technical Academic English for code strings.
    ⚠️ Ln 8119:12 — Non-English (Turkish) characters in string: ""Rota Optimizasyonu Analizörü — Savings_ClarkeWright"". Use Technical Academic English for code strings.
    ⚠️ Ln 8131:12 — Non-English (Turkish) characters in string: ""Rota Optimizasyonu Analizörü — RouteEfficiency"". Use Technical Academic English for code strings.
    ⚠️ Ln 8141:12 — Non-English (Turkish) characters in string: ""Rota Optimizasyonu Analizörü — DropDensity"". Use Technical Academic English for code strings.
    ⚠️ Ln 8151:12 — Non-English (Turkish) characters in string: ""Rota Optimizasyonu Analizörü — TimeWindowPenalty"". Use Technical Academic English for code strings.
    ⚠️ Ln 8162:12 — Non-English (Turkish) characters in string: ""Rota Optimizasyonu Analizörü — VehicleUtilization"". Use Technical Academic English for code strings.
    ⚠️ Ln 8172:12 — Non-English (Turkish) characters in string: ""Rota Optimizasyonu Analizörü — TotalSavings"". Use Technical Academic English for code strings.
    ⚠️ Ln 8184:12 — Non-English (Turkish) characters in string: ""Rüzgar Türbini Yatırım Getirisi — AEP"". Use Technical Academic English for code strings.
    ⚠️ Ln 8195:12 — Non-English (Turkish) characters in string: ""Rüzgar Türbini Yatırım Getirisi — CapacityFactor"". Use Technical Academic English for code strings.
    ⚠️ Ln 8205:12 — Non-English (Turkish) characters in string: ""Rüzgar Türbini Yatırım Getirisi — AnnualRevenue"". Use Technical Academic English for code strings.
    ⚠️ Ln 8215:12 — Non-English (Turkish) characters in string: ""Rüzgar Türbini Yatırım Getirisi — OPEX"". Use Technical Academic English for code strings.
    ⚠️ Ln 8227:12 — Non-English (Turkish) characters in string: ""Rüzgar Türbini Yatırım Getirisi — EBITDA"". Use Technical Academic English for code strings.
    ⚠️ Ln 8237:12 — Non-English (Turkish) characters in string: ""Rüzgar Türbini Yatırım Getirisi — LCOE"". Use Technical Academic English for code strings.
    ⚠️ Ln 8250:12 — Non-English (Turkish) characters in string: ""Rüzgar Türbini Yatırım Getirisi — NPV"". Use Technical Academic English for code strings.
    ⚠️ Ln 8262:12 — Non-English (Turkish) characters in string: ""Rüzgar Türbini Yatırım Getirisi — IRR"". Use Technical Academic English for code strings.
    ⚠️ Ln 8357:12 — Non-English (Turkish) characters in string: ""Saatlik Ücret — GrossAnnualSalary"". Use Technical Academic English for code strings.
    ⚠️ Ln 8367:12 — Non-English (Turkish) characters in string: ""Saatlik Ücret — EmployerTaxes"". Use Technical Academic English for code strings.
    ⚠️ Ln 8377:12 — Non-English (Turkish) characters in string: ""Saatlik Ücret — Benefits"". Use Technical Academic English for code strings.
    ⚠️ Ln 8388:12 — Non-English (Turkish) characters in string: ""Saatlik Ücret — TotalLaborCost"". Use Technical Academic English for code strings.
    ⚠️ Ln 8399:12 — Non-English (Turkish) characters in string: ""Saatlik Ücret — ProductiveHours"". Use Technical Academic English for code strings.
    ⚠️ Ln 8411:12 — Non-English (Turkish) characters in string: ""Saatlik Ücret — FullyBurdenedHourlyRate"". Use Technical Academic English for code strings.
    ⚠️ Ln 8421:12 — Non-English (Turkish) characters in string: ""Saatlik Ücret — MarginRate"". Use Technical Academic English for code strings.
    ⚠️ Ln 8433:12 — Non-English (Turkish) characters in string: ""SMED Değişim Optimize Edici — CurrentSetupTime"". Use Technical Academic English for code strings.
    ⚠️ Ln 8444:12 — Non-English (Turkish) characters in string: ""SMED Değişim Optimize Edici — TargetSetupTime"". Use Technical Academic English for code strings.
    ⚠️ Ln 8455:12 — Non-English (Turkish) characters in string: ""SMED Değişim Optimize Edici — ConversionRate"". Use Technical Academic English for code strings.
    ⚠️ Ln 8466:12 — Non-English (Turkish) characters in string: ""SMED Değişim Optimize Edici — CapacityRecovered"". Use Technical Academic English for code strings.
    ⚠️ Ln 8477:12 — Non-English (Turkish) characters in string: ""SMED Değişim Optimize Edici — FinancialGain"". Use Technical Academic English for code strings.
    ⚠️ Ln 8488:12 — Non-English (Turkish) characters in string: ""SMED Değişim Optimize Edici — SMED_Investment"". Use Technical Academic English for code strings.
    ⚠️ Ln 8499:12 — Non-English (Turkish) characters in string: ""SMED Değişim Optimize Edici — ROI"". Use Technical Academic English for code strings.
    ⚠️ Ln 8512:12 — Non-English (Turkish) characters in string: ""Sözleşme Teşvik — TargetCost"". Use Technical Academic English for code strings.
    ⚠️ Ln 8521:12 — Non-English (Turkish) characters in string: ""Sözleşme Teşvik — TargetFee"". Use Technical Academic English for code strings.
    ⚠️ Ln 8531:12 — Non-English (Turkish) characters in string: ""Sözleşme Teşvik — ShareRatio"". Use Technical Academic English for code strings.
    ⚠️ Ln 8541:12 — Non-English (Turkish) characters in string: ""Sözleşme Teşvik — ActualFee"". Use Technical Academic English for code strings.
    ⚠️ Ln 8553:12 — Non-English (Turkish) characters in string: ""Sözleşme Teşvik — MaxFee"". Use Technical Academic English for code strings.
    ⚠️ Ln 8563:12 — Non-English (Turkish) characters in string: ""Sözleşme Teşvik — MinFee"". Use Technical Academic English for code strings.
    ⚠️ Ln 8573:12 — Non-English (Turkish) characters in string: ""Sözleşme Teşvik — FinalFee"". Use Technical Academic English for code strings.
    ⚠️ Ln 8584:12 — Non-English (Turkish) characters in string: ""Sözleşme Teşvik — FinalPrice"". Use Technical Academic English for code strings.
    ⚠️ Ln 8594:12 — Non-English (Turkish) characters in string: ""Sözleşme Teşvik — PerformanceBonus"". Use Technical Academic English for code strings.
    ⚠️ Ln 8685:12 — Non-English (Turkish) characters in string: ""Steam Trap Enerji kayıp — OrificeFlow"". Use Technical Academic English for code strings.
    ⚠️ Ln 8698:12 — Non-English (Turkish) characters in string: ""Steam Trap Enerji kayıp — SteamLoss_kg_h"". Use Technical Academic English for code strings.
    ⚠️ Ln 8707:12 — Non-English (Turkish) characters in string: ""Steam Trap Enerji kayıp — EnergyLoss_kW"". Use Technical Academic English for code strings.
    ⚠️ Ln 8720:12 — Non-English (Turkish) characters in string: ""Steam Trap Enerji kayıp — AnnualCost"". Use Technical Academic English for code strings.
    ⚠️ Ln 8734:12 — Non-English (Turkish) characters in string: ""Steam Trap Enerji kayıp — TrapFailureRate"". Use Technical Academic English for code strings.
    ⚠️ Ln 8744:12 — Non-English (Turkish) characters in string: ""Steam Trap Enerji kayıp — TotalSystemLoss"". Use Technical Academic English for code strings.
    ⚠️ Ln 8754:12 — Non-English (Turkish) characters in string: ""Steam Trap Enerji kayıp — RepairROI"". Use Technical Academic English for code strings.
    ⚠️ Ln 8767:12 — Non-English (Turkish) characters in string: ""Stok Devir hızı risk — InventoryTurnover"". Use Technical Academic English for code strings.
    ⚠️ Ln 8777:12 — Non-English (Turkish) characters in string: ""Stok Devir hızı risk — DaysSalesInventory"". Use Technical Academic English for code strings.
    ⚠️ Ln 8786:12 — Non-English (Turkish) characters in string: ""Stok Devir hızı risk — ObsolescenceRisk"". Use Technical Academic English for code strings.
    ⚠️ Ln 8798:12 — Non-English (Turkish) characters in string: ""Stok Devir hızı risk — CarryingCost"". Use Technical Academic English for code strings.
    ⚠️ Ln 8811:12 — Non-English (Turkish) characters in string: ""Stok Devir hızı risk — OptimalTurnover"". Use Technical Academic English for code strings.
    ⚠️ Ln 8821:12 — Non-English (Turkish) characters in string: ""Stok Devir hızı risk — StockoutRisk"". Use Technical Academic English for code strings.
    ⚠️ Ln 8833:12 — Non-English (Turkish) characters in string: ""Stok Devir hızı risk — LiquidationLoss"". Use Technical Academic English for code strings.
    ⚠️ Ln 8845:12 — Non-English (Turkish) characters in string: ""Su Kullanımı Optimize Edici — WaterIntensity"". Use Technical Academic English for code strings.
    ⚠️ Ln 8855:12 — Non-English (Turkish) characters in string: ""Su Kullanımı Optimize Edici — BaselineConsumption"". Use Technical Academic English for code strings.
    ⚠️ Ln 8865:12 — Non-English (Turkish) characters in string: ""Su Kullanımı Optimize Edici — WaterSavings"". Use Technical Academic English for code strings.
    ⚠️ Ln 8875:12 — Non-English (Turkish) characters in string: ""Su Kullanımı Optimize Edici — CostSavings"". Use Technical Academic English for code strings.
    ⚠️ Ln 8886:12 — Non-English (Turkish) characters in string: ""Su Kullanımı Optimize Edici — RecycleRate"". Use Technical Academic English for code strings.
    ⚠️ Ln 8896:12 — Non-English (Turkish) characters in string: ""Su Kullanımı Optimize Edici — LeakLoss"". Use Technical Academic English for code strings.
    ⚠️ Ln 8906:12 — Non-English (Turkish) characters in string: ""Su Kullanımı Optimize Edici — ROI_Water"". Use Technical Academic English for code strings.
    ⚠️ Ln 8917:12 — Non-English (Turkish) characters in string: ""Su Kullanımı Optimize Edici — CarbonFootprint_Water"". Use Technical Academic English for code strings.
    ⚠️ Ln 9082:12 — Non-English (Turkish) characters in string: ""Süt Kâr Dedektörü — FatCorrectedMilk"". Use Technical Academic English for code strings.
    ⚠️ Ln 9092:12 — Non-English (Turkish) characters in string: ""Süt Kâr Dedektörü — ProteinCorrectedMilk"". Use Technical Academic English for code strings.
    ⚠️ Ln 9102:12 — Non-English (Turkish) characters in string: ""Süt Kâr Dedektörü — FeedCostPerLiter"". Use Technical Academic English for code strings.
    ⚠️ Ln 9112:12 — Non-English (Turkish) characters in string: ""Süt Kâr Dedektörü — IncomeOverFeedCost"". Use Technical Academic English for code strings.
    ⚠️ Ln 9123:12 — Non-English (Turkish) characters in string: ""Süt Kâr Dedektörü — MarginPerCow"". Use Technical Academic English for code strings.
    ⚠️ Ln 9135:12 — Non-English (Turkish) characters in string: ""Süt Kâr Dedektörü — HerdProfitability"". Use Technical Academic English for code strings.
    ⚠️ Ln 9145:12 — Non-English (Turkish) characters in string: ""Süt Kâr Dedektörü — SomaticCellPenalty"". Use Technical Academic English for code strings.
    ⚠️ Ln 9159:12 — Non-English (Turkish) characters in string: ""Taguchi kalite kayıp Fonksiyon — LossPerUnit"". Use Technical Academic English for code strings.
    ⚠️ Ln 9170:12 — Non-English (Turkish) characters in string: ""Taguchi kalite kayıp Fonksiyon — k"". Use Technical Academic English for code strings.
    ⚠️ Ln 9180:12 — Non-English (Turkish) characters in string: ""Taguchi kalite kayıp Fonksiyon — AverageLoss"". Use Technical Academic English for code strings.
    ⚠️ Ln 9192:12 — Non-English (Turkish) characters in string: ""Taguchi kalite kayıp Fonksiyon — TotalAnnualLoss"". Use Technical Academic English for code strings.
    ⚠️ Ln 9202:12 — Non-English (Turkish) characters in string: ""Taguchi kalite kayıp Fonksiyon — SignalToNoise_LargerBetter". Use Technical Academic English for code strings.
    ⚠️ Ln 9213:12 — Non-English (Turkish) characters in string: ""Taguchi kalite kayıp Fonksiyon — SignalToNoise_SmallerBette". Use Technical Academic English for code strings.
    ⚠️ Ln 9224:12 — Non-English (Turkish) characters in string: ""Taguchi kalite kayıp Fonksiyon — QualityImprovementSavings"". Use Technical Academic English for code strings.
    ⚠️ Ln 9237:12 — Non-English (Turkish) characters in string: ""Takım Aşınma Maliyeti — ToolCostPerPart"". Use Technical Academic English for code strings.
    ⚠️ Ln 9249:12 — Non-English (Turkish) characters in string: ""Takım Aşınma Maliyeti — ChangeCostPerPart"". Use Technical Academic English for code strings.
    ⚠️ Ln 9261:12 — Non-English (Turkish) characters in string: ""Takım Aşınma Maliyeti — TotalToolingCost"". Use Technical Academic English for code strings.
    ⚠️ Ln 9271:12 — Non-English (Turkish) characters in string: ""Takım Aşınma Maliyeti — WearRate"". Use Technical Academic English for code strings.
    ⚠️ Ln 9281:12 — Non-English (Turkish) characters in string: ""Takım Aşınma Maliyeti — OptimalToolLife"". Use Technical Academic English for code strings.
    ⚠️ Ln 9294:12 — Non-English (Turkish) characters in string: ""Takım Aşınma Maliyeti — CostOfPrematureFailure"". Use Technical Academic English for code strings.
    ⚠️ Ln 9307:12 — Non-English (Turkish) characters in string: ""Takt Süre Flexibility Maliyet — TaktTime"". Use Technical Academic English for code strings.
    ⚠️ Ln 9317:12 — Non-English (Turkish) characters in string: ""Takt Süre Flexibility Maliyet — CycleTimeFlexibility"". Use Technical Academic English for code strings.
    ⚠️ Ln 9327:12 — Non-English (Turkish) characters in string: ""Takt Süre Flexibility Maliyet — BalanceLoss"". Use Technical Academic English for code strings.
    ⚠️ Ln 9339:12 — Non-English (Turkish) characters in string: ""Takt Süre Flexibility Maliyet — CrossTrainingCost"". Use Technical Academic English for code strings.
    ⚠️ Ln 9350:12 — Non-English (Turkish) characters in string: ""Takt Süre Flexibility Maliyet — FlexibilityPremium"". Use Technical Academic English for code strings.
    ⚠️ Ln 9360:12 — Non-English (Turkish) characters in string: ""Takt Süre Flexibility Maliyet — VolumeVariationCost"". Use Technical Academic English for code strings.
    ⚠️ Ln 9434:12 — Non-English (Turkish) characters in string: ""Tamirhane Parça ve İşçilik Teklif — PartCost"". Use Technical Academic English for code strings.
    ⚠️ Ln 9445:12 — Non-English (Turkish) characters in string: ""Tamirhane Parça ve İşçilik Teklif — PartMargin"". Use Technical Academic English for code strings.
    ⚠️ Ln 9455:12 — Non-English (Turkish) characters in string: ""Tamirhane Parça ve İşçilik Teklif — LaborCost"". Use Technical Academic English for code strings.
    ⚠️ Ln 9465:12 — Non-English (Turkish) characters in string: ""Tamirhane Parça ve İşçilik Teklif — SubletCost"". Use Technical Academic English for code strings.
    ⚠️ Ln 9474:12 — Non-English (Turkish) characters in string: ""Tamirhane Parça ve İşçilik Teklif — TotalQuote"". Use Technical Academic English for code strings.
    ⚠️ Ln 9488:12 — Non-English (Turkish) characters in string: ""Tamirhane Parça ve İşçilik Teklif — EffectiveLaborRate"". Use Technical Academic English for code strings.
    ⚠️ Ln 9499:12 — Non-English (Turkish) characters in string: ""Tamirhane Parça ve İşçilik Teklif — GrossProfitPct"". Use Technical Academic English for code strings.
    ⚠️ Ln 9512:12 — Non-English (Turkish) characters in string: ""Taşeron Marj Sızıntı Dedektörü — QuotedMargin"". Use Technical Academic English for code strings.
    ⚠️ Ln 9522:12 — Non-English (Turkish) characters in string: ""Taşeron Marj Sızıntı Dedektörü — ActualMargin"". Use Technical Academic English for code strings.
    ⚠️ Ln 9534:12 — Non-English (Turkish) characters in string: ""Taşeron Marj Sızıntı Dedektörü — MarginLeak"". Use Technical Academic English for code strings.
    ⚠️ Ln 9544:12 — Non-English (Turkish) characters in string: ""Taşeron Marj Sızıntı Dedektörü — ChangeOrderCost"". Use Technical Academic English for code strings.
    ⚠️ Ln 9554:12 — Non-English (Turkish) characters in string: ""Taşeron Marj Sızıntı Dedektörü — UnbilledWork"". Use Technical Academic English for code strings.
    ⚠️ Ln 9564:12 — Non-English (Turkish) characters in string: ""Taşeron Marj Sızıntı Dedektörü — LeakagePct"". Use Technical Academic English for code strings.
    ⚠️ Ln 9576:12 — Non-English (Turkish) characters in string: ""Taşıma Mode Maliyet risk — Cost_Air"". Use Technical Academic English for code strings.
    ⚠️ Ln 9587:12 — Non-English (Turkish) characters in string: ""Taşıma Mode Maliyet risk — Cost_Sea"". Use Technical Academic English for code strings.
    ⚠️ Ln 9599:12 — Non-English (Turkish) characters in string: ""Taşıma Mode Maliyet risk — Cost_Road"". Use Technical Academic English for code strings.
    ⚠️ Ln 9610:12 — Non-English (Turkish) characters in string: ""Taşıma Mode Maliyet risk — TransitTimeCost"". Use Technical Academic English for code strings.
    ⚠️ Ln 9620:12 — Non-English (Turkish) characters in string: ""Taşıma Mode Maliyet risk — RiskCost"". Use Technical Academic English for code strings.
    ⚠️ Ln 9632:12 — Non-English (Turkish) characters in string: ""Taşıma Mode Maliyet risk — TotalModeCost"". Use Technical Academic English for code strings.
    ⚠️ Ln 9643:12 — Non-English (Turkish) characters in string: ""Taşıma Mode Maliyet risk — ModeSelection"". Use Technical Academic English for code strings.
    ⚠️ Ln 9657:12 — Non-English (Turkish) characters in string: ""Tedarik Zinciri Kesintisi Risk Değerlendirmesi — RiskExposu". Use Technical Academic English for code strings.
    ⚠️ Ln 9667:12 — Non-English (Turkish) characters in string: ""Tedarik Zinciri Kesintisi Risk Değerlendirmesi — TimeToReco". Use Technical Academic English for code strings.
    ⚠️ Ln 9676:12 — Non-English (Turkish) characters in string: ""Tedarik Zinciri Kesintisi Risk Değerlendirmesi — RevenueLos". Use Technical Academic English for code strings.
    ⚠️ Ln 9687:12 — Non-English (Turkish) characters in string: ""Tedarik Zinciri Kesintisi Risk Değerlendirmesi — Mitigation". Use Technical Academic English for code strings.
    ⚠️ Ln 9698:12 — Non-English (Turkish) characters in string: ""Tedarik Zinciri Kesintisi Risk Değerlendirmesi — RiskAdjust". Use Technical Academic English for code strings.
    ⚠️ Ln 9708:12 — Non-English (Turkish) characters in string: ""Tedarik Zinciri Kesintisi Risk Değerlendirmesi — Resilience". Use Technical Academic English for code strings.
    ⚠️ Ln 9720:12 — Non-English (Turkish) characters in string: ""Tedarikçi Döviz Kuru Riski — Exposure"". Use Technical Academic English for code strings.
    ⚠️ Ln 9730:12 — Non-English (Turkish) characters in string: ""Tedarikçi Döviz Kuru Riski — ExpectedLoss"". Use Technical Academic English for code strings.
    ⚠️ Ln 9741:12 — Non-English (Turkish) characters in string: ""Tedarikçi Döviz Kuru Riski — VaR"". Use Technical Academic English for code strings.
    ⚠️ Ln 9754:12 — Non-English (Turkish) characters in string: ""Tedarikçi Döviz Kuru Riski — HedgingCost"". Use Technical Academic English for code strings.
    ⚠️ Ln 9765:12 — Non-English (Turkish) characters in string: ""Tedarikçi Döviz Kuru Riski — NetRiskCost"". Use Technical Academic English for code strings.
    ⚠️ Ln 9775:12 — Non-English (Turkish) characters in string: ""Tedarikçi Döviz Kuru Riski — CurrencyClauseSavings"". Use Technical Academic English for code strings.
    ⚠️ Ln 9788:12 — Non-English (Turkish) characters in string: ""Teklif Risk Analizörü — BaseEstimate"". Use Technical Academic English for code strings.
    ⚠️ Ln 9798:12 — Non-English (Turkish) characters in string: ""Teklif Risk Analizörü — Contingency"". Use Technical Academic English for code strings.
    ⚠️ Ln 9808:12 — Non-English (Turkish) characters in string: ""Teklif Risk Analizörü — ExpectedMargin"". Use Technical Academic English for code strings.
    ⚠️ Ln 9819:12 — Non-English (Turkish) characters in string: ""Teklif Risk Analizörü — WinProbability"". Use Technical Academic English for code strings.
    ⚠️ Ln 9831:12 — Non-English (Turkish) characters in string: ""Teklif Risk Analizörü — ExpectedValue"". Use Technical Academic English for code strings.
    ⚠️ Ln 9842:12 — Non-English (Turkish) characters in string: ""Teklif Risk Analizörü — RiskAdjustedBid"". Use Technical Academic English for code strings.
    ⚠️ Ln 9921:12 — Non-English (Turkish) characters in string: ""Tekstil Atığı Risk Değerlendirmesi — WasteRate"". Use Technical Academic English for code strings.
    ⚠️ Ln 9931:12 — Non-English (Turkish) characters in string: ""Tekstil Atığı Risk Değerlendirmesi — PreConsumerWaste"". Use Technical Academic English for code strings.
    ⚠️ Ln 9942:12 — Non-English (Turkish) characters in string: ""Tekstil Atığı Risk Değerlendirmesi — FinancialLoss"". Use Technical Academic English for code strings.
    ⚠️ Ln 9953:12 — Non-English (Turkish) characters in string: ""Tekstil Atığı Risk Değerlendirmesi — DisposalCost"". Use Technical Academic English for code strings.
    ⚠️ Ln 9963:12 — Non-English (Turkish) characters in string: ""Tekstil Atığı Risk Değerlendirmesi — CircularRevenue"". Use Technical Academic English for code strings.
    ⚠️ Ln 9973:12 — Non-English (Turkish) characters in string: ""Tekstil Atığı Risk Değerlendirmesi — NetWasteCost"". Use Technical Academic English for code strings.
    ⚠️ Ln 9984:12 — Non-English (Turkish) characters in string: ""Tekstil Atığı Risk Değerlendirmesi — RiskScore"". Use Technical Academic English for code strings.
    ⚠️ Ln 10139:12 — Non-English (Turkish) characters in string: ""Tohum Oranı — TargetPlantPopulation"". Use Technical Academic English for code strings.
    ⚠️ Ln 10149:12 — Non-English (Turkish) characters in string: ""Tohum Oranı — SeedRequirement"". Use Technical Academic English for code strings.
    ⚠️ Ln 10160:12 — Non-English (Turkish) characters in string: ""Tohum Oranı — SeedCost"". Use Technical Academic English for code strings.
    ⚠️ Ln 10170:12 — Non-English (Turkish) characters in string: ""Tohum Oranı — OptimalYield"". Use Technical Academic English for code strings.
    ⚠️ Ln 10182:12 — Non-English (Turkish) characters in string: ""Tohum Oranı — FinancialLoss_Under"". Use Technical Academic English for code strings.
    ⚠️ Ln 10193:12 — Non-English (Turkish) characters in string: ""Tohum Oranı — FinancialLoss_Over"". Use Technical Academic English for code strings.
    ⚠️ Ln 10204:12 — Non-English (Turkish) characters in string: ""Tohum Oranı — ROI_Seed"". Use Technical Academic English for code strings.
    ⚠️ Ln 10217:12 — Non-English (Turkish) characters in string: ""Toplam Çalışan Maliyeti — GrossSalary"". Use Technical Academic English for code strings.
    ⚠️ Ln 10228:12 — Non-English (Turkish) characters in string: ""Toplam Çalışan Maliyeti — StatutoryCosts"". Use Technical Academic English for code strings.
    ⚠️ Ln 10240:12 — Non-English (Turkish) characters in string: ""Toplam Çalışan Maliyeti — Benefits"". Use Technical Academic English for code strings.
    ⚠️ Ln 10252:12 — Non-English (Turkish) characters in string: ""Toplam Çalışan Maliyeti — AbsenteeismCost"". Use Technical Academic English for code strings.
    ⚠️ Ln 10262:12 — Non-English (Turkish) characters in string: ""Toplam Çalışan Maliyeti — TurnoverCost"". Use Technical Academic English for code strings.
    ⚠️ Ln 10273:12 — Non-English (Turkish) characters in string: ""Toplam Çalışan Maliyeti — TotalEmployeeCost"". Use Technical Academic English for code strings.
    ⚠️ Ln 10286:12 — Non-English (Turkish) characters in string: ""Toplam Çalışan Maliyeti — CostPerHour"". Use Technical Academic English for code strings.
    ⚠️ Ln 10298:12 — Non-English (Turkish) characters in string: ""Transfer Fiyatlandırması Optimize Edici — CostPlusPrice"". Use Technical Academic English for code strings.
    ⚠️ Ln 10308:12 — Non-English (Turkish) characters in string: ""Transfer Fiyatlandırması Optimize Edici — MarketBasedPrice"". Use Technical Academic English for code strings.
    ⚠️ Ln 10317:12 — Non-English (Turkish) characters in string: ""Transfer Fiyatlandırması Optimize Edici — MarginalCost"". Use Technical Academic English for code strings.
    ⚠️ Ln 10327:12 — Non-English (Turkish) characters in string: ""Transfer Fiyatlandırması Optimize Edici — TaxImpact"". Use Technical Academic English for code strings.
    ⚠️ Ln 10340:12 — Non-English (Turkish) characters in string: ""Transfer Fiyatlandırması Optimize Edici — GlobalProfit"". Use Technical Academic English for code strings.
    ⚠️ Ln 10354:12 — Non-English (Turkish) characters in string: ""Transfer Fiyatlandırması Optimize Edici — OptimalTransferPr". Use Technical Academic English for code strings.
    ⚠️ Ln 10371:12 — Non-English (Turkish) characters in string: ""ürün Complexity Hidden Maliyet — ComplexityIndex"". Use Technical Academic English for code strings.
    ⚠️ Ln 10381:12 — Non-English (Turkish) characters in string: ""ürün Complexity Hidden Maliyet — SetupCostComplexity"". Use Technical Academic English for code strings.
    ⚠️ Ln 10391:12 — Non-English (Turkish) characters in string: ""ürün Complexity Hidden Maliyet — InventoryCostComplexity"". Use Technical Academic English for code strings.
    ⚠️ Ln 10402:12 — Non-English (Turkish) characters in string: ""ürün Complexity Hidden Maliyet — OverheadAllocation"". Use Technical Academic English for code strings.
    ⚠️ Ln 10412:12 — Non-English (Turkish) characters in string: ""ürün Complexity Hidden Maliyet — HiddenCost"". Use Technical Academic English for code strings.
    ⚠️ Ln 10424:12 — Non-English (Turkish) characters in string: ""ürün Complexity Hidden Maliyet — ProfitabilityPerSKU"". Use Technical Academic English for code strings.
    ⚠️ Ln 10437:12 — Non-English (Turkish) characters in string: ""Vakum Kaçağı Enerji Kaybı — LeakRate"". Use Technical Academic English for code strings.
    ⚠️ Ln 10448:12 — Non-English (Turkish) characters in string: ""Vakum Kaçağı Enerji Kaybı — PowerLoss_kW"". Use Technical Academic English for code strings.
    ⚠️ Ln 10460:12 — Non-English (Turkish) characters in string: ""Vakum Kaçağı Enerji Kaybı — AnnualEnergyLoss"". Use Technical Academic English for code strings.
    ⚠️ Ln 10471:12 — Non-English (Turkish) characters in string: ""Vakum Kaçağı Enerji Kaybı — CostOfLeak"". Use Technical Academic English for code strings.
    ⚠️ Ln 10481:12 — Non-English (Turkish) characters in string: ""Vakum Kaçağı Enerji Kaybı — PumpCapacityWaste"". Use Technical Academic English for code strings.
    ⚠️ Ln 10491:12 — Non-English (Turkish) characters in string: ""Vakum Kaçağı Enerji Kaybı — CarbonEmissions"". Use Technical Academic English for code strings.
    ⚠️ Ln 10503:12 — Non-English (Turkish) characters in string: ""Vardiya Maliyet Verimliliği — PlannedProductionTime"". Use Technical Academic English for code strings.
    ⚠️ Ln 10513:12 — Non-English (Turkish) characters in string: ""Vardiya Maliyet Verimliliği — ActualRunTime"". Use Technical Academic English for code strings.
    ⚠️ Ln 10523:12 — Non-English (Turkish) characters in string: ""Vardiya Maliyet Verimliliği — LaborCost"". Use Technical Academic English for code strings.
    ⚠️ Ln 10534:12 — Non-English (Turkish) characters in string: ""Vardiya Maliyet Verimliliği — EnergyCost"". Use Technical Academic English for code strings.
    ⚠️ Ln 10545:12 — Non-English (Turkish) characters in string: ""Vardiya Maliyet Verimliliği — OutputValue"". Use Technical Academic English for code strings.
    ⚠️ Ln 10555:12 — Non-English (Turkish) characters in string: ""Vardiya Maliyet Verimliliği — ShiftEfficiency"". Use Technical Academic English for code strings.
    ⚠️ Ln 10567:12 — Non-English (Turkish) characters in string: ""Vardiya Maliyet Verimliliği — CostPerUnit"". Use Technical Academic English for code strings.
    ⚠️ Ln 10581:12 — Non-English (Turkish) characters in string: ""Vsm finansal Dönüştürücü — LeadTimeCost"". Use Technical Academic English for code strings.
    ⚠️ Ln 10593:12 — Non-English (Turkish) characters in string: ""Vsm finansal Dönüştürücü — ValueAddedRatio"". Use Technical Academic English for code strings.
    ⚠️ Ln 10603:12 — Non-English (Turkish) characters in string: ""Vsm finansal Dönüştürücü — NonValueAddedCost"". Use Technical Academic English for code strings.
    ⚠️ Ln 10614:12 — Non-English (Turkish) characters in string: ""Vsm finansal Dönüştürücü — InventoryReductionSavings"". Use Technical Academic English for code strings.
    ⚠️ Ln 10625:12 — Non-English (Turkish) characters in string: ""Vsm finansal Dönüştürücü — ProductivityGain"". Use Technical Academic English for code strings.
    ⚠️ Ln 10637:12 — Non-English (Turkish) characters in string: ""Vsm finansal Dönüştürücü — TotalFinancialImpact"". Use Technical Academic English for code strings.
    ⚠️ Ln 10650:12 — Non-English (Turkish) characters in string: ""WPS Preheat Sıcaklık — CarbonEquivalent_CE"". Use Technical Academic English for code strings.
    ⚠️ Ln 10665:12 — Non-English (Turkish) characters in string: ""WPS Preheat Sıcaklık — PreheatTemp"". Use Technical Academic English for code strings.
    ⚠️ Ln 10678:12 — Non-English (Turkish) characters in string: ""WPS Preheat Sıcaklık — CriticalCoolingTime"". Use Technical Academic English for code strings.
    ⚠️ Ln 10690:12 — Non-English (Turkish) characters in string: ""WPS Preheat Sıcaklık — HydrogenCrackingRisk"". Use Technical Academic English for code strings.
    ⚠️ Ln 10702:12 — Non-English (Turkish) characters in string: ""WPS Preheat Sıcaklık — EnergyCost"". Use Technical Academic English for code strings.
    ⚠️ Ln 10718:12 — Non-English (Turkish) characters in string: ""Yakıt Rota Sapma — PlannedFuel"". Use Technical Academic English for code strings.
    ⚠️ Ln 10728:12 — Non-English (Turkish) characters in string: ""Yakıt Rota Sapma — ActualFuel"". Use Technical Academic English for code strings.
    ⚠️ Ln 10738:12 — Non-English (Turkish) characters in string: ""Yakıt Rota Sapma — RouteDrift"". Use Technical Academic English for code strings.
    ⚠️ Ln 10748:12 — Non-English (Turkish) characters in string: ""Yakıt Rota Sapma — FuelWaste_Distance"". Use Technical Academic English for code strings.
    ⚠️ Ln 10759:12 — Non-English (Turkish) characters in string: ""Yakıt Rota Sapma — FuelWaste_Efficiency"". Use Technical Academic English for code strings.
    ⚠️ Ln 10771:12 — Non-English (Turkish) characters in string: ""Yakıt Rota Sapma — IdleFuelCost"". Use Technical Academic English for code strings.
    ⚠️ Ln 10782:12 — Non-English (Turkish) characters in string: ""Yakıt Rota Sapma — TotalDriftCost"". Use Technical Academic English for code strings.
    ⚠️ Ln 10796:12 — Non-English (Turkish) characters in string: ""Yangın Hidrantı Akış — FlowRate_Q"". Use Technical Academic English for code strings.
    ⚠️ Ln 10808:12 — Non-English (Turkish) characters in string: ""Yangın Hidrantı Akış — ResidualPressure"". Use Technical Academic English for code strings.
    ⚠️ Ln 10820:12 — Non-English (Turkish) characters in string: ""Yangın Hidrantı Akış — AvailableFlow_At20psi"". Use Technical Academic English for code strings.
    ⚠️ Ln 10832:12 — Non-English (Turkish) characters in string: ""Yangın Hidrantı Akış — FrictionLoss"". Use Technical Academic English for code strings.
    ⚠️ Ln 10845:12 — Non-English (Turkish) characters in string: ""Yangın Hidrantı Akış — RequiredPumpHead"". Use Technical Academic English for code strings.
    ⚠️ Ln 10856:12 — Non-English (Turkish) characters in string: ""Yangın Hidrantı Akış — Compliance"". Use Technical Academic English for code strings.
    ⚠️ Ln 10871:12 — Non-English (Turkish) characters in string: ""Yenileme Bütçesi Optimize Edici — BaseCost"". Use Technical Academic English for code strings.
    ⚠️ Ln 10882:12 — Non-English (Turkish) characters in string: ""Yenileme Bütçesi Optimize Edici — Escalation"". Use Technical Academic English for code strings.
    ⚠️ Ln 10893:12 — Non-English (Turkish) characters in string: ""Yenileme Bütçesi Optimize Edici — Contingency"". Use Technical Academic English for code strings.
    ⚠️ Ln 10904:12 — Non-English (Turkish) characters in string: ""Yenileme Bütçesi Optimize Edici — SoftCosts"". Use Technical Academic English for code strings.
    ⚠️ Ln 10916:12 — Non-English (Turkish) characters in string: ""Yenileme Bütçesi Optimize Edici — TotalBudget"". Use Technical Academic English for code strings.
    ⚠️ Ln 10929:12 — Non-English (Turkish) characters in string: ""Yenileme Bütçesi Optimize Edici — ROI_Renovation"". Use Technical Academic English for code strings.
    ⚠️ Ln 11093:12 — Non-English (Turkish) characters in string: ""Zaman Etüdü Analizörü — ObservedTime"". Use Technical Academic English for code strings.
    ⚠️ Ln 11103:12 — Non-English (Turkish) characters in string: ""Zaman Etüdü Analizörü — NormalTime"". Use Technical Academic English for code strings.
    ⚠️ Ln 11113:12 — Non-English (Turkish) characters in string: ""Zaman Etüdü Analizörü — AllowancePct"". Use Technical Academic English for code strings.
    ⚠️ Ln 11124:12 — Non-English (Turkish) characters in string: ""Zaman Etüdü Analizörü — StandardTime"". Use Technical Academic English for code strings.
    ⚠️ Ln 11134:12 — Non-English (Turkish) characters in string: ""Zaman Etüdü Analizörü — StandardOutput"". Use Technical Academic English for code strings.
    ⚠️ Ln 11144:12 — Non-English (Turkish) characters in string: ""Zaman Etüdü Analizörü — LaborCostPerUnit"". Use Technical Academic English for code strings.
    ⚠️ Ln 11154:12 — Non-English (Turkish) characters in string: ""Zaman Etüdü Analizörü — EfficiencyVariance"". Use Technical Academic English for code strings.
    ⚠️ Ln 11167:42 — Non-English (Turkish) characters in string: ""AI TOKEN MALİYET: BasePromptCost = (PromptTokens * PromptPr". Use Technical Academic English for code strings.
    ⚠️ Ln 11168:42 — Non-English (Turkish) characters in string: ""AI TOKEN MALİYET: BaseCompletionCost = (CompletionTokens * ". Use Technical Academic English for code strings.
    ⚠️ Ln 11169:42 — Non-English (Turkish) characters in string: ""AI TOKEN MALİYET: CacheReadCost = (CachedTokens * CacheRead". Use Technical Academic English for code strings.
    ⚠️ Ln 11170:42 — Non-English (Turkish) characters in string: ""AI TOKEN MALİYET: MonthlyProjection = (DailyBaseCost * 30) ". Use Technical Academic English for code strings.
    ⚠️ Ln 11171:42 — Non-English (Turkish) characters in string: ""AI TOKEN MALİYET: TCO = MonthlyProjection + InfraOverhead +". Use Technical Academic English for code strings.
    ⚠️ Ln 11173:58 — Non-English (Turkish) characters in string: ""ALTI SİGMA PROJE ÖNCELİKLENDİRİCİ: DPMO = (Defects / (Units". Use Technical Academic English for code strings.
    ⚠️ Ln 11174:58 — Non-English (Turkish) characters in string: ""ALTI SİGMA PROJE ÖNCELİKLENDİRİCİ: Yield = 1 - (Defects / (". Use Technical Academic English for code strings.
    ⚠️ Ln 11175:58 — Non-English (Turkish) characters in string: ""ALTI SİGMA PROJE ÖNCELİKLENDİRİCİ: Z_bench = NORMSINV(Yield". Use Technical Academic English for code strings.
    ⚠️ Ln 11176:58 — Non-English (Turkish) characters in string: ""ALTI SİGMA PROJE ÖNCELİKLENDİRİCİ: SigmaLevel = Z_bench + 1". Use Technical Academic English for code strings.
    ⚠️ Ln 11177:58 — Non-English (Turkish) characters in string: ""ALTI SİGMA PROJE ÖNCELİKLENDİRİCİ: COPQ = InternalFailure +". Use Technical Academic English for code strings.
    ⚠️ Ln 11178:58 — Non-English (Turkish) characters in string: ""ALTI SİGMA PROJE ÖNCELİKLENDİRİCİ: ProjectScore = (COPQ * R". Use Technical Academic English for code strings.
    ⚠️ Ln 11180:46 — Non-English (Turkish) characters in string: ""AQL SAMPLING RİSK & MALİYET: CodeLetter = LookupCodeLetter(". Use Technical Academic English for code strings.
    ⚠️ Ln 11181:46 — Non-English (Turkish) characters in string: ""AQL SAMPLING RİSK & MALİYET: n = SampleSize(CodeLetter, AQL". Use Technical Academic English for code strings.
    ⚠️ Ln 11182:46 — Non-English (Turkish) characters in string: ""AQL SAMPLING RİSK & MALİYET: Ac = AcceptanceNumber(CodeLett". Use Technical Academic English for code strings.
    ⚠️ Ln 11183:46 — Non-English (Turkish) characters in string: ""AQL SAMPLING RİSK & MALİYET: Pa_producer = BINOMDIST(Ac, n,". Use Technical Academic English for code strings.
    ⚠️ Ln 11184:46 — Non-English (Turkish) characters in string: ""AQL SAMPLING RİSK & MALİYET: Alpha = 1 - Pa_producer"". Use Technical Academic English for code strings.
    ⚠️ Ln 11185:46 — Non-English (Turkish) characters in string: ""AQL SAMPLING RİSK & MALİYET: Pa_consumer = BINOMDIST(Ac, n,". Use Technical Academic English for code strings.
    ⚠️ Ln 11186:46 — Non-English (Turkish) characters in string: ""AQL SAMPLING RİSK & MALİYET: Beta = Pa_consumer"". Use Technical Academic English for code strings.
    ⚠️ Ln 11187:46 — Non-English (Turkish) characters in string: ""AQL SAMPLING RİSK & MALİYET: ATI = n + (1 - Pa) * (N - n)"". Use Technical Academic English for code strings.
    ⚠️ Ln 11188:46 — Non-English (Turkish) characters in string: ""AQL SAMPLING RİSK & MALİYET: TotalRiskCost = (N * p * (1 - ". Use Technical Academic English for code strings.
    ⚠️ Ln 11190:53 — Non-English (Turkish) characters in string: ""ARAÇ AMORTİSMANI: SL_Annual = (Cost - SalvageValue) / Usefu". Use Technical Academic English for code strings.
    ⚠️ Ln 11191:53 — Non-English (Turkish) characters in string: ""ARAÇ AMORTİSMANI: DB_Rate = 2 / UsefulLife"". Use Technical Academic English for code strings.
    ⚠️ Ln 11192:53 — Non-English (Turkish) characters in string: ""ARAÇ AMORTİSMANI: DB_Year_t = BookValue_(t-1) * DB_Rate"". Use Technical Academic English for code strings.
    ⚠️ Ln 11193:53 — Non-English (Turkish) characters in string: ""ARAÇ AMORTİSMANI: MACRS_Year_t = Cost * MACRS_Table(AssetCl". Use Technical Academic English for code strings.
    ⚠️ Ln 11194:53 — Non-English (Turkish) characters in string: ""ARAÇ AMORTİSMANI: UoP_PerUnit = (Cost - SalvageValue) / Tot". Use Technical Academic English for code strings.
    ⚠️ Ln 11195:53 — Non-English (Turkish) characters in string: ""ARAÇ AMORTİSMANI: TCO = AcquisitionCost + SUM((OpCost_t + M". Use Technical Academic English for code strings.
    ⚠️ Ln 11196:53 — Non-English (Turkish) characters in string: ""ARAÇ AMORTİSMANI: TaxShield = Depreciation * TaxRate"". Use Technical Academic English for code strings.
    ⚠️ Ln 11198:42 — Non-English (Turkish) characters in string: ""ARIZA SÜRESİ MALİYETİ: DirectLaborLoss = DowntimeHours * Af". Use Technical Academic English for code strings.
    ⚠️ Ln 11199:42 — Non-English (Turkish) characters in string: ""ARIZA SÜRESİ MALİYETİ: ProductionLoss = DowntimeHours * Lin". Use Technical Academic English for code strings.
    ⚠️ Ln 11200:42 — Non-English (Turkish) characters in string: ""ARIZA SÜRESİ MALİYETİ: EnergyWaste = IdlePowerKW * Downtime". Use Technical Academic English for code strings.
    ⚠️ Ln 11201:42 — Non-English (Turkish) characters in string: ""ARIZA SÜRESİ MALİYETİ: RecoveryCost = OvertimeHours * Overt". Use Technical Academic English for code strings.
    ⚠️ Ln 11202:42 — Non-English (Turkish) characters in string: ""ARIZA SÜRESİ MALİYETİ: TotalDowntimeCost = DirectLaborLoss ". Use Technical Academic English for code strings.
    ⚠️ Ln 11217:50 — Non-English (Turkish) characters in string: ""AUTO SHOP MARJ KAÇAK: GrossMargin_Parts = (PartsRevenue - P". Use Technical Academic English for code strings.
    ⚠️ Ln 11218:50 — Non-English (Turkish) characters in string: ""AUTO SHOP MARJ KAÇAK: EffectiveLaborRate = TotalLaborRevenu". Use Technical Academic English for code strings.
    ⚠️ Ln 11219:50 — Non-English (Turkish) characters in string: ""AUTO SHOP MARJ KAÇAK: ProductivityRate = TotalFlagHours / T". Use Technical Academic English for code strings.
    ⚠️ Ln 11220:50 — Non-English (Turkish) characters in string: ""AUTO SHOP MARJ KAÇAK: MarginLeak_Discount = SUM(Discount) /". Use Technical Academic English for code strings.
    ⚠️ Ln 11221:50 — Non-English (Turkish) characters in string: ""AUTO SHOP MARJ KAÇAK: MarginLeak_Shrinkage = InventoryShrin". Use Technical Academic English for code strings.
    ⚠️ Ln 11222:50 — Non-English (Turkish) characters in string: ""AUTO SHOP MARJ KAÇAK: NetMargin = (TotalRevenue - TotalCOGS". Use Technical Academic English for code strings.
    ⚠️ Ln 11223:50 — Non-English (Turkish) characters in string: ""AUTO SHOP MARJ KAÇAK: AnnualLeakage = TotalRevenue * (Targe". Use Technical Academic English for code strings.
    ⚠️ Ln 11225:49 — Non-English (Turkish) characters in string: ""BASINÇ VESSEL KALINLIK: t_shell = (P * R) / (S * E - 0.6 * ". Use Technical Academic English for code strings.
    ⚠️ Ln 11226:49 — Non-English (Turkish) characters in string: ""BASINÇ VESSEL KALINLIK: t_sphere = (P * R) / (2 * S * E - 0". Use Technical Academic English for code strings.
    ⚠️ Ln 11227:49 — Non-English (Turkish) characters in string: ""BASINÇ VESSEL KALINLIK: t_head_ellip = (P * D) / (2 * S * E". Use Technical Academic English for code strings.
    ⚠️ Ln 11228:49 — Non-English (Turkish) characters in string: ""BASINÇ VESSEL KALINLIK: M = 0.25 * (3 + SQRT(L/r))^2"". Use Technical Academic English for code strings.
    ⚠️ Ln 11229:49 — Non-English (Turkish) characters in string: ""BASINÇ VESSEL KALINLIK: t_head_tori = (P * L * M) / (2 * S ". Use Technical Academic English for code strings.
    ⚠️ Ln 11230:49 — Non-English (Turkish) characters in string: ""BASINÇ VESSEL KALINLIK: MAWP = (S * E * (t - C_A)) / (R + 0". Use Technical Academic English for code strings.
    ⚠️ Ln 11232:55 — Non-English (Turkish) characters in string: ""BASINÇLI HAVA ENERJİ: CompressorPower = (Q * DeltaP) / (Eff". Use Technical Academic English for code strings.
    ⚠️ Ln 11233:55 — Non-English (Turkish) characters in string: ""BASINÇLI HAVA ENERJİ: SpecificPower = CompressorPower / Q_a". Use Technical Academic English for code strings.
    ⚠️ Ln 11234:55 — Non-English (Turkish) characters in string: ""BASINÇLI HAVA ENERJİ: AnnualEnergyCost = CompressorPower * ". Use Technical Academic English for code strings.
    ⚠️ Ln 11235:55 — Non-English (Turkish) characters in string: ""BASINÇLI HAVA ENERJİ: LeakageCost = SUM(LeakFlow * OpHours ". Use Technical Academic English for code strings.
    ⚠️ Ln 11236:55 — Non-English (Turkish) characters in string: ""BASINÇLI HAVA ENERJİ: TotalAnnualCost = AnnualEnergyCost + ". Use Technical Academic English for code strings.
    ⚠️ Ln 11238:56 — Non-English (Turkish) characters in string: ""BAŞABAŞ NOKTASI: BEP_Units = FixedCosts / (UnitPrice - Unit". Use Technical Academic English for code strings.
    ⚠️ Ln 11239:56 — Non-English (Turkish) characters in string: ""BAŞABAŞ NOKTASI: BEP_Revenue = FixedCosts / CMR"". Use Technical Academic English for code strings.
    ⚠️ Ln 11240:56 — Non-English (Turkish) characters in string: ""BAŞABAŞ NOKTASI: CMR = (UnitPrice - UnitVariableCost) / Uni". Use Technical Academic English for code strings.
    ⚠️ Ln 11241:56 — Non-English (Turkish) characters in string: ""BAŞABAŞ NOKTASI: MarginOfSafety_Percent = (ActualSales - BE". Use Technical Academic English for code strings.
    ⚠️ Ln 11242:56 — Non-English (Turkish) characters in string: ""BAŞABAŞ NOKTASI: OperatingLeverage = ContributionMargin / N". Use Technical Academic English for code strings.
    ⚠️ Ln 11243:56 — Non-English (Turkish) characters in string: ""BAŞABAŞ NOKTASI: TargetProfit_Units = (FixedCosts + TargetP". Use Technical Academic English for code strings.
    ⚠️ Ln 11245:49 — Non-English (Turkish) characters in string: ""BETON HACMİ: V_slab = Length * Width * Thickness"". Use Technical Academic English for code strings.
    ⚠️ Ln 11246:49 — Non-English (Turkish) characters in string: ""BETON HACMİ: V_footing = Length * Width * Depth * Count"". Use Technical Academic English for code strings.
    ⚠️ Ln 11247:49 — Non-English (Turkish) characters in string: ""BETON HACMİ: V_column = PI * (Diameter/2)^2 * Height * Coun". Use Technical Academic English for code strings.
    ⚠️ Ln 11248:49 — Non-English (Turkish) characters in string: ""BETON HACMİ: V_wall = Length * Height * Thickness"". Use Technical Academic English for code strings.
    ⚠️ Ln 11249:49 — Non-English (Turkish) characters in string: ""BETON HACMİ: V_total = V_geometric * (1 + WasteFactor)"". Use Technical Academic English for code strings.
    ⚠️ Ln 11250:49 — Non-English (Turkish) characters in string: ""BETON HACMİ: Weight = V_total * Density"". Use Technical Academic English for code strings.
    ⚠️ Ln 11251:49 — Non-English (Turkish) characters in string: ""BETON HACMİ: TruckLoads = CEILING(V_total / TruckCapacity)"". Use Technical Academic English for code strings.
    ⚠️ Ln 11252:49 — Non-English (Turkish) characters in string: ""BETON HACMİ: TotalCost = V_total * UnitPrice + PumpCost"". Use Technical Academic English for code strings.
    ⚠️ Ln 11261:42 — Non-English (Turkish) characters in string: ""CBAM MARUZİYET: DirectEmissions = SUM(ActivityData * Emissi". Use Technical Academic English for code strings.
    ⚠️ Ln 11262:42 — Non-English (Turkish) characters in string: ""CBAM MARUZİYET: IndirectEmissions = ElecConsumption * GridF". Use Technical Academic English for code strings.
    ⚠️ Ln 11263:42 — Non-English (Turkish) characters in string: ""CBAM MARUZİYET: CarbonIntensity = (DirectEmissions + Indire". Use Technical Academic English for code strings.
    ⚠️ Ln 11264:42 — Non-English (Turkish) characters in string: ""CBAM MARUZİYET: CBAMCertificateCost = (EmbeddedEmissions - ". Use Technical Academic English for code strings.
    ⚠️ Ln 11265:42 — Non-English (Turkish) characters in string: ""CBAM MARUZİYET: FreeAllowance = Benchmark * ProductionVolum". Use Technical Academic English for code strings.
    ⚠️ Ln 11266:42 — Non-English (Turkish) characters in string: ""CBAM MARUZİYET: ComplianceScore = (DataComplete * 0.3) + (V". Use Technical Academic English for code strings.
    ⚠️ Ln 11275:52 — Non-English (Turkish) characters in string: ""CHATTER YÜZEY KALİTE: V_c = (PI * D * n) / 1000"". Use Technical Academic English for code strings.
    ⚠️ Ln 11276:52 — Non-English (Turkish) characters in string: ""CHATTER YÜZEY KALİTE: f_z = V_f / (z * n)"". Use Technical Academic English for code strings.
    ⚠️ Ln 11277:52 — Non-English (Turkish) characters in string: ""CHATTER YÜZEY KALİTE: SurfaceRoughness_Theo = f_z^2 / (8 * ". Use Technical Academic English for code strings.
    ⚠️ Ln 11278:52 — Non-English (Turkish) characters in string: ""CHATTER YÜZEY KALİTE: SurfaceRoughness_Actual = Theo * Chat". Use Technical Academic English for code strings.
    ⚠️ Ln 11279:52 — Non-English (Turkish) characters in string: ""CHATTER YÜZEY KALİTE: QualityLossCost = (Actual - Tolerance". Use Technical Academic English for code strings.
    ⚠️ Ln 11280:52 — Non-English (Turkish) characters in string: ""CHATTER YÜZEY KALİTE: ScrapRate = IF(Actual > MaxTolerance,". Use Technical Academic English for code strings.
    ⚠️ Ln 11290:51 — Non-English (Turkish) characters in string: ""CİRO MALİYETİ: SeparationCost = ExitInterview * HRRate + Se". Use Technical Academic English for code strings.
    ⚠️ Ln 11291:51 — Non-English (Turkish) characters in string: ""CİRO MALİYETİ: VacancyCost = (TimeToFill * DailyRevenue) + ". Use Technical Academic English for code strings.
    ⚠️ Ln 11292:51 — Non-English (Turkish) characters in string: ""CİRO MALİYETİ: ReplacementCost = Ads + Agency + InterviewTi". Use Technical Academic English for code strings.
    ⚠️ Ln 11293:51 — Non-English (Turkish) characters in string: ""CİRO MALİYETİ: TrainingCost = TrainHours * TrainerRate + On". Use Technical Academic English for code strings.
    ⚠️ Ln 11294:51 — Non-English (Turkish) characters in string: ""CİRO MALİYETİ: ProductivityLoss = TimeToFull * AvgOutput * ". Use Technical Academic English for code strings.
    ⚠️ Ln 11295:51 — Non-English (Turkish) characters in string: ""CİRO MALİYETİ: TotalTurnoverCost = Separation + Vacancy + R". Use Technical Academic English for code strings.
    ⚠️ Ln 11318:43 — Non-English (Turkish) characters in string: ""CNC ÇEVRİM SÜRESİ: T_cut = (L * D) / (V_f * a_p)"". Use Technical Academic English for code strings.
    ⚠️ Ln 11319:43 — Non-English (Turkish) characters in string: ""CNC ÇEVRİM SÜRESİ: V_f = f_z * z * n"". Use Technical Academic English for code strings.
    ⚠️ Ln 11320:43 — Non-English (Turkish) characters in string: ""CNC ÇEVRİM SÜRESİ: n = (1000 * V_c) / (PI * D_tool)"". Use Technical Academic English for code strings.
    ⚠️ Ln 11321:43 — Non-English (Turkish) characters in string: ""CNC ÇEVRİM SÜRESİ: T_rapid = Distance_rapid / V_rapid"". Use Technical Academic English for code strings.
    ⚠️ Ln 11322:43 — Non-English (Turkish) characters in string: ""CNC ÇEVRİM SÜRESİ: T_toolchange = Changes * TimePerChange"". Use Technical Academic English for code strings.
    ⚠️ Ln 11323:43 — Non-English (Turkish) characters in string: ""CNC ÇEVRİM SÜRESİ: T_total = T_cut + T_rapid + T_toolchange". Use Technical Academic English for code strings.
    ⚠️ Ln 11324:43 — Non-English (Turkish) characters in string: ""CNC ÇEVRİM SÜRESİ: OEE_Availability = Planned / (Planned + ". Use Technical Academic English for code strings.
    ⚠️ Ln 11326:47 — Non-English (Turkish) characters in string: ""CNC İŞLEME MALİYETİ: Cost_Material = Volume_raw * Density *". Use Technical Academic English for code strings.
    ⚠️ Ln 11327:47 — Non-English (Turkish) characters in string: ""CNC İŞLEME MALİYETİ: Cost_Machining = T_total * MachineRate". Use Technical Academic English for code strings.
    ⚠️ Ln 11328:47 — Non-English (Turkish) characters in string: ""CNC İŞLEME MALİYETİ: Cost_Tooling = (T_cut / ToolLife) * To". Use Technical Academic English for code strings.
    ⚠️ Ln 11329:47 — Non-English (Turkish) characters in string: ""CNC İŞLEME MALİYETİ: Cost_Energy = Power * T_total * ElecRa". Use Technical Academic English for code strings.
    ⚠️ Ln 11330:47 — Non-English (Turkish) characters in string: ""CNC İŞLEME MALİYETİ: Cost_Overhead = T_total * OverheadRate". Use Technical Academic English for code strings.
    ⚠️ Ln 11331:47 — Non-English (Turkish) characters in string: ""CNC İŞLEME MALİYETİ: TotalUnitCost = Material + Machining +". Use Technical Academic English for code strings.
    ⚠️ Ln 11343:46 — Non-English (Turkish) characters in string: ""CPM GECİKME CEZASI: TotalFloat = LateStart - EarlyStart"". Use Technical Academic English for code strings.
    ⚠️ Ln 11344:46 — Non-English (Turkish) characters in string: ""CPM GECİKME CEZASI: CriticalDelay = MAX(0, Actual - Planned". Use Technical Academic English for code strings.
    ⚠️ Ln 11345:46 — Non-English (Turkish) characters in string: ""CPM GECİKME CEZASI: ExcusableDelay = ForceMajeure + OwnerCa". Use Technical Academic English for code strings.
    ⚠️ Ln 11346:46 — Non-English (Turkish) characters in string: ""CPM GECİKME CEZASI: NonExcusable = CriticalDelay - Excusabl". Use Technical Academic English for code strings.
    ⚠️ Ln 11347:46 — Non-English (Turkish) characters in string: ""CPM GECİKME CEZASI: LiquidatedDamages = NonExcusable * Dail". Use Technical Academic English for code strings.
    ⚠️ Ln 11348:46 — Non-English (Turkish) characters in string: ""CPM GECİKME CEZASI: AccelerationCost = CrashingCost * DaysA". Use Technical Academic English for code strings.
    ⚠️ Ln 11349:46 — Non-English (Turkish) characters in string: ""CPM GECİKME CEZASI: NetPenalty = LiquidatedDamages - Accele". Use Technical Academic English for code strings.
    ⚠️ Ln 11350:46 — Non-English (Turkish) characters in string: ""CPM GECİKME CEZASI: EOT_Claim = Excusable * (1 - EffFactor)". Use Technical Academic English for code strings.
    ⚠️ Ln 11352:43 — Non-English (Turkish) characters in string: ""ÇATI ALANI: Area_Footprint = Length * Width"". Use Technical Academic English for code strings.
    ⚠️ Ln 11353:43 — Non-English (Turkish) characters in string: ""ÇATI ALANI: Area_Gable = Footprint / COS(PitchAngle)"". Use Technical Academic English for code strings.
    ⚠️ Ln 11354:43 — Non-English (Turkish) characters in string: ""ÇATI ALANI: OverhangArea = Perimeter * OverhangWidth"". Use Technical Academic English for code strings.
    ⚠️ Ln 11355:43 — Non-English (Turkish) characters in string: ""ÇATI ALANI: TotalMaterialArea = Area_Roof * (1 + WasteFacto". Use Technical Academic English for code strings.
    ⚠️ Ln 11356:43 — Non-English (Turkish) characters in string: ""ÇATI ALANI: RidgeLength = Length - Width + (Width * SQRT(2)". Use Technical Academic English for code strings.
    ⚠️ Ln 11357:43 — Non-English (Turkish) characters in string: ""ÇATI ALANI: Load_Dead = MaterialWeight * TotalArea"". Use Technical Academic English for code strings.
    ⚠️ Ln 11358:43 — Non-English (Turkish) characters in string: ""ÇATI ALANI: Load_Snow = GroundSnow * Exposure * Thermal * S". Use Technical Academic English for code strings.
    ⚠️ Ln 11360:50 — Non-English (Turkish) characters in string: ""DARBOĞAZ YATIRIM: Utilization = ActualOutput / DesignCapaci". Use Technical Academic English for code strings.
    ⚠️ Ln 11361:50 — Non-English (Turkish) characters in string: ""DARBOĞAZ YATIRIM: Throughput = Demand * (1 - DefectRate)"". Use Technical Academic English for code strings.
    ⚠️ Ln 11362:50 — Non-English (Turkish) characters in string: ""DARBOĞAZ YATIRIM: TaktTime = AvailableTime / Demand"". Use Technical Academic English for code strings.
    ⚠️ Ln 11363:50 — Non-English (Turkish) characters in string: ""DARBOĞAZ YATIRIM: CycleTime_Gap = BottleneckCycle - TaktTim". Use Technical Academic English for code strings.
    ⚠️ Ln 11364:50 — Non-English (Turkish) characters in string: ""DARBOĞAZ YATIRIM: CostOfConstraint = CycleTime_Gap * Demand". Use Technical Academic English for code strings.
    ⚠️ Ln 11365:50 — Non-English (Turkish) characters in string: ""DARBOĞAZ YATIRIM: ROI = (ThroughputIncrease * Margin * Days". Use Technical Academic English for code strings.
    ⚠️ Ln 11366:50 — Non-English (Turkish) characters in string: ""DARBOĞAZ YATIRIM: Payback = UpgradeCost / MonthlyGain"". Use Technical Academic English for code strings.
    ⚠️ Ln 11368:51 — Non-English (Turkish) characters in string: ""DEĞİŞİM MATRİSİ SMED: T_internal = SetupStopped"". Use Technical Academic English for code strings.
    ⚠️ Ln 11369:51 — Non-English (Turkish) characters in string: ""DEĞİŞİM MATRİSİ SMED: T_external = SetupRunning"". Use Technical Academic English for code strings.
    ⚠️ Ln 11370:51 — Non-English (Turkish) characters in string: ""DEĞİŞİM MATRİSİ SMED: T_total = T_internal + T_external"". Use Technical Academic English for code strings.
    ⚠️ Ln 11371:51 — Non-English (Turkish) characters in string: ""DEĞİŞİM MATRİSİ SMED: T_target = T_internal * (1 - Conversi". Use Technical Academic English for code strings.
    ⚠️ Ln 11372:51 — Non-English (Turkish) characters in string: ""DEĞİŞİM MATRİSİ SMED: EBQ = SQRT((2 * Demand * SetupCost) /". Use Technical Academic English for code strings.
    ⚠️ Ln 11373:51 — Non-English (Turkish) characters in string: ""DEĞİŞİM MATRİSİ SMED: SetupCost = T_total * MachineRate + L". Use Technical Academic English for code strings.
    ⚠️ Ln 11374:51 — Non-English (Turkish) characters in string: ""DEĞİŞİM MATRİSİ SMED: AnnualSavings = (T_total - T_target) ". Use Technical Academic English for code strings.
    ⚠️ Ln 11375:51 — Non-English (Turkish) characters in string: ""DEĞİŞİM MATRİSİ SMED: CapacityGain = (T_total - T_target) *". Use Technical Academic English for code strings.
    ⚠️ Ln 11377:45 — Non-English (Turkish) characters in string: ""DEPO YERLEŞİMİ: StorageArea = Footprint * UtilRate"". Use Technical Academic English for code strings.
    ⚠️ Ln 11378:45 — Non-English (Turkish) characters in string: ""DEPO YERLEŞİMİ: PalletPositions = StorageArea / (PalletFoot". Use Technical Academic English for code strings.
    ⚠️ Ln 11379:45 — Non-English (Turkish) characters in string: ""DEPO YERLEŞİMİ: VerticalCap = PalletPositions * RackLevels"". Use Technical Academic English for code strings.
    ⚠️ Ln 11380:45 — Non-English (Turkish) characters in string: ""DEPO YERLEŞİMİ: ThroughputCap = Doors / (Turnaround_Load + ". Use Technical Academic English for code strings.
    ⚠️ Ln 11381:45 — Non-English (Turkish) characters in string: ""DEPO YERLEŞİMİ: TravelDist = SUM(Freq * Dist)"". Use Technical Academic English for code strings.
    ⚠️ Ln 11382:45 — Non-English (Turkish) characters in string: ""DEPO YERLEŞİMİ: PickEfficiency = Lines / TravelTime"". Use Technical Academic English for code strings.
    ⚠️ Ln 11383:45 — Non-English (Turkish) characters in string: ""DEPO YERLEŞİMİ: CubeUtil = ActualVol / RackVol"". Use Technical Academic English for code strings.
    ⚠️ Ln 11384:45 — Non-English (Turkish) characters in string: ""DEPO YERLEŞİMİ: CostPerPos = FacilityCost / PalletPositions". Use Technical Academic English for code strings.
    ⚠️ Ln 11386:45 — Non-English (Turkish) characters in string: ""DEVAMSIZLIK MALİYETİ: DirectCost = AbsentHours * HourlyRate". Use Technical Academic English for code strings.
    ⚠️ Ln 11387:45 — Non-English (Turkish) characters in string: ""DEVAMSIZLIK MALİYETİ: OvertimePremium = ReplaceOT * (OTRate". Use Technical Academic English for code strings.
    ⚠️ Ln 11388:45 — Non-English (Turkish) characters in string: ""DEVAMSIZLIK MALİYETİ: TempCost = TempHours * TempRate * (1 ". Use Technical Academic English for code strings.
    ⚠️ Ln 11389:45 — Non-English (Turkish) characters in string: ""DEVAMSIZLIK MALİYETİ: ProdLoss = AbsentHours * OutputPerHou". Use Technical Academic English for code strings.
    ⚠️ Ln 11390:45 — Non-English (Turkish) characters in string: ""DEVAMSIZLIK MALİYETİ: AdminCost = Events * HR_Time * HRRate". Use Technical Academic English for code strings.
    ⚠️ Ln 11391:45 — Non-English (Turkish) characters in string: ""DEVAMSIZLIK MALİYETİ: BradfordFactor = S^2 * D"". Use Technical Academic English for code strings.
    ⚠️ Ln 11392:45 — Non-English (Turkish) characters in string: ""DEVAMSIZLIK MALİYETİ: TotalCost = Direct + OT + Temp + Prod". Use Technical Academic English for code strings.
    ⚠️ Ln 11394:46 — Non-English (Turkish) characters in string: ""DIGITAL TWIN MALİYET: Cost_Trad = Prototyping + FieldTest +". Use Technical Academic English for code strings.
    ⚠️ Ln 11395:46 — Non-English (Turkish) characters in string: ""DIGITAL TWIN MALİYET: Cost_DT = License + Compute + Sensor ". Use Technical Academic English for code strings.
    ⚠️ Ln 11396:46 — Non-English (Turkish) characters in string: ""DIGITAL TWIN MALİYET: TimeGain = (PhysCycle - DigCycle) * I". Use Technical Academic English for code strings.
    ⚠️ Ln 11397:46 — Non-English (Turkish) characters in string: ""DIGITAL TWIN MALİYET: RevenueGain = TimeGain * DailyRev"". Use Technical Academic English for code strings.
    ⚠️ Ln 11398:46 — Non-English (Turkish) characters in string: ""DIGITAL TWIN MALİYET: QualitySavings = DefectReduction * Wa". Use Technical Academic English for code strings.
    ⚠️ Ln 11399:46 — Non-English (Turkish) characters in string: ""DIGITAL TWIN MALİYET: ROI = (Cost_Trad - Cost_DT + RevenueG". Use Technical Academic English for code strings.
    ⚠️ Ln 11401:61 — Non-English (Turkish) characters in string: ""DİKİŞ HATTI DENGELEYİCİ: TaktTime = AvailableTime / Demand"". Use Technical Academic English for code strings.
    ⚠️ Ln 11402:61 — Non-English (Turkish) characters in string: ""DİKİŞ HATTI DENGELEYİCİ: CycleTotal = SUM(SMV)"". Use Technical Academic English for code strings.
    ⚠️ Ln 11403:61 — Non-English (Turkish) characters in string: ""DİKİŞ HATTI DENGELEYİCİ: TheoOperators = CycleTotal / TaktT". Use Technical Academic English for code strings.
    ⚠️ Ln 11404:61 — Non-English (Turkish) characters in string: ""DİKİŞ HATTI DENGELEYİCİ: ActOperators = CEILING(TheoOperato". Use Technical Academic English for code strings.
    ⚠️ Ln 11405:61 — Non-English (Turkish) characters in string: ""DİKİŞ HATTI DENGELEYİCİ: LineEff = (CycleTotal / (ActOperat". Use Technical Academic English for code strings.
    ⚠️ Ln 11406:61 — Non-English (Turkish) characters in string: ""DİKİŞ HATTI DENGELEYİCİ: BalanceDelay = 100 - LineEff"". Use Technical Academic English for code strings.
    ⚠️ Ln 11407:61 — Non-English (Turkish) characters in string: ""DİKİŞ HATTI DENGELEYİCİ: Smoothness = SQRT(SUM((MaxCycle - ". Use Technical Academic English for code strings.
    ⚠️ Ln 11408:61 — Non-English (Turkish) characters in string: ""DİKİŞ HATTI DENGELEYİCİ: WIP = (Bottleneck - Takt) * Demand". Use Technical Academic English for code strings.
    ⚠️ Ln 11410:44 — Non-English (Turkish) characters in string: ""DYE REÇETE MALİYET: Cost_Dye = SUM(Conc * Price) / BathRati". Use Technical Academic English for code strings.
    ⚠️ Ln 11411:44 — Non-English (Turkish) characters in string: ""DYE REÇETE MALİYET: Cost_Chem = SUM(Dosage * Price)"". Use Technical Academic English for code strings.
    ⚠️ Ln 11412:44 — Non-English (Turkish) characters in string: ""DYE REÇETE MALİYET: Cost_Water = LiquorRatio * Weight * Wat". Use Technical Academic English for code strings.
    ⚠️ Ln 11413:44 — Non-English (Turkish) characters in string: ""DYE REÇETE MALİYET: Cost_Energy = Heating + Holding + Dryin". Use Technical Academic English for code strings.
    ⚠️ Ln 11414:44 — Non-English (Turkish) characters in string: ""DYE REÇETE MALİYET: Cost_Waste = Effluent * TreatCost + Sur". Use Technical Academic English for code strings.
    ⚠️ Ln 11415:44 — Non-English (Turkish) characters in string: ""DYE REÇETE MALİYET: TotalBatch = Dye + Chem + Water + Energ". Use Technical Academic English for code strings.
    ⚠️ Ln 11416:44 — Non-English (Turkish) characters in string: ""DYE REÇETE MALİYET: RFT_Savings = Rework * (1 - RFT)"". Use Technical Academic English for code strings.
    ⚠️ Ln 11417:44 — Non-English (Turkish) characters in string: ""DYE REÇETE MALİYET: CostPerKg = (TotalBatch + RFT_Savings) ". Use Technical Academic English for code strings.
    ⚠️ Ln 11419:54 — Non-English (Turkish) characters in string: ""ENERJİ TÜKETİM RAPORU: Active = SUM(kWh)"". Use Technical Academic English for code strings.
    ⚠️ Ln 11420:54 — Non-English (Turkish) characters in string: ""ENERJİ TÜKETİM RAPORU: Reactive = SUM(kVArh)"". Use Technical Academic English for code strings.
    ⚠️ Ln 11421:54 — Non-English (Turkish) characters in string: ""ENERJİ TÜKETİM RAPORU: PF = Active / SQRT(Active^2 + Reacti". Use Technical Academic English for code strings.
    ⚠️ Ln 11422:54 — Non-English (Turkish) characters in string: ""ENERJİ TÜKETİM RAPORU: ReactivePenalty = IF(PF < Thresh, (R". Use Technical Academic English for code strings.
    ⚠️ Ln 11423:54 — Non-English (Turkish) characters in string: ""ENERJİ TÜKETİM RAPORU: DemandCharge = Peak_kW * DemandRate"". Use Technical Academic English for code strings.
    ⚠️ Ln 11424:54 — Non-English (Turkish) characters in string: ""ENERJİ TÜKETİM RAPORU: TOU = SUM(kWh * TOU_Rate)"". Use Technical Academic English for code strings.
    ⚠️ Ln 11425:54 — Non-English (Turkish) characters in string: ""ENERJİ TÜKETİM RAPORU: Total = Base + TOU + Demand + Penalt". Use Technical Academic English for code strings.
    ⚠️ Ln 11426:54 — Non-English (Turkish) characters in string: ""ENERJİ TÜKETİM RAPORU: Carbon = Active * EmisFactor * Carbo". Use Technical Academic English for code strings.
    ⚠️ Ln 11454:46 — Non-English (Turkish) characters in string: ""EVM MALİYET FORECAST: SV = EV - PV"". Use Technical Academic English for code strings.
    ⚠️ Ln 11455:46 — Non-English (Turkish) characters in string: ""EVM MALİYET FORECAST: CV = EV - AC"". Use Technical Academic English for code strings.
    ⚠️ Ln 11456:46 — Non-English (Turkish) characters in string: ""EVM MALİYET FORECAST: SPI = EV / PV"". Use Technical Academic English for code strings.
    ⚠️ Ln 11457:46 — Non-English (Turkish) characters in string: ""EVM MALİYET FORECAST: CPI = EV / AC"". Use Technical Academic English for code strings.
    ⚠️ Ln 11458:46 — Non-English (Turkish) characters in string: ""EVM MALİYET FORECAST: EAC_CPI = BAC / CPI"". Use Technical Academic English for code strings.
    ⚠️ Ln 11459:46 — Non-English (Turkish) characters in string: ""EVM MALİYET FORECAST: EAC_CPI_SPI = AC + ((BAC - EV) / (CPI". Use Technical Academic English for code strings.
    ⚠️ Ln 11460:46 — Non-English (Turkish) characters in string: ""EVM MALİYET FORECAST: ETC = EAC - AC"". Use Technical Academic English for code strings.
    ⚠️ Ln 11461:46 — Non-English (Turkish) characters in string: ""EVM MALİYET FORECAST: VAC = BAC - EAC"". Use Technical Academic English for code strings.
    ⚠️ Ln 11462:46 — Non-English (Turkish) characters in string: ""EVM MALİYET FORECAST: TCPI = (BAC - EV) / (BAC - AC)"". Use Technical Academic English for code strings.
    ⚠️ Ln 11464:52 — Non-English (Turkish) characters in string: ""FABRİKA YERLEŞİM MESAFE: Dist_ij = ABS(X_i - X_j) + ABS(Y_i". Use Technical Academic English for code strings.
    ⚠️ Ln 11465:52 — Non-English (Turkish) characters in string: ""FABRİKA YERLEŞİM MESAFE: FlowCost = SUM(Flow_ij * Dist_ij *". Use Technical Academic English for code strings.
    ⚠️ Ln 11466:52 — Non-English (Turkish) characters in string: ""FABRİKA YERLEŞİM MESAFE: AdjScore = SUM(Flow_ij * AdjFactor". Use Technical Academic English for code strings.
    ⚠️ Ln 11467:52 — Non-English (Turkish) characters in string: ""FABRİKA YERLEŞİM MESAFE: SpaceUtil = EquipArea / FacArea"". Use Technical Academic English for code strings.
    ⚠️ Ln 11468:52 — Non-English (Turkish) characters in string: ""FABRİKA YERLEŞİM MESAFE: MatHandCost = FlowCost * HandRate"". Use Technical Academic English for code strings.
    ⚠️ Ln 11469:52 — Non-English (Turkish) characters in string: ""FABRİKA YERLEŞİM MESAFE: Congestion = 1 + (CrossTraffic / A". Use Technical Academic English for code strings.
    ⚠️ Ln 11470:52 — Non-English (Turkish) characters in string: ""FABRİKA YERLEŞİM MESAFE: TotalCost = MatHand + Space + Cong". Use Technical Academic English for code strings.
    ⚠️ Ln 11472:47 — Non-English (Turkish) characters in string: ""FAİZ ORANI RİSKİ: Exposure = FloatingDebt * (1 - HedgeRatio". Use Technical Academic English for code strings.
    ⚠️ Ln 11473:47 — Non-English (Turkish) characters in string: ""FAİZ ORANI RİSKİ: ShockImpact = Exposure * BpsChange / 1000". Use Technical Academic English for code strings.
    ⚠️ Ln 11474:47 — Non-English (Turkish) characters in string: ""FAİZ ORANI RİSKİ: DurGap = AssetDur - LiabDur"". Use Technical Academic English for code strings.
    ⚠️ Ln 11475:47 — Non-English (Turkish) characters in string: ""FAİZ ORANI RİSKİ: EVE_Change = -DurGap * AssetVal * RateCha". Use Technical Academic English for code strings.
    ⚠️ Ln 11476:47 — Non-English (Turkish) characters in string: ""FAİZ ORANI RİSKİ: NIM = (Inc - Exp) / EarningAssets"". Use Technical Academic English for code strings.
    ⚠️ Ln 11477:47 — Non-English (Turkish) characters in string: ""FAİZ ORANI RİSKİ: VaR = PortVal * Volatility * Z"". Use Technical Academic English for code strings.
    ⚠️ Ln 11478:47 — Non-English (Turkish) characters in string: ""FAİZ ORANI RİSKİ: HedgeCost = Notional * SwapSpread"". Use Technical Academic English for code strings.
    ⚠️ Ln 11479:47 — Non-English (Turkish) characters in string: ""FAİZ ORANI RİSKİ: BreakEven = Fixed - Floating_Curr"". Use Technical Academic English for code strings.
    ⚠️ Ln 11489:45 — Non-English (Turkish) characters in string: ""FİYAT ESNEKLİĞİ: Elasticity = PctChange_Dem / PctChange_Pri". Use Technical Academic English for code strings.
    ⚠️ Ln 11490:45 — Non-English (Turkish) characters in string: ""FİYAT ESNEKLİĞİ: NewDem = CurrDem * (1 + Elast * PctChange_". Use Technical Academic English for code strings.
    ⚠️ Ln 11491:45 — Non-English (Turkish) characters in string: ""FİYAT ESNEKLİĞİ: NewRev = NewPrice * NewDem"". Use Technical Academic English for code strings.
    ⚠️ Ln 11492:45 — Non-English (Turkish) characters in string: ""FİYAT ESNEKLİĞİ: NewMargin = (NewPrice - VarCost) * NewDem ". Use Technical Academic English for code strings.
    ⚠️ Ln 11493:45 — Non-English (Turkish) characters in string: ""FİYAT ESNEKLİĞİ: MaxPrice = (Elast / (Elast + 1)) * VarCost". Use Technical Academic English for code strings.
    ⚠️ Ln 11494:45 — Non-English (Turkish) characters in string: ""FİYAT ESNEKLİĞİ: Markup = -1 / (Elast + 1)"". Use Technical Academic English for code strings.
    ⚠️ Ln 11495:45 — Non-English (Turkish) characters in string: ""FİYAT ESNEKLİĞİ: CannibLoss = NewDem * CannibRate * Margin_". Use Technical Academic English for code strings.
    ⚠️ Ln 11496:45 — Non-English (Turkish) characters in string: ""FİYAT ESNEKLİĞİ: NetImpact = NewMargin - CurrMargin - Canni". Use Technical Academic English for code strings.
    ⚠️ Ln 11505:42 — Non-English (Turkish) characters in string: ""GAGE R&R MALİYET: EV = Range_Avg * d2_star"". Use Technical Academic English for code strings.
    ⚠️ Ln 11506:42 — Non-English (Turkish) characters in string: ""GAGE R&R MALİYET: AV = SQRT((Range_Ops / d2_star)^2 - (EV^2". Use Technical Academic English for code strings.
    ⚠️ Ln 11507:42 — Non-English (Turkish) characters in string: ""GAGE R&R MALİYET: GRR = SQRT(EV^2 + AV^2)"". Use Technical Academic English for code strings.
    ⚠️ Ln 11508:42 — Non-English (Turkish) characters in string: ""GAGE R&R MALİYET: PV = Range_Parts / d2_star"". Use Technical Academic English for code strings.
    ⚠️ Ln 11509:42 — Non-English (Turkish) characters in string: ""GAGE R&R MALİYET: TV = SQRT(GRR^2 + PV^2)"". Use Technical Academic English for code strings.
    ⚠️ Ln 11510:42 — Non-English (Turkish) characters in string: ""GAGE R&R MALİYET: PctGRR = (GRR / TV) * 100"". Use Technical Academic English for code strings.
    ⚠️ Ln 11511:42 — Non-English (Turkish) characters in string: ""GAGE R&R MALİYET: CostError = (FalseAcc * EscapeCost) + (Fa". Use Technical Academic English for code strings.
    ⚠️ Ln 11512:42 — Non-English (Turkish) characters in string: ""GAGE R&R MALİYET: OptTol = GRR * 6"". Use Technical Academic English for code strings.
    ⚠️ Ln 11513:42 — Non-English (Turkish) characters in string: ""GAGE R&R MALİYET: FinImpact = PctGRR * TotalQualCost"". Use Technical Academic English for code strings.
    ⚠️ Ln 11515:46 — Non-English (Turkish) characters in string: ""GIDA FİRE MARJ: Yield = Finished / Raw"". Use Technical Academic English for code strings.
    ⚠️ Ln 11516:46 — Non-English (Turkish) characters in string: ""GIDA FİRE MARJ: Shrinkage = Raw - Finished"". Use Technical Academic English for code strings.
    ⚠️ Ln 11517:46 — Non-English (Turkish) characters in string: ""GIDA FİRE MARJ: Cost_Shrink = Shrinkage * RawCost"". Use Technical Academic English for code strings.
    ⚠️ Ln 11518:46 — Non-English (Turkish) characters in string: ""GIDA FİRE MARJ: Cost_Spoil = Spoiled * ProdCost"". Use Technical Academic English for code strings.
    ⚠️ Ln 11519:46 — Non-English (Turkish) characters in string: ""GIDA FİRE MARJ: Cost_Over = Excess * (UnitCost - Salvage)"". Use Technical Academic English for code strings.
    ⚠️ Ln 11520:46 — Non-English (Turkish) characters in string: ""GIDA FİRE MARJ: MarginLeak = Shrink + Spoil + Over"". Use Technical Academic English for code strings.
    ⚠️ Ln 11521:46 — Non-English (Turkish) characters in string: ""GIDA FİRE MARJ: OEE_Food = Avail * Perf * Qual_Yield"". Use Technical Academic English for code strings.
    ⚠️ Ln 11522:46 — Non-English (Turkish) characters in string: ""GIDA FİRE MARJ: TheoUsage = Recipe * ActualProd"". Use Technical Academic English for code strings.
    ⚠️ Ln 11523:46 — Non-English (Turkish) characters in string: ""GIDA FİRE MARJ: Variance = Actual - Theo"". Use Technical Academic English for code strings.
    ⚠️ Ln 11525:46 — Non-English (Turkish) characters in string: ""GÜBRE DOZAJ: NutReq = YieldTarget * RemRate"". Use Technical Academic English for code strings.
    ⚠️ Ln 11526:46 — Non-English (Turkish) characters in string: ""GÜBRE DOZAJ: SoilSupp = SoilTest * ConvFactor"". Use Technical Academic English for code strings.
    ⚠️ Ln 11527:46 — Non-English (Turkish) characters in string: ""GÜBRE DOZAJ: FertNeed = (NutReq - SoilSupp) / Eff"". Use Technical Academic English for code strings.
    ⚠️ Ln 11528:46 — Non-English (Turkish) characters in string: ""GÜBRE DOZAJ: AppRate = FertNeed / ContentPct"". Use Technical Academic English for code strings.
    ⚠️ Ln 11529:46 — Non-English (Turkish) characters in string: ""GÜBRE DOZAJ: Cost = AppRate * Area * Price"". Use Technical Academic English for code strings.
    ⚠️ Ln 11530:46 — Non-English (Turkish) characters in string: ""GÜBRE DOZAJ: EnvRisk = (AppRate - Uptake) * Leach"". Use Technical Academic English for code strings.
    ⚠️ Ln 11531:46 — Non-English (Turkish) characters in string: ""GÜBRE DOZAJ: ROI = (YieldInc * CropPrice - Cost) / Cost"". Use Technical Academic English for code strings.
    ⚠️ Ln 11532:46 — Non-English (Turkish) characters in string: ""GÜBRE DOZAJ: Precision = BaseRate * (1 + ZoneFactor)"". Use Technical Academic English for code strings.
    ⚠️ Ln 11543:57 — Non-English (Turkish) characters in string: ""HACİMSEL AĞIRLIK: VolWeight_Air = (L * W * H) / 6000"". Use Technical Academic English for code strings.
    ⚠️ Ln 11544:57 — Non-English (Turkish) characters in string: ""HACİMSEL AĞIRLIK: VolWeight_Road = (L * W * H) / 5000"". Use Technical Academic English for code strings.
    ⚠️ Ln 11545:57 — Non-English (Turkish) characters in string: ""HACİMSEL AĞIRLIK: VolWeight_Sea = (L * W * H) / 1000"". Use Technical Academic English for code strings.
    ⚠️ Ln 11546:57 — Non-English (Turkish) characters in string: ""HACİMSEL AĞIRLIK: Chargeable = MAX(Gross, VolWeight)"". Use Technical Academic English for code strings.
    ⚠️ Ln 11547:57 — Non-English (Turkish) characters in string: ""HACİMSEL AĞIRLIK: Freight = Chargeable * Rate"". Use Technical Academic English for code strings.
    ⚠️ Ln 11548:57 — Non-English (Turkish) characters in string: ""HACİMSEL AĞIRLIK: Density = Gross / Vol"". Use Technical Academic English for code strings.
    ⚠️ Ln 11549:57 — Non-English (Turkish) characters in string: ""HACİMSEL AĞIRLIK: StackLoss = 1 - (ActualLoad / MaxCont)"". Use Technical Academic English for code strings.
    ⚠️ Ln 11550:57 — Non-English (Turkish) characters in string: ""HACİMSEL AĞIRLIK: Ineff = (Chargeable - Gross) * Rate"". Use Technical Academic English for code strings.
    ⚠️ Ln 11552:53 — Non-English (Turkish) characters in string: ""HAFİFLİK MALİYET TASARRUFU: WeightRed = Mass_Orig - Mass_LW". Use Technical Academic English for code strings.
    ⚠️ Ln 11553:53 — Non-English (Turkish) characters in string: ""HAFİFLİK MALİYET TASARRUFU: FuelSav_Auto = WeightRed * Fuel". Use Technical Academic English for code strings.
    ⚠️ Ln 11554:53 — Non-English (Turkish) characters in string: ""HAFİFLİK MALİYET TASARRUFU: FuelSav_Aero = WeightRed * Burn". Use Technical Academic English for code strings.
    ⚠️ Ln 11555:53 — Non-English (Turkish) characters in string: ""HAFİFLİK MALİYET TASARRUFU: PayloadGain = WeightRed * RevPe". Use Technical Academic English for code strings.
    ⚠️ Ln 11556:53 — Non-English (Turkish) characters in string: ""HAFİFLİK MALİYET TASARRUFU: MatPrem = (Cost_LW - Cost_Orig)". Use Technical Academic English for code strings.
    ⚠️ Ln 11557:53 — Non-English (Turkish) characters in string: ""HAFİFLİK MALİYET TASARRUFU: ToolDelta = Tool_LW - Tool_Orig". Use Technical Academic English for code strings.
    ⚠️ Ln 11558:53 — Non-English (Turkish) characters in string: ""HAFİFLİK MALİYET TASARRUFU: NetSav = (FuelSav + Payload) * ". Use Technical Academic English for code strings.
    ⚠️ Ln 11560:48 — Non-English (Turkish) characters in string: ""HURDA ORANI OPTİMİZE: ScrapRate = ScrapQty / TotalInput"". Use Technical Academic English for code strings.
    ⚠️ Ln 11561:48 — Non-English (Turkish) characters in string: ""HURDA ORANI OPTİMİZE: Cost_Mat = ScrapQty * MatCost"". Use Technical Academic English for code strings.
    ⚠️ Ln 11562:48 — Non-English (Turkish) characters in string: ""HURDA ORANI OPTİMİZE: Cost_Lab = ScrapQty * Cycle * LabRate". Use Technical Academic English for code strings.
    ⚠️ Ln 11563:48 — Non-English (Turkish) characters in string: ""HURDA ORANI OPTİMİZE: Cost_OH = ScrapQty * Cycle * MachRate". Use Technical Academic English for code strings.
    ⚠️ Ln 11564:48 — Non-English (Turkish) characters in string: ""HURDA ORANI OPTİMİZE: OppCost = ScrapQty * UnitMargin"". Use Technical Academic English for code strings.
    ⚠️ Ln 11565:48 — Non-English (Turkish) characters in string: ""HURDA ORANI OPTİMİZE: TotalCost = Mat + Lab + OH + Opp - Sa". Use Technical Academic English for code strings.
    ⚠️ Ln 11566:48 — Non-English (Turkish) characters in string: ""HURDA ORANI OPTİMİZE: Pareto = SORT(Defects, Freq, DESC)"". Use Technical Academic English for code strings.
    ⚠️ Ln 11567:48 — Non-English (Turkish) characters in string: ""HURDA ORANI OPTİMİZE: Target = Benchmark * (1 - ImpFactor)"". Use Technical Academic English for code strings.
    ⚠️ Ln 11569:42 — Non-English (Turkish) characters in string: ""HVAC KAPASİTE: Sensible = 1.08 * CFM * DeltaT"". Use Technical Academic English for code strings.
    ⚠️ Ln 11570:42 — Non-English (Turkish) characters in string: ""HVAC KAPASİTE: Latent = 0.68 * CFM * DeltaW"". Use Technical Academic English for code strings.
    ⚠️ Ln 11571:42 — Non-English (Turkish) characters in string: ""HVAC KAPASİTE: Total = Sensible + Latent"". Use Technical Academic English for code strings.
    ⚠️ Ln 11572:42 — Non-English (Turkish) characters in string: ""HVAC KAPASİTE: Envelope = U * Area * DeltaT"". Use Technical Academic English for code strings.
    ⚠️ Ln 11573:42 — Non-English (Turkish) characters in string: ""HVAC KAPASİTE: Internal = Occ * SensPer + Light + Equip"". Use Technical Academic English for code strings.
    ⚠️ Ln 11574:42 — Non-English (Turkish) characters in string: ""HVAC KAPASİTE: Vent = CFM_Out * 1.08 * (T_Out - T_In)"". Use Technical Academic English for code strings.
    ⚠️ Ln 11575:42 — Non-English (Turkish) characters in string: ""HVAC KAPASİTE: Tons = Total / 12000"". Use Technical Academic English for code strings.
    ⚠️ Ln 11576:42 — Non-English (Turkish) characters in string: ""HVAC KAPASİTE: EER = BTU / W"". Use Technical Academic English for code strings.
    ⚠️ Ln 11577:42 — Non-English (Turkish) characters in string: ""HVAC KAPASİTE: AnnualCost = (Total / EER) * Hours * ElecRat". Use Technical Academic English for code strings.
    ⚠️ Ln 11579:50 — Non-English (Turkish) characters in string: ""HYDRAULIC SİSTEM KAYIP: Loss_Leak = Q_Leak * P"". Use Technical Academic English for code strings.
    ⚠️ Ln 11580:50 — Non-English (Turkish) characters in string: ""HYDRAULIC SİSTEM KAYIP: Loss_Fric = DeltaP_Pipe * Q_Flow"". Use Technical Academic English for code strings.
    ⚠️ Ln 11581:50 — Non-English (Turkish) characters in string: ""HYDRAULIC SİSTEM KAYIP: Loss_Valve = DeltaP_Valve * Q_Flow"". Use Technical Academic English for code strings.
    ⚠️ Ln 11582:50 — Non-English (Turkish) characters in string: ""HYDRAULIC SİSTEM KAYIP: Heat = Loss_Leak + Loss_Fric + Loss". Use Technical Academic English for code strings.
    ⚠️ Ln 11583:50 — Non-English (Turkish) characters in string: ""HYDRAULIC SİSTEM KAYIP: Eff = (P_Out / P_In) * 100"". Use Technical Academic English for code strings.
    ⚠️ Ln 11584:50 — Non-English (Turkish) characters in string: ""HYDRAULIC SİSTEM KAYIP: Cost_Loss = Heat * Hours * ElecRate". Use Technical Academic English for code strings.
    ⚠️ Ln 11585:50 — Non-English (Turkish) characters in string: ""HYDRAULIC SİSTEM KAYIP: Degrade = (T_Avg - Thresh) * FluidC". Use Technical Academic English for code strings.
    ⚠️ Ln 11586:50 — Non-English (Turkish) characters in string: ""HYDRAULIC SİSTEM KAYIP: Cool = Heat * COP * ElecRate"". Use Technical Academic English for code strings.
    ⚠️ Ln 11606:43 — Non-English (Turkish) characters in string: ""İÇ VERİM ORANI IRR: NPV = SUM(Cash_t / (1 + r)^t)"". Use Technical Academic English for code strings.
    ⚠️ Ln 11607:43 — Non-English (Turkish) characters in string: ""İÇ VERİM ORANI IRR: IRR = r where NPV = 0"". Use Technical Academic English for code strings.
    ⚠️ Ln 11608:43 — Non-English (Turkish) characters in string: ""İÇ VERİM ORANI IRR: MIRR = (FV_Pos / PV_Neg)^(1/n) - 1"". Use Technical Academic English for code strings.
    ⚠️ Ln 11609:43 — Non-English (Turkish) characters in string: ""İÇ VERİM ORANI IRR: Payback = Year_Before + (Unrecovered / ". Use Technical Academic English for code strings.
    ⚠️ Ln 11610:43 — Non-English (Turkish) characters in string: ""İÇ VERİM ORANI IRR: PI = PV_Future / InitInv"". Use Technical Academic English for code strings.
    ⚠️ Ln 11611:43 — Non-English (Turkish) characters in string: ""İÇ VERİM ORANI IRR: Annuity = NPV * (r * (1 + r)^n) / ((1 +". Use Technical Academic English for code strings.
    ⚠️ Ln 11612:43 — Non-English (Turkish) characters in string: ""İÇ VERİM ORANI IRR: Sens = Delta_IRR / Delta_Var"". Use Technical Academic English for code strings.
    ⚠️ Ln 11614:50 — Non-English (Turkish) characters in string: ""İLERLEME YEM MALİYET: Cost_Ing = InclRate * Price"". Use Technical Academic English for code strings.
    ⚠️ Ln 11615:50 — Non-English (Turkish) characters in string: ""İLERLEME YEM MALİYET: Cost_Base = SUM(Cost_Ing)"". Use Technical Academic English for code strings.
    ⚠️ Ln 11616:50 — Non-English (Turkish) characters in string: ""İLERLEME YEM MALİYET: Cost_Proc = Grind + Mix + Pellet"". Use Technical Academic English for code strings.
    ⚠️ Ln 11617:50 — Non-English (Turkish) characters in string: ""İLERLEME YEM MALİYET: Cost_Add = SUM(Enz + Vit + Tox)"". Use Technical Academic English for code strings.
    ⚠️ Ln 11618:50 — Non-English (Turkish) characters in string: ""İLERLEME YEM MALİYET: Shrink = Cost_Base * ShrinkRate"". Use Technical Academic English for code strings.
    ⚠️ Ln 11619:50 — Non-English (Turkish) characters in string: ""İLERLEME YEM MALİYET: FCR = FeedCons / WeightGain"". Use Technical Academic English for code strings.
    ⚠️ Ln 11620:50 — Non-English (Turkish) characters in string: ""İLERLEME YEM MALİYET: CostPerKg = (Base + Proc + Add + Shri". Use Technical Academic English for code strings.
    ⚠️ Ln 11621:50 — Non-English (Turkish) characters in string: ""İLERLEME YEM MALİYET: Opt = MIN(Base) SUBJECT TO Constraint". Use Technical Academic English for code strings.
    ⚠️ Ln 11623:49 — Non-English (Turkish) characters in string: ""İSKELE KİRALAMA: Area = Perim * Height"". Use Technical Academic English for code strings.
    ⚠️ Ln 11624:49 — Non-English (Turkish) characters in string: ""İSKELE KİRALAMA: Vol = Area * Standoff"". Use Technical Academic English for code strings.
    ⚠️ Ln 11625:49 — Non-English (Turkish) characters in string: ""İSKELE KİRALAMA: Rental = Area * Rate * Dur"". Use Technical Academic English for code strings.
    ⚠️ Ln 11626:49 — Non-English (Turkish) characters in string: ""İSKELE KİRALAMA: Lab_Erect = Area * ErectRate"". Use Technical Academic English for code strings.
    ⚠️ Ln 11627:49 — Non-English (Turkish) characters in string: ""İSKELE KİRALAMA: Lab_Dism = Area * DismRate"". Use Technical Academic English for code strings.
    ⚠️ Ln 11628:49 — Non-English (Turkish) characters in string: ""İSKELE KİRALAMA: Transp = Trips * TruckRate"". Use Technical Academic English for code strings.
    ⚠️ Ln 11629:49 — Non-English (Turkish) characters in string: ""İSKELE KİRALAMA: Total = Rental + Lab_Erect + Lab_Dism + Tr". Use Technical Academic English for code strings.
    ⚠️ Ln 11630:49 — Non-English (Turkish) characters in string: ""İSKELE KİRALAMA: OptDur = CritPath + Buffer - Overlap"". Use Technical Academic English for code strings.
    ⚠️ Ln 11631:49 — Non-English (Turkish) characters in string: ""İSKELE KİRALAMA: Overrun = MAX(0, Actual - OptDur) * DailyR". Use Technical Academic English for code strings.
    ⚠️ Ln 11633:46 — Non-English (Turkish) characters in string: ""İSTATİSTİKSEL PROSES KONTROL: X_Bar_Bar = AVERAGE(Means)"". Use Technical Academic English for code strings.
    ⚠️ Ln 11634:46 — Non-English (Turkish) characters in string: ""İSTATİSTİKSEL PROSES KONTROL: R_Bar = AVERAGE(Ranges)"". Use Technical Academic English for code strings.
    ⚠️ Ln 11635:46 — Non-English (Turkish) characters in string: ""İSTATİSTİKSEL PROSES KONTROL: S_Bar = AVERAGE(StdDevs)"". Use Technical Academic English for code strings.
    ⚠️ Ln 11636:46 — Non-English (Turkish) characters in string: ""İSTATİSTİKSEL PROSES KONTROL: UCL_X = X_Bar_Bar + (A2 * R_B". Use Technical Academic English for code strings.
    ⚠️ Ln 11637:46 — Non-English (Turkish) characters in string: ""İSTATİSTİKSEL PROSES KONTROL: LCL_X = X_Bar_Bar - (A2 * R_B". Use Technical Academic English for code strings.
    ⚠️ Ln 11638:46 — Non-English (Turkish) characters in string: ""İSTATİSTİKSEL PROSES KONTROL: UCL_R = D4 * R_Bar"". Use Technical Academic English for code strings.
    ⚠️ Ln 11639:46 — Non-English (Turkish) characters in string: ""İSTATİSTİKSEL PROSES KONTROL: LCL_R = D3 * R_Bar"". Use Technical Academic English for code strings.
    ⚠️ Ln 11640:46 — Non-English (Turkish) characters in string: ""İSTATİSTİKSEL PROSES KONTROL: Sigma = R_Bar / d2"". Use Technical Academic English for code strings.
    ⚠️ Ln 11641:46 — Non-English (Turkish) characters in string: ""İSTATİSTİKSEL PROSES KONTROL: Cp = (USL - LSL) / (6 * Sigma". Use Technical Academic English for code strings.
    ⚠️ Ln 11643:47 — Non-English (Turkish) characters in string: ""İŞLEME STRATEJİSİ SÜRE: MRR = V_c * f * a_p"". Use Technical Academic English for code strings.
    ⚠️ Ln 11644:47 — Non-English (Turkish) characters in string: ""İŞLEME STRATEJİSİ SÜRE: Power = MRR * SpecEnergy"". Use Technical Academic English for code strings.
    ⚠️ Ln 11645:47 — Non-English (Turkish) characters in string: ""İŞLEME STRATEJİSİ SÜRE: ToolLife = C / (V_c^n * f^m)"". Use Technical Academic English for code strings.
    ⚠️ Ln 11646:47 — Non-English (Turkish) characters in string: ""İŞLEME STRATEJİSİ SÜRE: Cost = MIN(Mach + Change + Tool)"". Use Technical Academic English for code strings.
    ⚠️ Ln 11647:47 — Non-English (Turkish) characters in string: ""İŞLEME STRATEJİSİ SÜRE: Opt_Vc = (C / (T_opt)^n)^(1/n)"". Use Technical Academic English for code strings.
    ⚠️ Ln 11648:47 — Non-English (Turkish) characters in string: ""İŞLEME STRATEJİSİ SÜRE: T_opt = ((1/n - 1) * (ChangeTime + ". Use Technical Academic English for code strings.
    ⚠️ Ln 11649:47 — Non-English (Turkish) characters in string: ""İŞLEME STRATEJİSİ SÜRE: Ra = f^2 / (8 * NoseRad)"". Use Technical Academic English for code strings.
    ⚠️ Ln 11650:47 — Non-English (Turkish) characters in string: ""İŞLEME STRATEJİSİ SÜRE: Check = Power < MaxPower AND Ra < T". Use Technical Academic English for code strings.
    ⚠️ Ln 11652:51 — Non-English (Turkish) characters in string: ""KAIZEN TASARRUF TAKİPÇİSİ: Hard = (Baseline - Actual) * Vol". Use Technical Academic English for code strings.
    ⚠️ Ln 11653:51 — Non-English (Turkish) characters in string: ""KAIZEN TASARRUF TAKİPÇİSİ: Soft = TimeSaved * LabRate * Con". Use Technical Academic English for code strings.
    ⚠️ Ln 11654:51 — Non-English (Turkish) characters in string: ""KAIZEN TASARRUF TAKİPÇİSİ: ImpCost = Lab_K + Mat + Down"". Use Technical Academic English for code strings.
    ⚠️ Ln 11655:51 — Non-English (Turkish) characters in string: ""KAIZEN TASARRUF TAKİPÇİSİ: ROI = (Hard + Soft - ImpCost) / ". Use Technical Academic English for code strings.
    ⚠️ Ln 11656:51 — Non-English (Turkish) characters in string: ""KAIZEN TASARRUF TAKİPÇİSİ: Payback = ImpCost / MonthSav"". Use Technical Academic English for code strings.
    ⚠️ Ln 11657:51 — Non-English (Turkish) characters in string: ""KAIZEN TASARRUF TAKİPÇİSİ: Sust = Sav_M6 / Sav_M1"". Use Technical Academic English for code strings.
    ⚠️ Ln 11658:51 — Non-English (Turkish) characters in string: ""KAIZEN TASARRUF TAKİPÇİSİ: Cum = SUM(MonthSav)"". Use Technical Academic English for code strings.
    ⚠️ Ln 11659:51 — Non-English (Turkish) characters in string: ""KAIZEN TASARRUF TAKİPÇİSİ: Opp = Time_K * ProdRate * Margin". Use Technical Academic English for code strings.
    ⚠️ Ln 11701:46 — Non-English (Turkish) characters in string: ""Kesim Parameters Takım ömrü: ToolLife_T = C / (V_c^n * f^m ". Use Technical Academic English for code strings.
    ⚠️ Ln 11702:46 — Non-English (Turkish) characters in string: ""Kesim Parameters Takım ömrü: TaylorExponent_n = -LOG(T1/T2)". Use Technical Academic English for code strings.
    ⚠️ Ln 11703:46 — Non-English (Turkish) characters in string: ""Kesim Parameters Takım ömrü: CostPerPart_Tool = (ToolCost /". Use Technical Academic English for code strings.
    ⚠️ Ln 11704:46 — Non-English (Turkish) characters in string: ""Kesim Parameters Takım ömrü: OptimalToolLife_Cost = ((1/n -". Use Technical Academic English for code strings.
    ⚠️ Ln 11705:46 — Non-English (Turkish) characters in string: ""Kesim Parameters Takım ömrü: Optimal_Vc = C / (OptimalToolL". Use Technical Academic English for code strings.
    ⚠️ Ln 11706:46 — Non-English (Turkish) characters in string: ""Kesim Parameters Takım ömrü: ProductionRate = 1 / (Machinin". Use Technical Academic English for code strings.
    ⚠️ Ln 11717:40 — Non-English (Turkish) characters in string: ""Kiriş Ağırlığı: Area_Cross = LookupArea(ProfileType, Size)"". Use Technical Academic English for code strings.
    ⚠️ Ln 11718:40 — Non-English (Turkish) characters in string: ""Kiriş Ağırlığı: Weight_PerMeter = Area_Cross * Density_Stee". Use Technical Academic English for code strings.
    ⚠️ Ln 11719:40 — Non-English (Turkish) characters in string: ""Kiriş Ağırlığı: TotalWeight = Weight_PerMeter * Length * Qu". Use Technical Academic English for code strings.
    ⚠️ Ln 11720:40 — Non-English (Turkish) characters in string: ""Kiriş Ağırlığı: Cost_Material = TotalWeight * PricePerTon"". Use Technical Academic English for code strings.
    ⚠️ Ln 11721:40 — Non-English (Turkish) characters in string: ""Kiriş Ağırlığı: PaintArea = Perimeter * Length"". Use Technical Academic English for code strings.
    ⚠️ Ln 11722:40 — Non-English (Turkish) characters in string: ""Kiriş Ağırlığı: FireproofingArea = PaintArea"". Use Technical Academic English for code strings.
    ⚠️ Ln 11723:40 — Non-English (Turkish) characters in string: ""Kiriş Ağırlığı: Deflection_Max = (5 * w * L^4) / (384 * E *". Use Technical Academic English for code strings.
    ⚠️ Ln 11724:40 — Non-English (Turkish) characters in string: ""Kiriş Ağırlığı: Moment_Max = (w * L^2) / 8"". Use Technical Academic English for code strings.
    ⚠️ Ln 11726:48 — Non-English (Turkish) characters in string: ""Kompresör Kaçağı Maliyet: LeakFlow_CFM = (22.4 * d^2 * P_Li". Use Technical Academic English for code strings.
    ⚠️ Ln 11727:48 — Non-English (Turkish) characters in string: ""Kompresör Kaçağı Maliyet: Power_Loss_kW = (LeakFlow_CFM * P". Use Technical Academic English for code strings.
    ⚠️ Ln 11728:48 — Non-English (Turkish) characters in string: ""Kompresör Kaçağı Maliyet: AnnualEnergyLoss = Power_Loss_kW ". Use Technical Academic English for code strings.
    ⚠️ Ln 11729:48 — Non-English (Turkish) characters in string: ""Kompresör Kaçağı Maliyet: Cost_Leak = AnnualEnergyLoss * El". Use Technical Academic English for code strings.
    ⚠️ Ln 11730:48 — Non-English (Turkish) characters in string: ""Kompresör Kaçağı Maliyet: TotalLeakCost = SUM(Cost_Leak_i)"". Use Technical Academic English for code strings.
    ⚠️ Ln 11731:48 — Non-English (Turkish) characters in string: ""Kompresör Kaçağı Maliyet: CarbonEmissions = AnnualEnergyLos". Use Technical Academic English for code strings.
    ⚠️ Ln 11732:48 — Non-English (Turkish) characters in string: ""Kompresör Kaçağı Maliyet: Payback_Repair = RepairCost / Cos". Use Technical Academic English for code strings.
    ⚠️ Ln 11734:51 — Non-English (Turkish) characters in string: ""Kompresör Tankı Boyutlandırma: V_Tank = (t * Q * P_atm) / (". Use Technical Academic English for code strings.
    ⚠️ Ln 11735:51 — Non-English (Turkish) characters in string: ""Kompresör Tankı Boyutlandırma: t = TimeToFill"". Use Technical Academic English for code strings.
    ⚠️ Ln 11736:51 — Non-English (Turkish) characters in string: ""Kompresör Tankı Boyutlandırma: Q = FreeAirDelivery"". Use Technical Academic English for code strings.
    ⚠️ Ln 11737:51 — Non-English (Turkish) characters in string: ""Kompresör Tankı Boyutlandırma: P_Max = CutOutPressure"". Use Technical Academic English for code strings.
    ⚠️ Ln 11738:51 — Non-English (Turkish) characters in string: ""Kompresör Tankı Boyutlandırma: P_Min = CutInPressure"". Use Technical Academic English for code strings.
    ⚠️ Ln 11739:51 — Non-English (Turkish) characters in string: ""Kompresör Tankı Boyutlandırma: CycleTime = V_Tank * (P_Max ". Use Technical Academic English for code strings.
    ⚠️ Ln 11740:51 — Non-English (Turkish) characters in string: ""Kompresör Tankı Boyutlandırma: CyclesPerHour = 60 / CycleTi". Use Technical Academic English for code strings.
    ⚠️ Ln 11741:51 — Non-English (Turkish) characters in string: ""Kompresör Tankı Boyutlandırma: MotorStartLimit = IF(CyclesP". Use Technical Academic English for code strings.
    ⚠️ Ln 11742:51 — Non-English (Turkish) characters in string: ""Kompresör Tankı Boyutlandırma: Cost_Tank = Volume * PricePe". Use Technical Academic English for code strings.
    ⚠️ Ln 11744:43 — Non-English (Turkish) characters in string: ""Konteyner Yükü: Volume_Utilization = SUM(ItemVolume_i) / Co". Use Technical Academic English for code strings.
    ⚠️ Ln 11745:43 — Non-English (Turkish) characters in string: ""Konteyner Yükü: Weight_Utilization = SUM(ItemWeight_i) / Co". Use Technical Academic English for code strings.
    ⚠️ Ln 11746:43 — Non-English (Turkish) characters in string: ""Konteyner Yükü: ChargeableWeight = MAX(GrossWeight, Volumet". Use Technical Academic English for code strings.
    ⚠️ Ln 11747:43 — Non-English (Turkish) characters in string: ""Konteyner Yükü: LoadEfficiency = MIN(Volume_Utilization, We". Use Technical Academic English for code strings.
    ⚠️ Ln 11748:43 — Non-English (Turkish) characters in string: ""Konteyner Yükü: WastedSpaceCost = (1 - LoadEfficiency) * Fr". Use Technical Academic English for code strings.
    ⚠️ Ln 11749:43 — Non-English (Turkish) characters in string: ""Konteyner Yükü: PalletStacking = Floor(ContainerHeight / Pa". Use Technical Academic English for code strings.
    ⚠️ Ln 11750:43 — Non-English (Turkish) characters in string: ""Konteyner Yükü: MaxPallets = MIN(PalletStacking * FloorArea". Use Technical Academic English for code strings.
    ⚠️ Ln 11752:53 — Non-English (Turkish) characters in string: ""Kumaş Kesim Optimize Edici: MarkerEfficiency = (TotalPatter". Use Technical Academic English for code strings.
    ⚠️ Ln 11753:53 — Non-English (Turkish) characters in string: ""Kumaş Kesim Optimize Edici: FabricRequired = (TotalPatternA". Use Technical Academic English for code strings.
    ⚠️ Ln 11754:53 — Non-English (Turkish) characters in string: ""Kumaş Kesim Optimize Edici: Cost_Fabric = FabricRequired * ". Use Technical Academic English for code strings.
    ⚠️ Ln 11755:53 — Non-English (Turkish) characters in string: ""Kumaş Kesim Optimize Edici: Utilization_Gain = (NewEfficien". Use Technical Academic English for code strings.
    ⚠️ Ln 11756:53 — Non-English (Turkish) characters in string: ""Kumaş Kesim Optimize Edici: SplicingLoss = Splices * Overla". Use Technical Academic English for code strings.
    ⚠️ Ln 11757:53 — Non-English (Turkish) characters in string: ""Kumaş Kesim Optimize Edici: TotalYardage = MarkerLength + E". Use Technical Academic English for code strings.
    ⚠️ Ln 11775:49 — Non-English (Turkish) characters in string: ""Lojistik Rota Kaybı: IdealDistance = PointToPoint_Distance"". Use Technical Academic English for code strings.
    ⚠️ Ln 11776:49 — Non-English (Turkish) characters in string: ""Lojistik Rota Kaybı: ActualDistance = RouteDistance"". Use Technical Academic English for code strings.
    ⚠️ Ln 11777:49 — Non-English (Turkish) characters in string: ""Lojistik Rota Kaybı: DriftPct = (ActualDistance - IdealDist". Use Technical Academic English for code strings.
    ⚠️ Ln 11778:49 — Non-English (Turkish) characters in string: ""Lojistik Rota Kaybı: FuelWaste = (ActualDistance - IdealDis". Use Technical Academic English for code strings.
    ⚠️ Ln 11779:49 — Non-English (Turkish) characters in string: ""Lojistik Rota Kaybı: TimeWaste = (ActualDistance - IdealDis". Use Technical Academic English for code strings.
    ⚠️ Ln 11780:49 — Non-English (Turkish) characters in string: ""Lojistik Rota Kaybı: TotalRouteLoss = FuelWaste + TimeWaste". Use Technical Academic English for code strings.
    ⚠️ Ln 11781:49 — Non-English (Turkish) characters in string: ""Lojistik Rota Kaybı: Efficiency = IdealDistance / ActualDis". Use Technical Academic English for code strings.
    ⚠️ Ln 11783:45 — Non-English (Turkish) characters in string: ""Mağaza Saatlik Ücret: DirectLabor = SUM(TechnicianWages)"". Use Technical Academic English for code strings.
    ⚠️ Ln 11784:45 — Non-English (Turkish) characters in string: ""Mağaza Saatlik Ücret: IndirectLabor = SUM(ManagerWages + Ad". Use Technical Academic English for code strings.
    ⚠️ Ln 11785:45 — Non-English (Turkish) characters in string: ""Mağaza Saatlik Ücret: Overhead = Rent + Utilities + Insuran". Use Technical Academic English for code strings.
    ⚠️ Ln 11786:45 — Non-English (Turkish) characters in string: ""Mağaza Saatlik Ücret: TotalShopCost = DirectLabor + Indirec". Use Technical Academic English for code strings.
    ⚠️ Ln 11787:45 — Non-English (Turkish) characters in string: ""Mağaza Saatlik Ücret: BillableHours = TotalAvailableHours *". Use Technical Academic English for code strings.
    ⚠️ Ln 11788:45 — Non-English (Turkish) characters in string: ""Mağaza Saatlik Ücret: ShopHourlyRate = TotalShopCost / Bill". Use Technical Academic English for code strings.
    ⚠️ Ln 11789:45 — Non-English (Turkish) characters in string: ""Mağaza Saatlik Ücret: EffectiveMargin = (ActualBillingRate ". Use Technical Academic English for code strings.
    ⚠️ Ln 11791:44 — Non-English (Turkish) characters in string: ""Mahsul Verim Kaybı Analizörü: PotentialYield = GeneticPoten". Use Technical Academic English for code strings.
    ⚠️ Ln 11792:44 — Non-English (Turkish) characters in string: ""Mahsul Verim Kaybı Analizörü: ActualYield = HarvestedWeight". Use Technical Academic English for code strings.
    ⚠️ Ln 11793:44 — Non-English (Turkish) characters in string: ""Mahsul Verim Kaybı Analizörü: YieldGap = PotentialYield - A". Use Technical Academic English for code strings.
    ⚠️ Ln 11794:44 — Non-English (Turkish) characters in string: ""Mahsul Verim Kaybı Analizörü: Loss_Pest = PestDamagePct * P". Use Technical Academic English for code strings.
    ⚠️ Ln 11795:44 — Non-English (Turkish) characters in string: ""Mahsul Verim Kaybı Analizörü: Loss_Weather = WeatherStressP". Use Technical Academic English for code strings.
    ⚠️ Ln 11796:44 — Non-English (Turkish) characters in string: ""Mahsul Verim Kaybı Analizörü: Loss_Nutrient = NutrientDefic". Use Technical Academic English for code strings.
    ⚠️ Ln 11797:44 — Non-English (Turkish) characters in string: ""Mahsul Verim Kaybı Analizörü: FinancialLoss = YieldGap * Ma". Use Technical Academic English for code strings.
    ⚠️ Ln 11798:44 — Non-English (Turkish) characters in string: ""Mahsul Verim Kaybı Analizörü: ROI_Intervention = (Financial". Use Technical Academic English for code strings.
    ⚠️ Ln 11800:50 — Non-English (Turkish) characters in string: ""Makine Ekonomik Ömrü: EUAC_Capital = (InitialCost - Salvage". Use Technical Academic English for code strings.
    ⚠️ Ln 11801:50 — Non-English (Turkish) characters in string: ""Makine Ekonomik Ömrü: EUAC_Operating = SUM(OpCost_t * (P/F,". Use Technical Academic English for code strings.
    ⚠️ Ln 11802:50 — Non-English (Turkish) characters in string: ""Makine Ekonomik Ömrü: TotalEUAC = EUAC_Capital + EUAC_Opera". Use Technical Academic English for code strings.
    ⚠️ Ln 11803:50 — Non-English (Turkish) characters in string: ""Makine Ekonomik Ömrü: EconomicLife = n where TotalEUAC is M". Use Technical Academic English for code strings.
    ⚠️ Ln 11804:50 — Non-English (Turkish) characters in string: ""Makine Ekonomik Ömrü: Defender_EUAC = CurrentMarketValue * ". Use Technical Academic English for code strings.
    ⚠️ Ln 11805:50 — Non-English (Turkish) characters in string: ""Makine Ekonomik Ömrü: Challenger_EUAC = EUAC_NewMachine"". Use Technical Academic English for code strings.
    ⚠️ Ln 11806:50 — Non-English (Turkish) characters in string: ""Makine Ekonomik Ömrü: ReplacementDecision = IF(Defender_EUA". Use Technical Academic English for code strings.
    ⚠️ Ln 11831:44 — Non-English (Turkish) characters in string: ""Muda Atık Maliyet: Overproduction = ExcessUnits * UnitCost"". Use Technical Academic English for code strings.
    ⚠️ Ln 11832:44 — Non-English (Turkish) characters in string: ""Muda Atık Maliyet: Waiting = WaitingHours * (LaborRate + Ma". Use Technical Academic English for code strings.
    ⚠️ Ln 11833:44 — Non-English (Turkish) characters in string: ""Muda Atık Maliyet: Transport = TransportDistance * CostPerM". Use Technical Academic English for code strings.
    ⚠️ Ln 11834:44 — Non-English (Turkish) characters in string: ""Muda Atık Maliyet: Overprocessing = (ActualTime - StandardT". Use Technical Academic English for code strings.
    ⚠️ Ln 11835:44 — Non-English (Turkish) characters in string: ""Muda Atık Maliyet: Inventory = ExcessInventory * HoldingCos". Use Technical Academic English for code strings.
    ⚠️ Ln 11836:44 — Non-English (Turkish) characters in string: ""Muda Atık Maliyet: Motion = UnnecessaryMotionTime * LaborRa". Use Technical Academic English for code strings.
    ⚠️ Ln 11837:44 — Non-English (Turkish) characters in string: ""Muda Atık Maliyet: Defects = DefectUnits * (MaterialCost + ". Use Technical Academic English for code strings.
    ⚠️ Ln 11838:44 — Non-English (Turkish) characters in string: ""Muda Atık Maliyet: TotalMudaCost = SUM(Overproduction, Wait". Use Technical Academic English for code strings.
    ⚠️ Ln 11840:42 — Non-English (Turkish) characters in string: ""Nakit Akışı Açığı: CashInflow = SUM(Receipts_t)"". Use Technical Academic English for code strings.
    ⚠️ Ln 11841:42 — Non-English (Turkish) characters in string: ""Nakit Akışı Açığı: CashOutflow = SUM(Payments_t)"". Use Technical Academic English for code strings.
    ⚠️ Ln 11842:42 — Non-English (Turkish) characters in string: ""Nakit Akışı Açığı: NetCashFlow_t = CashInflow_t - CashOutfl". Use Technical Academic English for code strings.
    ⚠️ Ln 11843:42 — Non-English (Turkish) characters in string: ""Nakit Akışı Açığı: CumulativeCashFlow = SUM(NetCashFlow_t)"". Use Technical Academic English for code strings.
    ⚠️ Ln 11844:42 — Non-English (Turkish) characters in string: ""Nakit Akışı Açığı: CashGap = MAX(0, -MIN(CumulativeCashFlow". Use Technical Academic English for code strings.
    ⚠️ Ln 11845:42 — Non-English (Turkish) characters in string: ""Nakit Akışı Açığı: DSO = (AccountsReceivable / TotalCreditS". Use Technical Academic English for code strings.
    ⚠️ Ln 11846:42 — Non-English (Turkish) characters in string: ""Nakit Akışı Açığı: DPO = (AccountsPayable / TotalCreditPurc". Use Technical Academic English for code strings.
    ⚠️ Ln 11847:42 — Non-English (Turkish) characters in string: ""Nakit Akışı Açığı: DIO = (Inventory / COGS) * Days"". Use Technical Academic English for code strings.
    ⚠️ Ln 11848:42 — Non-English (Turkish) characters in string: ""Nakit Akışı Açığı: CashConversionCycle = DSO + DIO - DPO"". Use Technical Academic English for code strings.
    ⚠️ Ln 11849:42 — Non-English (Turkish) characters in string: ""Nakit Akışı Açığı: FinancingCost = CashGap * DailyInterestR". Use Technical Academic English for code strings.
    ⚠️ Ln 11867:41 — Non-English (Turkish) characters in string: ""OEE ve Durma Süresi: Availability = OperatingTime / Planned". Use Technical Academic English for code strings.
    ⚠️ Ln 11868:41 — Non-English (Turkish) characters in string: ""OEE ve Durma Süresi: Performance = (IdealCycleTime * TotalC". Use Technical Academic English for code strings.
    ⚠️ Ln 11869:41 — Non-English (Turkish) characters in string: ""OEE ve Durma Süresi: Quality = GoodCount / TotalCount"". Use Technical Academic English for code strings.
    ⚠️ Ln 11870:41 — Non-English (Turkish) characters in string: ""OEE ve Durma Süresi: OEE = Availability * Performance * Qua". Use Technical Academic English for code strings.
    ⚠️ Ln 11871:41 — Non-English (Turkish) characters in string: ""OEE ve Durma Süresi: TEEP = OEE * (PlannedProductionTime / ". Use Technical Academic English for code strings.
    ⚠️ Ln 11872:41 — Non-English (Turkish) characters in string: ""OEE ve Durma Süresi: DowntimeCost = (PlannedProductionTime ". Use Technical Academic English for code strings.
    ⚠️ Ln 11873:41 — Non-English (Turkish) characters in string: ""OEE ve Durma Süresi: SpeedLoss = (OperatingTime - (IdealCyc". Use Technical Academic English for code strings.
    ⚠️ Ln 11874:41 — Non-English (Turkish) characters in string: ""OEE ve Durma Süresi: QualityLoss = (TotalCount - GoodCount)". Use Technical Academic English for code strings.
    ⚠️ Ln 11891:52 — Non-English (Turkish) characters in string: ""Ödeme Vadesi Optimize Edici: DSO = (AccountsReceivable / Re". Use Technical Academic English for code strings.
    ⚠️ Ln 11892:52 — Non-English (Turkish) characters in string: ""Ödeme Vadesi Optimize Edici: CarryingCost_AR = AverageAR * ". Use Technical Academic English for code strings.
    ⚠️ Ln 11893:52 — Non-English (Turkish) characters in string: ""Ödeme Vadesi Optimize Edici: BadDebtExpense = Revenue * Def". Use Technical Academic English for code strings.
    ⚠️ Ln 11894:52 — Non-English (Turkish) characters in string: ""Ödeme Vadesi Optimize Edici: DiscountCost = EarlyPaymentDis". Use Technical Academic English for code strings.
    ⚠️ Ln 11895:52 — Non-English (Turkish) characters in string: ""Ödeme Vadesi Optimize Edici: OptimalTerms = Terms where (Ca". Use Technical Academic English for code strings.
    ⚠️ Ln 11896:52 — Non-English (Turkish) characters in string: ""Ödeme Vadesi Optimize Edici: CashFlowImpact = (NewDSO - Old". Use Technical Academic English for code strings.
    ⚠️ Ln 11897:52 — Non-English (Turkish) characters in string: ""Ödeme Vadesi Optimize Edici: NPV_Terms = SUM(CashInflow_t /". Use Technical Academic English for code strings.
    ⚠️ Ln 11899:48 — Non-English (Turkish) characters in string: ""Öğrenme Eğrisi Süre Tahmincisi: LearningRate = 1 - (Time_2N". Use Technical Academic English for code strings.
    ⚠️ Ln 11900:48 — Non-English (Turkish) characters in string: ""Öğrenme Eğrisi Süre Tahmincisi: Slope_b = LOG(LearningRate)". Use Technical Academic English for code strings.
    ⚠️ Ln 11901:48 — Non-English (Turkish) characters in string: ""Öğrenme Eğrisi Süre Tahmincisi: Time_N = Time_1 * (N^b)"". Use Technical Academic English for code strings.
    ⚠️ Ln 11902:48 — Non-English (Turkish) characters in string: ""Öğrenme Eğrisi Süre Tahmincisi: CumulativeTime_N = Time_1 *". Use Technical Academic English for code strings.
    ⚠️ Ln 11903:48 — Non-English (Turkish) characters in string: ""Öğrenme Eğrisi Süre Tahmincisi: AverageTime_N = CumulativeT". Use Technical Academic English for code strings.
    ⚠️ Ln 11904:48 — Non-English (Turkish) characters in string: ""Öğrenme Eğrisi Süre Tahmincisi: Cost_N = Time_N * LaborRate". Use Technical Academic English for code strings.
    ⚠️ Ln 11905:48 — Non-English (Turkish) characters in string: ""Öğrenme Eğrisi Süre Tahmincisi: BreakevenUnit = N where Sta". Use Technical Academic English for code strings.
    ⚠️ Ln 11906:48 — Non-English (Turkish) characters in string: ""Öğrenme Eğrisi Süre Tahmincisi: TotalLaborCost = Cumulative". Use Technical Academic English for code strings.
    ⚠️ Ln 11951:46 — Non-English (Turkish) characters in string: ""reçete Maliyet Check: TheoreticalCost = SUM(FormulationPct_". Use Technical Academic English for code strings.
    ⚠️ Ln 11952:46 — Non-English (Turkish) characters in string: ""reçete Maliyet Check: ActualCost = TotalMaterialConsumed * ". Use Technical Academic English for code strings.
    ⚠️ Ln 11953:46 — Non-English (Turkish) characters in string: ""reçete Maliyet Check: Variance = ActualCost - TheoreticalCo". Use Technical Academic English for code strings.
    ⚠️ Ln 11954:46 — Non-English (Turkish) characters in string: ""reçete Maliyet Check: YieldLossCost = (1 - ActualYield) * T". Use Technical Academic English for code strings.
    ⚠️ Ln 11955:46 — Non-English (Turkish) characters in string: ""reçete Maliyet Check: EvaporationLoss = InputWeight - Outpu". Use Technical Academic English for code strings.
    ⚠️ Ln 11956:46 — Non-English (Turkish) characters in string: ""reçete Maliyet Check: Efficiency = ActualOutput / Theoretic". Use Technical Academic English for code strings.
    ⚠️ Ln 11957:46 — Non-English (Turkish) characters in string: ""reçete Maliyet Check: CostPerKg = ActualCost / OutputWeight". Use Technical Academic English for code strings.
    ⚠️ Ln 11959:56 — Non-English (Turkish) characters in string: ""Restaurant Menü Marj Kaçak: TheoreticalFoodCost = SUM(Items". Use Technical Academic English for code strings.
    ⚠️ Ln 11960:56 — Non-English (Turkish) characters in string: ""Restaurant Menü Marj Kaçak: ActualFoodCost = BeginningInven". Use Technical Academic English for code strings.
    ⚠️ Ln 11961:56 — Non-English (Turkish) characters in string: ""Restaurant Menü Marj Kaçak: Variance = ActualFoodCost - The". Use Technical Academic English for code strings.
    ⚠️ Ln 11962:56 — Non-English (Turkish) characters in string: ""Restaurant Menü Marj Kaçak: VariancePct = Variance / TotalF". Use Technical Academic English for code strings.
    ⚠️ Ln 11963:56 — Non-English (Turkish) characters in string: ""Restaurant Menü Marj Kaçak: WasteCost = RecordedWaste * Avg". Use Technical Academic English for code strings.
    ⚠️ Ln 11964:56 — Non-English (Turkish) characters in string: ""Restaurant Menü Marj Kaçak: TheftLoss = Variance - WasteCos". Use Technical Academic English for code strings.
    ⚠️ Ln 11965:56 — Non-English (Turkish) characters in string: ""Restaurant Menü Marj Kaçak: IdealMargin = 1 - (TheoreticalF". Use Technical Academic English for code strings.
    ⚠️ Ln 11966:56 — Non-English (Turkish) characters in string: ""Restaurant Menü Marj Kaçak: ActualMargin = 1 - (ActualFoodC". Use Technical Academic English for code strings.
    ⚠️ Ln 11968:44 — Non-English (Turkish) characters in string: ""Robot Kol vs. Manuel İşçi: ManualCost_Annual = (Operators *". Use Technical Academic English for code strings.
    ⚠️ Ln 11969:44 — Non-English (Turkish) characters in string: ""Robot Kol vs. Manuel İşçi: RobotCost_Annual = (RobotCapex /". Use Technical Academic English for code strings.
    ⚠️ Ln 11970:44 — Non-English (Turkish) characters in string: ""Robot Kol vs. Manuel İşçi: RobotOutput = CycleTime_Robot^-1". Use Technical Academic English for code strings.
    ⚠️ Ln 11971:44 — Non-English (Turkish) characters in string: ""Robot Kol vs. Manuel İşçi: ManualOutput = CycleTime_Manual^". Use Technical Academic English for code strings.
    ⚠️ Ln 11972:44 — Non-English (Turkish) characters in string: ""Robot Kol vs. Manuel İşçi: CostPerUnit_Manual = ManualCost_". Use Technical Academic English for code strings.
    ⚠️ Ln 11973:44 — Non-English (Turkish) characters in string: ""Robot Kol vs. Manuel İşçi: CostPerUnit_Robot = RobotCost_An". Use Technical Academic English for code strings.
    ⚠️ Ln 11974:44 — Non-English (Turkish) characters in string: ""Robot Kol vs. Manuel İşçi: ROI = (ManualCost - RobotCost) /". Use Technical Academic English for code strings.
    ⚠️ Ln 11975:44 — Non-English (Turkish) characters in string: ""Robot Kol vs. Manuel İşçi: Payback = RobotCapex / (ManualCo". Use Technical Academic English for code strings.
    ⚠️ Ln 11986:47 — Non-English (Turkish) characters in string: ""Rota Optimizasyonu Analizörü: NearestNeighbor_Dist = SUM(Mi". Use Technical Academic English for code strings.
    ⚠️ Ln 11987:47 — Non-English (Turkish) characters in string: ""Rota Optimizasyonu Analizörü: Savings_ClarkeWright = Distan". Use Technical Academic English for code strings.
    ⚠️ Ln 11988:47 — Non-English (Turkish) characters in string: ""Rota Optimizasyonu Analizörü: RouteEfficiency = Theoretical". Use Technical Academic English for code strings.
    ⚠️ Ln 11989:47 — Non-English (Turkish) characters in string: ""Rota Optimizasyonu Analizörü: DropDensity = NumberOfDrops /". Use Technical Academic English for code strings.
    ⚠️ Ln 11990:47 — Non-English (Turkish) characters in string: ""Rota Optimizasyonu Analizörü: TimeWindowPenalty = SUM(MAX(0". Use Technical Academic English for code strings.
    ⚠️ Ln 11991:47 — Non-English (Turkish) characters in string: ""Rota Optimizasyonu Analizörü: VehicleUtilization = TotalLoa". Use Technical Academic English for code strings.
    ⚠️ Ln 11992:47 — Non-English (Turkish) characters in string: ""Rota Optimizasyonu Analizörü: TotalSavings = BaselineCost -". Use Technical Academic English for code strings.
    ⚠️ Ln 11994:52 — Non-English (Turkish) characters in string: ""Rüzgar Türbini Yatırım Getirisi: AEP = 8760 * SUM(PowerCurv". Use Technical Academic English for code strings.
    ⚠️ Ln 11995:52 — Non-English (Turkish) characters in string: ""Rüzgar Türbini Yatırım Getirisi: CapacityFactor = AEP / (Ra". Use Technical Academic English for code strings.
    ⚠️ Ln 11996:52 — Non-English (Turkish) characters in string: ""Rüzgar Türbini Yatırım Getirisi: AnnualRevenue = AEP * Feed". Use Technical Academic English for code strings.
    ⚠️ Ln 11997:52 — Non-English (Turkish) characters in string: ""Rüzgar Türbini Yatırım Getirisi: OPEX = LandLease + Mainten". Use Technical Academic English for code strings.
    ⚠️ Ln 11998:52 — Non-English (Turkish) characters in string: ""Rüzgar Türbini Yatırım Getirisi: EBITDA = AnnualRevenue - O". Use Technical Academic English for code strings.
    ⚠️ Ln 11999:52 — Non-English (Turkish) characters in string: ""Rüzgar Türbini Yatırım Getirisi: LCOE = (SUM(Capex + Opex_t". Use Technical Academic English for code strings.
    ⚠️ Ln 12000:52 — Non-English (Turkish) characters in string: ""Rüzgar Türbini Yatırım Getirisi: NPV = SUM(EBITDA_t / (1+WA". Use Technical Academic English for code strings.
    ⚠️ Ln 12001:52 — Non-English (Turkish) characters in string: ""Rüzgar Türbini Yatırım Getirisi: IRR = r where NPV = 0"". Use Technical Academic English for code strings.
    ⚠️ Ln 12012:40 — Non-English (Turkish) characters in string: ""Saatlik Ücret: GrossAnnualSalary = BaseSalary + Bonuses"". Use Technical Academic English for code strings.
    ⚠️ Ln 12013:40 — Non-English (Turkish) characters in string: ""Saatlik Ücret: EmployerTaxes = GrossAnnualSalary * TaxRate"". Use Technical Academic English for code strings.
    ⚠️ Ln 12014:40 — Non-English (Turkish) characters in string: ""Saatlik Ücret: Benefits = HealthInsurance + RetirementMatch". Use Technical Academic English for code strings.
    ⚠️ Ln 12015:40 — Non-English (Turkish) characters in string: ""Saatlik Ücret: TotalLaborCost = GrossAnnualSalary + Employe". Use Technical Academic English for code strings.
    ⚠️ Ln 12016:40 — Non-English (Turkish) characters in string: ""Saatlik Ücret: ProductiveHours = (WeeksPerYear - VacationWe". Use Technical Academic English for code strings.
    ⚠️ Ln 12017:40 — Non-English (Turkish) characters in string: ""Saatlik Ücret: FullyBurdenedHourlyRate = TotalLaborCost / P". Use Technical Academic English for code strings.
    ⚠️ Ln 12018:40 — Non-English (Turkish) characters in string: ""Saatlik Ücret: MarginRate = FullyBurdenedHourlyRate * (1 + ". Use Technical Academic English for code strings.
    ⚠️ Ln 12020:54 — Non-English (Turkish) characters in string: ""SMED Değişim Optimize Edici: CurrentSetupTime = Internal_Cu". Use Technical Academic English for code strings.
    ⚠️ Ln 12021:54 — Non-English (Turkish) characters in string: ""SMED Değişim Optimize Edici: TargetSetupTime = Internal_Tar". Use Technical Academic English for code strings.
    ⚠️ Ln 12022:54 — Non-English (Turkish) characters in string: ""SMED Değişim Optimize Edici: ConversionRate = (Internal_Cur". Use Technical Academic English for code strings.
    ⚠️ Ln 12023:54 — Non-English (Turkish) characters in string: ""SMED Değişim Optimize Edici: CapacityRecovered = (CurrentSe". Use Technical Academic English for code strings.
    ⚠️ Ln 12024:54 — Non-English (Turkish) characters in string: ""SMED Değişim Optimize Edici: FinancialGain = CapacityRecove". Use Technical Academic English for code strings.
    ⚠️ Ln 12025:54 — Non-English (Turkish) characters in string: ""SMED Değişim Optimize Edici: SMED_Investment = Training + T". Use Technical Academic English for code strings.
    ⚠️ Ln 12026:54 — Non-English (Turkish) characters in string: ""SMED Değişim Optimize Edici: ROI = FinancialGain / SMED_Inv". Use Technical Academic English for code strings.
    ⚠️ Ln 12028:47 — Non-English (Turkish) characters in string: ""Sözleşme Teşvik: TargetCost = BaselineEstimate"". Use Technical Academic English for code strings.
    ⚠️ Ln 12029:47 — Non-English (Turkish) characters in string: ""Sözleşme Teşvik: TargetFee = TargetCost * TargetFeePct"". Use Technical Academic English for code strings.
    ⚠️ Ln 12030:47 — Non-English (Turkish) characters in string: ""Sözleşme Teşvik: ShareRatio = OverrunShare / UnderrunShare"". Use Technical Academic English for code strings.
    ⚠️ Ln 12031:47 — Non-English (Turkish) characters in string: ""Sözleşme Teşvik: ActualFee = TargetFee + (TargetCost - Actu". Use Technical Academic English for code strings.
    ⚠️ Ln 12032:47 — Non-English (Turkish) characters in string: ""Sözleşme Teşvik: MaxFee = TargetFee * MaxFeeMultiplier"". Use Technical Academic English for code strings.
    ⚠️ Ln 12033:47 — Non-English (Turkish) characters in string: ""Sözleşme Teşvik: MinFee = TargetFee * MinFeeMultiplier"". Use Technical Academic English for code strings.
    ⚠️ Ln 12034:47 — Non-English (Turkish) characters in string: ""Sözleşme Teşvik: FinalFee = MIN(MAX(ActualFee, MinFee), Max". Use Technical Academic English for code strings.
    ⚠️ Ln 12035:47 — Non-English (Turkish) characters in string: ""Sözleşme Teşvik: FinalPrice = ActualCost + FinalFee"". Use Technical Academic English for code strings.
    ⚠️ Ln 12036:47 — Non-English (Turkish) characters in string: ""Sözleşme Teşvik: PerformanceBonus = SUM(MetricWeight_i * Me". Use Technical Academic English for code strings.
    ⚠️ Ln 12046:51 — Non-English (Turkish) characters in string: ""Steam Trap Enerji kayıp: OrificeFlow = C_d * A * SQRT(2 * D". Use Technical Academic English for code strings.
    ⚠️ Ln 12047:51 — Non-English (Turkish) characters in string: ""Steam Trap Enerji kayıp: SteamLoss_kg_h = OrificeFlow * 360". Use Technical Academic English for code strings.
    ⚠️ Ln 12048:51 — Non-English (Turkish) characters in string: ""Steam Trap Enerji kayıp: EnergyLoss_kW = SteamLoss_kg_h * E". Use Technical Academic English for code strings.
    ⚠️ Ln 12049:51 — Non-English (Turkish) characters in string: ""Steam Trap Enerji kayıp: AnnualCost = EnergyLoss_kW * Opera". Use Technical Academic English for code strings.
    ⚠️ Ln 12050:51 — Non-English (Turkish) characters in string: ""Steam Trap Enerji kayıp: TrapFailureRate = FailedTraps / To". Use Technical Academic English for code strings.
    ⚠️ Ln 12051:51 — Non-English (Turkish) characters in string: ""Steam Trap Enerji kayıp: TotalSystemLoss = SUM(AnnualCost_i". Use Technical Academic English for code strings.
    ⚠️ Ln 12052:51 — Non-English (Turkish) characters in string: ""Steam Trap Enerji kayıp: RepairROI = TotalSystemLoss / (Tra". Use Technical Academic English for code strings.
    ⚠️ Ln 12054:52 — Non-English (Turkish) characters in string: ""Stok Devir hızı risk: InventoryTurnover = COGS / AverageInv". Use Technical Academic English for code strings.
    ⚠️ Ln 12055:52 — Non-English (Turkish) characters in string: ""Stok Devir hızı risk: DaysSalesInventory = 365 / InventoryT". Use Technical Academic English for code strings.
    ⚠️ Ln 12056:52 — Non-English (Turkish) characters in string: ""Stok Devir hızı risk: ObsolescenceRisk = SUM(AgingBracket_i". Use Technical Academic English for code strings.
    ⚠️ Ln 12057:52 — Non-English (Turkish) characters in string: ""Stok Devir hızı risk: CarryingCost = AverageInventory * (WA". Use Technical Academic English for code strings.
    ⚠️ Ln 12058:52 — Non-English (Turkish) characters in string: ""Stok Devir hızı risk: OptimalTurnover = IndustryBenchmark *". Use Technical Academic English for code strings.
    ⚠️ Ln 12059:52 — Non-English (Turkish) characters in string: ""Stok Devir hızı risk: StockoutRisk = IF(Turnover > MaxThres". Use Technical Academic English for code strings.
    ⚠️ Ln 12060:52 — Non-English (Turkish) characters in string: ""Stok Devir hızı risk: LiquidationLoss = SlowMovingInventory". Use Technical Academic English for code strings.
    ⚠️ Ln 12062:50 — Non-English (Turkish) characters in string: ""Su Kullanımı Optimize Edici: WaterIntensity = TotalWaterCon". Use Technical Academic English for code strings.
    ⚠️ Ln 12063:50 — Non-English (Turkish) characters in string: ""Su Kullanımı Optimize Edici: BaselineConsumption = Historic". Use Technical Academic English for code strings.
    ⚠️ Ln 12064:50 — Non-English (Turkish) characters in string: ""Su Kullanımı Optimize Edici: WaterSavings = BaselineConsump". Use Technical Academic English for code strings.
    ⚠️ Ln 12065:50 — Non-English (Turkish) characters in string: ""Su Kullanımı Optimize Edici: CostSavings = WaterSavings * (". Use Technical Academic English for code strings.
    ⚠️ Ln 12066:50 — Non-English (Turkish) characters in string: ""Su Kullanımı Optimize Edici: RecycleRate = RecycledWater / ". Use Technical Academic English for code strings.
    ⚠️ Ln 12067:50 — Non-English (Turkish) characters in string: ""Su Kullanımı Optimize Edici: LeakLoss = TotalSupplied - Tot". Use Technical Academic English for code strings.
    ⚠️ Ln 12068:50 — Non-English (Turkish) characters in string: ""Su Kullanımı Optimize Edici: ROI_Water = CostSavings / (Equ". Use Technical Academic English for code strings.
    ⚠️ Ln 12069:50 — Non-English (Turkish) characters in string: ""Su Kullanımı Optimize Edici: CarbonFootprint_Water = TotalC". Use Technical Academic English for code strings.
    ⚠️ Ln 12086:50 — Non-English (Turkish) characters in string: ""Süt Kâr Dedektörü: FatCorrectedMilk = (0.4 * MilkYield) + (". Use Technical Academic English for code strings.
    ⚠️ Ln 12087:50 — Non-English (Turkish) characters in string: ""Süt Kâr Dedektörü: ProteinCorrectedMilk = (0.337 * MilkYiel". Use Technical Academic English for code strings.
    ⚠️ Ln 12088:50 — Non-English (Turkish) characters in string: ""Süt Kâr Dedektörü: FeedCostPerLiter = TotalFeedCost / MilkY". Use Technical Academic English for code strings.
    ⚠️ Ln 12089:50 — Non-English (Turkish) characters in string: ""Süt Kâr Dedektörü: IncomeOverFeedCost = (MilkPrice * MilkYi". Use Technical Academic English for code strings.
    ⚠️ Ln 12090:50 — Non-English (Turkish) characters in string: ""Süt Kâr Dedektörü: MarginPerCow = IncomeOverFeedCost - (Vet". Use Technical Academic English for code strings.
    ⚠️ Ln 12091:50 — Non-English (Turkish) characters in string: ""Süt Kâr Dedektörü: HerdProfitability = SUM(MarginPerCow) - ". Use Technical Academic English for code strings.
    ⚠️ Ln 12092:50 — Non-English (Turkish) characters in string: ""Süt Kâr Dedektörü: SomaticCellPenalty = IF(SCC > Threshold,". Use Technical Academic English for code strings.
    ⚠️ Ln 12094:49 — Non-English (Turkish) characters in string: ""Taguchi kalite kayıp Fonksiyon: LossPerUnit = k * (ActualVa". Use Technical Academic English for code strings.
    ⚠️ Ln 12095:49 — Non-English (Turkish) characters in string: ""Taguchi kalite kayıp Fonksiyon: k = CostAtTolerance / Toler". Use Technical Academic English for code strings.
    ⚠️ Ln 12096:49 — Non-English (Turkish) characters in string: ""Taguchi kalite kayıp Fonksiyon: AverageLoss = k * (Variance". Use Technical Academic English for code strings.
    ⚠️ Ln 12097:49 — Non-English (Turkish) characters in string: ""Taguchi kalite kayıp Fonksiyon: TotalAnnualLoss = AverageLo". Use Technical Academic English for code strings.
    ⚠️ Ln 12098:49 — Non-English (Turkish) characters in string: ""Taguchi kalite kayıp Fonksiyon: SignalToNoise_LargerBetter ". Use Technical Academic English for code strings.
    ⚠️ Ln 12099:49 — Non-English (Turkish) characters in string: ""Taguchi kalite kayıp Fonksiyon: SignalToNoise_SmallerBetter". Use Technical Academic English for code strings.
    ⚠️ Ln 12100:49 — Non-English (Turkish) characters in string: ""Taguchi kalite kayıp Fonksiyon: QualityImprovementSavings =". Use Technical Academic English for code strings.
    ⚠️ Ln 12102:43 — Non-English (Turkish) characters in string: ""Takım Aşınma Maliyeti: ToolCostPerPart = (InsertCost / Edge". Use Technical Academic English for code strings.
    ⚠️ Ln 12103:43 — Non-English (Turkish) characters in string: ""Takım Aşınma Maliyeti: ChangeCostPerPart = (ToolChangeTime ". Use Technical Academic English for code strings.
    ⚠️ Ln 12104:43 — Non-English (Turkish) characters in string: ""Takım Aşınma Maliyeti: TotalToolingCost = ToolCostPerPart +". Use Technical Academic English for code strings.
    ⚠️ Ln 12105:43 — Non-English (Turkish) characters in string: ""Takım Aşınma Maliyeti: WearRate = FlankWear / MachiningTime". Use Technical Academic English for code strings.
    ⚠️ Ln 12106:43 — Non-English (Turkish) characters in string: ""Takım Aşınma Maliyeti: OptimalToolLife = ((1/n - 1) * (Tool". Use Technical Academic English for code strings.
    ⚠️ Ln 12107:43 — Non-English (Turkish) characters in string: ""Takım Aşınma Maliyeti: CostOfPrematureFailure = (ExpectedLi". Use Technical Academic English for code strings.
    ⚠️ Ln 12109:50 — Non-English (Turkish) characters in string: ""Takt Süre Flexibility Maliyet: TaktTime = AvailableTime / C". Use Technical Academic English for code strings.
    ⚠️ Ln 12110:50 — Non-English (Turkish) characters in string: ""Takt Süre Flexibility Maliyet: CycleTimeFlexibility = MAX(C". Use Technical Academic English for code strings.
    ⚠️ Ln 12111:50 — Non-English (Turkish) characters in string: ""Takt Süre Flexibility Maliyet: BalanceLoss = SUM(TaktTime -". Use Technical Academic English for code strings.
    ⚠️ Ln 12112:50 — Non-English (Turkish) characters in string: ""Takt Süre Flexibility Maliyet: CrossTrainingCost = Operator". Use Technical Academic English for code strings.
    ⚠️ Ln 12113:50 — Non-English (Turkish) characters in string: ""Takt Süre Flexibility Maliyet: FlexibilityPremium = CrossTr". Use Technical Academic English for code strings.
    ⚠️ Ln 12114:50 — Non-English (Turkish) characters in string: ""Takt Süre Flexibility Maliyet: VolumeVariationCost = IF(Dem". Use Technical Academic English for code strings.
    ⚠️ Ln 12122:46 — Non-English (Turkish) characters in string: ""Tamirhane Parça ve İşçilik Teklif: PartCost = SUM(Quantity_". Use Technical Academic English for code strings.
    ⚠️ Ln 12123:46 — Non-English (Turkish) characters in string: ""Tamirhane Parça ve İşçilik Teklif: PartMargin = PartCost * ". Use Technical Academic English for code strings.
    ⚠️ Ln 12124:46 — Non-English (Turkish) characters in string: ""Tamirhane Parça ve İşçilik Teklif: LaborCost = FlatRateHour". Use Technical Academic English for code strings.
    ⚠️ Ln 12125:46 — Non-English (Turkish) characters in string: ""Tamirhane Parça ve İşçilik Teklif: SubletCost = SUM(SubletI". Use Technical Academic English for code strings.
    ⚠️ Ln 12126:46 — Non-English (Turkish) characters in string: ""Tamirhane Parça ve İşçilik Teklif: TotalQuote = PartCost + ". Use Technical Academic English for code strings.
    ⚠️ Ln 12127:46 — Non-English (Turkish) characters in string: ""Tamirhane Parça ve İşçilik Teklif: EffectiveLaborRate = (La". Use Technical Academic English for code strings.
    ⚠️ Ln 12128:46 — Non-English (Turkish) characters in string: ""Tamirhane Parça ve İşçilik Teklif: GrossProfitPct = (TotalQ". Use Technical Academic English for code strings.
    ⚠️ Ln 12130:54 — Non-English (Turkish) characters in string: ""Taşeron Marj Sızıntı Dedektörü: QuotedMargin = (ContractVal". Use Technical Academic English for code strings.
    ⚠️ Ln 12131:54 — Non-English (Turkish) characters in string: ""Taşeron Marj Sızıntı Dedektörü: ActualMargin = (ContractVal". Use Technical Academic English for code strings.
    ⚠️ Ln 12132:54 — Non-English (Turkish) characters in string: ""Taşeron Marj Sızıntı Dedektörü: MarginLeak = QuotedMargin -". Use Technical Academic English for code strings.
    ⚠️ Ln 12133:54 — Non-English (Turkish) characters in string: ""Taşeron Marj Sızıntı Dedektörü: ChangeOrderCost = SUM(Chang". Use Technical Academic English for code strings.
    ⚠️ Ln 12134:54 — Non-English (Turkish) characters in string: ""Taşeron Marj Sızıntı Dedektörü: UnbilledWork = ActualWorkCo". Use Technical Academic English for code strings.
    ⚠️ Ln 12135:54 — Non-English (Turkish) characters in string: ""Taşeron Marj Sızıntı Dedektörü: LeakagePct = MarginLeak / Q". Use Technical Academic English for code strings.
    ⚠️ Ln 12137:48 — Non-English (Turkish) characters in string: ""Taşıma Mode Maliyet risk: Cost_Air = Weight * AirRate + Han". Use Technical Academic English for code strings.
    ⚠️ Ln 12138:48 — Non-English (Turkish) characters in string: ""Taşıma Mode Maliyet risk: Cost_Sea = Volume * SeaRate + Por". Use Technical Academic English for code strings.
    ⚠️ Ln 12139:48 — Non-English (Turkish) characters in string: ""Taşıma Mode Maliyet risk: Cost_Road = Distance * RoadRate +". Use Technical Academic English for code strings.
    ⚠️ Ln 12140:48 — Non-English (Turkish) characters in string: ""Taşıma Mode Maliyet risk: TransitTimeCost = TransitDays * I". Use Technical Academic English for code strings.
    ⚠️ Ln 12141:48 — Non-English (Turkish) characters in string: ""Taşıma Mode Maliyet risk: RiskCost = ProbabilityOfDamage * ". Use Technical Academic English for code strings.
    ⚠️ Ln 12142:48 — Non-English (Turkish) characters in string: ""Taşıma Mode Maliyet risk: TotalModeCost = TransportCost + T". Use Technical Academic English for code strings.
    ⚠️ Ln 12143:48 — Non-English (Turkish) characters in string: ""Taşıma Mode Maliyet risk: ModeSelection = MIN(TotalModeCost". Use Technical Academic English for code strings.
    ⚠️ Ln 12145:52 — Non-English (Turkish) characters in string: ""Tedarik Zinciri Kesintisi Risk Değerlendirmesi: RiskExposur". Use Technical Academic English for code strings.
    ⚠️ Ln 12146:52 — Non-English (Turkish) characters in string: ""Tedarik Zinciri Kesintisi Risk Değerlendirmesi: TimeToRecov". Use Technical Academic English for code strings.
    ⚠️ Ln 12147:52 — Non-English (Turkish) characters in string: ""Tedarik Zinciri Kesintisi Risk Değerlendirmesi: RevenueLoss". Use Technical Academic English for code strings.
    ⚠️ Ln 12148:52 — Non-English (Turkish) characters in string: ""Tedarik Zinciri Kesintisi Risk Değerlendirmesi: MitigationC". Use Technical Academic English for code strings.
    ⚠️ Ln 12149:52 — Non-English (Turkish) characters in string: ""Tedarik Zinciri Kesintisi Risk Değerlendirmesi: RiskAdjuste". Use Technical Academic English for code strings.
    ⚠️ Ln 12150:52 — Non-English (Turkish) characters in string: ""Tedarik Zinciri Kesintisi Risk Değerlendirmesi: ResilienceI". Use Technical Academic English for code strings.
    ⚠️ Ln 12152:51 — Non-English (Turkish) characters in string: ""Tedarikçi Döviz Kuru Riski: Exposure = ContractValue_FC * U". Use Technical Academic English for code strings.
    ⚠️ Ln 12153:51 — Non-English (Turkish) characters in string: ""Tedarikçi Döviz Kuru Riski: ExpectedLoss = Exposure * (Forw". Use Technical Academic English for code strings.
    ⚠️ Ln 12154:51 — Non-English (Turkish) characters in string: ""Tedarikçi Döviz Kuru Riski: VaR = Exposure * Volatility * Z". Use Technical Academic English for code strings.
    ⚠️ Ln 12155:51 — Non-English (Turkish) characters in string: ""Tedarikçi Döviz Kuru Riski: HedgingCost = Exposure * (Forwa". Use Technical Academic English for code strings.
    ⚠️ Ln 12156:51 — Non-English (Turkish) characters in string: ""Tedarikçi Döviz Kuru Riski: NetRiskCost = ExpectedLoss + He". Use Technical Academic English for code strings.
    ⚠️ Ln 12157:51 — Non-English (Turkish) characters in string: ""Tedarikçi Döviz Kuru Riski: CurrencyClauseSavings = IF(Cont". Use Technical Academic English for code strings.
    ⚠️ Ln 12159:37 — Non-English (Turkish) characters in string: ""Teklif Risk Analizörü: BaseEstimate = SUM(DirectCosts) + Ov". Use Technical Academic English for code strings.
    ⚠️ Ln 12160:37 — Non-English (Turkish) characters in string: ""Teklif Risk Analizörü: Contingency = BaseEstimate * RiskFac". Use Technical Academic English for code strings.
    ⚠️ Ln 12161:37 — Non-English (Turkish) characters in string: ""Teklif Risk Analizörü: ExpectedMargin = (BidPrice - (BaseEs". Use Technical Academic English for code strings.
    ⚠️ Ln 12162:37 — Non-English (Turkish) characters in string: ""Teklif Risk Analizörü: WinProbability = f(BidPrice, Competi". Use Technical Academic English for code strings.
    ⚠️ Ln 12163:37 — Non-English (Turkish) characters in string: ""Teklif Risk Analizörü: ExpectedValue = WinProbability * Exp". Use Technical Academic English for code strings.
    ⚠️ Ln 12164:37 — Non-English (Turkish) characters in string: ""Teklif Risk Analizörü: RiskAdjustedBid = BaseEstimate / (1 ". Use Technical Academic English for code strings.
    ⚠️ Ln 12173:47 — Non-English (Turkish) characters in string: ""Tekstil Atığı Risk Değerlendirmesi: WasteRate = (InputFabri". Use Technical Academic English for code strings.
    ⚠️ Ln 12174:47 — Non-English (Turkish) characters in string: ""Tekstil Atığı Risk Değerlendirmesi: PreConsumerWaste = Cutt". Use Technical Academic English for code strings.
    ⚠️ Ln 12175:47 — Non-English (Turkish) characters in string: ""Tekstil Atığı Risk Değerlendirmesi: FinancialLoss = PreCons". Use Technical Academic English for code strings.
    ⚠️ Ln 12176:47 — Non-English (Turkish) characters in string: ""Tekstil Atığı Risk Değerlendirmesi: DisposalCost = WasteWei". Use Technical Academic English for code strings.
    ⚠️ Ln 12177:47 — Non-English (Turkish) characters in string: ""Tekstil Atığı Risk Değerlendirmesi: CircularRevenue = Recyc". Use Technical Academic English for code strings.
    ⚠️ Ln 12178:47 — Non-English (Turkish) characters in string: ""Tekstil Atığı Risk Değerlendirmesi: NetWasteCost = Financia". Use Technical Academic English for code strings.
    ⚠️ Ln 12179:47 — Non-English (Turkish) characters in string: ""Tekstil Atığı Risk Değerlendirmesi: RiskScore = NetWasteCos". Use Technical Academic English for code strings.
    ⚠️ Ln 12196:38 — Non-English (Turkish) characters in string: ""Tohum Oranı: TargetPlantPopulation = Area * DesiredPlantsPe". Use Technical Academic English for code strings.
    ⚠️ Ln 12197:38 — Non-English (Turkish) characters in string: ""Tohum Oranı: SeedRequirement = TargetPlantPopulation / (Ger". Use Technical Academic English for code strings.
    ⚠️ Ln 12198:38 — Non-English (Turkish) characters in string: ""Tohum Oranı: SeedCost = SeedRequirement * PricePerKg"". Use Technical Academic English for code strings.
    ⚠️ Ln 12199:38 — Non-English (Turkish) characters in string: ""Tohum Oranı: OptimalYield = f(PlantPopulation, SoilFertilit". Use Technical Academic English for code strings.
    ⚠️ Ln 12200:38 — Non-English (Turkish) characters in string: ""Tohum Oranı: FinancialLoss_Under = (TargetYield - ActualYie". Use Technical Academic English for code strings.
    ⚠️ Ln 12201:38 — Non-English (Turkish) characters in string: ""Tohum Oranı: FinancialLoss_Over = (ActualSeed - OptimalSeed". Use Technical Academic English for code strings.
    ⚠️ Ln 12202:38 — Non-English (Turkish) characters in string: ""Tohum Oranı: ROI_Seed = (OptimalYield * CropPrice - SeedCos". Use Technical Academic English for code strings.
    ⚠️ Ln 12204:48 — Non-English (Turkish) characters in string: ""Toplam Çalışan Maliyeti: GrossSalary = BasePay + Bonuses + ". Use Technical Academic English for code strings.
    ⚠️ Ln 12205:48 — Non-English (Turkish) characters in string: ""Toplam Çalışan Maliyeti: StatutoryCosts = GrossSalary * (So". Use Technical Academic English for code strings.
    ⚠️ Ln 12206:48 — Non-English (Turkish) characters in string: ""Toplam Çalışan Maliyeti: Benefits = HealthInsurance + Retir". Use Technical Academic English for code strings.
    ⚠️ Ln 12207:48 — Non-English (Turkish) characters in string: ""Toplam Çalışan Maliyeti: AbsenteeismCost = AbsentHours * Fu". Use Technical Academic English for code strings.
    ⚠️ Ln 12208:48 — Non-English (Turkish) characters in string: ""Toplam Çalışan Maliyeti: TurnoverCost = (Recruitment + Trai". Use Technical Academic English for code strings.
    ⚠️ Ln 12209:48 — Non-English (Turkish) characters in string: ""Toplam Çalışan Maliyeti: TotalEmployeeCost = GrossSalary + ". Use Technical Academic English for code strings.
    ⚠️ Ln 12210:48 — Non-English (Turkish) characters in string: ""Toplam Çalışan Maliyeti: CostPerHour = TotalEmployeeCost / ". Use Technical Academic English for code strings.
    ⚠️ Ln 12212:55 — Non-English (Turkish) characters in string: ""Transfer Fiyatlandırması Optimize Edici: CostPlusPrice = Fu". Use Technical Academic English for code strings.
    ⚠️ Ln 12213:55 — Non-English (Turkish) characters in string: ""Transfer Fiyatlandırması Optimize Edici: MarketBasedPrice =". Use Technical Academic English for code strings.
    ⚠️ Ln 12214:55 — Non-English (Turkish) characters in string: ""Transfer Fiyatlandırması Optimize Edici: MarginalCost = Var". Use Technical Academic English for code strings.
    ⚠️ Ln 12215:55 — Non-English (Turkish) characters in string: ""Transfer Fiyatlandırması Optimize Edici: TaxImpact = (Trans". Use Technical Academic English for code strings.
    ⚠️ Ln 12216:55 — Non-English (Turkish) characters in string: ""Transfer Fiyatlandırması Optimize Edici: GlobalProfit = Rev". Use Technical Academic English for code strings.
    ⚠️ Ln 12217:55 — Non-English (Turkish) characters in string: ""Transfer Fiyatlandırması Optimize Edici: OptimalTransferPri". Use Technical Academic English for code strings.
    ⚠️ Ln 12219:59 — Non-English (Turkish) characters in string: ""ürün Complexity Hidden Maliyet: ComplexityIndex = NumberOfS". Use Technical Academic English for code strings.
    ⚠️ Ln 12220:59 — Non-English (Turkish) characters in string: ""ürün Complexity Hidden Maliyet: SetupCostComplexity = Chang". Use Technical Academic English for code strings.
    ⚠️ Ln 12221:59 — Non-English (Turkish) characters in string: ""ürün Complexity Hidden Maliyet: InventoryCostComplexity = S". Use Technical Academic English for code strings.
    ⚠️ Ln 12222:59 — Non-English (Turkish) characters in string: ""ürün Complexity Hidden Maliyet: OverheadAllocation = TotalI". Use Technical Academic English for code strings.
    ⚠️ Ln 12223:59 — Non-English (Turkish) characters in string: ""ürün Complexity Hidden Maliyet: HiddenCost = SetupCostCompl". Use Technical Academic English for code strings.
    ⚠️ Ln 12224:59 — Non-English (Turkish) characters in string: ""ürün Complexity Hidden Maliyet: ProfitabilityPerSKU = (Reve". Use Technical Academic English for code strings.
    ⚠️ Ln 12226:47 — Non-English (Turkish) characters in string: ""Vakum Kaçağı Enerji Kaybı: LeakRate = Volume * DeltaP / Del". Use Technical Academic English for code strings.
    ⚠️ Ln 12227:47 — Non-English (Turkish) characters in string: ""Vakum Kaçağı Enerji Kaybı: PowerLoss_kW = (LeakRate * P_Atm". Use Technical Academic English for code strings.
    ⚠️ Ln 12228:47 — Non-English (Turkish) characters in string: ""Vakum Kaçağı Enerji Kaybı: AnnualEnergyLoss = PowerLoss_kW ". Use Technical Academic English for code strings.
    ⚠️ Ln 12229:47 — Non-English (Turkish) characters in string: ""Vakum Kaçağı Enerji Kaybı: CostOfLeak = AnnualEnergyLoss * ". Use Technical Academic English for code strings.
    ⚠️ Ln 12230:47 — Non-English (Turkish) characters in string: ""Vakum Kaçağı Enerji Kaybı: PumpCapacityWaste = LeakRate / T". Use Technical Academic English for code strings.
    ⚠️ Ln 12231:47 — Non-English (Turkish) characters in string: ""Vakum Kaçağı Enerji Kaybı: CarbonEmissions = AnnualEnergyLo". Use Technical Academic English for code strings.
    ⚠️ Ln 12233:50 — Non-English (Turkish) characters in string: ""Vardiya Maliyet Verimliliği: PlannedProductionTime = ShiftD". Use Technical Academic English for code strings.
    ⚠️ Ln 12234:50 — Non-English (Turkish) characters in string: ""Vardiya Maliyet Verimliliği: ActualRunTime = PlannedProduct". Use Technical Academic English for code strings.
    ⚠️ Ln 12235:50 — Non-English (Turkish) characters in string: ""Vardiya Maliyet Verimliliği: LaborCost = Operators * ShiftH". Use Technical Academic English for code strings.
    ⚠️ Ln 12236:50 — Non-English (Turkish) characters in string: ""Vardiya Maliyet Verimliliği: EnergyCost = MachinePower * Ac". Use Technical Academic English for code strings.
    ⚠️ Ln 12237:50 — Non-English (Turkish) characters in string: ""Vardiya Maliyet Verimliliği: OutputValue = GoodUnits * Unit". Use Technical Academic English for code strings.
    ⚠️ Ln 12238:50 — Non-English (Turkish) characters in string: ""Vardiya Maliyet Verimliliği: ShiftEfficiency = OutputValue ". Use Technical Academic English for code strings.
    ⚠️ Ln 12239:50 — Non-English (Turkish) characters in string: ""Vardiya Maliyet Verimliliği: CostPerUnit = (LaborCost + Ene". Use Technical Academic English for code strings.
    ⚠️ Ln 12241:52 — Non-English (Turkish) characters in string: ""Vsm finansal Dönüştürücü: LeadTimeCost = WIP_Inventory * Da". Use Technical Academic English for code strings.
    ⚠️ Ln 12242:52 — Non-English (Turkish) characters in string: ""Vsm finansal Dönüştürücü: ValueAddedRatio = ValueAddedTime ". Use Technical Academic English for code strings.
    ⚠️ Ln 12243:52 — Non-English (Turkish) characters in string: ""Vsm finansal Dönüştürücü: NonValueAddedCost = (TotalLeadTim". Use Technical Academic English for code strings.
    ⚠️ Ln 12244:52 — Non-English (Turkish) characters in string: ""Vsm finansal Dönüştürücü: InventoryReductionSavings = (OldW". Use Technical Academic English for code strings.
    ⚠️ Ln 12245:52 — Non-English (Turkish) characters in string: ""Vsm finansal Dönüştürücü: ProductivityGain = (OldCycleTime ". Use Technical Academic English for code strings.
    ⚠️ Ln 12246:52 — Non-English (Turkish) characters in string: ""Vsm finansal Dönüştürücü: TotalFinancialImpact = InventoryR". Use Technical Academic English for code strings.
    ⚠️ Ln 12248:52 — Non-English (Turkish) characters in string: ""WPS Preheat Sıcaklık: CarbonEquivalent_CE = C + (Mn/6) + ((". Use Technical Academic English for code strings.
    ⚠️ Ln 12249:52 — Non-English (Turkish) characters in string: ""WPS Preheat Sıcaklık: PreheatTemp = f(CE, Thickness, Hydrog". Use Technical Academic English for code strings.
    ⚠️ Ln 12250:52 — Non-English (Turkish) characters in string: ""WPS Preheat Sıcaklık: CriticalCoolingTime = t_8_5 = (Thickn". Use Technical Academic English for code strings.
    ⚠️ Ln 12251:52 — Non-English (Turkish) characters in string: ""WPS Preheat Sıcaklık: HydrogenCrackingRisk = IF(PreheatTemp". Use Technical Academic English for code strings.
    ⚠️ Ln 12252:52 — Non-English (Turkish) characters in string: ""WPS Preheat Sıcaklık: EnergyCost = Mass * SpecificHeat * (P". Use Technical Academic English for code strings.
    ⚠️ Ln 12254:45 — Non-English (Turkish) characters in string: ""Yakıt Rota Sapma: PlannedFuel = PlannedDistance * FuelEffic". Use Technical Academic English for code strings.
    ⚠️ Ln 12255:45 — Non-English (Turkish) characters in string: ""Yakıt Rota Sapma: ActualFuel = ActualDistance * ActualFuelE". Use Technical Academic English for code strings.
    ⚠️ Ln 12256:45 — Non-English (Turkish) characters in string: ""Yakıt Rota Sapma: RouteDrift = ActualDistance - PlannedDist". Use Technical Academic English for code strings.
    ⚠️ Ln 12257:45 — Non-English (Turkish) characters in string: ""Yakıt Rota Sapma: FuelWaste_Distance = RouteDrift * FuelEff". Use Technical Academic English for code strings.
    ⚠️ Ln 12258:45 — Non-English (Turkish) characters in string: ""Yakıt Rota Sapma: FuelWaste_Efficiency = PlannedDistance * ". Use Technical Academic English for code strings.
    ⚠️ Ln 12259:45 — Non-English (Turkish) characters in string: ""Yakıt Rota Sapma: IdleFuelCost = IdleTime * IdleConsumption". Use Technical Academic English for code strings.
    ⚠️ Ln 12260:45 — Non-English (Turkish) characters in string: ""Yakıt Rota Sapma: TotalDriftCost = FuelWaste_Distance + Fue". Use Technical Academic English for code strings.
    ⚠️ Ln 12262:46 — Non-English (Turkish) characters in string: ""Yangın Hidrantı Akış: FlowRate_Q = 29.83 * c_d * d^2 * SQRT". Use Technical Academic English for code strings.
    ⚠️ Ln 12263:46 — Non-English (Turkish) characters in string: ""Yangın Hidrantı Akış: ResidualPressure = P_Static - (FlowRa". Use Technical Academic English for code strings.
    ⚠️ Ln 12264:46 — Non-English (Turkish) characters in string: ""Yangın Hidrantı Akış: AvailableFlow_At20psi = FlowRate_Q * ". Use Technical Academic English for code strings.
    ⚠️ Ln 12265:46 — Non-English (Turkish) characters in string: ""Yangın Hidrantı Akış: FrictionLoss = f * (Length / Diameter". Use Technical Academic English for code strings.
    ⚠️ Ln 12266:46 — Non-English (Turkish) characters in string: ""Yangın Hidrantı Akış: RequiredPumpHead = ElevationHead + Fr". Use Technical Academic English for code strings.
    ⚠️ Ln 12267:46 — Non-English (Turkish) characters in string: ""Yangın Hidrantı Akış: Compliance = IF(AvailableFlow_At20psi". Use Technical Academic English for code strings.
    ⚠️ Ln 12269:56 — Non-English (Turkish) characters in string: ""Yenileme Bütçesi Optimize Edici: BaseCost = Area * CostPerS". Use Technical Academic English for code strings.
    ⚠️ Ln 12270:56 — Non-English (Turkish) characters in string: ""Yenileme Bütçesi Optimize Edici: Escalation = BaseCost * ((". Use Technical Academic English for code strings.
    ⚠️ Ln 12271:56 — Non-English (Turkish) characters in string: ""Yenileme Bütçesi Optimize Edici: Contingency = (BaseCost + ". Use Technical Academic English for code strings.
    ⚠️ Ln 12272:56 — Non-English (Turkish) characters in string: ""Yenileme Bütçesi Optimize Edici: SoftCosts = (BaseCost + Es". Use Technical Academic English for code strings.
    ⚠️ Ln 12273:56 — Non-English (Turkish) characters in string: ""Yenileme Bütçesi Optimize Edici: TotalBudget = BaseCost + E". Use Technical Academic English for code strings.
    ⚠️ Ln 12274:56 — Non-English (Turkish) characters in string: ""Yenileme Bütçesi Optimize Edici: ROI_Renovation = (NewPrope". Use Technical Academic English for code strings.
    ⚠️ Ln 12291:53 — Non-English (Turkish) characters in string: ""Zaman Etüdü Analizörü: ObservedTime = SUM(CycleTimes) / Num". Use Technical Academic English for code strings.
    ⚠️ Ln 12292:53 — Non-English (Turkish) characters in string: ""Zaman Etüdü Analizörü: NormalTime = ObservedTime * Performa". Use Technical Academic English for code strings.
    ⚠️ Ln 12293:53 — Non-English (Turkish) characters in string: ""Zaman Etüdü Analizörü: AllowancePct = Personal + Fatigue + ". Use Technical Academic English for code strings.
    ⚠️ Ln 12294:53 — Non-English (Turkish) characters in string: ""Zaman Etüdü Analizörü: StandardTime = NormalTime * (1 + All". Use Technical Academic English for code strings.
    ⚠️ Ln 12295:53 — Non-English (Turkish) characters in string: ""Zaman Etüdü Analizörü: StandardOutput = ShiftDuration / Sta". Use Technical Academic English for code strings.
    ⚠️ Ln 12296:53 — Non-English (Turkish) characters in string: ""Zaman Etüdü Analizörü: LaborCostPerUnit = StandardTime * Ho". Use Technical Academic English for code strings.
    ⚠️ Ln 12297:53 — Non-English (Turkish) characters in string: ""Zaman Etüdü Analizörü: EfficiencyVariance = (StandardTime -". Use Technical Academic English for code strings.

  📄 scripts/generated-premium/freight-cost-analyzer.ts
    ⚠️ Ln 15:42 — Non-English (Turkish) characters in string: ""Brüt/Hacimsel Ağırlık"". Use Technical Academic English for code strings.
    ⚠️ Ln 16:38 — Non-English (Turkish) characters in string: ""Navlun kg Fiyatı"". Use Technical Academic English for code strings.
    ⚠️ Ln 17:28 — Non-English (Turkish) characters in string: ""Kıymet"". Use Technical Academic English for code strings.
    ⚠️ Ln 18:36 — Non-English (Turkish) characters in string: ""Gümrük Vergisi"". Use Technical Academic English for code strings.
    ⚠️ Ln 20:31 — Non-English (Turkish) characters in string: ""BAF Oranı"". Use Technical Academic English for code strings.
    ⚠️ Ln 21:37 — Non-English (Turkish) characters in string: ""Güvenlik Ücreti"". Use Technical Academic English for code strings.
    ⚠️ Ln 22:43 — Non-English (Turkish) characters in string: ""Sabit Gümrükçü Bedeli"". Use Technical Academic English for code strings.

  📄 scripts/generated-premium/fuel-route-drift-analyzer.ts
    ⚠️ Ln 10:9 — Non-English (Turkish) characters in string: ""Yakıt Rota Sapma"". Use Technical Academic English for code strings.
    ⚠️ Ln 13:18 — Non-English (Turkish) characters in string: ""Yakıt Rota Sapma — premium analysis tool."". Use Technical Academic English for code strings.
    ⚠️ Ln 15:44 — Non-English (Turkish) characters in string: ""Planlı/Gerçek Mesafe km"". Use Technical Academic English for code strings.
    ⚠️ Ln 16:46 — Non-English (Turkish) characters in string: ""Planlı/Gerçek Tüketim L/km"". Use Technical Academic English for code strings.
    ⚠️ Ln 17:41 — Non-English (Turkish) characters in string: ""Rölanti Süresi saat"". Use Technical Academic English for code strings.
    ⚠️ Ln 18:43 — Non-English (Turkish) characters in string: ""Rölanti Tüketim L/saat"". Use Technical Academic English for code strings.
    ⚠️ Ln 19:44 — Non-English (Turkish) characters in string: ""Yakıt Fiyatı currency/L"". Use Technical Academic English for code strings.
    ⚠️ Ln 41:12 — Non-English (Turkish) characters in string: ""Yakıt Rota Sapma Report"". Use Technical Academic English for code strings.

  📄 scripts/generated-premium/gage-rnr-cost-analyzer.ts
    ⚠️ Ln 10:9 — Non-English (Turkish) characters in string: ""GAGE R&R MALİYET"". Use Technical Academic English for code strings.
    ⚠️ Ln 13:18 — Non-English (Turkish) characters in string: ""GAGE R&R MALİYET — premium analysis tool."". Use Technical Academic English for code strings.
    ⚠️ Ln 15:29 — Non-English (Turkish) characters in string: ""Parça n"". Use Technical Academic English for code strings.
    ⚠️ Ln 16:30 — Non-English (Turkish) characters in string: ""Operatör"". Use Technical Academic English for code strings.
    ⚠️ Ln 20:37 — Non-English (Turkish) characters in string: ""Yanlış Kabul/Red"". Use Technical Academic English for code strings.
    ⚠️ Ln 47:12 — Non-English (Turkish) characters in string: ""GAGE R&R MALİYET Report"". Use Technical Academic English for code strings.

  📄 scripts/generated-premium/haccp-deviation-cost-analyzer.ts
    ⚠️ Ln 18:32 — Non-English (Turkish) characters in string: ""Rework/İmha"". Use Technical Academic English for code strings.
    ⚠️ Ln 19:34 — Non-English (Turkish) characters in string: ""Geri Çağırma"". Use Technical Academic English for code strings.

  📄 scripts/generated-premium/heat-exchanger-fouling-analyzer.ts
    ⚠️ Ln 18:30 — Non-English (Turkish) characters in string: ""DP Artış"". Use Technical Academic English for code strings.
    ⚠️ Ln 20:27 — Non-English (Turkish) characters in string: ""Yakıt"". Use Technical Academic English for code strings.

  📄 scripts/generated-premium/hourly-rate-analyzer.ts
    ⚠️ Ln 10:9 — Non-English (Turkish) characters in string: ""Saatlik Ücret"". Use Technical Academic English for code strings.
    ⚠️ Ln 13:18 — Non-English (Turkish) characters in string: ""Saatlik Ücret — premium analysis tool."". Use Technical Academic English for code strings.
    ⚠️ Ln 15:31 — Non-English (Turkish) characters in string: ""Brüt Maaş"". Use Technical Academic English for code strings.
    ⚠️ Ln 16:30 — Non-English (Turkish) characters in string: ""İkramiye"". Use Technical Academic English for code strings.
    ⚠️ Ln 18:41 — Non-English (Turkish) characters in string: ""İşveren Vergi Oranı"". Use Technical Academic English for code strings.
    ⚠️ Ln 19:38 — Non-English (Turkish) characters in string: ""Yıllık Hafta/Saat"". Use Technical Academic English for code strings.
    ⚠️ Ln 20:34 — Non-English (Turkish) characters in string: ""İzin Haftası"". Use Technical Academic English for code strings.
    ⚠️ Ln 21:32 — Non-English (Turkish) characters in string: ""Atıl Zaman"". Use Technical Academic English for code strings.
    ⚠️ Ln 22:36 — Non-English (Turkish) characters in string: ""Hedef Kâr Marjı"". Use Technical Academic English for code strings.
    ⚠️ Ln 44:12 — Non-English (Turkish) characters in string: ""Saatlik Ücret Report"". Use Technical Academic English for code strings.

  📄 scripts/generated-premium/hvac-capacity-analyzer.ts
    ⚠️ Ln 10:9 — Non-English (Turkish) characters in string: ""HVAC KAPASİTE"". Use Technical Academic English for code strings.
    ⚠️ Ln 13:18 — Non-English (Turkish) characters in string: ""HVAC KAPASİTE — premium analysis tool."". Use Technical Academic English for code strings.
    ⚠️ Ln 16:36 — Non-English (Turkish) characters in string: ""Dış/İç Sıcaklık"". Use Technical Academic English for code strings.
    ⚠️ Ln 17:33 — Non-English (Turkish) characters in string: ""U Değerleri"". Use Technical Academic English for code strings.
    ⚠️ Ln 18:30 — Non-English (Turkish) characters in string: ""Kişi/Işık"". Use Technical Academic English for code strings.
    ⚠️ Ln 48:12 — Non-English (Turkish) characters in string: ""HVAC KAPASİTE Report"". Use Technical Academic English for code strings.

  📄 scripts/generated-premium/hydraulic-system-loss-analyzer.ts
    ⚠️ Ln 10:9 — Non-English (Turkish) characters in string: ""HYDRAULIC SİSTEM KAYIP"". Use Technical Academic English for code strings.
    ⚠️ Ln 13:18 — Non-English (Turkish) characters in string: ""HYDRAULIC SİSTEM KAYIP — premium analysis tool."". Use Technical Academic English for code strings.
    ⚠️ Ln 15:28 — Non-English (Turkish) characters in string: ""Basınç"". Use Technical Academic English for code strings.
    ⚠️ Ln 17:27 — Non-English (Turkish) characters in string: ""Kaçak"". Use Technical Academic English for code strings.
    ⚠️ Ln 18:32 — Non-English (Turkish) characters in string: ""Boru Düşüm"". Use Technical Academic English for code strings.
    ⚠️ Ln 19:32 — Non-English (Turkish) characters in string: ""Vana Kayıp"". Use Technical Academic English for code strings.
    ⚠️ Ln 46:12 — Non-English (Turkish) characters in string: ""HYDRAULIC SİSTEM KAYIP Report"". Use Technical Academic English for code strings.

  📄 scripts/generated-premium/inflation-escalation-analyzer.ts
    ⚠️ Ln 17:33 — Non-English (Turkish) characters in string: ""Baz İşçilik"". Use Technical Academic English for code strings.
    ⚠️ Ln 18:33 — Non-English (Turkish) characters in string: ""Ücret Artış"". Use Technical Academic English for code strings.
    ⚠️ Ln 19:26 — Non-English (Turkish) characters in string: ""Süre"". Use Technical Academic English for code strings.

  📄 scripts/generated-premium/interest-rate-risk-analyzer.ts
    ⚠️ Ln 10:9 — Non-English (Turkish) characters in string: ""FAİZ ORANI RİSKİ"". Use Technical Academic English for code strings.
    ⚠️ Ln 13:18 — Non-English (Turkish) characters in string: ""FAİZ ORANI RİSKİ — premium analysis tool."". Use Technical Academic English for code strings.
    ⚠️ Ln 15:40 — Non-English (Turkish) characters in string: ""Değişken/Sabit Borç"". Use Technical Academic English for code strings.
    ⚠️ Ln 16:33 — Non-English (Turkish) characters in string: ""Hedge Oranı"". Use Technical Academic English for code strings.
    ⚠️ Ln 18:29 — Non-English (Turkish) characters in string: ""Bps Şok"". Use Technical Academic English for code strings.
    ⚠️ Ln 45:12 — Non-English (Turkish) characters in string: ""FAİZ ORANI RİSKİ Report"". Use Technical Academic English for code strings.

  📄 scripts/generated-premium/inventory-turnover-risk-analyzer.ts
    ⚠️ Ln 10:9 — Non-English (Turkish) characters in string: ""Stok Devir hızı risk"". Use Technical Academic English for code strings.
    ⚠️ Ln 13:18 — Non-English (Turkish) characters in string: ""Stok Devir hızı risk — premium analysis tool."". Use Technical Academic English for code strings.
    ⚠️ Ln 17:42 — Non-English (Turkish) characters in string: ""Yaşlandırma Dağılımı"". Use Technical Academic English for code strings.
    ⚠️ Ln 18:38 — Non-English (Turkish) characters in string: ""Sigorta Oranları"". Use Technical Academic English for code strings.
    ⚠️ Ln 19:38 — Non-English (Turkish) characters in string: ""Sektör Benchmark"". Use Technical Academic English for code strings.
    ⚠️ Ln 20:47 — Non-English (Turkish) characters in string: ""Fire/Obsolescence Oranları"". Use Technical Academic English for code strings.
    ⚠️ Ln 21:44 — Non-English (Turkish) characters in string: ""Kurtarılan Değer Oranı"". Use Technical Academic English for code strings.
    ⚠️ Ln 43:12 — Non-English (Turkish) characters in string: ""Stok Devir hızı risk Report"". Use Technical Academic English for code strings.

  📄 scripts/generated-premium/irr-investment-analyzer.ts
    ⚠️ Ln 10:9 — Non-English (Turkish) characters in string: ""İÇ VERİM ORANI IRR"". Use Technical Academic English for code strings.
    ⚠️ Ln 13:18 — Non-English (Turkish) characters in string: ""İÇ VERİM ORANI IRR — premium analysis tool."". Use Technical Academic English for code strings.
    ⚠️ Ln 15:31 — Non-English (Turkish) characters in string: ""Başlangıç"". Use Technical Academic English for code strings.
    ⚠️ Ln 16:36 — Non-English (Turkish) characters in string: ""Nakit Akışları"". Use Technical Academic English for code strings.
    ⚠️ Ln 17:28 — Non-English (Turkish) characters in string: ""Ömür n"". Use Technical Academic English for code strings.
    ⚠️ Ln 18:29 — Non-English (Turkish) characters in string: ""Kalıntı"". Use Technical Academic English for code strings.
    ⚠️ Ln 20:37 — Non-English (Turkish) characters in string: ""Yeniden Yatırım"". Use Technical Academic English for code strings.
    ⚠️ Ln 21:29 — Non-English (Turkish) characters in string: ""İskonto"". Use Technical Academic English for code strings.
    ⚠️ Ln 43:12 — Non-English (Turkish) characters in string: ""İÇ VERİM ORANI IRR Report"". Use Technical Academic English for code strings.

  📄 scripts/generated-premium/irrigation-cost-check-analyzer.ts
    ⚠️ Ln 15:31 — Non-English (Turkish) characters in string: ""ETc mm/gün"". Use Technical Academic English for code strings.
    ⚠️ Ln 17:38 — Non-English (Turkish) characters in string: ""Efektif Yağış mm"". Use Technical Academic English for code strings.
    ⚠️ Ln 18:51 — Non-English (Turkish) characters in string: ""Toplam Manometrik Yükseklik m"". Use Technical Academic English for code strings.
    ⚠️ Ln 21:38 — Non-English (Turkish) characters in string: ""Bakım currency/da"". Use Technical Academic English for code strings.

  📄 scripts/generated-premium/iso-50001-baseline-analyzer.ts
    ⚠️ Ln 15:29 — Non-English (Turkish) characters in string: ""Tüketim"". Use Technical Academic English for code strings.
    ⚠️ Ln 16:28 — Non-English (Turkish) characters in string: ""Üretim"". Use Technical Academic English for code strings.
    ⚠️ Ln 19:29 — Non-English (Turkish) characters in string: ""Baz Yıl"". Use Technical Academic English for code strings.
    ⚠️ Ln 20:29 — Non-English (Turkish) characters in string: ""Azaltım"". Use Technical Academic English for code strings.

  📄 scripts/generated-premium/kaizen-savings-tracker-analyzer.ts
    ⚠️ Ln 10:9 — Non-English (Turkish) characters in string: ""KAIZEN TASARRUF TAKİPÇİSİ"". Use Technical Academic English for code strings.
    ⚠️ Ln 13:18 — Non-English (Turkish) characters in string: ""KAIZEN TASARRUF TAKİPÇİSİ — premium analysis tool."". Use Technical Academic English for code strings.
    ⚠️ Ln 15:39 — Non-English (Turkish) characters in string: ""Baz/Gerçek Maliyet"". Use Technical Academic English for code strings.
    ⚠️ Ln 16:26 — Non-English (Turkish) characters in string: ""Süre"". Use Technical Academic English for code strings.
    ⚠️ Ln 18:36 — Non-English (Turkish) characters in string: ""İşçilik/Malzeme"". Use Technical Academic English for code strings.
    ⚠️ Ln 19:29 — Non-English (Turkish) characters in string: ""Dönüşüm"". Use Technical Academic English for code strings.
    ⚠️ Ln 20:33 — Non-English (Turkish) characters in string: ""Kontrol Ayı"". Use Technical Academic English for code strings.
    ⚠️ Ln 44:12 — Non-English (Turkish) characters in string: ""KAIZEN TASARRUF TAKİPÇİSİ Report"". Use Technical Academic English for code strings.

  📄 scripts/generated-premium/kwh-cost-analyzer.ts
    ⚠️ Ln 15:42 — Non-English (Turkish) characters in string: ""Aktif/Reaktif Tüketim"". Use Technical Academic English for code strings.
    ⚠️ Ln 16:36 — Non-English (Turkish) characters in string: ""Çekilen Güç kW"". Use Technical Academic English for code strings.
    ⚠️ Ln 17:33 — Non-English (Turkish) characters in string: ""Güç Faktörü"". Use Technical Academic English for code strings.
    ⚠️ Ln 18:50 — Non-English (Turkish) characters in string: ""Enerji/Güç/Reaktif Birim Fiyat"". Use Technical Academic English for code strings.
    ⚠️ Ln 19:32 — Non-English (Turkish) characters in string: ""Ceza Eşiği"". Use Technical Academic English for code strings.
    ⚠️ Ln 20:36 — Non-English (Turkish) characters in string: ""Vergi/Fon Oranı"". Use Technical Academic English for code strings.
    ⚠️ Ln 21:48 — Non-English (Turkish) characters in string: ""Tepe Gücü Trafo Kapasitesi"". Use Technical Academic English for code strings.

  📄 scripts/generated-premium/learning-curve-time-analyzer.ts
    ⚠️ Ln 10:9 — Non-English (Turkish) characters in string: ""Öğrenme Eğrisi Süre Tahmincisi"". Use Technical Academic English for code strings.
    ⚠️ Ln 13:18 — Non-English (Turkish) characters in string: ""Öğrenme Eğrisi Süre Tahmincisi — premium analysis tool."". Use Technical Academic English for code strings.
    ⚠️ Ln 15:38 — Non-English (Turkish) characters in string: ""İlk Birim Süresi"". Use Technical Academic English for code strings.
    ⚠️ Ln 16:35 — Non-English (Turkish) characters in string: ""Öğrenme Oranı"". Use Technical Academic English for code strings.
    ⚠️ Ln 17:41 — Non-English (Turkish) characters in string: ""Hedef Standart Süre"". Use Technical Academic English for code strings.
    ⚠️ Ln 18:43 — Non-English (Turkish) characters in string: ""Toplam Üretim Adedi N"". Use Technical Academic English for code strings.
    ⚠️ Ln 19:46 — Non-English (Turkish) characters in string: ""Saatlik İşçilik Maliyeti"". Use Technical Academic English for code strings.
    ⚠️ Ln 20:42 — Non-English (Turkish) characters in string: ""Hata Düzeltme Süresi"". Use Technical Academic English for code strings.
    ⚠️ Ln 44:12 — Non-English (Turkish) characters in string: ""Öğrenme Eğrisi Süre Tahmincisi Report"". Use Technical Academic English for code strings.

  📄 scripts/generated-premium/lightweight-cost-savings-analyzer.ts
    ⚠️ Ln 10:9 — Non-English (Turkish) characters in string: ""HAFİFLİK MALİYET TASARRUFU"". Use Technical Academic English for code strings.
    ⚠️ Ln 13:18 — Non-English (Turkish) characters in string: ""HAFİFLİK MALİYET TASARRUFU — premium analysis tool."". Use Technical Academic English for code strings.
    ⚠️ Ln 15:42 — Non-English (Turkish) characters in string: ""Orijinal/Yeni Ağırlık"". Use Technical Academic English for code strings.
    ⚠️ Ln 18:33 — Non-English (Turkish) characters in string: ""Kalıp Farkı"". Use Technical Academic English for code strings.
    ⚠️ Ln 19:30 — Non-English (Turkish) characters in string: ""Ömür/Saat"". Use Technical Academic English for code strings.
    ⚠️ Ln 20:27 — Non-English (Turkish) characters in string: ""Yakıt"". Use Technical Academic English for code strings.
    ⚠️ Ln 42:12 — Non-English (Turkish) characters in string: ""HAFİFLİK MALİYET TASARRUFU Report"". Use Technical Academic English for code strings.

  📄 scripts/generated-premium/logistics-route-loss-analyzer.ts
    ⚠️ Ln 10:9 — Non-English (Turkish) characters in string: ""Lojistik Rota Kaybı"". Use Technical Academic English for code strings.
    ⚠️ Ln 13:18 — Non-English (Turkish) characters in string: ""Lojistik Rota Kaybı — premium analysis tool."". Use Technical Academic English for code strings.
    ⚠️ Ln 15:43 — Non-English (Turkish) characters in string: ""İdeal/Gerçek Mesafe km"". Use Technical Academic English for code strings.
    ⚠️ Ln 16:38 — Non-English (Turkish) characters in string: ""Ortalama Hız km/s"". Use Technical Academic English for code strings.
    ⚠️ Ln 17:45 — Non-English (Turkish) characters in string: ""Yakıt Tüketim Oranı L/km"". Use Technical Academic English for code strings.
    ⚠️ Ln 18:34 — Non-English (Turkish) characters in string: ""Yakıt Fiyatı"". Use Technical Academic English for code strings.
    ⚠️ Ln 19:43 — Non-English (Turkish) characters in string: ""Sürücü Saatlik Ücreti"". Use Technical Academic English for code strings.
    ⚠️ Ln 20:56 — Non-English (Turkish) characters in string: ""Araç Km Aşınma Maliyeti currency/km"". Use Technical Academic English for code strings.
    ⚠️ Ln 42:12 — Non-English (Turkish) characters in string: ""Lojistik Rota Kaybı Report"". Use Technical Academic English for code strings.

  📄 scripts/generated-premium/machine-economic-life-analyzer.ts
    ⚠️ Ln 10:9 — Non-English (Turkish) characters in string: ""Makine Ekonomik Ömrü"". Use Technical Academic English for code strings.
    ⚠️ Ln 13:18 — Non-English (Turkish) characters in string: ""Makine Ekonomik Ömrü — premium analysis tool."". Use Technical Academic English for code strings.
    ⚠️ Ln 15:46 — Non-English (Turkish) characters in string: ""İlk Maliyet/Piyasa Değeri"". Use Technical Academic English for code strings.
    ⚠️ Ln 16:35 — Non-English (Turkish) characters in string: ""Kalıntı Değer"". Use Technical Academic English for code strings.
    ⚠️ Ln 17:53 — Non-English (Turkish) characters in string: ""Yıllık İşletme/Bakım Maliyetleri"". Use Technical Academic English for code strings.
    ⚠️ Ln 18:37 — Non-English (Turkish) characters in string: ""İskonto Oranı i"". Use Technical Academic English for code strings.
    ⚠️ Ln 42:12 — Non-English (Turkish) characters in string: ""Makine Ekonomik Ömrü Report"". Use Technical Academic English for code strings.

  📄 scripts/generated-premium/machining-strategy-analyzer.ts
    ⚠️ Ln 10:9 — Non-English (Turkish) characters in string: ""İŞLEME STRATEJİSİ SÜRE"". Use Technical Academic English for code strings.
    ⚠️ Ln 13:18 — Non-English (Turkish) characters in string: ""İŞLEME STRATEJİSİ SÜRE — premium analysis tool."". Use Technical Academic English for code strings.
    ⚠️ Ln 19:29 — Non-English (Turkish) characters in string: ""Max Güç"". Use Technical Academic English for code strings.
    ⚠️ Ln 20:34 — Non-English (Turkish) characters in string: ""Özgül Enerji"". Use Technical Academic English for code strings.
    ⚠️ Ln 21:34 — Non-English (Turkish) characters in string: ""Değişim Süre"". Use Technical Academic English for code strings.
    ⚠️ Ln 22:27 — Non-English (Turkish) characters in string: ""Takım"". Use Technical Academic English for code strings.
    ⚠️ Ln 46:12 — Non-English (Turkish) characters in string: ""İŞLEME STRATEJİSİ SÜRE Report"". Use Technical Academic English for code strings.

  📄 scripts/generated-premium/material-replacement-cost-analyzer.ts
    ⚠️ Ln 16:32 — Non-English (Turkish) characters in string: ""Ağırlıklar"". Use Technical Academic English for code strings.
    ⚠️ Ln 17:49 — Non-English (Turkish) characters in string: ""İşleme/Bakım/İmha Maliyetleri"". Use Technical Academic English for code strings.
    ⚠️ Ln 19:51 — Non-English (Turkish) characters in string: ""Yakıt Tasarrufu Parametreleri"". Use Technical Academic English for code strings.
    ⚠️ Ln 20:38 — Non-English (Turkish) characters in string: ""Tooling Yatırımı"". Use Technical Academic English for code strings.

  📄 scripts/generated-premium/moq-stock-balance-analyzer.ts
    ⚠️ Ln 15:34 — Non-English (Turkish) characters in string: ""Yıllık Talep"". Use Technical Academic English for code strings.
    ⚠️ Ln 16:38 — Non-English (Turkish) characters in string: ""Sipariş Maliyeti"". Use Technical Academic English for code strings.
    ⚠️ Ln 19:43 — Non-English (Turkish) characters in string: ""Birim Taşıma Maliyeti"". Use Technical Academic English for code strings.
    ⚠️ Ln 20:36 — Non-English (Turkish) characters in string: ""Tedarik Süresi"". Use Technical Academic English for code strings.
    ⚠️ Ln 21:39 — Non-English (Turkish) characters in string: ""Stok Alanı Kısıtı"". Use Technical Academic English for code strings.

  📄 scripts/generated-premium/mtbf-mttr-financial-analyzer.ts
    ⚠️ Ln 17:34 — Non-English (Turkish) characters in string: ""Arıza Sayısı"". Use Technical Academic English for code strings.
    ⚠️ Ln 18:41 — Non-English (Turkish) characters in string: ""Duruş Saat Maliyeti"". Use Technical Academic English for code strings.
    ⚠️ Ln 19:49 — Non-English (Turkish) characters in string: ""Ortalama Tamir İşçilik/Parça"". Use Technical Academic English for code strings.
    ⚠️ Ln 20:43 — Non-English (Turkish) characters in string: ""Toplam Çalışma Süresi"". Use Technical Academic English for code strings.

  📄 scripts/generated-premium/muda-waste-cost-analyzer.ts
    ⚠️ Ln 10:9 — Non-English (Turkish) characters in string: ""Muda Atık Maliyet"". Use Technical Academic English for code strings.
    ⚠️ Ln 13:18 — Non-English (Turkish) characters in string: ""Muda Atık Maliyet — premium analysis tool."". Use Technical Academic English for code strings.
    ⚠️ Ln 15:40 — Non-English (Turkish) characters in string: ""Aşırı Üretim Adedi"". Use Technical Academic English for code strings.
    ⚠️ Ln 16:43 — Non-English (Turkish) characters in string: ""Bekleme/Hareket Süresi"". Use Technical Academic English for code strings.
    ⚠️ Ln 17:42 — Non-English (Turkish) characters in string: ""Taşıma Mesafesi/Sefer"". Use Technical Academic English for code strings.
    ⚠️ Ln 18:40 — Non-English (Turkish) characters in string: ""Fazla İşlem Süresi"". Use Technical Academic English for code strings.
    ⚠️ Ln 19:33 — Non-English (Turkish) characters in string: ""Hatalı Adet"". Use Technical Academic English for code strings.
    ⚠️ Ln 20:57 — Non-English (Turkish) characters in string: ""Birim/Stok Taşıma/İşçilik Maliyetleri"". Use Technical Academic English for code strings.
    ⚠️ Ln 44:12 — Non-English (Turkish) characters in string: ""Muda Atık Maliyet Report"". Use Technical Academic English for code strings.

  📄 scripts/generated-premium/noise-vibration-cost-analyzer.ts
    ⚠️ Ln 15:51 — Non-English (Turkish) characters in string: ""Gürültü Seviyeleri ve Süreler"". Use Technical Academic English for code strings.
    ⚠️ Ln 16:39 — Non-English (Turkish) characters in string: ""Titreşim İvmeleri"". Use Technical Academic English for code strings.
    ⚠️ Ln 17:50 — Non-English (Turkish) characters in string: ""Titreşim Kaynaklı Hata Oranı"". Use Technical Academic English for code strings.
    ⚠️ Ln 18:33 — Non-English (Turkish) characters in string: ""Çıktı Farkı"". Use Technical Academic English for code strings.
    ⚠️ Ln 20:38 — Non-English (Turkish) characters in string: ""Yalıtım Yatırımı"". Use Technical Academic English for code strings.

  📄 scripts/generated-premium/oee-downtime-analyzer.ts
    ⚠️ Ln 10:9 — Non-English (Turkish) characters in string: ""OEE ve Durma Süresi"". Use Technical Academic English for code strings.
    ⚠️ Ln 13:18 — Non-English (Turkish) characters in string: ""OEE ve Durma Süresi — premium analysis tool."". Use Technical Academic English for code strings.
    ⚠️ Ln 15:49 — Non-English (Turkish) characters in string: ""Planlı/Gerçek Çalışma Süresi"". Use Technical Academic English for code strings.
    ⚠️ Ln 16:34 — Non-English (Turkish) characters in string: ""İdeal Çevrim"". Use Technical Academic English for code strings.
    ⚠️ Ln 17:39 — Non-English (Turkish) characters in string: ""Toplam/Sağlam Adet"". Use Technical Academic English for code strings.
    ⚠️ Ln 18:50 — Non-English (Turkish) characters in string: ""Dakika Başına Duruş Maliyeti"". Use Technical Academic English for code strings.
    ⚠️ Ln 20:43 — Non-English (Turkish) characters in string: ""Takvim Süresi AllTime"". Use Technical Academic English for code strings.
    ⚠️ Ln 44:12 — Non-English (Turkish) characters in string: ""OEE ve Durma Süresi Report"". Use Technical Academic English for code strings.

  📄 scripts/generated-premium/office-supplies-cost-analyzer.ts
    ⚠️ Ln 15:36 — Non-English (Turkish) characters in string: ""Çalışan Sayısı"". Use Technical Academic English for code strings.
    ⚠️ Ln 16:40 — Non-English (Turkish) characters in string: ""Tüketim Miktarları"". Use Technical Academic English for code strings.
    ⚠️ Ln 18:38 — Non-English (Turkish) characters in string: ""Sipariş Maliyeti"". Use Technical Academic English for code strings.
    ⚠️ Ln 20:39 — Non-English (Turkish) characters in string: ""Stok Taşıma Oranı"". Use Technical Academic English for code strings.
    ⚠️ Ln 21:37 — Non-English (Turkish) characters in string: ""Fire/İsraf Oranı"". Use Technical Academic English for code strings.

  📄 scripts/generated-premium/orneklem-buyuklugu-endustri-muhendisligi-analyzer.ts
    ⚠️ Ln 10:9 — Non-English (Turkish) characters in string: ""Örneklem Büyüklüğü (Endüstri Mühendisliği)"". Use Technical Academic English for code strings.
    ⚠️ Ln 13:18 — Non-English (Turkish) characters in string: ""Örneklem Büyüklüğü (Endüstri Mühendisliği) — premium analys". Use Technical Academic English for code strings.
    ⚠️ Ln 15:34 — Non-English (Turkish) characters in string: ""Popülasyon N"". Use Technical Academic English for code strings.
    ⚠️ Ln 16:38 — Non-English (Turkish) characters in string: ""Güven Seviyesi Z"". Use Technical Academic English for code strings.
    ⚠️ Ln 17:33 — Non-English (Turkish) characters in string: ""Hata Payı E"". Use Technical Academic English for code strings.
    ⚠️ Ln 43:12 — Non-English (Turkish) characters in string: ""Örneklem Büyüklüğü (Endüstri Mühendisliği) Report"". Use Technical Academic English for code strings.

  📄 scripts/generated-premium/overtime-hiring-breakeven-analyzer.ts
    ⚠️ Ln 15:45 — Non-English (Turkish) characters in string: ""İşe Alım/Eğitim Maliyeti"". Use Technical Academic English for code strings.
    ⚠️ Ln 17:46 — Non-English (Turkish) characters in string: ""Normal/Fazla Mesai Ücreti"". Use Technical Academic English for code strings.
    ⚠️ Ln 18:35 — Non-English (Turkish) characters in string: ""Mesai Çarpanı"". Use Technical Academic English for code strings.
    ⚠️ Ln 19:42 — Non-English (Turkish) characters in string: ""Yorgunluk Hata Oranı"". Use Technical Academic English for code strings.

  📄 scripts/generated-premium/pallet-rack-optimizer-analyzer.ts
    ⚠️ Ln 10:9 — Non-English (Turkish) characters in string: ""Palet Rafı Optimize Edici"". Use Technical Academic English for code strings.
    ⚠️ Ln 13:18 — Non-English (Turkish) characters in string: ""Palet Rafı Optimize Edici — premium analysis tool."". Use Technical Academic English for code strings.
    ⚠️ Ln 15:39 — Non-English (Turkish) characters in string: ""Koridor/Raf Sayısı"". Use Technical Academic English for code strings.
    ⚠️ Ln 18:35 — Non-English (Turkish) characters in string: ""Forklift Hızı"". Use Technical Academic English for code strings.
    ⚠️ Ln 19:36 — Non-English (Turkish) characters in string: ""Toplama Süresi"". Use Technical Academic English for code strings.
    ⚠️ Ln 20:39 — Non-English (Turkish) characters in string: ""Kiriş Uzunluğu/Yük"". Use Technical Academic English for code strings.
    ⚠️ Ln 44:12 — Non-English (Turkish) characters in string: ""Palet Rafı Optimize Edici Report"". Use Technical Academic English for code strings.

  📄 scripts/generated-premium/payment-terms-optimizer-analyzer.ts
    ⚠️ Ln 10:9 — Non-English (Turkish) characters in string: ""Ödeme Vadesi Optimize Edici"". Use Technical Academic English for code strings.
    ⚠️ Ln 13:18 — Non-English (Turkish) characters in string: ""Ödeme Vadesi Optimize Edici — premium analysis tool."". Use Technical Academic English for code strings.
    ⚠️ Ln 15:34 — Non-English (Turkish) characters in string: ""Yıllık Gelir"". Use Technical Academic English for code strings.
    ⚠️ Ln 16:39 — Non-English (Turkish) characters in string: ""Ortalama Vade gün"". Use Technical Academic English for code strings.
    ⚠️ Ln 18:43 — Non-English (Turkish) characters in string: ""Erken Ödeme İskontosu"". Use Technical Academic English for code strings.
    ⚠️ Ln 19:44 — Non-English (Turkish) characters in string: ""İskonto Kullanım Oranı"". Use Technical Academic English for code strings.
    ⚠️ Ln 20:41 — Non-English (Turkish) characters in string: ""Temerrüt/Batma Oranı"". Use Technical Academic English for code strings.
    ⚠️ Ln 43:12 — Non-English (Turkish) characters in string: ""Ödeme Vadesi Optimize Edici Report"". Use Technical Academic English for code strings.

  📄 scripts/generated-premium/poka-yoke-roi-analyzer.ts
    ⚠️ Ln 15:39 — Non-English (Turkish) characters in string: ""Mevcut Hata Oranı"". Use Technical Academic English for code strings.
    ⚠️ Ln 16:41 — Non-English (Turkish) characters in string: ""Hata Başına Maliyet"". Use Technical Academic English for code strings.
    ⚠️ Ln 18:35 — Non-English (Turkish) characters in string: ""Yıllık Üretim"". Use Technical Academic English for code strings.
    ⚠️ Ln 19:52 — Non-English (Turkish) characters in string: ""Tasarım/Uygulama/Eğitim Maliyeti"". Use Technical Academic English for code strings.
    ⚠️ Ln 20:43 — Non-English (Turkish) characters in string: ""Yıllık Bakım Maliyeti"". Use Technical Academic English for code strings.

  📄 scripts/generated-premium/portion-cost-analyzer.ts
    ⚠️ Ln 15:39 — Non-English (Turkish) characters in string: ""Reçete Miktarları"". Use Technical Academic English for code strings.
    ⚠️ Ln 16:37 — Non-English (Turkish) characters in string: ""Hazırlık Süresi"". Use Technical Academic English for code strings.
    ⚠️ Ln 18:46 — Non-English (Turkish) characters in string: ""Hammadde Birim Fiyatları"". Use Technical Academic English for code strings.
    ⚠️ Ln 19:35 — Non-English (Turkish) characters in string: ""İşçilik Saati"". Use Technical Academic English for code strings.
    ⚠️ Ln 20:36 — Non-English (Turkish) characters in string: ""Overhead Oranı"". Use Technical Academic English for code strings.
    ⚠️ Ln 22:33 — Non-English (Turkish) characters in string: ""Menü Fiyatı"". Use Technical Academic English for code strings.

  📄 scripts/generated-premium/price-elasticity-analyzer.ts
    ⚠️ Ln 10:9 — Non-English (Turkish) characters in string: ""FİYAT ESNEKLİĞİ"". Use Technical Academic English for code strings.
    ⚠️ Ln 13:18 — Non-English (Turkish) characters in string: ""FİYAT ESNEKLİĞİ — premium analysis tool."". Use Technical Academic English for code strings.
    ⚠️ Ln 16:29 — Non-English (Turkish) characters in string: ""Değişim"". Use Technical Academic English for code strings.
    ⚠️ Ln 18:37 — Non-English (Turkish) characters in string: ""Çapraz Esneklik"". Use Technical Academic English for code strings.
    ⚠️ Ln 19:43 — Non-English (Turkish) characters in string: ""Değişken/Sabit Maliyet"". Use Technical Academic English for code strings.
    ⚠️ Ln 43:12 — Non-English (Turkish) characters in string: ""FİYAT ESNEKLİĞİ Report"". Use Technical Academic English for code strings.

  📄 scripts/generated-premium/product-complexity-hidden-cost-analyzer.ts
    ⚠️ Ln 10:9 — Non-English (Turkish) characters in string: ""ürün Complexity Hidden Maliyet"". Use Technical Academic English for code strings.
    ⚠️ Ln 13:18 — Non-English (Turkish) characters in string: ""ürün Complexity Hidden Maliyet — premium analysis tool."". Use Technical Academic English for code strings.
    ⚠️ Ln 15:32 — Non-English (Turkish) characters in string: ""SKU Sayısı"". Use Technical Academic English for code strings.
    ⚠️ Ln 16:35 — Non-English (Turkish) characters in string: ""BOM Derinliği"". Use Technical Academic English for code strings.
    ⚠️ Ln 17:44 — Non-English (Turkish) characters in string: ""Değişim Sayısı/Maliyeti"". Use Technical Academic English for code strings.
    ⚠️ Ln 18:43 — Non-English (Turkish) characters in string: ""Toplam Güvenlik Stoğu"". Use Technical Academic English for code strings.
    ⚠️ Ln 19:38 — Non-English (Turkish) characters in string: ""Dolaylı Giderler"". Use Technical Academic English for code strings.
    ⚠️ Ln 20:46 — Non-English (Turkish) characters in string: ""Karmaşıklık Sürücü Oranı"". Use Technical Academic English for code strings.
    ⚠️ Ln 40:12 — Non-English (Turkish) characters in string: ""ürün Complexity Hidden Maliyet Report"". Use Technical Academic English for code strings.

  📄 scripts/generated-premium/project-cost-estimate-analyzer.ts
    ⚠️ Ln 15:47 — Non-English (Turkish) characters in string: ""İşçilik Saatleri/Ücretleri"". Use Technical Academic English for code strings.
    ⚠️ Ln 18:40 — Non-English (Turkish) characters in string: ""Taşeron Teklifleri"". Use Technical Academic English for code strings.
    ⚠️ Ln 19:36 — Non-English (Turkish) characters in string: ""Overhead Oranı"". Use Technical Academic English for code strings.
    ⚠️ Ln 20:38 — Non-English (Turkish) characters in string: ""Risk Kontenjansı"". Use Technical Academic English for code strings.
    ⚠️ Ln 21:38 — Non-English (Turkish) characters in string: ""Onaylanmış Bütçe"". Use Technical Academic English for code strings.

  📄 scripts/generated-premium/project-overrun-analyzer.ts
    ⚠️ Ln 16:43 — Non-English (Turkish) characters in string: ""Planlı/Gerçek Süre gün"". Use Technical Academic English for code strings.
    ⚠️ Ln 17:48 — Non-English (Turkish) characters in string: ""Gecikme Cezası currency/gün"". Use Technical Academic English for code strings.
    ⚠️ Ln 18:51 — Non-English (Turkish) characters in string: ""Gecikme/Maliyet Aşım Olasılığı"". Use Technical Academic English for code strings.
    ⚠️ Ln 19:42 — Non-English (Turkish) characters in string: ""Hızlandırma Maliyeti"". Use Technical Academic English for code strings.

  📄 scripts/generated-premium/quality-cost-paf-analyzer.ts
    ⚠️ Ln 15:44 — Non-English (Turkish) characters in string: ""Eğitim/Planlama Bütçesi"". Use Technical Academic English for code strings.
    ⚠️ Ln 17:50 — Non-English (Turkish) characters in string: ""Hurda/Yeniden İşleme Maliyeti"". Use Technical Academic English for code strings.
    ⚠️ Ln 18:36 — Non-English (Turkish) characters in string: ""Duruş Maliyeti"". Use Technical Academic English for code strings.
    ⚠️ Ln 19:42 — Non-English (Turkish) characters in string: ""Garanti/İade Maliyeti"". Use Technical Academic English for code strings.
    ⚠️ Ln 20:41 — Non-English (Turkish) characters in string: ""Kayıp Satış Tahmini"". Use Technical Academic English for code strings.

  📄 scripts/generated-premium/recipe-cost-check-analyzer.ts
    ⚠️ Ln 10:9 — Non-English (Turkish) characters in string: ""reçete Maliyet Check"". Use Technical Academic English for code strings.
    ⚠️ Ln 13:18 — Non-English (Turkish) characters in string: ""reçete Maliyet Check — premium analysis tool."". Use Technical Academic English for code strings.
    ⚠️ Ln 15:41 — Non-English (Turkish) characters in string: ""Giren Çıkan Ağırlık"". Use Technical Academic English for code strings.
    ⚠️ Ln 17:37 — Non-English (Turkish) characters in string: ""Reçete Oranları"". Use Technical Academic English for code strings.
    ⚠️ Ln 19:49 — Non-English (Turkish) characters in string: ""Hammadde Ortalama Fiyatları"". Use Technical Academic English for code strings.
    ⚠️ Ln 42:12 — Non-English (Turkish) characters in string: ""reçete Maliyet Check Report"". Use Technical Academic English for code strings.

  📄 scripts/generated-premium/recurring-cost-analyzer.ts
    ⚠️ Ln 15:36 — Non-English (Turkish) characters in string: ""Yıllık Frekans"". Use Technical Academic English for code strings.
    ⚠️ Ln 16:41 — Non-English (Turkish) characters in string: ""Olay Başına Maliyet"". Use Technical Academic English for code strings.
    ⚠️ Ln 17:48 — Non-English (Turkish) characters in string: ""Düzeltici Aksiyon Yatırımı"". Use Technical Academic English for code strings.
    ⚠️ Ln 18:37 — Non-English (Turkish) characters in string: ""İskonto Oranı r"". Use Technical Academic English for code strings.
    ⚠️ Ln 19:39 — Non-English (Turkish) characters in string: ""Analiz Ömrü n yıl"". Use Technical Academic English for code strings.

  📄 scripts/generated-premium/renewable-energy-irr-analyzer.ts
    ⚠️ Ln 15:35 — Non-English (Turkish) characters in string: ""Kurulu Güç kW"". Use Technical Academic English for code strings.
    ⚠️ Ln 16:38 — Non-English (Turkish) characters in string: ""Kapasite Faktörü"". Use Technical Academic English for code strings.
    ⚠️ Ln 17:37 — Non-English (Turkish) characters in string: ""Sistem Ömrü yıl"". Use Technical Academic English for code strings.
    ⚠️ Ln 20:56 — Non-English (Turkish) characters in string: ""Şebeke Elektrik Fiyatı currency/kWh"". Use Technical Academic English for code strings.
    ⚠️ Ln 21:41 — Non-English (Turkish) characters in string: ""Yıllık Bakım/Sigorta"". Use Technical Academic English for code strings.
    ⚠️ Ln 22:31 — Non-English (Turkish) characters in string: ""Teşvikler"". Use Technical Academic English for code strings.

  📄 scripts/generated-premium/renovation-budget-optimizer-analyzer.ts
    ⚠️ Ln 10:9 — Non-English (Turkish) characters in string: ""Yenileme Bütçesi Optimize Edici"". Use Technical Academic English for code strings.
    ⚠️ Ln 13:18 — Non-English (Turkish) characters in string: ""Yenileme Bütçesi Optimize Edici — premium analysis tool."". Use Technical Academic English for code strings.
    ⚠️ Ln 17:37 — Non-English (Turkish) characters in string: ""Proje Süresi ay"". Use Technical Academic English for code strings.
    ⚠️ Ln 20:34 — Non-English (Turkish) characters in string: ""Risk Faktörü"". Use Technical Academic English for code strings.
    ⚠️ Ln 21:42 — Non-English (Turkish) characters in string: ""Tasarım/İzin Oranları"". Use Technical Academic English for code strings.
    ⚠️ Ln 22:33 — Non-English (Turkish) characters in string: ""FF&E Bütçesi"". Use Technical Academic English for code strings.
    ⚠️ Ln 23:42 — Non-English (Turkish) characters in string: ""Eski/Yeni Mülk Değeri"". Use Technical Academic English for code strings.
    ⚠️ Ln 43:12 — Non-English (Turkish) characters in string: ""Yenileme Bütçesi Optimize Edici Report"". Use Technical Academic English for code strings.

  📄 scripts/generated-premium/repair-shop-quote-analyzer.ts
    ⚠️ Ln 10:9 — Non-English (Turkish) characters in string: ""Tamirhane Parça ve İşçilik Teklif"". Use Technical Academic English for code strings.
    ⚠️ Ln 13:18 — Non-English (Turkish) characters in string: ""Tamirhane Parça ve İşçilik Teklif — premium analysis tool."". Use Technical Academic English for code strings.
    ⚠️ Ln 16:43 — Non-English (Turkish) characters in string: ""Mağaza Saatlik Ücreti"". Use Technical Academic English for code strings.
    ⚠️ Ln 17:51 — Non-English (Turkish) characters in string: ""Parça Listesi/Adet/Dealer Fiyat"". Use Technical Academic English for code strings.
    ⚠️ Ln 18:38 — Non-English (Turkish) characters in string: ""Parça Marj Oranı"". Use Technical Academic English for code strings.
    ⚠️ Ln 19:38 — Non-English (Turkish) characters in string: ""Sarf/Çevre Ücreti"". Use Technical Academic English for code strings.
    ⚠️ Ln 20:42 — Non-English (Turkish) characters in string: ""Gerçek Harcanan Saat"". Use Technical Academic English for code strings.
    ⚠️ Ln 42:12 — Non-English (Turkish) characters in string: ""Tamirhane Parça ve İşçilik Teklif Report"". Use Technical Academic English for code strings.

  📄 scripts/generated-premium/restaurant-menu-margin-leak-analyzer.ts
    ⚠️ Ln 10:9 — Non-English (Turkish) characters in string: ""Restaurant Menü Marj Kaçak"". Use Technical Academic English for code strings.
    ⚠️ Ln 13:18 — Non-English (Turkish) characters in string: ""Restaurant Menü Marj Kaçak — premium analysis tool."". Use Technical Academic English for code strings.
    ⚠️ Ln 15:43 — Non-English (Turkish) characters in string: ""Satılan Ürün Adetleri"". Use Technical Academic English for code strings.
    ⚠️ Ln 16:41 — Non-English (Turkish) characters in string: ""Başlangıç/Bitiş Stok"". Use Technical Academic English for code strings.
    ⚠️ Ln 18:34 — Non-English (Turkish) characters in string: ""Kayıtlı Fire"". Use Technical Academic English for code strings.
    ⚠️ Ln 19:39 — Non-English (Turkish) characters in string: ""İkram/İptal Tutarı"". Use Technical Academic English for code strings.
    ⚠️ Ln 20:41 — Non-English (Turkish) characters in string: ""Toplam Yemek Satışı"". Use Technical Academic English for code strings.
    ⚠️ Ln 44:12 — Non-English (Turkish) characters in string: ""Restaurant Menü Marj Kaçak Report"". Use Technical Academic English for code strings.

  📄 scripts/generated-premium/robot-vs-manual-analyzer.ts
    ⚠️ Ln 10:9 — Non-English (Turkish) characters in string: ""Robot Kol vs. Manuel İşçi"". Use Technical Academic English for code strings.
    ⚠️ Ln 13:18 — Non-English (Turkish) characters in string: ""Robot Kol vs. Manuel İşçi — premium analysis tool."". Use Technical Academic English for code strings.
    ⚠️ Ln 15:50 — Non-English (Turkish) characters in string: ""Manuel/Robot Çevrim Süresi sn"". Use Technical Academic English for code strings.
    ⚠️ Ln 16:37 — Non-English (Turkish) characters in string: ""Operatör Sayısı"". Use Technical Academic English for code strings.
    ⚠️ Ln 17:49 — Non-English (Turkish) characters in string: ""Saatlik Ücret ve Yan Haklar"". Use Technical Academic English for code strings.
    ⚠️ Ln 19:30 — Non-English (Turkish) characters in string: ""Ömür yıl"". Use Technical Academic English for code strings.
    ⚠️ Ln 20:33 — Non-English (Turkish) characters in string: ""Bakım/Enerji"". Use Technical Academic English for code strings.
    ⚠️ Ln 45:12 — Non-English (Turkish) characters in string: ""Robot Kol vs. Manuel İşçi Report"". Use Technical Academic English for code strings.

  📄 scripts/generated-premium/roi-npv-analyzer.ts
    ⚠️ Ln 15:33 — Non-English (Turkish) characters in string: ""İlk Yatırım"". Use Technical Academic English for code strings.
    ⚠️ Ln 16:49 — Non-English (Turkish) characters in string: ""Yıllık Nakit Akışları array"". Use Technical Academic English for code strings.
    ⚠️ Ln 17:36 — Non-English (Turkish) characters in string: ""Proje Ömrü yıl"". Use Technical Academic English for code strings.
    ⚠️ Ln 18:39 — Non-English (Turkish) characters in string: ""İskonto Oranı/WACC"". Use Technical Academic English for code strings.

  📄 scripts/generated-premium/roof-area-load-analyzer.ts
    ⚠️ Ln 10:9 — Non-English (Turkish) characters in string: ""ÇATI ALANI"". Use Technical Academic English for code strings.
    ⚠️ Ln 13:18 — Non-English (Turkish) characters in string: ""ÇATI ALANI — premium analysis tool."". Use Technical Academic English for code strings.
    ⚠️ Ln 15:37 — Non-English (Turkish) characters in string: ""Uzunluk/Genişlik"". Use Technical Academic English for code strings.
    ⚠️ Ln 16:32 — Non-English (Turkish) characters in string: ""Saçak Payı"". Use Technical Academic English for code strings.
    ⚠️ Ln 17:31 — Non-English (Turkish) characters in string: ""Çatı Tipi"". Use Technical Academic English for code strings.
    ⚠️ Ln 18:32 — Non-English (Turkish) characters in string: ""Eğim Açısı"". Use Technical Academic English for code strings.
    ⚠️ Ln 19:38 — Non-English (Turkish) characters in string: ""Kar Yükü Bölgesi"". Use Technical Academic English for code strings.
    ⚠️ Ln 20:32 — Non-English (Turkish) characters in string: ""Fire Oranı"". Use Technical Academic English for code strings.
    ⚠️ Ln 42:12 — Non-English (Turkish) characters in string: ""ÇATI ALANI Report"". Use Technical Academic English for code strings.

  📄 scripts/generated-premium/route-cost-analyzer.ts
    ⚠️ Ln 15:39 — Non-English (Turkish) characters in string: ""Toplam Mesafe/Süre"". Use Technical Academic English for code strings.
    ⚠️ Ln 16:40 — Non-English (Turkish) characters in string: ""Yakıt Tüketim/Fiyat"". Use Technical Academic English for code strings.
    ⚠️ Ln 17:35 — Non-English (Turkish) characters in string: ""Sürücü Ücreti"". Use Technical Academic English for code strings.
    ⚠️ Ln 18:43 — Non-English (Turkish) characters in string: ""Otoyol/Köprü Geçişleri"". Use Technical Academic English for code strings.
    ⚠️ Ln 19:39 — Non-English (Turkish) characters in string: ""Bakım km Maliyeti"". Use Technical Academic English for code strings.

  📄 scripts/generated-premium/route-optimization-analyzer.ts
    ⚠️ Ln 10:9 — Non-English (Turkish) characters in string: ""Rota Optimizasyonu Analizörü"". Use Technical Academic English for code strings.
    ⚠️ Ln 13:18 — Non-English (Turkish) characters in string: ""Rota Optimizasyonu Analizörü — premium analysis tool."". Use Technical Academic English for code strings.
    ⚠️ Ln 15:46 — Non-English (Turkish) characters in string: ""Durak Sayısı/Koordinatlar"". Use Technical Academic English for code strings.
    ⚠️ Ln 17:37 — Non-English (Turkish) characters in string: ""Araç Kapasitesi"". Use Technical Academic English for code strings.
    ⚠️ Ln 19:40 — Non-English (Turkish) characters in string: ""Gecikme Ceza Oranı"". Use Technical Academic English for code strings.
    ⚠️ Ln 42:12 — Non-English (Turkish) characters in string: ""Rota Optimizasyonu Analizörü Report"". Use Technical Academic English for code strings.

  📄 scripts/generated-premium/saas-shelfware-analyzer.ts
    ⚠️ Ln 15:41 — Non-English (Turkish) characters in string: ""Satın Alınan Lisans"". Use Technical Academic English for code strings.
    ⚠️ Ln 16:37 — Non-English (Turkish) characters in string: ""Aktif Kullanıcı"". Use Technical Academic English for code strings.
    ⚠️ Ln 17:44 — Non-English (Turkish) characters in string: ""Toplam Sözleşme Bedeli"". Use Technical Academic English for code strings.
    ⚠️ Ln 18:38 — Non-English (Turkish) characters in string: ""Tier Fiyat Farkı"". Use Technical Academic English for code strings.
    ⚠️ Ln 19:46 — Non-English (Turkish) characters in string: ""Kullanılan/Toplam Özellik"". Use Technical Academic English for code strings.
    ⚠️ Ln 20:42 — Non-English (Turkish) characters in string: ""Aşım Kullanım Bedeli"". Use Technical Academic English for code strings.

  📄 scripts/generated-premium/scaffold-rental-cost-analyzer.ts
    ⚠️ Ln 10:9 — Non-English (Turkish) characters in string: ""İSKELE KİRALAMA"". Use Technical Academic English for code strings.
    ⚠️ Ln 13:18 — Non-English (Turkish) characters in string: ""İSKELE KİRALAMA — premium analysis tool."". Use Technical Academic English for code strings.
    ⚠️ Ln 15:36 — Non-English (Turkish) characters in string: ""Çevre/Yükseklik"". Use Technical Academic English for code strings.
    ⚠️ Ln 16:26 — Non-English (Turkish) characters in string: ""Süre"". Use Technical Academic English for code strings.
    ⚠️ Ln 17:39 — Non-English (Turkish) characters in string: ""m² Kiralama/İşçilik"". Use Technical Academic English for code strings.
    ⚠️ Ln 46:12 — Non-English (Turkish) characters in string: ""İSKELE KİRALAMA Report"". Use Technical Academic English for code strings.

  📄 scripts/generated-premium/schema-pipelines.ts
    ⚠️ Ln 17:15 — Non-English (Turkish) characters in string: ""AI TOKEN MALİYET"". Use Technical Academic English for code strings.
    ⚠️ Ln 30:15 — Non-English (Turkish) characters in string: ""ALTI SİGMA PROJE ÖNCELİKLENDİRİCİ"". Use Technical Academic English for code strings.
    ⚠️ Ln 44:15 — Non-English (Turkish) characters in string: ""AQL SAMPLING RİSK & MALİYET"". Use Technical Academic English for code strings.
    ⚠️ Ln 61:15 — Non-English (Turkish) characters in string: ""ARAÇ AMORTİSMANI"". Use Technical Academic English for code strings.
    ⚠️ Ln 76:15 — Non-English (Turkish) characters in string: ""ARIZA SÜRESİ MALİYETİ"". Use Technical Academic English for code strings.
    ⚠️ Ln 116:15 — Non-English (Turkish) characters in string: ""AUTO SHOP MARJ KAÇAK"". Use Technical Academic English for code strings.
    ⚠️ Ln 131:15 — Non-English (Turkish) characters in string: ""BASINÇ VESSEL KALINLIK"". Use Technical Academic English for code strings.
    ⚠️ Ln 145:15 — Non-English (Turkish) characters in string: ""BASINÇLI HAVA ENERJİ"". Use Technical Academic English for code strings.
    ⚠️ Ln 158:15 — Non-English (Turkish) characters in string: ""BAŞABAŞ NOKTASI"". Use Technical Academic English for code strings.
    ⚠️ Ln 172:15 — Non-English (Turkish) characters in string: ""BETON HACMİ"". Use Technical Academic English for code strings.
    ⚠️ Ln 202:15 — Non-English (Turkish) characters in string: ""CBAM MARUZİYET"". Use Technical Academic English for code strings.
    ⚠️ Ln 230:15 — Non-English (Turkish) characters in string: ""CHATTER YÜZEY KALİTE"". Use Technical Academic English for code strings.
    ⚠️ Ln 259:15 — Non-English (Turkish) characters in string: ""CİRO MALİYETİ"". Use Technical Academic English for code strings.
    ⚠️ Ln 315:15 — Non-English (Turkish) characters in string: ""CNC ÇEVRİM SÜRESİ"". Use Technical Academic English for code strings.
    ⚠️ Ln 330:15 — Non-English (Turkish) characters in string: ""CNC İŞLEME MALİYETİ"". Use Technical Academic English for code strings.
    ⚠️ Ln 361:15 — Non-English (Turkish) characters in string: ""CPM GECİKME CEZASI"". Use Technical Academic English for code strings.
    ⚠️ Ln 377:15 — Non-English (Turkish) characters in string: ""ÇATI ALANI"". Use Technical Academic English for code strings.
    ⚠️ Ln 392:15 — Non-English (Turkish) characters in string: ""DARBOĞAZ YATIRIM"". Use Technical Academic English for code strings.
    ⚠️ Ln 407:15 — Non-English (Turkish) characters in string: ""DEĞİŞİM MATRİSİ SMED"". Use Technical Academic English for code strings.
    ⚠️ Ln 423:15 — Non-English (Turkish) characters in string: ""DEPO YERLEŞİMİ"". Use Technical Academic English for code strings.
    ⚠️ Ln 439:15 — Non-English (Turkish) characters in string: ""DEVAMSIZLIK MALİYETİ"". Use Technical Academic English for code strings.
    ⚠️ Ln 454:15 — Non-English (Turkish) characters in string: ""DIGITAL TWIN MALİYET"". Use Technical Academic English for code strings.
    ⚠️ Ln 468:15 — Non-English (Turkish) characters in string: ""DİKİŞ HATTI DENGELEYİCİ"". Use Technical Academic English for code strings.
    ⚠️ Ln 484:15 — Non-English (Turkish) characters in string: ""DYE REÇETE MALİYET"". Use Technical Academic English for code strings.
    ⚠️ Ln 500:15 — Non-English (Turkish) characters in string: ""ENERJİ TÜKETİM RAPORU"". Use Technical Academic English for code strings.
    ⚠️ Ln 563:15 — Non-English (Turkish) characters in string: ""EVM MALİYET FORECAST"". Use Technical Academic English for code strings.
    ⚠️ Ln 580:15 — Non-English (Turkish) characters in string: ""FABRİKA YERLEŞİM MESAFE"". Use Technical Academic English for code strings.
    ⚠️ Ln 595:15 — Non-English (Turkish) characters in string: ""FAİZ ORANI RİSKİ"". Use Technical Academic English for code strings.
    ⚠️ Ln 626:15 — Non-English (Turkish) characters in string: ""FİYAT ESNEKLİĞİ"". Use Technical Academic English for code strings.
    ⚠️ Ln 656:15 — Non-English (Turkish) characters in string: ""GAGE R&R MALİYET"". Use Technical Academic English for code strings.
    ⚠️ Ln 673:15 — Non-English (Turkish) characters in string: ""GIDA FİRE MARJ"". Use Technical Academic English for code strings.
    ⚠️ Ln 690:15 — Non-English (Turkish) characters in string: ""GÜBRE DOZAJ"". Use Technical Academic English for code strings.
    ⚠️ Ln 722:15 — Non-English (Turkish) characters in string: ""HACİMSEL AĞIRLIK"". Use Technical Academic English for code strings.
    ⚠️ Ln 738:15 — Non-English (Turkish) characters in string: ""HAFİFLİK MALİYET TASARRUFU"". Use Technical Academic English for code strings.
    ⚠️ Ln 753:15 — Non-English (Turkish) characters in string: ""HURDA ORANI OPTİMİZE"". Use Technical Academic English for code strings.
    ⚠️ Ln 769:15 — Non-English (Turkish) characters in string: ""HVAC KAPASİTE"". Use Technical Academic English for code strings.
    ⚠️ Ln 786:15 — Non-English (Turkish) characters in string: ""HYDRAULIC SİSTEM KAYIP"". Use Technical Academic English for code strings.
    ⚠️ Ln 834:15 — Non-English (Turkish) characters in string: ""İÇ VERİM ORANI IRR"". Use Technical Academic English for code strings.
    ⚠️ Ln 849:15 — Non-English (Turkish) characters in string: ""İLERLEME YEM MALİYET"". Use Technical Academic English for code strings.
    ⚠️ Ln 865:15 — Non-English (Turkish) characters in string: ""İSKELE KİRALAMA"". Use Technical Academic English for code strings.
    ⚠️ Ln 882:15 — Non-English (Turkish) characters in string: ""İSTATİSTİKSEL PROSES KONTROL"". Use Technical Academic English for code strings.
    ⚠️ Ln 899:15 — Non-English (Turkish) characters in string: ""İŞLEME STRATEJİSİ SÜRE"". Use Technical Academic English for code strings.
    ⚠️ Ln 915:15 — Non-English (Turkish) characters in string: ""KAIZEN TASARRUF TAKİPÇİSİ"". Use Technical Academic English for code strings.
    ⚠️ Ln 1006:15 — Non-English (Turkish) characters in string: ""Kesim Parameters Takım ömrü"". Use Technical Academic English for code strings.
    ⚠️ Ln 1036:15 — Non-English (Turkish) characters in string: ""Kiriş Ağırlığı"". Use Technical Academic English for code strings.
    ⚠️ Ln 1052:15 — Non-English (Turkish) characters in string: ""Kompresör Kaçağı Maliyet"". Use Technical Academic English for code strings.
    ⚠️ Ln 1067:15 — Non-English (Turkish) characters in string: ""Kompresör Tankı Boyutlandırma"". Use Technical Academic English for code strings.
    ⚠️ Ln 1084:15 — Non-English (Turkish) characters in string: ""Konteyner Yükü"". Use Technical Academic English for code strings.
    ⚠️ Ln 1099:15 — Non-English (Turkish) characters in string: ""Kumaş Kesim Optimize Edici"". Use Technical Academic English for code strings.
    ⚠️ Ln 1143:15 — Non-English (Turkish) characters in string: ""Lojistik Rota Kaybı"". Use Technical Academic English for code strings.
    ⚠️ Ln 1158:15 — Non-English (Turkish) characters in string: ""Mağaza Saatlik Ücret"". Use Technical Academic English for code strings.
    ⚠️ Ln 1173:15 — Non-English (Turkish) characters in string: ""Mahsul Verim Kaybı Analizörü"". Use Technical Academic English for code strings.
    ⚠️ Ln 1189:15 — Non-English (Turkish) characters in string: ""Makine Ekonomik Ömrü"". Use Technical Academic English for code strings.
    ⚠️ Ln 1248:15 — Non-English (Turkish) characters in string: ""Muda Atık Maliyet"". Use Technical Academic English for code strings.
    ⚠️ Ln 1264:15 — Non-English (Turkish) characters in string: ""Nakit Akışı Açığı"". Use Technical Academic English for code strings.
    ⚠️ Ln 1312:15 — Non-English (Turkish) characters in string: ""OEE ve Durma Süresi"". Use Technical Academic English for code strings.
    ⚠️ Ln 1357:15 — Non-English (Turkish) characters in string: ""Ödeme Vadesi Optimize Edici"". Use Technical Academic English for code strings.
    ⚠️ Ln 1372:15 — Non-English (Turkish) characters in string: ""Öğrenme Eğrisi Süre Tahmincisi"". Use Technical Academic English for code strings.
    ⚠️ Ln 1388:15 — Non-English (Turkish) characters in string: ""Örneklem Büyüklüğü (Endüstri Mühendisliği)"". Use Technical Academic English for code strings.
    ⚠️ Ln 1403:15 — Non-English (Turkish) characters in string: ""Palet Rafı Optimize Edici"". Use Technical Academic English for code strings.
    ⚠️ Ln 1481:15 — Non-English (Turkish) characters in string: ""reçete Maliyet Check"". Use Technical Academic English for code strings.
    ⚠️ Ln 1496:15 — Non-English (Turkish) characters in string: ""Restaurant Menü Marj Kaçak"". Use Technical Academic English for code strings.
    ⚠️ Ln 1512:15 — Non-English (Turkish) characters in string: ""Robot Kol vs. Manuel İşçi"". Use Technical Academic English for code strings.
    ⚠️ Ln 1544:15 — Non-English (Turkish) characters in string: ""Rota Optimizasyonu Analizörü"". Use Technical Academic English for code strings.
    ⚠️ Ln 1559:15 — Non-English (Turkish) characters in string: ""Rüzgar Türbini Yatırım Getirisi"". Use Technical Academic English for code strings.
    ⚠️ Ln 1591:15 — Non-English (Turkish) characters in string: ""Saatlik Ücret"". Use Technical Academic English for code strings.
    ⚠️ Ln 1606:15 — Non-English (Turkish) characters in string: ""SMED Değişim Optimize Edici"". Use Technical Academic English for code strings.
    ⚠️ Ln 1621:15 — Non-English (Turkish) characters in string: ""Sözleşme Teşvik"". Use Technical Academic English for code strings.
    ⚠️ Ln 1653:15 — Non-English (Turkish) characters in string: ""Steam Trap Enerji kayıp"". Use Technical Academic English for code strings.
    ⚠️ Ln 1668:15 — Non-English (Turkish) characters in string: ""Stok Devir hızı risk"". Use Technical Academic English for code strings.
    ⚠️ Ln 1683:15 — Non-English (Turkish) characters in string: ""Su Kullanımı Optimize Edici"". Use Technical Academic English for code strings.
    ⚠️ Ln 1728:15 — Non-English (Turkish) characters in string: ""Süt Kâr Dedektörü"". Use Technical Academic English for code strings.
    ⚠️ Ln 1743:15 — Non-English (Turkish) characters in string: ""Taguchi kalite kayıp Fonksiyon"". Use Technical Academic English for code strings.
    ⚠️ Ln 1758:15 — Non-English (Turkish) characters in string: ""Takım Aşınma Maliyeti"". Use Technical Academic English for code strings.
    ⚠️ Ln 1772:15 — Non-English (Turkish) characters in string: ""Takt Süre Flexibility Maliyet"". Use Technical Academic English for code strings.
    ⚠️ Ln 1799:15 — Non-English (Turkish) characters in string: ""Tamirhane Parça ve İşçilik Teklif"". Use Technical Academic English for code strings.
    ⚠️ Ln 1814:15 — Non-English (Turkish) characters in string: ""Taşeron Marj Sızıntı Dedektörü"". Use Technical Academic English for code strings.
    ⚠️ Ln 1828:15 — Non-English (Turkish) characters in string: ""Taşıma Mode Maliyet risk"". Use Technical Academic English for code strings.
    ⚠️ Ln 1843:15 — Non-English (Turkish) characters in string: ""Tedarik Zinciri Kesintisi Risk Değerlendirmesi"". Use Technical Academic English for code strings.
    ⚠️ Ln 1857:15 — Non-English (Turkish) characters in string: ""Tedarikçi Döviz Kuru Riski"". Use Technical Academic English for code strings.
    ⚠️ Ln 1871:15 — Non-English (Turkish) characters in string: ""Teklif Risk Analizörü"". Use Technical Academic English for code strings.
    ⚠️ Ln 1899:15 — Non-English (Turkish) characters in string: ""Tekstil Atığı Risk Değerlendirmesi"". Use Technical Academic English for code strings.
    ⚠️ Ln 1943:15 — Non-English (Turkish) characters in string: ""Tohum Oranı"". Use Technical Academic English for code strings.
    ⚠️ Ln 1958:15 — Non-English (Turkish) characters in string: ""Toplam Çalışan Maliyeti"". Use Technical Academic English for code strings.
    ⚠️ Ln 1973:15 — Non-English (Turkish) characters in string: ""Transfer Fiyatlandırması Optimize Edici"". Use Technical Academic English for code strings.
    ⚠️ Ln 1987:15 — Non-English (Turkish) characters in string: ""ürün Complexity Hidden Maliyet"". Use Technical Academic English for code strings.
    ⚠️ Ln 2001:15 — Non-English (Turkish) characters in string: ""Vakum Kaçağı Enerji Kaybı"". Use Technical Academic English for code strings.
    ⚠️ Ln 2015:15 — Non-English (Turkish) characters in string: ""Vardiya Maliyet Verimliliği"". Use Technical Academic English for code strings.
    ⚠️ Ln 2030:15 — Non-English (Turkish) characters in string: ""Vsm finansal Dönüştürücü"". Use Technical Academic English for code strings.
    ⚠️ Ln 2044:15 — Non-English (Turkish) characters in string: ""WPS Preheat Sıcaklık"". Use Technical Academic English for code strings.
    ⚠️ Ln 2057:15 — Non-English (Turkish) characters in string: ""Yakıt Rota Sapma"". Use Technical Academic English for code strings.
    ⚠️ Ln 2072:15 — Non-English (Turkish) characters in string: ""Yangın Hidrantı Akış"". Use Technical Academic English for code strings.
    ⚠️ Ln 2086:15 — Non-English (Turkish) characters in string: ""Yenileme Bütçesi Optimize Edici"". Use Technical Academic English for code strings.
    ⚠️ Ln 2129:15 — Non-English (Turkish) characters in string: ""Zaman Etüdü Analizörü"". Use Technical Academic English for code strings.

  📄 scripts/generated-premium/scrap-rate-optimize-analyzer.ts
    ⚠️ Ln 10:9 — Non-English (Turkish) characters in string: ""HURDA ORANI OPTİMİZE"". Use Technical Academic English for code strings.
    ⚠️ Ln 13:18 — Non-English (Turkish) characters in string: ""HURDA ORANI OPTİMİZE — premium analysis tool."". Use Technical Academic English for code strings.
    ⚠️ Ln 44:12 — Non-English (Turkish) characters in string: ""HURDA ORANI OPTİMİZE Report"". Use Technical Academic English for code strings.

  📄 scripts/generated-premium/seed-rate-analyzer.ts
    ⚠️ Ln 10:9 — Non-English (Turkish) characters in string: ""Tohum Oranı"". Use Technical Academic English for code strings.
    ⚠️ Ln 13:18 — Non-English (Turkish) characters in string: ""Tohum Oranı — premium analysis tool."". Use Technical Academic English for code strings.
    ⚠️ Ln 16:43 — Non-English (Turkish) characters in string: ""Hedef Bitki Sayısı m2"". Use Technical Academic English for code strings.
    ⚠️ Ln 17:47 — Non-English (Turkish) characters in string: ""Çimlenme/Tarla Çıkış Oranı"". Use Technical Academic English for code strings.
    ⚠️ Ln 18:37 — Non-English (Turkish) characters in string: ""Tohum kg Fiyatı"". Use Technical Academic English for code strings.
    ⚠️ Ln 19:53 — Non-English (Turkish) characters in string: ""Mahsul Piyasa Fiyatı currency/kg"". Use Technical Academic English for code strings.
    ⚠️ Ln 42:12 — Non-English (Turkish) characters in string: ""Tohum Oranı Report"". Use Technical Academic English for code strings.

  📄 scripts/generated-premium/sewing-line-balance-analyzer-pro.ts
    ⚠️ Ln 10:9 — Non-English (Turkish) characters in string: ""DİKİŞ HATTI DENGELEYİCİ"". Use Technical Academic English for code strings.
    ⚠️ Ln 13:18 — Non-English (Turkish) characters in string: ""DİKİŞ HATTI DENGELEYİCİ — premium analysis tool."". Use Technical Academic English for code strings.
    ⚠️ Ln 15:34 — Non-English (Turkish) characters in string: ""SMV Süreleri"". Use Technical Academic English for code strings.
    ⚠️ Ln 16:34 — Non-English (Turkish) characters in string: ""Vardiya/Duruş"". Use Technical Academic English for code strings.
    ⚠️ Ln 18:30 — Non-English (Turkish) characters in string: ""Operatör"". Use Technical Academic English for code strings.
    ⚠️ Ln 44:12 — Non-English (Turkish) characters in string: ""DİKİŞ HATTI DENGELEYİCİ Report"". Use Technical Academic English for code strings.

  📄 scripts/generated-premium/shift-cost-efficiency-analyzer.ts
    ⚠️ Ln 10:9 — Non-English (Turkish) characters in string: ""Vardiya Maliyet Verimliliği"". Use Technical Academic English for code strings.
    ⚠️ Ln 13:18 — Non-English (Turkish) characters in string: ""Vardiya Maliyet Verimliliği — premium analysis tool."". Use Technical Academic English for code strings.
    ⚠️ Ln 15:58 — Non-English (Turkish) characters in string: ""Vardiya/Planlı/Plansız Duruş Süresi dk"". Use Technical Academic English for code strings.
    ⚠️ Ln 16:37 — Non-English (Turkish) characters in string: ""Operatör Sayısı"". Use Technical Academic English for code strings.
    ⚠️ Ln 17:36 — Non-English (Turkish) characters in string: ""Makine Gücü kW"". Use Technical Academic English for code strings.
    ⚠️ Ln 19:35 — Non-English (Turkish) characters in string: ""Saatlik Ücret"". Use Technical Academic English for code strings.
    ⚠️ Ln 20:41 — Non-English (Turkish) characters in string: ""Sağlam Üretim Adedi"". Use Technical Academic English for code strings.
    ⚠️ Ln 43:12 — Non-English (Turkish) characters in string: ""Vardiya Maliyet Verimliliği Report"". Use Technical Academic English for code strings.

  📄 scripts/generated-premium/shop-hourly-rate-analyzer.ts
    ⚠️ Ln 10:9 — Non-English (Turkish) characters in string: ""Mağaza Saatlik Ücret"". Use Technical Academic English for code strings.
    ⚠️ Ln 13:18 — Non-English (Turkish) characters in string: ""Mağaza Saatlik Ücret — premium analysis tool."". Use Technical Academic English for code strings.
    ⚠️ Ln 15:45 — Non-English (Turkish) characters in string: ""Teknisyen/İdari Ücretler"". Use Technical Academic English for code strings.
    ⚠️ Ln 19:36 — Non-English (Turkish) characters in string: ""Hedef Kâr Marjı"". Use Technical Academic English for code strings.
    ⚠️ Ln 20:46 — Non-English (Turkish) characters in string: ""Gerçek Faturalama Ücreti"". Use Technical Academic English for code strings.
    ⚠️ Ln 42:12 — Non-English (Turkish) characters in string: ""Mağaza Saatlik Ücret Report"". Use Technical Academic English for code strings.

  📄 scripts/generated-premium/six-sigma-project-prioritizer.ts
    ⚠️ Ln 10:9 — Non-English (Turkish) characters in string: ""ALTI SİGMA PROJE ÖNCELİKLENDİRİCİ"". Use Technical Academic English for code strings.
    ⚠️ Ln 13:18 — Non-English (Turkish) characters in string: ""ALTI SİGMA PROJE ÖNCELİKLENDİRİCİ — premium analysis tool."". Use Technical Academic English for code strings.
    ⚠️ Ln 15:34 — Non-English (Turkish) characters in string: ""Üretim Hacmi"". Use Technical Academic English for code strings.
    ⚠️ Ln 16:34 — Non-English (Turkish) characters in string: ""Hatalı Birim"". Use Technical Academic English for code strings.
    ⚠️ Ln 17:34 — Non-English (Turkish) characters in string: ""Hata Fırsatı"". Use Technical Academic English for code strings.
    ⚠️ Ln 18:49 — Non-English (Turkish) characters in string: ""İç/Dış Başarısızlık Maliyeti"". Use Technical Academic English for code strings.
    ⚠️ Ln 21:40 — Non-English (Turkish) characters in string: ""Kurtarma Olasılığı"". Use Technical Academic English for code strings.
    ⚠️ Ln 41:12 — Non-English (Turkish) characters in string: ""ALTI SİGMA PROJE ÖNCELİKLENDİRİCİ Report"". Use Technical Academic English for code strings.

  📄 scripts/generated-premium/smed-changeover-matrix-analyzer.ts
    ⚠️ Ln 10:9 — Non-English (Turkish) characters in string: ""DEĞİŞİM MATRİSİ SMED"". Use Technical Academic English for code strings.
    ⚠️ Ln 13:18 — Non-English (Turkish) characters in string: ""DEĞİŞİM MATRİSİ SMED — premium analysis tool."". Use Technical Academic English for code strings.
    ⚠️ Ln 15:39 — Non-English (Turkish) characters in string: ""İç/Dış Ayar Süresi"". Use Technical Academic English for code strings.
    ⚠️ Ln 16:35 — Non-English (Turkish) characters in string: ""Aylık Değişim"". Use Technical Academic English for code strings.
    ⚠️ Ln 17:38 — Non-English (Turkish) characters in string: ""Dönüştürme Oranı"". Use Technical Academic English for code strings.
    ⚠️ Ln 18:34 — Non-English (Turkish) characters in string: ""Yıllık Talep"". Use Technical Academic English for code strings.
    ⚠️ Ln 19:37 — Non-English (Turkish) characters in string: ""Taşıma Maliyeti"". Use Technical Academic English for code strings.
    ⚠️ Ln 20:35 — Non-English (Turkish) characters in string: ""Makine Ücreti"". Use Technical Academic English for code strings.
    ⚠️ Ln 44:12 — Non-English (Turkish) characters in string: ""DEĞİŞİM MATRİSİ SMED Report"". Use Technical Academic English for code strings.

  📄 scripts/generated-premium/smed-changeover-optimizer-analyzer.ts
    ⚠️ Ln 10:9 — Non-English (Turkish) characters in string: ""SMED Değişim Optimize Edici"". Use Technical Academic English for code strings.
    ⚠️ Ln 13:18 — Non-English (Turkish) characters in string: ""SMED Değişim Optimize Edici — premium analysis tool."". Use Technical Academic English for code strings.
    ⚠️ Ln 15:42 — Non-English (Turkish) characters in string: ""Mevcut İç/Dış Ayar dk"". Use Technical Academic English for code strings.
    ⚠️ Ln 16:38 — Non-English (Turkish) characters in string: ""Değişim Frekansı"". Use Technical Academic English for code strings.
    ⚠️ Ln 17:38 — Non-English (Turkish) characters in string: ""Hedef İç Ayar dk"". Use Technical Academic English for code strings.
    ⚠️ Ln 18:38 — Non-English (Turkish) characters in string: ""Dönüştürme Oranı"". Use Technical Academic English for code strings.
    ⚠️ Ln 19:54 — Non-English (Turkish) characters in string: ""Darboğaz Çıktı Değeri currency/dk"". Use Technical Academic English for code strings.
    ⚠️ Ln 20:35 — Non-English (Turkish) characters in string: ""SMED Yatırımı"". Use Technical Academic English for code strings.
    ⚠️ Ln 21:39 — Non-English (Turkish) characters in string: ""Vardiya Süresi dk"". Use Technical Academic English for code strings.
    ⚠️ Ln 43:12 — Non-English (Turkish) characters in string: ""SMED Değişim Optimize Edici Report"". Use Technical Academic English for code strings.

  📄 scripts/generated-premium/spc-limit-control-analyzer.ts
    ⚠️ Ln 10:9 — Non-English (Turkish) characters in string: ""İSTATİSTİKSEL PROSES KONTROL"". Use Technical Academic English for code strings.
    ⚠️ Ln 13:18 — Non-English (Turkish) characters in string: ""İSTATİSTİKSEL PROSES KONTROL — premium analysis tool."". Use Technical Academic English for code strings.
    ⚠️ Ln 46:12 — Non-English (Turkish) characters in string: ""İSTATİSTİKSEL PROSES KONTROL Report"". Use Technical Academic English for code strings.

  📄 scripts/generated-premium/spc-signal-delay-analyzer.ts
    ⚠️ Ln 16:44 — Non-English (Turkish) characters in string: ""Örnekleme Aralığı saat"". Use Technical Academic English for code strings.
    ⚠️ Ln 17:42 — Non-English (Turkish) characters in string: ""Üretim Hızı adet/saat"". Use Technical Academic English for code strings.
    ⚠️ Ln 18:36 — Non-English (Turkish) characters in string: ""Hata Oranı OOC"". Use Technical Academic English for code strings.
    ⚠️ Ln 19:41 — Non-English (Turkish) characters in string: ""Hata Başına Maliyet"". Use Technical Academic English for code strings.
    ⚠️ Ln 20:40 — Non-English (Turkish) characters in string: ""Araştırma İşçiliği"". Use Technical Academic English for code strings.

  📄 scripts/generated-premium/standard-time-work-study-calculator.ts
    ⚠️ Ln 10:9 — Non-English (Turkish) characters in string: ""Zaman Etüdü Analizörü"". Use Technical Academic English for code strings.
    ⚠️ Ln 13:18 — Non-English (Turkish) characters in string: ""Zaman Etüdü Analizörü — premium analysis tool."". Use Technical Academic English for code strings.
    ⚠️ Ln 15:47 — Non-English (Turkish) characters in string: ""Gözlemlenen Süreler array"". Use Technical Academic English for code strings.
    ⚠️ Ln 16:46 — Non-English (Turkish) characters in string: ""Performans Değerlendirme"". Use Technical Academic English for code strings.
    ⚠️ Ln 17:53 — Non-English (Turkish) characters in string: ""Kişisel/Yorgunluk/Gecikme Payları"". Use Technical Academic English for code strings.
    ⚠️ Ln 18:35 — Non-English (Turkish) characters in string: ""Saatlik Ücret"". Use Technical Academic English for code strings.
    ⚠️ Ln 19:39 — Non-English (Turkish) characters in string: ""Vardiya Süresi dk"". Use Technical Academic English for code strings.
    ⚠️ Ln 20:41 — Non-English (Turkish) characters in string: ""Gerçek Üretim Adedi"". Use Technical Academic English for code strings.
    ⚠️ Ln 42:12 — Non-English (Turkish) characters in string: ""Zaman Etüdü Analizörü Report"". Use Technical Academic English for code strings.

  📄 scripts/generated-premium/steam-trap-energy-loss-analyzer.ts
    ⚠️ Ln 10:9 — Non-English (Turkish) characters in string: ""Steam Trap Enerji kayıp"". Use Technical Academic English for code strings.
    ⚠️ Ln 13:18 — Non-English (Turkish) characters in string: ""Steam Trap Enerji kayıp — premium analysis tool."". Use Technical Academic English for code strings.
    ⚠️ Ln 15:35 — Non-English (Turkish) characters in string: ""Delik Çapı mm"". Use Technical Academic English for code strings.
    ⚠️ Ln 16:38 — Non-English (Turkish) characters in string: ""Basınç Farkı bar"". Use Technical Academic English for code strings.
    ⚠️ Ln 18:48 — Non-English (Turkish) characters in string: ""Arızalı/Sağlam Kapan Sayısı"". Use Technical Academic English for code strings.
    ⚠️ Ln 19:41 — Non-English (Turkish) characters in string: ""Yıllık Çalışma saat"". Use Technical Academic English for code strings.
    ⚠️ Ln 20:55 — Non-English (Turkish) characters in string: ""Buhar Üretim Maliyeti currency/kWh"". Use Technical Academic English for code strings.
    ⚠️ Ln 21:44 — Non-English (Turkish) characters in string: ""Kapan Değişim Maliyeti"". Use Technical Academic English for code strings.
    ⚠️ Ln 43:12 — Non-English (Turkish) characters in string: ""Steam Trap Enerji kayıp Report"". Use Technical Academic English for code strings.

  📄 scripts/generated-premium/subcontractor-margin-leak-analyzer.ts
    ⚠️ Ln 10:9 — Non-English (Turkish) characters in string: ""Taşeron Marj Sızıntı Dedektörü"". Use Technical Academic English for code strings.
    ⚠️ Ln 13:18 — Non-English (Turkish) characters in string: ""Taşeron Marj Sızıntı Dedektörü — premium analysis tool."". Use Technical Academic English for code strings.
    ⚠️ Ln 15:37 — Non-English (Turkish) characters in string: ""Sözleşme Bedeli"". Use Technical Academic English for code strings.
    ⚠️ Ln 16:43 — Non-English (Turkish) characters in string: ""Taşeron Teklif Bedeli"". Use Technical Academic English for code strings.
    ⚠️ Ln 17:50 — Non-English (Turkish) characters in string: ""Gerçekleşen Taşeron Hakedişi"". Use Technical Academic English for code strings.
    ⚠️ Ln 18:44 — Non-English (Turkish) characters in string: ""Change Order Tutarları"". Use Technical Academic English for code strings.
    ⚠️ Ln 20:38 — Non-English (Turkish) characters in string: ""Gecikme Cezaları"". Use Technical Academic English for code strings.
    ⚠️ Ln 40:12 — Non-English (Turkish) characters in string: ""Taşeron Marj Sızıntı Dedektörü Report"". Use Technical Academic English for code strings.

  📄 scripts/generated-premium/supplier-currency-risk-analyzer.ts
    ⚠️ Ln 10:9 — Non-English (Turkish) characters in string: ""Tedarikçi Döviz Kuru Riski"". Use Technical Academic English for code strings.
    ⚠️ Ln 13:18 — Non-English (Turkish) characters in string: ""Tedarikçi Döviz Kuru Riski — premium analysis tool."". Use Technical Academic English for code strings.
    ⚠️ Ln 15:49 — Non-English (Turkish) characters in string: ""Döviz Cinsi Sözleşme Bedeli"". Use Technical Academic English for code strings.
    ⚠️ Ln 19:36 — Non-English (Turkish) characters in string: ""Zaman Ufku gün"". Use Technical Academic English for code strings.
    ⚠️ Ln 21:50 — Non-English (Turkish) characters in string: ""Döviz Ayarlama Klozu Faktörü"". Use Technical Academic English for code strings.
    ⚠️ Ln 41:12 — Non-English (Turkish) characters in string: ""Tedarikçi Döviz Kuru Riski Report"". Use Technical Academic English for code strings.

  📄 scripts/generated-premium/supplier-performance-tco-analyzer.ts
    ⚠️ Ln 15:35 — Non-English (Turkish) characters in string: ""Teklif Fiyatı"". Use Technical Academic English for code strings.
    ⚠️ Ln 16:45 — Non-English (Turkish) characters in string: ""Sipariş/Nakliye Maliyeti"". Use Technical Academic English for code strings.
    ⚠️ Ln 17:36 — Non-English (Turkish) characters in string: ""Hata Oranı PPM"". Use Technical Academic English for code strings.
    ⚠️ Ln 19:35 — Non-English (Turkish) characters in string: ""Lead Time gün"". Use Technical Academic English for code strings.
    ⚠️ Ln 20:40 — Non-English (Turkish) characters in string: ""Güvenlik Stoğu gün"". Use Technical Academic English for code strings.
    ⚠️ Ln 21:39 — Non-English (Turkish) characters in string: ""Kesinti Olasılığı"". Use Technical Academic English for code strings.

  📄 scripts/generated-premium/supply-chain-disruption-analyzer.ts
    ⚠️ Ln 10:9 — Non-English (Turkish) characters in string: ""Tedarik Zinciri Kesintisi Risk Değerlendirmesi"". Use Technical Academic English for code strings.
    ⚠️ Ln 13:18 — Non-English (Turkish) characters in string: ""Tedarik Zinciri Kesintisi Risk Değerlendirmesi — premium an". Use Technical Academic English for code strings.
    ⚠️ Ln 15:39 — Non-English (Turkish) characters in string: ""Kesinti Olasılığı"". Use Technical Academic English for code strings.
    ⚠️ Ln 16:34 — Non-English (Turkish) characters in string: ""Günlük Gelir"". Use Technical Academic English for code strings.
    ⚠️ Ln 17:43 — Non-English (Turkish) characters in string: ""Tamamlanma Süresi gün"". Use Technical Academic English for code strings.
    ⚠️ Ln 19:47 — Non-English (Turkish) characters in string: ""Çift Kaynak Prim Maliyeti"". Use Technical Academic English for code strings.
    ⚠️ Ln 21:45 — Non-English (Turkish) characters in string: ""Güvenlik Stoğu Maliyeti"". Use Technical Academic English for code strings.
    ⚠️ Ln 41:12 — Non-English (Turkish) characters in string: ""Tedarik Zinciri Kesintisi Risk Değerlendirmesi Report"". Use Technical Academic English for code strings.

  📄 scripts/generated-premium/taguchi-quality-loss-analyzer.ts
    ⚠️ Ln 10:9 — Non-English (Turkish) characters in string: ""Taguchi kalite kayıp Fonksiyon"". Use Technical Academic English for code strings.
    ⚠️ Ln 13:18 — Non-English (Turkish) characters in string: ""Taguchi kalite kayıp Fonksiyon — premium analysis tool."". Use Technical Academic English for code strings.
    ⚠️ Ln 15:33 — Non-English (Turkish) characters in string: ""Hedef Değer"". Use Technical Academic English for code strings.
    ⚠️ Ln 16:37 — Non-English (Turkish) characters in string: ""Tolerans Sınırı"". Use Technical Academic English for code strings.
    ⚠️ Ln 18:42 — Non-English (Turkish) characters in string: ""Gerçekleşen Ortalama"". Use Technical Academic English for code strings.
    ⚠️ Ln 20:35 — Non-English (Turkish) characters in string: ""Yıllık Üretim"". Use Technical Academic English for code strings.
    ⚠️ Ln 21:35 — Non-English (Turkish) characters in string: ""S/N Oranı Tipi"". Use Technical Academic English for code strings.
    ⚠️ Ln 43:12 — Non-English (Turkish) characters in string: ""Taguchi kalite kayıp Fonksiyon Report"". Use Technical Academic English for code strings.

  📄 scripts/generated-premium/takt-time-flexibility-analyzer.ts
    ⚠️ Ln 10:9 — Non-English (Turkish) characters in string: ""Takt Süre Flexibility Maliyet"". Use Technical Academic English for code strings.
    ⚠️ Ln 13:18 — Non-English (Turkish) characters in string: ""Takt Süre Flexibility Maliyet — premium analysis tool."". Use Technical Academic English for code strings.
    ⚠️ Ln 15:43 — Non-English (Turkish) characters in string: ""Çevrim Süreleri array"". Use Technical Academic English for code strings.
    ⚠️ Ln 16:44 — Non-English (Turkish) characters in string: ""Kullanılabilir Süre dk"". Use Technical Academic English for code strings.
    ⚠️ Ln 17:41 — Non-English (Turkish) characters in string: ""Müşteri Talebi adet"". Use Technical Academic English for code strings.
    ⚠️ Ln 18:37 — Non-English (Turkish) characters in string: ""Operatör Sayısı"". Use Technical Academic English for code strings.
    ⚠️ Ln 19:41 — Non-English (Turkish) characters in string: ""Çapraz Eğitim Saati"". Use Technical Academic English for code strings.
    ⚠️ Ln 20:49 — Non-English (Turkish) characters in string: ""İşçilik/Denge Kaybı Maliyeti"". Use Technical Academic English for code strings.
    ⚠️ Ln 40:12 — Non-English (Turkish) characters in string: ""Takt Süre Flexibility Maliyet Report"". Use Technical Academic English for code strings.

  📄 scripts/generated-premium/textile-waste-risk-analyzer.ts
    ⚠️ Ln 10:9 — Non-English (Turkish) characters in string: ""Tekstil Atığı Risk Değerlendirmesi"". Use Technical Academic English for code strings.
    ⚠️ Ln 13:18 — Non-English (Turkish) characters in string: ""Tekstil Atığı Risk Değerlendirmesi — premium analysis tool.". Use Technical Academic English for code strings.
    ⚠️ Ln 15:46 — Non-English (Turkish) characters in string: ""Giren Kumaş/Çıkan Ürün kg"". Use Technical Academic English for code strings.
    ⚠️ Ln 17:37 — Non-English (Turkish) characters in string: ""Kumaş kg Fiyatı"". Use Technical Academic English for code strings.
    ⚠️ Ln 18:37 — Non-English (Turkish) characters in string: ""İşleme Maliyeti"". Use Technical Academic English for code strings.
    ⚠️ Ln 19:37 — Non-English (Turkish) characters in string: ""Depolama Ücreti"". Use Technical Academic English for code strings.
    ⚠️ Ln 20:47 — Non-English (Turkish) characters in string: ""Hurda Geri Kazanım Değeri"". Use Technical Academic English for code strings.
    ⚠️ Ln 42:12 — Non-English (Turkish) characters in string: ""Tekstil Atığı Risk Değerlendirmesi Report"". Use Technical Academic English for code strings.

  📄 scripts/generated-premium/tool-wear-cost-analyzer.ts
    ⚠️ Ln 10:9 — Non-English (Turkish) characters in string: ""Takım Aşınma Maliyeti"". Use Technical Academic English for code strings.
    ⚠️ Ln 13:18 — Non-English (Turkish) characters in string: ""Takım Aşınma Maliyeti — premium analysis tool."". Use Technical Academic English for code strings.
    ⚠️ Ln 15:37 — Non-English (Turkish) characters in string: ""Kesme Süresi dk"". Use Technical Academic English for code strings.
    ⚠️ Ln 16:35 — Non-English (Turkish) characters in string: ""Takım Ömrü dk"". Use Technical Academic English for code strings.
    ⚠️ Ln 17:35 — Non-English (Turkish) characters in string: ""Taylor Üssü n"". Use Technical Academic English for code strings.
    ⚠️ Ln 18:45 — Non-English (Turkish) characters in string: ""Takım Değişim Süresi dk"". Use Technical Academic English for code strings.
    ⚠️ Ln 19:37 — Non-English (Turkish) characters in string: ""Uç/Insert Fiyatı"". Use Technical Academic English for code strings.
    ⚠️ Ln 20:34 — Non-English (Turkish) characters in string: ""Kenar Sayısı"". Use Technical Academic English for code strings.
    ⚠️ Ln 21:43 — Non-English (Turkish) characters in string: ""Makine Saatlik Ücreti"". Use Technical Academic English for code strings.
    ⚠️ Ln 41:12 — Non-English (Turkish) characters in string: ""Takım Aşınma Maliyeti Report"". Use Technical Academic English for code strings.

  📄 scripts/generated-premium/total-employee-cost-analyzer.ts
    ⚠️ Ln 10:9 — Non-English (Turkish) characters in string: ""Toplam Çalışan Maliyeti"". Use Technical Academic English for code strings.
    ⚠️ Ln 13:18 — Non-English (Turkish) characters in string: ""Toplam Çalışan Maliyeti — premium analysis tool."". Use Technical Academic English for code strings.
    ⚠️ Ln 15:44 — Non-English (Turkish) characters in string: ""Brüt Maaş/İkramiye/Mesai"". Use Technical Academic English for code strings.
    ⚠️ Ln 17:44 — Non-English (Turkish) characters in string: ""Yasal Kesinti Oranları"". Use Technical Academic English for code strings.
    ⚠️ Ln 18:39 — Non-English (Turkish) characters in string: ""Devamsızlık Saati"". Use Technical Academic English for code strings.
    ⚠️ Ln 19:36 — Non-English (Turkish) characters in string: ""Turnover Oranı"". Use Technical Academic English for code strings.
    ⚠️ Ln 20:45 — Non-English (Turkish) characters in string: ""İşe Alım/Eğitim Maliyeti"". Use Technical Academic English for code strings.
    ⚠️ Ln 21:34 — Non-English (Turkish) characters in string: ""Üretken Saat"". Use Technical Academic English for code strings.
    ⚠️ Ln 43:12 — Non-English (Turkish) characters in string: ""Toplam Çalışan Maliyeti Report"". Use Technical Academic English for code strings.

  📄 scripts/generated-premium/transfer-pricing-optimizer-analyzer.ts
    ⚠️ Ln 10:9 — Non-English (Turkish) characters in string: ""Transfer Fiyatlandırması Optimize Edici"". Use Technical Academic English for code strings.
    ⚠️ Ln 13:18 — Non-English (Turkish) characters in string: ""Transfer Fiyatlandırması Optimize Edici — premium analysis ". Use Technical Academic English for code strings.
    ⚠️ Ln 15:55 — Non-English (Turkish) characters in string: ""Karşılaştırılabilir Piyasa Fiyatı"". Use Technical Academic English for code strings.
    ⚠️ Ln 16:48 — Non-English (Turkish) characters in string: ""Yüksek/Düşük Vergi Oranları"". Use Technical Academic English for code strings.
    ⚠️ Ln 17:49 — Non-English (Turkish) characters in string: ""Tam Maliyet/Değişken Maliyet"". Use Technical Academic English for code strings.
    ⚠️ Ln 18:37 — Non-English (Turkish) characters in string: ""Fırsat Maliyeti"". Use Technical Academic English for code strings.
    ⚠️ Ln 20:44 — Non-English (Turkish) characters in string: ""Düzenleyici Ceza Riski"". Use Technical Academic English for code strings.
    ⚠️ Ln 40:12 — Non-English (Turkish) characters in string: ""Transfer Fiyatlandırması Optimize Edici Report"". Use Technical Academic English for code strings.

  📄 scripts/generated-premium/transport-mode-risk-analyzer.ts
    ⚠️ Ln 10:9 — Non-English (Turkish) characters in string: ""Taşıma Mode Maliyet risk"". Use Technical Academic English for code strings.
    ⚠️ Ln 13:18 — Non-English (Turkish) characters in string: ""Taşıma Mode Maliyet risk — premium analysis tool."". Use Technical Academic English for code strings.
    ⚠️ Ln 15:40 — Non-English (Turkish) characters in string: ""Ağırlık kg/Hacim m3"". Use Technical Academic English for code strings.
    ⚠️ Ln 17:51 — Non-English (Turkish) characters in string: ""Hava/Deniz/Kara Birim Fiyatları"". Use Technical Academic English for code strings.
    ⚠️ Ln 18:49 — Non-English (Turkish) characters in string: ""Günlük Stok Taşıma Maliyeti"". Use Technical Academic English for code strings.
    ⚠️ Ln 19:47 — Non-English (Turkish) characters in string: ""Hasar/Gecikme Olasılıkları"". Use Technical Academic English for code strings.
    ⚠️ Ln 20:34 — Non-English (Turkish) characters in string: ""Kargo Değeri"". Use Technical Academic English for code strings.
    ⚠️ Ln 42:12 — Non-English (Turkish) characters in string: ""Taşıma Mode Maliyet risk Report"". Use Technical Academic English for code strings.

  📄 scripts/generated-premium/vacuum-leak-energy-analyzer.ts
    ⚠️ Ln 10:9 — Non-English (Turkish) characters in string: ""Vakum Kaçağı Enerji Kaybı"". Use Technical Academic English for code strings.
    ⚠️ Ln 13:18 — Non-English (Turkish) characters in string: ""Vakum Kaçağı Enerji Kaybı — premium analysis tool."". Use Technical Academic English for code strings.
    ⚠️ Ln 16:46 — Non-English (Turkish) characters in string: ""Basınç Düşümü DeltaP bar"". Use Technical Academic English for code strings.
    ⚠️ Ln 17:36 — Non-English (Turkish) characters in string: ""Süre DeltaT sn"". Use Technical Academic English for code strings.
    ⚠️ Ln 18:39 — Non-English (Turkish) characters in string: ""Atmosferik Basınç"". Use Technical Academic English for code strings.
    ⚠️ Ln 20:33 — Non-English (Turkish) characters in string: ""Yıllık Saat"". Use Technical Academic English for code strings.
    ⚠️ Ln 22:37 — Non-English (Turkish) characters in string: ""Emisyon Faktörü"". Use Technical Academic English for code strings.
    ⚠️ Ln 42:12 — Non-English (Turkish) characters in string: ""Vakum Kaçağı Enerji Kaybı Report"". Use Technical Academic English for code strings.

  📄 scripts/generated-premium/vehicle-depreciation-tco-analyzer.ts
    ⚠️ Ln 10:9 — Non-English (Turkish) characters in string: ""ARAÇ AMORTİSMANI"". Use Technical Academic English for code strings.
    ⚠️ Ln 13:18 — Non-English (Turkish) characters in string: ""ARAÇ AMORTİSMANI — premium analysis tool."". Use Technical Academic English for code strings.
    ⚠️ Ln 16:35 — Non-English (Turkish) characters in string: ""Kalıntı Değer"". Use Technical Academic English for code strings.
    ⚠️ Ln 17:34 — Non-English (Turkish) characters in string: ""Faydalı Ömür"". Use Technical Academic English for code strings.
    ⚠️ Ln 18:31 — Non-English (Turkish) characters in string: ""Yıllık Km"". Use Technical Academic English for code strings.
    ⚠️ Ln 19:40 — Non-English (Turkish) characters in string: ""Amortisman Yöntemi"". Use Technical Academic English for code strings.
    ⚠️ Ln 43:12 — Non-English (Turkish) characters in string: ""ARAÇ AMORTİSMANI Report"". Use Technical Academic English for code strings.

  📄 scripts/generated-premium/volumetric-weight-chargeable-analyzer.ts
    ⚠️ Ln 10:9 — Non-English (Turkish) characters in string: ""HACİMSEL AĞIRLIK"". Use Technical Academic English for code strings.
    ⚠️ Ln 13:18 — Non-English (Turkish) characters in string: ""HACİMSEL AĞIRLIK — premium analysis tool."". Use Technical Academic English for code strings.
    ⚠️ Ln 16:26 — Non-English (Turkish) characters in string: ""Brüt"". Use Technical Academic English for code strings.
    ⚠️ Ln 20:31 — Non-English (Turkish) characters in string: ""İstifleme"". Use Technical Academic English for code strings.
    ⚠️ Ln 44:12 — Non-English (Turkish) characters in string: ""HACİMSEL AĞIRLIK Report"". Use Technical Academic English for code strings.

  📄 scripts/generated-premium/vsm-financial-converter-analyzer.ts
    ⚠️ Ln 10:9 — Non-English (Turkish) characters in string: ""Vsm finansal Dönüştürücü"". Use Technical Academic English for code strings.
    ⚠️ Ln 13:18 — Non-English (Turkish) characters in string: ""Vsm finansal Dönüştürücü — premium analysis tool."". Use Technical Academic English for code strings.
    ⚠️ Ln 15:42 — Non-English (Turkish) characters in string: ""Toplam Lead Time gün"". Use Technical Academic English for code strings.
    ⚠️ Ln 16:43 — Non-English (Turkish) characters in string: ""Katma Değerli Süre dk"". Use Technical Academic English for code strings.
    ⚠️ Ln 17:37 — Non-English (Turkish) characters in string: ""WIP Stok Değeri"". Use Technical Academic English for code strings.
    ⚠️ Ln 18:44 — Non-English (Turkish) characters in string: ""Günlük Taşıma Maliyeti"". Use Technical Academic English for code strings.
    ⚠️ Ln 19:47 — Non-English (Turkish) characters in string: ""Eski/Yeni Çevrim Süresi dk"". Use Technical Academic English for code strings.
    ⚠️ Ln 20:34 — Non-English (Turkish) characters in string: ""Yıllık Hacim"". Use Technical Academic English for code strings.
    ⚠️ Ln 21:50 — Non-English (Turkish) characters in string: ""Kalite İyileştirme Tasarrufu"". Use Technical Academic English for code strings.
    ⚠️ Ln 41:12 — Non-English (Turkish) characters in string: ""Vsm finansal Dönüştürücü Report"". Use Technical Academic English for code strings.

  📄 scripts/generated-premium/warehouse-layout-analyzer.ts
    ⚠️ Ln 10:9 — Non-English (Turkish) characters in string: ""DEPO YERLEŞİMİ"". Use Technical Academic English for code strings.
    ⚠️ Ln 13:18 — Non-English (Turkish) characters in string: ""DEPO YERLEŞİMİ — premium analysis tool."". Use Technical Academic English for code strings.
    ⚠️ Ln 15:33 — Non-English (Turkish) characters in string: ""Taban Alanı"". Use Technical Academic English for code strings.
    ⚠️ Ln 16:36 — Non-English (Turkish) characters in string: ""Depolama Oranı"". Use Technical Academic English for code strings.
    ⚠️ Ln 18:32 — Non-English (Turkish) characters in string: ""Palet Ölçü"". Use Technical Academic English for code strings.
    ⚠️ Ln 21:37 — Non-English (Turkish) characters in string: ""Günlük Sevkıyat"". Use Technical Academic English for code strings.
    ⚠️ Ln 45:12 — Non-English (Turkish) characters in string: ""DEPO YERLEŞİMİ Report"". Use Technical Academic English for code strings.

  📄 scripts/generated-premium/water-usage-optimizer-analyzer.ts
    ⚠️ Ln 10:9 — Non-English (Turkish) characters in string: ""Su Kullanımı Optimize Edici"". Use Technical Academic English for code strings.
    ⚠️ Ln 13:18 — Non-English (Turkish) characters in string: ""Su Kullanımı Optimize Edici — premium analysis tool."". Use Technical Academic English for code strings.
    ⚠️ Ln 15:51 — Non-English (Turkish) characters in string: ""Toplam Tüketim/Geri Dönüşüm m3"". Use Technical Academic English for code strings.
    ⚠️ Ln 16:34 — Non-English (Turkish) characters in string: ""Üretim Hacmi"". Use Technical Academic English for code strings.
    ⚠️ Ln 17:58 — Non-English (Turkish) characters in string: ""Şebeke/Atıksu Birim Fiyatı currency/m3"". Use Technical Academic English for code strings.
    ⚠️ Ln 18:47 — Non-English (Turkish) characters in string: ""Su Enerji Yoğunluğu kWh/m3"". Use Technical Academic English for code strings.
    ⚠️ Ln 19:38 — Non-English (Turkish) characters in string: ""Kaçak Miktarı m3"". Use Technical Academic English for code strings.
    ⚠️ Ln 20:38 — Non-English (Turkish) characters in string: ""Ekipman Yatırımı"". Use Technical Academic English for code strings.
    ⚠️ Ln 21:35 — Non-English (Turkish) characters in string: ""İskonto Oranı"". Use Technical Academic English for code strings.
    ⚠️ Ln 45:12 — Non-English (Turkish) characters in string: ""Su Kullanımı Optimize Edici Report"". Use Technical Academic English for code strings.

  📄 scripts/generated-premium/weld-cost-analysis-analyzer.ts
    ⚠️ Ln 16:36 — Non-English (Turkish) characters in string: ""Vardiya Süresi"". Use Technical Academic English for code strings.
    ⚠️ Ln 17:41 — Non-English (Turkish) characters in string: ""İlerleme Hızı cm/min"". Use Technical Academic English for code strings.
    ⚠️ Ln 18:38 — Non-English (Turkish) characters in string: ""Ark Süresi Oranı"". Use Technical Academic English for code strings.
    ⚠️ Ln 20:37 — Non-English (Turkish) characters in string: ""İşçilik/Overhead"". Use Technical Academic English for code strings.

  📄 scripts/generated-premium/weld-strength-analyzer.ts
    ⚠️ Ln 17:41 — Non-English (Turkish) characters in string: ""Uygulanan Yük/Moment"". Use Technical Academic English for code strings.
    ⚠️ Ln 18:45 — Non-English (Turkish) characters in string: ""Elektrod Çekme Dayanımı"". Use Technical Academic English for code strings.
    ⚠️ Ln 20:36 — Non-English (Turkish) characters in string: ""NDT Hata Oranı"". Use Technical Academic English for code strings.
    ⚠️ Ln 21:45 — Non-English (Turkish) characters in string: ""Güvenlik Faktörü Hedefi"". Use Technical Academic English for code strings.

  📄 scripts/generated-premium/weld-volume-cost-analyzer.ts
    ⚠️ Ln 17:41 — Non-English (Turkish) characters in string: ""Tel Çapı/Ekim Verimi"". Use Technical Academic English for code strings.
    ⚠️ Ln 19:32 — Non-English (Turkish) characters in string: ""Voltaj/Akım"". Use Technical Academic English for code strings.
    ⚠️ Ln 20:40 — Non-English (Turkish) characters in string: ""Tel/Gaz kg/m3 Fiyatı"". Use Technical Academic English for code strings.
    ⚠️ Ln 21:35 — Non-English (Turkish) characters in string: ""İşçilik Saati"". Use Technical Academic English for code strings.

  📄 scripts/generated-premium/wind-turbine-investment-analyzer.ts
    ⚠️ Ln 10:9 — Non-English (Turkish) characters in string: ""Rüzgar Türbini Yatırım Getirisi"". Use Technical Academic English for code strings.
    ⚠️ Ln 13:18 — Non-English (Turkish) characters in string: ""Rüzgar Türbini Yatırım Getirisi — premium analysis tool."". Use Technical Academic English for code strings.
    ⚠️ Ln 15:36 — Non-English (Turkish) characters in string: ""Türbin Gücü kW"". Use Technical Academic English for code strings.
    ⚠️ Ln 16:32 — Non-English (Turkish) characters in string: ""Güç Eğrisi"". Use Technical Academic English for code strings.
    ⚠️ Ln 17:37 — Non-English (Turkish) characters in string: ""Rüzgar Frekansı"". Use Technical Academic English for code strings.
    ⚠️ Ln 20:46 — Non-English (Turkish) characters in string: ""Teşvik/Tarife currency/kWh"". Use Technical Academic English for code strings.
    ⚠️ Ln 21:38 — Non-English (Turkish) characters in string: ""Kira/Bakım/Sigorta"". Use Technical Academic English for code strings.
    ⚠️ Ln 22:37 — Non-English (Turkish) characters in string: ""Türbin Ömrü yıl"". Use Technical Academic English for code strings.
    ⚠️ Ln 46:12 — Non-English (Turkish) characters in string: ""Rüzgar Türbini Yatırım Getirisi Report"". Use Technical Academic English for code strings.

  📄 scripts/generated-premium/wps-preheat-temperature-analyzer.ts
    ⚠️ Ln 10:9 — Non-English (Turkish) characters in string: ""WPS Preheat Sıcaklık"". Use Technical Academic English for code strings.
    ⚠️ Ln 13:18 — Non-English (Turkish) characters in string: ""WPS Preheat Sıcaklık — premium analysis tool."". Use Technical Academic English for code strings.
    ⚠️ Ln 16:33 — Non-English (Turkish) characters in string: ""Kalınlık mm"". Use Technical Academic English for code strings.
    ⚠️ Ln 17:38 — Non-English (Turkish) characters in string: ""Isı Girdisi kJ/mm"". Use Technical Academic English for code strings.
    ⚠️ Ln 19:37 — Non-English (Turkish) characters in string: ""Ortam Sıcaklığı"". Use Technical Academic English for code strings.
    ⚠️ Ln 20:36 — Non-English (Turkish) characters in string: ""Isıtıcı Verimi"". Use Technical Academic English for code strings.
    ⚠️ Ln 21:35 — Non-English (Turkish) characters in string: ""Enerji Fiyatı"". Use Technical Academic English for code strings.
    ⚠️ Ln 39:12 — Non-English (Turkish) characters in string: ""WPS Preheat Sıcaklık Report"". Use Technical Academic English for code strings.

  📄 scripts/i18n/deepseek-polish-remaining.ts
    ⚠️ Ln 4:34 — Non-English (Turkish) characters in string: ""Absorbed Dose Hesaplama Aracı"". Use Technical Academic English for code strings.

  📄 scripts/merge-locale-copy-v1.ts
    ⚠️ Ln 28:23 — Non-English (Turkish) characters in string: ""Yönetici özeti"". Use Technical Academic English for code strings.
    ⚠️ Ln 30:20 — Non-English (Turkish) characters in string: ""Gizli sürücüler"". Use Technical Academic English for code strings.
    ⚠️ Ln 31:21 — Non-English (Turkish) characters in string: ""Eşik kontrolü"". Use Technical Academic English for code strings.
    ⚠️ Ln 32:23 — Non-English (Turkish) characters in string: ""Önerilen aksiyonlar"". Use Technical Academic English for code strings.
    ⚠️ Ln 33:18 — Non-English (Turkish) characters in string: ""Varsayımlar"". Use Technical Academic English for code strings.
    ⚠️ Ln 34:18 — Non-English (Turkish) characters in string: ""Dışa aktarmaya hazır rapor"". Use Technical Academic English for code strings.
    ⚠️ Ln 41:21 — Non-English (Turkish) characters in string: ""Schwellenwertprüfung"". Use Technical Academic English for code strings.
    ⚠️ Ln 85:7 — Non-English (Turkish) characters in string: ""Bu sonuç, girdiğiniz değerlere dayalı teknik bir tahmindir.". Use Technical Academic English for code strings.
    ⚠️ Ln 87:7 — Non-English (Turkish) characters in string: ""Bu rapor karar destek simülasyonudur. Finansal, hukuki, tıb". Use Technical Academic English for code strings.
    ⚠️ Ln 89:7 — Non-English (Turkish) characters in string: ""Yalnızca operasyonel referans içindir — fiyat veya sözleşme". Use Technical Academic English for code strings.
    ⚠️ Ln 95:7 — Non-English (Turkish) characters in string: ""Dieser Bericht ist eine Entscheidungsunterstützung. Er erse". Use Technical Academic English for code strings.
    ⚠️ Ln 97:7 — Non-English (Turkish) characters in string: ""Nur zur operativen Orientierung — prüfen Sie Annahmen vor P". Use Technical Academic English for code strings.
    ⚠️ Ln 146:7 — Non-English (Turkish) characters in string: ""Bu sonucu hesaplayamadık. Girdiğiniz değerleri kontrol edip". Use Technical Academic English for code strings.
    ⚠️ Ln 148:7 — Non-English (Turkish) characters in string: ""Bir veya daha fazla değer geçersiz. İşaretli alanları kontr". Use Technical Academic English for code strings.
    ⚠️ Ln 150:7 — Non-English (Turkish) characters in string: ""Bağlantı kurulamadı. Ağınızı kontrol edip tekrar deneyin."". Use Technical Academic English for code strings.
    ⚠️ Ln 151:19 — Non-English (Turkish) characters in string: ""Bu rapor için premium erişim gerekir."". Use Technical Academic English for code strings.
    ⚠️ Ln 152:15 — Non-English (Turkish) characters in string: ""Sayfa veya araç bulunamadı."". Use Technical Academic English for code strings.
    ⚠️ Ln 153:14 — Non-English (Turkish) characters in string: ""Bir sorun oluştu. Lütfen tekrar deneyin."". Use Technical Academic English for code strings.
    ⚠️ Ln 157:7 — Non-English (Turkish) characters in string: ""Das Ergebnis konnte nicht berechnet werden. Bitte prüfen Si". Use Technical Academic English for code strings.
    ⚠️ Ln 159:7 — Non-English (Turkish) characters in string: ""Mindestens ein Wert ist ungültig. Bitte markierte Felder pr". Use Technical Academic English for code strings.
    ⚠️ Ln 161:7 — Non-English (Turkish) characters in string: ""Verbindung fehlgeschlagen. Netzwerk prüfen und erneut versu". Use Technical Academic English for code strings.
    ⚠️ Ln 162:19 — Non-English (Turkish) characters in string: ""Für diesen Bericht ist Premium-Zugang erforderlich."". Use Technical Academic English for code strings.
    ⚠️ Ln 224:16 — Non-English (Turkish) characters in string: ""SectorCalc — Sektörel hesaplama ve karar raporları"". Use Technical Academic English for code strings.
    ⚠️ Ln 226:7 — Non-English (Turkish) characters in string: ""Görünmeyen kayıp, marj maruziyeti ve operasyonel riski sekt". Use Technical Academic English for code strings.
    ⚠️ Ln 227:21 — Non-English (Turkish) characters in string: ""Ücretsiz Sektörel Hesaplama Araçları | SectorCalc"". Use Technical Academic English for code strings.
    ⚠️ Ln 229:7 — Non-English (Turkish) characters in string: ""Maliyet, ölçüm, enerji ve iş kararları için ücretsiz tarayı". Use Technical Academic English for code strings.
    ⚠️ Ln 230:19 — Non-English (Turkish) characters in string: ""Fiyatlandırma | SectorCalc"". Use Technical Academic English for code strings.
    ⚠️ Ln 232:7 — Non-English (Turkish) characters in string: ""Ücretsiz hesaplayıcılar ve premium karar raporları — tek ra". Use Technical Academic English for code strings.
    ⚠️ Ln 233:24 — Non-English (Turkish) characters in string: ""Premium Analiz Araçları | SectorCalc"". Use Technical Academic English for code strings.
    ⚠️ Ln 235:7 — Non-English (Turkish) characters in string: ""Görünmeyen kayıp analizi, eşik kontrolü ve dışa aktarmaya h". Use Technical Academic English for code strings.
    ⚠️ Ln 243:7 — Non-English (Turkish) characters in string: ""Kostenlose Browser-Rechner für Kosten, Messung, Energie und". Use Technical Academic English for code strings.
    ⚠️ Ln 249:7 — Non-English (Turkish) characters in string: ""Verlustdiagnose, Schwellenwertprüfung und exportfähige Ents". Use Technical Academic English for code strings.
    ⚠️ Ln 291:32 — Non-English (Turkish) characters in string: ""Français"". Use Technical Academic English for code strings.
    ⚠️ Ln 292:27 — Non-English (Turkish) characters in string: ""Français"". Use Technical Academic English for code strings.
    ⚠️ Ln 293:31 — Non-English (Turkish) characters in string: ""Français"". Use Technical Academic English for code strings.
    ⚠️ Ln 294:30 — Non-English (Turkish) characters in string: ""Français"". Use Technical Academic English for code strings.
    ⚠️ Ln 295:30 — Non-English (Turkish) characters in string: ""Français"". Use Technical Academic English for code strings.
    ⚠️ Ln 312:7 — Non-English (Turkish) characters in string: ""Diese Sekundärwerte erklären, was das Hauptergebnis nach ob". Use Technical Academic English for code strings.
    ⚠️ Ln 313:21 — Non-English (Turkish) characters in string: ""Schwellenwertprüfung"". Use Technical Academic English for code strings.
    ⚠️ Ln 328:25 — Non-English (Turkish) characters in string: ""Schwellenwertprüfung"". Use Technical Academic English for code strings.
    ⚠️ Ln 337:22 — Non-English (Turkish) characters in string: ""Druckseite öffnen"". Use Technical Academic English for code strings.
    ⚠️ Ln 338:21 — Non-English (Turkish) characters in string: ""Zurück zum Bericht"". Use Technical Academic English for code strings.
    ⚠️ Ln 341:14 — Non-English (Turkish) characters in string: ""Vollständigen Entscheidungsbericht öffnen"". Use Technical Academic English for code strings.
    ⚠️ Ln 343:24 — Non-English (Turkish) characters in string: ""Vollständige Verlustaufschlüsselung"". Use Technical Academic English for code strings.
    ⚠️ Ln 348:18 — Non-English (Turkish) characters in string: ""Bericht öffnen"". Use Technical Academic English for code strings.
    ⚠️ Ln 356:9 — Non-English (Turkish) characters in string: ""Beispielvorschau — vollständigen Bericht öffnen, um ohne Be". Use Technical Academic English for code strings.
    ⚠️ Ln 364:16 — Non-English (Turkish) characters in string: ""Bericht für Management oder Kunden exportieren"". Use Technical Academic English for code strings.
    ⚠️ Ln 386:17 — Non-English (Turkish) characters in string: ""Aperçu du rapport"". Use Technical Academic English for code strings.
    ⚠️ Ln 407:15 — Non-English (Turkish) characters in string: "'aperçu montre l'". Use Technical Academic English for code strings.
    ⚠️ Ln 421:9 — Non-English (Turkish) characters in string: ""Aperçu exemple — ouvrez le rapport complet pour imprimer sa". Use Technical Academic English for code strings.
    ⚠️ Ln 516:47 — Non-English (Turkish) characters in string: ""Raporu aç"". Use Technical Academic English for code strings.
    ⚠️ Ln 517:43 — Non-English (Turkish) characters in string: ""Tam karar raporunu açın"". Use Technical Academic English for code strings.
    ⚠️ Ln 518:49 — Non-English (Turkish) characters in string: ""PDF için raporu açın"". Use Technical Academic English for code strings.
    ⚠️ Ln 519:47 — Non-English (Turkish) characters in string: ""CSV için raporu açın"". Use Technical Academic English for code strings.
    ⚠️ Ln 531:38 — Non-English (Turkish) characters in string: ""Zugang wird geprüft…"". Use Technical Academic English for code strings.
    ⚠️ Ln 538:39 — Non-English (Turkish) characters in string: ""Premium-Analysen öffnen"". Use Technical Academic English for code strings.
    ⚠️ Ln 540:40 — Non-English (Turkish) characters in string: ""Premium-Analysen öffnen"". Use Technical Academic English for code strings.
    ⚠️ Ln 541:39 — Non-English (Turkish) characters in string: ""Zurück zu Preisen"". Use Technical Academic English for code strings.
    ⚠️ Ln 588:35 — Non-English (Turkish) characters in string: ""Paiement reçu."". Use Technical Academic English for code strings.
    ⚠️ Ln 699:13 — Non-English (Turkish) characters in string: ""Kategoriye göre göz at"". Use Technical Academic English for code strings.
    ⚠️ Ln 710:13 — Non-English (Turkish) characters in string: ""Tüm kategoriler"". Use Technical Academic English for code strings.
    ⚠️ Ln 723:13 — Non-English (Turkish) characters in string: ""Sektöre göre keşfet"". Use Technical Academic English for code strings.
    ⚠️ Ln 740:15 — Non-English (Turkish) characters in string: ""Sonucu görmek için değerleri girin"". Use Technical Academic English for code strings.
    ⚠️ Ln 742:17 — Non-English (Turkish) characters in string: ""Werte eingeben für das Ergebnis"". Use Technical Academic English for code strings.
    ⚠️ Ln 751:15 — Non-English (Turkish) characters in string: ""Lütfen bir değer seçin."". Use Technical Academic English for code strings.
    ⚠️ Ln 762:15 — Non-English (Turkish) characters in string: ""Geçerli bir sayı girin."". Use Technical Academic English for code strings.
    ⚠️ Ln 764:17 — Non-English (Turkish) characters in string: ""Gültige Zahl eingeben."". Use Technical Academic English for code strings.
    ⚠️ Ln 807:20 — Non-English (Turkish) characters in string: ""Français"". Use Technical Academic English for code strings.

  📄 scripts/p24-audit-engine.ts
    ⚠️ Ln 108:71 — Non-English (Turkish) characters in string: ""Diğer"". Use Technical Academic English for code strings.
    ⚠️ Ln 109:65 — Non-English (Turkish) characters in string: ""Diğer"". Use Technical Academic English for code strings.
    ⚠️ Ln 144:15 — Non-English (Turkish) characters in string: "`\n📊 Audit tamamlandı: ${results.length} şema`". Use Technical Academic English for code strings.

  📄 scripts/p24-auto-fix-engine.ts
    ⚠️ Ln 12:19 — Non-English (Turkish) characters in string: ""❌ Önce scripts/p24-audit-engine.ts çalıştır."". Use Technical Academic English for code strings.
    ⚠️ Ln 38:19 — Non-English (Turkish) characters in string: "`✅ Düzeltildi: ${item.slug} (${item.status} → ${after.status". Use Technical Academic English for code strings.
    ⚠️ Ln 42:15 — Non-English (Turkish) characters in string: "`\n🎉 Toplam ${fixed} şema düzeltildi.`". Use Technical Academic English for code strings.

  📄 scripts/prebuild-reference-engine-guard.ts
    ⚠️ Ln 62:13 — Non-English (Turkish) characters in string: "`]*(?:[şŞıİğĞüÜöÖçÇ])[^"". Use Technical Academic English for code strings.

  📄 scripts/rebuild-generated-tool-titles-i18n.ts
    ⚠️ Ln 37:17 — Non-English (Turkish) characters in string: ""Hesaplayıcı"". Use Technical Academic English for code strings.
    ⚠️ Ln 38:16 — Non-English (Turkish) characters in string: ""Dönüştürücü"". Use Technical Academic English for code strings.
    ⚠️ Ln 39:16 — Non-English (Turkish) characters in string: ""Optimizasyon Aracı"". Use Technical Academic English for code strings.
    ⚠️ Ln 40:15 — Non-English (Turkish) characters in string: ""Analiz Aracı"". Use Technical Academic English for code strings.
    ⚠️ Ln 41:15 — Non-English (Turkish) characters in string: ""Analiz Aracı"". Use Technical Academic English for code strings.
    ⚠️ Ln 42:16 — Non-English (Turkish) characters in string: ""Tahmin Aracı"". Use Technical Academic English for code strings.
    ⚠️ Ln 43:14 — Non-English (Turkish) characters in string: ""Kontrol Aracı"". Use Technical Academic English for code strings.
    ⚠️ Ln 44:14 — Non-English (Turkish) characters in string: ""Karar Aracı"". Use Technical Academic English for code strings.
    ⚠️ Ln 45:16 — Non-English (Turkish) characters in string: ""Simülasyon Aracı"". Use Technical Academic English for code strings.
    ⚠️ Ln 46:16 — Non-English (Turkish) characters in string: ""Tahmin Aracı"". Use Technical Academic English for code strings.
    ⚠️ Ln 47:17 — Non-English (Turkish) characters in string: ""Değerlendirme Aracı"". Use Technical Academic English for code strings.
    ⚠️ Ln 48:15 — Non-English (Turkish) characters in string: ""Tespit Aracı"". Use Technical Academic English for code strings.
    ⚠️ Ln 49:17 — Non-English (Turkish) characters in string: ""Karşılaştırma Aracı"". Use Technical Academic English for code strings.
    ⚠️ Ln 50:13 — Non-English (Turkish) characters in string: ""Rapor Aracı"". Use Technical Academic English for code strings.
    ⚠️ Ln 51:14 — Non-English (Turkish) characters in string: ""İzleme Aracı"". Use Technical Academic English for code strings.
    ⚠️ Ln 52:15 — Non-English (Turkish) characters in string: ""Dengeleme Aracı"". Use Technical Academic English for code strings.
    ⚠️ Ln 53:18 — Non-English (Turkish) characters in string: ""Önceliklendirme Aracı"". Use Technical Academic English for code strings.
    ⚠️ Ln 54:15 — Non-English (Turkish) characters in string: ""Fonksiyon Hesaplayıcı"". Use Technical Academic English for code strings.
    ⚠️ Ln 63:14 — Non-English (Turkish) characters in string: ""Prüfrechner"". Use Technical Academic English for code strings.
    ⚠️ Ln 249:15 — Non-English (Turkish) characters in string: ""Use natural locale-specific calculator naming (TR: Hesaplay". Use Technical Academic English for code strings.

  📄 scripts/steelcore/fix-quarantine-schemas.ts
    ⚠️ Ln 66:47 — Non-English (Turkish) characters in string: ""Diğer"". Use Technical Academic English for code strings.
    ⚠️ Ln 73:43 — Non-English (Turkish) characters in string: ""Diğer"". Use Technical Academic English for code strings.

  📄 scripts/sync-premium-smart-form-messages.ts
    ⚠️ Ln 27:18 — Non-English (Turkish) characters in string: ""Hızlı teklif kontrolü"". Use Technical Academic English for code strings.
    ⚠️ Ln 28:18 — Non-English (Turkish) characters in string: ""Schnelle Angebotsprüfung"". Use Technical Academic English for code strings.
    ⚠️ Ln 33:18 — Non-English (Turkish) characters in string: ""Detaylı marj incelemesi"". Use Technical Academic English for code strings.
    ⚠️ Ln 34:18 — Non-English (Turkish) characters in string: ""Detaillierte Margenprüfung"". Use Technical Academic English for code strings.
    ⚠️ Ln 107:13 — Non-English (Turkish) characters in string: ""Bu analizörde zorunlu sözleşme girdisi Smart Form'". Use Technical Academic English for code strings.
    ⚠️ Ln 118:15 — Non-English (Turkish) characters in string: ""Tüm zorunlu sözleşme alanları için Gelişmiş moda geçin."". Use Technical Academic English for code strings.
    ⚠️ Ln 121:19 — Non-English (Turkish) characters in string: ""Wechseln Sie in den Erweitert-Modus für alle Pflichtfelder.". Use Technical Academic English for code strings.
    ⚠️ Ln 129:15 — Non-English (Turkish) characters in string: ""Analizi çalıştırmadan önce tüm zorunlu alanları doldurun."". Use Technical Academic English for code strings.
    ⚠️ Ln 132:19 — Non-English (Turkish) characters in string: ""Füllen Sie alle Pflichtfelder aus, bevor Sie die Analyse st". Use Technical Academic English for code strings.
    ⚠️ Ln 140:15 — Non-English (Turkish) characters in string: ""Analizi çalıştırmadan önce geçersiz girdileri düzeltin."". Use Technical Academic English for code strings.
    ⚠️ Ln 143:19 — Non-English (Turkish) characters in string: ""Korrigieren Sie ungültige Eingaben vor der Analyse."". Use Technical Academic English for code strings.

  📄 scripts/test_parse.js
    ⚠️ Ln 5:80 — Non-English (Turkish) characters in string: ""Hatalı"". Use Technical Academic English for code strings.
    ⚠️ Ln 6:80 — Non-English (Turkish) characters in string: ""Hatalı"". Use Technical Academic English for code strings.
    ⚠️ Ln 31:70 — Non-English (Turkish) characters in string: "'Küresel'". Use Technical Academic English for code strings.

⚠️  Warnings found but no errors. Review suggested fixes.


> fresh_app@0.1.0 build
> node scripts/next-build-with-500-fallback.mjs && npm run generate:sitemap-static

global-build-lock: blocked — "npm run build" (pid 17851) running since 2026-07-01T16:39:52.680Z
global-build-lock: stop other builds first: npm run stop:builds
