src/app/[locale]/pro-tools/page.tsx(329,17): error TS2322: Type '{ children: Element[]; className: string; }' is not assignable to type 'IntrinsicAttributes & PageLayoutProps'.
  Property 'className' does not exist on type 'IntrinsicAttributes & PageLayoutProps'.
src/app/audit/page.tsx(35,19): error TS2304: Cannot find name 'getTranslations'.
src/app/audit/page.tsx(36,23): error TS2304: Cannot find name 'getTranslations'.
src/app/audit/page.tsx(37,25): error TS2304: Cannot find name 'getTranslations'.
src/app/developer-showcase/page.tsx(97,14): error TS2695: Left side of comma operator is unused and has no side effects.
src/app/developer-showcase/page.tsx(97,14): error TS18007: JSX expressions may not use the comma operator. Did you mean to write an array?
src/app/developer-showcase/page.tsx(97,31): error TS2353: Object literal may only specify known properties, and 'count' does not exist in type 'ReactElement<unknown, string | JSXElementConstructor<any>> | Iterable<ReactNode> | ReactPortal | Promise<...>'.
src/app/page.tsx(22,19): error TS2304: Cannot find name 'getTranslations'.
src/components/admin/CaseStudiesEditorClient.tsx(44,5): error TS2322: Type '"pro-tools"' is not assignable to type 'CaseStudyToolRoute'.
src/components/case-studies/CaseStudiesClientContent.tsx(1237,78): error TS2339: Property 'whatIsIt' does not exist on type 'CaseStudyEntry'.
src/components/layout/footer/FooterLocaleControl.tsx(3,10): error TS2614: Module '"@/components/layout/LocaleSwitcher"' has no exported member 'LocaleSwitcher'. Did you mean to use 'import LocaleSwitcher from "@/components/layout/LocaleSwitcher"' instead?
src/components/layout/MobileNav.tsx(8,10): error TS2614: Module '"@/components/layout/LocaleSwitcher"' has no exported member 'LocaleSwitcher'. Did you mean to use 'import LocaleSwitcher from "@/components/layout/LocaleSwitcher"' instead?
src/components/tools/PremiumToolPage.tsx(826,7): error TS2322: Type '{ slug: "cnc-quote-risk-analyzer" | "change-order-impact-analyzer" | "office-cleaning-bid-optimizer" | "menu-profit-leak-detector" | "return-profit-erosion-tool" | "welding-bid-risk-analyzer" | ... 23 more ... | "print-job-cost-check"; ... 6 more ...; disabled: boolean; }' is not assignable to type 'IntrinsicAttributes & DynamicSmartFormPilotProps'.
  Property 'disabled' does not exist on type 'IntrinsicAttributes & DynamicSmartFormPilotProps'.
src/components/tools/PremiumToolPage.tsx(841,7): error TS2322: Type '{ slug: never; values: PremiumToolInputValues; errors: Record<string, string>; onChange: (key: string, value: string | number) => void; onSubmit: (event: FormEvent<...>) => void; ... 4 more ...; disabled: boolean; }' is not assignable to type 'IntrinsicAttributes & SmartToolFormProps'.
  Property 'disabled' does not exist on type 'IntrinsicAttributes & SmartToolFormProps'.
src/lib/case-studies/data/en.ts(28,5): error TS2322: Type '"pro-tools"' is not assignable to type 'CaseStudyToolRoute | undefined'.
src/lib/case-studies/data/en.ts(54,5): error TS2322: Type '"pro-tools"' is not assignable to type 'CaseStudyToolRoute | undefined'.
src/lib/case-studies/data/en.ts(80,5): error TS2322: Type '"pro-tools"' is not assignable to type 'CaseStudyToolRoute | undefined'.
src/lib/case-studies/data/en.ts(105,5): error TS2322: Type '"pro-tools"' is not assignable to type 'CaseStudyToolRoute | undefined'.
src/lib/case-studies/data/en.ts(112,5): error TS2353: Object literal may only specify known properties, and 'seoTitle' does not exist in type 'CaseStudyEntry'.
src/lib/case-studies/data/en.ts(157,5): error TS2322: Type '"pro-tools"' is not assignable to type 'CaseStudyToolRoute | undefined'.
src/lib/case-studies/data/en.ts(183,5): error TS2322: Type '"pro-tools"' is not assignable to type 'CaseStudyToolRoute | undefined'.
src/lib/case-studies/data/en.ts(209,5): error TS2322: Type '"pro-tools"' is not assignable to type 'CaseStudyToolRoute | undefined'.
src/lib/case-studies/data/en.ts(235,5): error TS2322: Type '"pro-tools"' is not assignable to type 'CaseStudyToolRoute | undefined'.
src/lib/case-studies/data/en.ts(261,5): error TS2322: Type '"pro-tools"' is not assignable to type 'CaseStudyToolRoute | undefined'.
src/lib/case-studies/data/en.ts(287,5): error TS2322: Type '"pro-tools"' is not assignable to type 'CaseStudyToolRoute | undefined'.
src/lib/case-studies/data/en.ts(313,5): error TS2322: Type '"pro-tools"' is not assignable to type 'CaseStudyToolRoute | undefined'.
src/lib/case-studies/data/en.ts(339,5): error TS2322: Type '"pro-tools"' is not assignable to type 'CaseStudyToolRoute | undefined'.
src/lib/case-studies/data/en.ts(364,5): error TS2322: Type '"pro-tools"' is not assignable to type 'CaseStudyToolRoute | undefined'.
src/lib/case-studies/data/tr.ts(28,5): error TS2322: Type '"pro-tools"' is not assignable to type 'CaseStudyToolRoute | undefined'.
src/lib/case-studies/data/tr.ts(54,5): error TS2322: Type '"pro-tools"' is not assignable to type 'CaseStudyToolRoute | undefined'.
src/lib/case-studies/data/tr.ts(80,5): error TS2322: Type '"pro-tools"' is not assignable to type 'CaseStudyToolRoute | undefined'.
src/lib/case-studies/data/tr.ts(105,5): error TS2322: Type '"pro-tools"' is not assignable to type 'CaseStudyToolRoute | undefined'.
src/lib/case-studies/data/tr.ts(112,5): error TS2353: Object literal may only specify known properties, and 'seoTitle' does not exist in type 'CaseStudyEntry'.
src/lib/case-studies/data/tr.ts(157,5): error TS2322: Type '"pro-tools"' is not assignable to type 'CaseStudyToolRoute | undefined'.
src/lib/case-studies/data/tr.ts(183,5): error TS2322: Type '"pro-tools"' is not assignable to type 'CaseStudyToolRoute | undefined'.
src/lib/case-studies/data/tr.ts(209,5): error TS2322: Type '"pro-tools"' is not assignable to type 'CaseStudyToolRoute | undefined'.
src/lib/case-studies/data/tr.ts(235,5): error TS2322: Type '"pro-tools"' is not assignable to type 'CaseStudyToolRoute | undefined'.
src/lib/case-studies/data/tr.ts(261,5): error TS2322: Type '"pro-tools"' is not assignable to type 'CaseStudyToolRoute | undefined'.
src/lib/case-studies/data/tr.ts(287,5): error TS2322: Type '"pro-tools"' is not assignable to type 'CaseStudyToolRoute | undefined'.
src/lib/case-studies/data/tr.ts(313,5): error TS2322: Type '"pro-tools"' is not assignable to type 'CaseStudyToolRoute | undefined'.
src/lib/case-studies/data/tr.ts(339,5): error TS2322: Type '"pro-tools"' is not assignable to type 'CaseStudyToolRoute | undefined'.
src/lib/case-studies/data/tr.ts(364,5): error TS2322: Type '"pro-tools"' is not assignable to type 'CaseStudyToolRoute | undefined'.
